OpenJDK 64-Bit Server VM (25.292-b10) for linux-amd64 JRE (1.8.0_292-b10), built on Apr 20 2021 21:03:33 by "jenkins" with gcc 7.5.0
Memory: 4k page, physical 356505552k(104777600k free), swap 246415356k(242007076k free)
CommandLine flags: -XX:CMSInitiatingOccupancyFraction=85 -XX:+CMSScavengeBeforeRemark -XX:+DebugNonSafepoints -XX:GCLogFileSize=103809024 -XX:InitialHeapSize=209715200 -XX:MaxHeapSize=110100480000 -XX:MaxNewSize=17179869184 -XX:NewSize=17179869184 -XX:NumberOfGCLogFiles=1 -XX:OldPLABSize=16 -XX:-OmitStackTraceInFastThrow -XX:ParallelGCThreads=16 -XX:PrintFLSStatistics=1 -XX:+PrintGC -XX:+PrintGCApplicationConcurrentTime -XX:+PrintGCApplicationStoppedTime -XX:+PrintGCDateStamps -XX:+PrintGCDetails -XX:+PrintGCTimeStamps -XX:+PrintPromotionFailure -XX:+PrintTenuringDistribution -XX:ReservedCodeCacheSize=134217728 -XX:+ScavengeBeforeFullGC -XX:SurvivorRatio=8 -XX:ThreadStackSize=16384 -XX:+UnlockDiagnosticVMOptions -XX:+UnlockExperimentalVMOptions -XX:+UseCMSInitiatingOccupancyOnly -XX:-UseCompressedOops -XX:+UseConcMarkSweepGC -XX:+UseGCLogFileRotation -XX:+UseParNewGC 
2021-07-18T02:32:37.092+1000: 0.242: Application time: 0.1533403 seconds
2021-07-18T02:32:37.092+1000: 0.243: Total time for which application threads were stopped: 0.0002002 seconds, Stopping threads took: 0.0000752 seconds
2021-07-18T02:32:37.500+1000: 0.651: Application time: 0.4084469 seconds
2021-07-18T02:32:37.501+1000: 0.651: Total time for which application threads were stopped: 0.0002927 seconds, Stopping threads took: 0.0000858 seconds
2021-07-18T02:32:37.843+1000: 0.994: Application time: 0.3426784 seconds
2021-07-18T02:32:37.844+1000: 0.994: Total time for which application threads were stopped: 0.0003869 seconds, Stopping threads took: 0.0001245 seconds
2021-07-18T02:32:38.012+1000: 1.163: Application time: 0.1685853 seconds
2021-07-18T02:32:38.013+1000: 1.163: Total time for which application threads were stopped: 0.0003293 seconds, Stopping threads took: 0.0000844 seconds
2021-07-18T02:32:38.440+1000: 1.590: Application time: 0.4267992 seconds
2021-07-18T02:32:38.440+1000: 1.591: Total time for which application threads were stopped: 0.0004547 seconds, Stopping threads took: 0.0000628 seconds
2021-07-18T02:32:38.563+1000: 1.714: Application time: 0.1233136 seconds
2021-07-18T02:32:38.564+1000: 1.715: Total time for which application threads were stopped: 0.0006120 seconds, Stopping threads took: 0.0001674 seconds
2021-07-18T02:32:38.600+1000: 1.751: Application time: 0.0359628 seconds
2021-07-18T02:32:38.600+1000: 1.751: [GC (Allocation Failure) Before GC:
Statistics for BinaryTreeDictionary:
------------------------------------
Total Free Space: 8192
Max   Chunk Size: 8192
Number of Blocks: 1
Av.  Block  Size: 8192
Tree      Height: 1
2021-07-18T02:32:38.600+1000: 1.751: [ParNew
Desired survivor size 10452992 bytes, new threshold 15 (max 15)
- age   1:    8548784 bytes,    8548784 total
: 163904K->8444K(184320K), 0.0555962 secs] 163904K->8444K(184384K)After GC:
Statistics for BinaryTreeDictionary:
------------------------------------
Total Free Space: 8192
Max   Chunk Size: 8192
Number of Blocks: 1
Av.  Block  Size: 8192
Tree      Height: 1
, 0.0557999 secs] [Times: user=0.14 sys=0.01, real=0.06 secs] 
2021-07-18T02:32:38.656+1000: 1.807: Total time for which application threads were stopped: 0.0563848 seconds, Stopping threads took: 0.0002332 seconds
2021-07-18T02:32:39.081+1000: 2.232: Application time: 0.4249222 seconds
2021-07-18T02:32:39.082+1000: 2.233: Total time for which application threads were stopped: 0.0007891 seconds, Stopping threads took: 0.0001216 seconds
2021-07-18T02:32:39.362+1000: 2.513: Application time: 0.2799929 seconds
2021-07-18T02:32:39.363+1000: 2.514: Total time for which application threads were stopped: 0.0010213 seconds, Stopping threads took: 0.0005201 seconds
2021-07-18T02:32:39.430+1000: 2.580: Application time: 0.0667236 seconds
2021-07-18T02:32:39.430+1000: 2.581: Total time for which application threads were stopped: 0.0005838 seconds, Stopping threads took: 0.0002165 seconds
2021-07-18T02:32:39.573+1000: 2.724: Application time: 0.1426215 seconds
2021-07-18T02:32:39.573+1000: 2.724: Total time for which application threads were stopped: 0.0004886 seconds, Stopping threads took: 0.0001738 seconds
2021-07-18T02:32:39.633+1000: 2.783: Application time: 0.0591048 seconds
2021-07-18T02:32:39.633+1000: 2.784: Total time for which application threads were stopped: 0.0004121 seconds, Stopping threads took: 0.0001040 seconds
2021-07-18T02:32:39.681+1000: 2.832: Application time: 0.0480742 seconds
2021-07-18T02:32:39.681+1000: 2.832: Total time for which application threads were stopped: 0.0004304 seconds, Stopping threads took: 0.0001209 seconds
2021-07-18T02:32:39.729+1000: 2.879: Application time: 0.0470683 seconds
2021-07-18T02:32:39.729+1000: 2.880: Total time for which application threads were stopped: 0.0004556 seconds, Stopping threads took: 0.0001596 seconds
2021-07-18T02:32:39.767+1000: 2.918: Application time: 0.0383230 seconds
2021-07-18T02:32:39.768+1000: 2.918: Total time for which application threads were stopped: 0.0004345 seconds, Stopping threads took: 0.0001453 seconds
2021-07-18T02:32:39.788+1000: 2.939: Application time: 0.0204963 seconds
2021-07-18T02:32:39.789+1000: 2.940: Total time for which application threads were stopped: 0.0007812 seconds, Stopping threads took: 0.0001297 seconds
2021-07-18T02:32:39.841+1000: 2.991: Application time: 0.0516447 seconds
2021-07-18T02:32:39.841+1000: 2.992: Total time for which application threads were stopped: 0.0005106 seconds, Stopping threads took: 0.0001387 seconds
2021-07-18T02:32:39.893+1000: 3.043: Application time: 0.0514009 seconds
2021-07-18T02:32:39.893+1000: 3.044: Total time for which application threads were stopped: 0.0004216 seconds, Stopping threads took: 0.0001134 seconds
2021-07-18T02:32:39.915+1000: 3.066: Application time: 0.0221762 seconds
2021-07-18T02:32:39.916+1000: 3.066: Total time for which application threads were stopped: 0.0003985 seconds, Stopping threads took: 0.0001056 seconds
2021-07-18T02:32:39.937+1000: 3.088: Application time: 0.0216214 seconds
2021-07-18T02:32:39.938+1000: 3.089: Total time for which application threads were stopped: 0.0007265 seconds, Stopping threads took: 0.0003699 seconds
2021-07-18T02:32:39.949+1000: 3.099: Application time: 0.0108037 seconds
2021-07-18T02:32:39.949+1000: 3.100: Total time for which application threads were stopped: 0.0005953 seconds, Stopping threads took: 0.0002822 seconds
2021-07-18T02:32:40.026+1000: 3.177: Application time: 0.0770809 seconds
2021-07-18T02:32:40.035+1000: 3.186: Total time for which application threads were stopped: 0.0087039 seconds, Stopping threads took: 0.0082333 seconds
2021-07-18T02:32:40.056+1000: 3.206: Application time: 0.0204738 seconds
2021-07-18T02:32:40.057+1000: 3.207: Total time for which application threads were stopped: 0.0008772 seconds, Stopping threads took: 0.0005226 seconds
2021-07-18T02:32:40.092+1000: 3.243: Application time: 0.0354650 seconds
2021-07-18T02:32:40.093+1000: 3.244: Total time for which application threads were stopped: 0.0013561 seconds, Stopping threads took: 0.0009889 seconds
2021-07-18T02:32:40.108+1000: 3.258: Application time: 0.0144735 seconds
2021-07-18T02:32:40.109+1000: 3.260: Total time for which application threads were stopped: 0.0016619 seconds, Stopping threads took: 0.0012940 seconds
2021-07-18T02:32:40.128+1000: 3.278: Application time: 0.0180262 seconds
2021-07-18T02:32:40.129+1000: 3.280: Total time for which application threads were stopped: 0.0013881 seconds, Stopping threads took: 0.0010187 seconds
2021-07-18T02:32:40.150+1000: 3.301: Application time: 0.0212919 seconds
2021-07-18T02:32:40.152+1000: 3.302: Total time for which application threads were stopped: 0.0013278 seconds, Stopping threads took: 0.0009206 seconds
2021-07-18T02:32:40.171+1000: 3.321: Application time: 0.0190677 seconds
2021-07-18T02:32:40.173+1000: 3.323: Total time for which application threads were stopped: 0.0020059 seconds, Stopping threads took: 0.0016318 seconds
2021-07-18T02:32:40.180+1000: 3.330: Application time: 0.0069336 seconds
2021-07-18T02:32:40.183+1000: 3.334: Total time for which application threads were stopped: 0.0034335 seconds, Stopping threads took: 0.0030715 seconds
2021-07-18T02:32:40.255+1000: 3.405: Application time: 0.0716130 seconds
2021-07-18T02:32:40.256+1000: 3.406: Total time for which application threads were stopped: 0.0009357 seconds, Stopping threads took: 0.0005316 seconds
2021-07-18T02:32:40.278+1000: 3.428: Application time: 0.0220590 seconds
2021-07-18T02:32:40.279+1000: 3.429: Total time for which application threads were stopped: 0.0008357 seconds, Stopping threads took: 0.0004757 seconds
2021-07-18T02:32:40.373+1000: 3.523: Application time: 0.0941548 seconds
2021-07-18T02:32:40.373+1000: 3.524: [GC (Allocation Failure) Before GC:
Statistics for BinaryTreeDictionary:
------------------------------------
Total Free Space: 8192
Max   Chunk Size: 8192
Number of Blocks: 1
Av.  Block  Size: 8192
Tree      Height: 1
2021-07-18T02:32:40.373+1000: 3.524: [ParNew
Desired survivor size 10452992 bytes, new threshold 1 (max 15)
- age   1:   13490816 bytes,   13490816 total
- age   2:    4952240 bytes,   18443056 total
: 172348K->20416K(184320K), 0.0813176 secs] 172348K->31262K(195712K)After GC:
Statistics for BinaryTreeDictionary:
------------------------------------
Total Free Space: 23489
Max   Chunk Size: 23489
Number of Blocks: 1
Av.  Block  Size: 23489
Tree      Height: 1
, 0.0815460 secs] [Times: user=0.45 sys=0.03, real=0.09 secs] 
2021-07-18T02:32:40.455+1000: 3.606: Total time for which application threads were stopped: 0.0822313 seconds, Stopping threads took: 0.0001402 seconds
2021-07-18T02:32:40.458+1000: 3.608: Application time: 0.0026876 seconds
2021-07-18T02:32:40.458+1000: 3.609: [GC (CMS Initial Mark) [1 CMS-initial-mark: 10846K(11392K)] 31542K(195712K), 0.0122935 secs] [Times: user=0.03 sys=0.01, real=0.01 secs] 
2021-07-18T02:32:40.471+1000: 3.621: Total time for which application threads were stopped: 0.0130882 seconds, Stopping threads took: 0.0002974 seconds
2021-07-18T02:32:40.471+1000: 3.621: [CMS-concurrent-mark-start]
2021-07-18T02:32:40.481+1000: 3.632: [CMS-concurrent-mark: 0.010/0.010 secs] [Times: user=0.03 sys=0.01, real=0.01 secs] 
2021-07-18T02:32:40.481+1000: 3.632: [CMS-concurrent-preclean-start]
2021-07-18T02:32:40.490+1000: 3.641: [CMS-concurrent-preclean: 0.009/0.009 secs] [Times: user=0.06 sys=0.00, real=0.01 secs] 
2021-07-18T02:32:40.490+1000: 3.641: Application time: 0.0196700 seconds
2021-07-18T02:32:40.491+1000: 3.642: [GC (CMS Final Remark) [YG occupancy: 22237 K (184320 K)]2021-07-18T02:32:40.491+1000: 3.642: [GC (CMS Final Remark) Before GC:
Statistics for BinaryTreeDictionary:
------------------------------------
Total Free Space: 23489
Max   Chunk Size: 23489
Number of Blocks: 1
Av.  Block  Size: 23489
Tree      Height: 1
2021-07-18T02:32:40.491+1000: 3.642: [ParNew
Desired survivor size 10452992 bytes, new threshold 15 (max 15)
- age   1:      21936 bytes,      21936 total
: 22237K->4538K(184320K), 0.2221814 secs] 33083K->32983K(217216K)After GC:
Statistics for BinaryTreeDictionary:
------------------------------------
Total Free Space: 18880
Max   Chunk Size: 18880
Number of Blocks: 1
Av.  Block  Size: 18880
Tree      Height: 1
, 0.2223484 secs] [Times: user=0.48 sys=0.04, real=0.22 secs] 
2021-07-18T02:32:40.714+1000: 3.864: [Rescan (parallel) , 0.0076263 secs]2021-07-18T02:32:40.721+1000: 3.872: [weak refs processing, 0.0005545 secs]2021-07-18T02:32:40.722+1000: 3.872: [class unloading, 0.0051295 secs]2021-07-18T02:32:40.727+1000: 3.878: [scrub symbol table, 0.0055988 secs]2021-07-18T02:32:40.733+1000: 3.883: [scrub string table, 0.0005324 secs][1 CMS-remark: 28445K(32896K)] 32983K(217216K), 0.2421397 secs] [Times: user=0.54 sys=0.04, real=0.24 secs] 
2021-07-18T02:32:40.733+1000: 3.884: Total time for which application threads were stopped: 0.2429596 seconds, Stopping threads took: 0.0003007 seconds
2021-07-18T02:32:40.734+1000: 3.884: [CMS-concurrent-sweep-start]
CMS: Large Block: 0x00007fe3837fb200; Proximity: 0x0000000000000000 -> 0x00007fe3837a93f0
CMS: Large block 0x00007fe3837fb200
2021-07-18T02:32:40.735+1000: 3.885: [CMS-concurrent-sweep: 0.001/0.001 secs] [Times: user=0.00 sys=0.00, real=0.00 secs] 
2021-07-18T02:32:40.735+1000: 3.886: [CMS-concurrent-reset-start]
2021-07-18T02:32:40.951+1000: 4.102: Application time: 0.2176450 seconds
2021-07-18T02:32:40.953+1000: 4.103: Total time for which application threads were stopped: 0.0015813 seconds, Stopping threads took: 0.0003779 seconds
2021-07-18T02:32:40.954+1000: 4.105: Application time: 0.0014513 seconds
2021-07-18T02:32:40.955+1000: 4.106: Total time for which application threads were stopped: 0.0009083 seconds, Stopping threads took: 0.0002383 seconds
2021-07-18T02:32:40.971+1000: 4.122: Application time: 0.0159396 seconds
2021-07-18T02:32:40.973+1000: 4.123: Total time for which application threads were stopped: 0.0018677 seconds, Stopping threads took: 0.0015299 seconds
2021-07-18T02:32:40.974+1000: 4.125: Application time: 0.0011048 seconds
2021-07-18T02:32:40.974+1000: 4.125: Total time for which application threads were stopped: 0.0006052 seconds, Stopping threads took: 0.0004321 seconds
2021-07-18T02:32:40.976+1000: 4.126: Application time: 0.0012459 seconds
2021-07-18T02:32:40.976+1000: 4.127: Total time for which application threads were stopped: 0.0004257 seconds, Stopping threads took: 0.0002258 seconds
2021-07-18T02:32:40.979+1000: 4.130: Application time: 0.0029141 seconds
2021-07-18T02:32:40.980+1000: 4.130: Total time for which application threads were stopped: 0.0006562 seconds, Stopping threads took: 0.0004142 seconds
2021-07-18T02:32:40.982+1000: 4.133: Application time: 0.0021878 seconds
2021-07-18T02:32:40.983+1000: 4.134: Total time for which application threads were stopped: 0.0009510 seconds, Stopping threads took: 0.0006772 seconds
2021-07-18T02:32:40.991+1000: 4.142: Application time: 0.0081119 seconds
2021-07-18T02:32:40.992+1000: 4.142: Total time for which application threads were stopped: 0.0008474 seconds, Stopping threads took: 0.0004687 seconds
2021-07-18T02:32:40.993+1000: 4.144: Application time: 0.0010360 seconds
2021-07-18T02:32:40.994+1000: 4.144: Total time for which application threads were stopped: 0.0006416 seconds, Stopping threads took: 0.0004054 seconds
2021-07-18T02:32:40.995+1000: 4.145: Application time: 0.0010070 seconds
2021-07-18T02:32:40.995+1000: 4.145: Total time for which application threads were stopped: 0.0002171 seconds, Stopping threads took: 0.0000775 seconds
2021-07-18T02:32:40.998+1000: 4.148: Application time: 0.0030096 seconds
2021-07-18T02:32:40.998+1000: 4.149: Total time for which application threads were stopped: 0.0007129 seconds, Stopping threads took: 0.0004547 seconds
2021-07-18T02:32:41.010+1000: 4.161: Application time: 0.0115194 seconds
2021-07-18T02:32:41.015+1000: 4.166: Total time for which application threads were stopped: 0.0051771 seconds, Stopping threads took: 0.0046761 seconds
2021-07-18T02:32:41.019+1000: 4.170: Application time: 0.0042615 seconds
2021-07-18T02:32:41.020+1000: 4.171: Total time for which application threads were stopped: 0.0004239 seconds, Stopping threads took: 0.0001548 seconds
2021-07-18T02:32:41.021+1000: 4.172: Application time: 0.0009899 seconds
2021-07-18T02:32:41.021+1000: 4.172: Total time for which application threads were stopped: 0.0002459 seconds, Stopping threads took: 0.0000701 seconds
2021-07-18T02:32:41.028+1000: 4.179: Application time: 0.0072817 seconds
2021-07-18T02:32:41.030+1000: 4.180: Total time for which application threads were stopped: 0.0011438 seconds, Stopping threads took: 0.0006823 seconds
2021-07-18T02:32:41.032+1000: 4.183: Application time: 0.0029196 seconds
2021-07-18T02:32:41.033+1000: 4.184: Total time for which application threads were stopped: 0.0007036 seconds, Stopping threads took: 0.0004341 seconds
2021-07-18T02:32:41.038+1000: 4.189: Application time: 0.0049434 seconds
2021-07-18T02:32:41.042+1000: 4.193: Total time for which application threads were stopped: 0.0039137 seconds, Stopping threads took: 0.0035040 seconds
2021-07-18T02:32:41.043+1000: 4.194: Application time: 0.0010662 seconds
2021-07-18T02:32:41.044+1000: 4.194: Total time for which application threads were stopped: 0.0006338 seconds, Stopping threads took: 0.0003645 seconds
2021-07-18T02:32:41.046+1000: 4.197: Application time: 0.0021459 seconds
2021-07-18T02:32:41.046+1000: 4.197: Total time for which application threads were stopped: 0.0004775 seconds, Stopping threads took: 0.0002122 seconds
2021-07-18T02:32:41.068+1000: 4.218: Application time: 0.0214159 seconds
2021-07-18T02:32:41.069+1000: 4.219: Total time for which application threads were stopped: 0.0008385 seconds, Stopping threads took: 0.0003666 seconds
2021-07-18T02:32:41.070+1000: 4.221: Application time: 0.0012405 seconds
2021-07-18T02:32:41.071+1000: 4.221: Total time for which application threads were stopped: 0.0006495 seconds, Stopping threads took: 0.0003650 seconds
2021-07-18T02:32:41.076+1000: 4.227: Application time: 0.0058405 seconds
2021-07-18T02:32:41.078+1000: 4.229: Total time for which application threads were stopped: 0.0019539 seconds, Stopping threads took: 0.0015072 seconds
2021-07-18T02:32:41.080+1000: 4.231: Application time: 0.0018323 seconds
2021-07-18T02:32:41.081+1000: 4.232: Total time for which application threads were stopped: 0.0011868 seconds, Stopping threads took: 0.0008640 seconds
2021-07-18T02:32:41.084+1000: 4.235: Application time: 0.0029371 seconds
2021-07-18T02:32:41.094+1000: 4.244: Total time for which application threads were stopped: 0.0094618 seconds, Stopping threads took: 0.0089547 seconds
2021-07-18T02:32:41.096+1000: 4.246: Application time: 0.0016954 seconds
2021-07-18T02:32:41.096+1000: 4.247: Total time for which application threads were stopped: 0.0004725 seconds, Stopping threads took: 0.0002568 seconds
2021-07-18T02:32:41.104+1000: 4.255: Application time: 0.0083890 seconds
2021-07-18T02:32:41.106+1000: 4.256: Total time for which application threads were stopped: 0.0013684 seconds, Stopping threads took: 0.0008573 seconds
2021-07-18T02:32:41.107+1000: 4.257: Application time: 0.0010312 seconds
2021-07-18T02:32:41.107+1000: 4.258: Total time for which application threads were stopped: 0.0005365 seconds, Stopping threads took: 0.0002992 seconds
2021-07-18T02:32:41.109+1000: 4.259: Application time: 0.0013889 seconds
2021-07-18T02:32:41.109+1000: 4.260: Total time for which application threads were stopped: 0.0007449 seconds, Stopping threads took: 0.0004821 seconds
2021-07-18T02:32:41.111+1000: 4.262: Application time: 0.0018893 seconds
2021-07-18T02:32:41.112+1000: 4.263: Total time for which application threads were stopped: 0.0007316 seconds, Stopping threads took: 0.0004623 seconds
2021-07-18T02:32:41.113+1000: 4.264: Application time: 0.0011818 seconds
2021-07-18T02:32:41.114+1000: 4.264: Total time for which application threads were stopped: 0.0005613 seconds, Stopping threads took: 0.0003101 seconds
2021-07-18T02:32:41.119+1000: 4.270: Application time: 0.0053271 seconds
2021-07-18T02:32:41.122+1000: 4.272: Total time for which application threads were stopped: 0.0025025 seconds, Stopping threads took: 0.0020303 seconds
2021-07-18T02:32:41.123+1000: 4.273: Application time: 0.0010394 seconds
2021-07-18T02:32:41.123+1000: 4.274: Total time for which application threads were stopped: 0.0005123 seconds, Stopping threads took: 0.0002852 seconds
2021-07-18T02:32:41.137+1000: 4.288: Application time: 0.0142752 seconds
2021-07-18T02:32:41.140+1000: 4.291: Total time for which application threads were stopped: 0.0026382 seconds, Stopping threads took: 0.0006256 seconds
2021-07-18T02:32:41.144+1000: 4.294: Application time: 0.0033920 seconds
2021-07-18T02:32:41.145+1000: 4.295: Total time for which application threads were stopped: 0.0009976 seconds, Stopping threads took: 0.0004425 seconds
2021-07-18T02:32:41.146+1000: 4.297: Application time: 0.0017922 seconds
2021-07-18T02:32:41.147+1000: 4.298: Total time for which application threads were stopped: 0.0009143 seconds, Stopping threads took: 0.0005417 seconds
2021-07-18T02:32:41.149+1000: 4.300: Application time: 0.0017486 seconds
2021-07-18T02:32:41.151+1000: 4.302: Total time for which application threads were stopped: 0.0023402 seconds, Stopping threads took: 0.0003618 seconds
2021-07-18T02:32:41.153+1000: 4.304: Application time: 0.0020551 seconds
2021-07-18T02:32:41.155+1000: 4.305: Total time for which application threads were stopped: 0.0012217 seconds, Stopping threads took: 0.0006894 seconds
2021-07-18T02:32:41.156+1000: 4.307: Application time: 0.0012667 seconds
2021-07-18T02:32:41.156+1000: 4.307: Total time for which application threads were stopped: 0.0005582 seconds, Stopping threads took: 0.0002449 seconds
2021-07-18T02:32:41.158+1000: 4.308: Application time: 0.0010587 seconds
2021-07-18T02:32:41.158+1000: 4.309: Total time for which application threads were stopped: 0.0009139 seconds, Stopping threads took: 0.0004350 seconds
2021-07-18T02:32:41.163+1000: 4.313: Application time: 0.0042145 seconds
2021-07-18T02:32:41.167+1000: 4.318: Total time for which application threads were stopped: 0.0046335 seconds, Stopping threads took: 0.0004346 seconds
2021-07-18T02:32:41.168+1000: 4.319: Application time: 0.0011007 seconds
2021-07-18T02:32:41.169+1000: 4.320: Total time for which application threads were stopped: 0.0006930 seconds, Stopping threads took: 0.0002486 seconds
2021-07-18T02:32:41.170+1000: 4.321: Application time: 0.0012098 seconds
2021-07-18T02:32:41.173+1000: 4.324: Total time for which application threads were stopped: 0.0028672 seconds, Stopping threads took: 0.0024623 seconds
2021-07-18T02:32:41.174+1000: 4.325: Application time: 0.0013203 seconds
2021-07-18T02:32:41.175+1000: 4.326: Total time for which application threads were stopped: 0.0006232 seconds, Stopping threads took: 0.0001999 seconds
2021-07-18T02:32:41.176+1000: 4.327: Application time: 0.0011462 seconds
2021-07-18T02:32:41.177+1000: 4.328: Total time for which application threads were stopped: 0.0010521 seconds, Stopping threads took: 0.0005858 seconds
2021-07-18T02:32:41.181+1000: 4.332: Application time: 0.0036489 seconds
2021-07-18T02:32:41.182+1000: 4.333: Total time for which application threads were stopped: 0.0010185 seconds, Stopping threads took: 0.0003298 seconds
2021-07-18T02:32:41.182+1000: 4.333: Application time: 0.0001282 seconds
2021-07-18T02:32:41.183+1000: 4.334: Total time for which application threads were stopped: 0.0007627 seconds, Stopping threads took: 0.0001530 seconds
2021-07-18T02:32:41.184+1000: 4.335: Application time: 0.0013887 seconds
2021-07-18T02:32:41.185+1000: 4.336: Total time for which application threads were stopped: 0.0009571 seconds, Stopping threads took: 0.0004747 seconds
2021-07-18T02:32:41.186+1000: 4.337: Application time: 0.0011839 seconds
2021-07-18T02:32:41.187+1000: 4.338: Total time for which application threads were stopped: 0.0009847 seconds, Stopping threads took: 0.0004415 seconds
2021-07-18T02:32:41.188+1000: 4.339: Application time: 0.0010268 seconds
2021-07-18T02:32:41.189+1000: 4.340: Total time for which application threads were stopped: 0.0010149 seconds, Stopping threads took: 0.0004770 seconds
2021-07-18T02:32:41.191+1000: 4.341: Application time: 0.0011942 seconds
2021-07-18T02:32:41.192+1000: 4.342: Total time for which application threads were stopped: 0.0008873 seconds, Stopping threads took: 0.0003617 seconds
2021-07-18T02:32:41.193+1000: 4.343: Application time: 0.0010938 seconds
2021-07-18T02:32:41.194+1000: 4.344: Total time for which application threads were stopped: 0.0010932 seconds, Stopping threads took: 0.0004481 seconds
2021-07-18T02:32:41.197+1000: 4.347: Application time: 0.0030437 seconds
2021-07-18T02:32:41.200+1000: 4.350: Total time for which application threads were stopped: 0.0027362 seconds, Stopping threads took: 0.0005355 seconds
2021-07-18T02:32:41.201+1000: 4.351: Application time: 0.0010676 seconds
2021-07-18T02:32:41.201+1000: 4.352: Total time for which application threads were stopped: 0.0008631 seconds, Stopping threads took: 0.0002421 seconds
2021-07-18T02:32:41.202+1000: 4.353: Application time: 0.0010302 seconds
2021-07-18T02:32:41.205+1000: 4.355: Total time for which application threads were stopped: 0.0021174 seconds, Stopping threads took: 0.0003006 seconds
2021-07-18T02:32:41.206+1000: 4.356: Application time: 0.0012032 seconds
2021-07-18T02:32:41.207+1000: 4.357: Total time for which application threads were stopped: 0.0006863 seconds, Stopping threads took: 0.0003319 seconds
2021-07-18T02:32:41.217+1000: 4.368: Application time: 0.0105773 seconds
2021-07-18T02:32:41.218+1000: 4.369: Total time for which application threads were stopped: 0.0011416 seconds, Stopping threads took: 0.0004562 seconds
2021-07-18T02:32:41.221+1000: 4.372: Application time: 0.0026347 seconds
2021-07-18T02:32:41.221+1000: 4.372: Total time for which application threads were stopped: 0.0004726 seconds, Stopping threads took: 0.0001425 seconds
2021-07-18T02:32:41.229+1000: 4.379: Application time: 0.0074585 seconds
2021-07-18T02:32:41.230+1000: 4.381: Total time for which application threads were stopped: 0.0010703 seconds, Stopping threads took: 0.0002662 seconds
2021-07-18T02:32:41.231+1000: 4.382: Application time: 0.0011364 seconds
2021-07-18T02:32:41.234+1000: 4.385: Total time for which application threads were stopped: 0.0028234 seconds, Stopping threads took: 0.0023327 seconds
2021-07-18T02:32:41.237+1000: 4.388: Application time: 0.0030469 seconds
2021-07-18T02:32:41.238+1000: 4.388: Total time for which application threads were stopped: 0.0008296 seconds, Stopping threads took: 0.0002388 seconds
2021-07-18T02:32:41.240+1000: 4.390: Application time: 0.0019281 seconds
2021-07-18T02:32:41.241+1000: 4.391: Total time for which application threads were stopped: 0.0010746 seconds, Stopping threads took: 0.0004882 seconds
2021-07-18T02:32:41.242+1000: 4.393: Application time: 0.0015690 seconds
2021-07-18T02:32:41.244+1000: 4.395: Total time for which application threads were stopped: 0.0021001 seconds, Stopping threads took: 0.0004072 seconds
2021-07-18T02:32:41.245+1000: 4.396: Application time: 0.0010456 seconds
2021-07-18T02:32:41.246+1000: 4.397: Total time for which application threads were stopped: 0.0006941 seconds, Stopping threads took: 0.0002696 seconds
2021-07-18T02:32:41.249+1000: 4.399: Application time: 0.0023878 seconds
2021-07-18T02:32:41.249+1000: 4.400: Total time for which application threads were stopped: 0.0009077 seconds, Stopping threads took: 0.0005099 seconds
2021-07-18T02:32:41.251+1000: 4.401: Application time: 0.0010970 seconds
2021-07-18T02:32:41.251+1000: 4.402: Total time for which application threads were stopped: 0.0008427 seconds, Stopping threads took: 0.0004403 seconds
2021-07-18T02:32:41.253+1000: 4.403: Application time: 0.0010892 seconds
2021-07-18T02:32:41.255+1000: 4.405: Total time for which application threads were stopped: 0.0021986 seconds, Stopping threads took: 0.0003817 seconds
2021-07-18T02:32:41.256+1000: 4.407: Application time: 0.0015873 seconds
2021-07-18T02:32:41.258+1000: 4.408: Total time for which application threads were stopped: 0.0012992 seconds, Stopping threads took: 0.0004094 seconds
2021-07-18T02:32:41.259+1000: 4.410: Application time: 0.0015487 seconds
2021-07-18T02:32:41.260+1000: 4.411: Total time for which application threads were stopped: 0.0008154 seconds, Stopping threads took: 0.0004290 seconds
2021-07-18T02:32:41.261+1000: 4.412: Application time: 0.0014658 seconds
2021-07-18T02:32:41.263+1000: 4.413: Total time for which application threads were stopped: 0.0011998 seconds, Stopping threads took: 0.0006939 seconds
2021-07-18T02:32:41.273+1000: 4.424: Application time: 0.0104405 seconds
2021-07-18T02:32:41.274+1000: 4.424: Total time for which application threads were stopped: 0.0007686 seconds, Stopping threads took: 0.0002387 seconds
2021-07-18T02:32:41.275+1000: 4.426: Application time: 0.0013685 seconds
2021-07-18T02:32:41.277+1000: 4.428: Total time for which application threads were stopped: 0.0019108 seconds, Stopping threads took: 0.0016098 seconds
2021-07-18T02:32:41.279+1000: 4.429: Application time: 0.0015007 seconds
2021-07-18T02:32:41.279+1000: 4.430: Total time for which application threads were stopped: 0.0004567 seconds, Stopping threads took: 0.0001776 seconds
2021-07-18T02:32:41.280+1000: 4.431: Application time: 0.0012628 seconds
2021-07-18T02:32:41.281+1000: 4.431: Total time for which application threads were stopped: 0.0004102 seconds, Stopping threads took: 0.0001547 seconds
2021-07-18T02:32:41.282+1000: 4.433: Application time: 0.0014658 seconds
2021-07-18T02:32:41.283+1000: 4.434: Total time for which application threads were stopped: 0.0006282 seconds, Stopping threads took: 0.0003508 seconds
2021-07-18T02:32:41.284+1000: 4.435: Application time: 0.0012833 seconds
2021-07-18T02:32:41.285+1000: 4.436: Total time for which application threads were stopped: 0.0006511 seconds, Stopping threads took: 0.0002168 seconds
2021-07-18T02:32:41.295+1000: 4.445: Application time: 0.0099607 seconds
2021-07-18T02:32:41.296+1000: 4.447: Total time for which application threads were stopped: 0.0010711 seconds, Stopping threads took: 0.0002079 seconds
2021-07-18T02:32:41.304+1000: 4.455: Application time: 0.0085646 seconds
2021-07-18T02:32:41.306+1000: 4.456: Total time for which application threads were stopped: 0.0012104 seconds, Stopping threads took: 0.0006503 seconds
2021-07-18T02:32:41.323+1000: 4.474: Application time: 0.0172294 seconds
2021-07-18T02:32:41.324+1000: 4.475: Total time for which application threads were stopped: 0.0015623 seconds, Stopping threads took: 0.0008177 seconds
2021-07-18T02:32:41.334+1000: 4.485: Application time: 0.0097351 seconds
2021-07-18T02:32:41.337+1000: 4.488: Total time for which application threads were stopped: 0.0029249 seconds, Stopping threads took: 0.0021707 seconds
2021-07-18T02:32:41.342+1000: 4.492: Application time: 0.0046865 seconds
2021-07-18T02:32:41.345+1000: 4.495: Total time for which application threads were stopped: 0.0027462 seconds, Stopping threads took: 0.0020985 seconds
2021-07-18T02:32:41.348+1000: 4.498: Application time: 0.0030443 seconds
2021-07-18T02:32:41.350+1000: 4.501: Total time for which application threads were stopped: 0.0022853 seconds, Stopping threads took: 0.0017894 seconds
2021-07-18T02:32:41.356+1000: 4.507: Application time: 0.0060165 seconds
2021-07-18T02:32:41.357+1000: 4.508: Total time for which application threads were stopped: 0.0012645 seconds, Stopping threads took: 0.0005989 seconds
2021-07-18T02:32:41.374+1000: 4.525: Application time: 0.0167445 seconds
2021-07-18T02:32:41.375+1000: 4.526: Total time for which application threads were stopped: 0.0011565 seconds, Stopping threads took: 0.0005405 seconds
2021-07-18T02:32:41.385+1000: 4.535: Application time: 0.0095926 seconds
2021-07-18T02:32:41.386+1000: 4.537: Total time for which application threads were stopped: 0.0014014 seconds, Stopping threads took: 0.0007403 seconds
2021-07-18T02:32:41.396+1000: 4.546: Application time: 0.0095167 seconds
2021-07-18T02:32:41.397+1000: 4.548: Total time for which application threads were stopped: 0.0013255 seconds, Stopping threads took: 0.0007033 seconds
2021-07-18T02:32:41.402+1000: 4.553: Application time: 0.0054285 seconds
2021-07-18T02:32:41.404+1000: 4.554: Total time for which application threads were stopped: 0.0011783 seconds, Stopping threads took: 0.0005495 seconds
2021-07-18T02:32:41.405+1000: 4.556: Application time: 0.0013813 seconds
2021-07-18T02:32:41.407+1000: 4.558: Total time for which application threads were stopped: 0.0020664 seconds, Stopping threads took: 0.0003861 seconds
2021-07-18T02:32:41.408+1000: 4.559: Application time: 0.0014461 seconds
2021-07-18T02:32:41.409+1000: 4.560: Total time for which application threads were stopped: 0.0007988 seconds, Stopping threads took: 0.0004232 seconds
2021-07-18T02:32:41.415+1000: 4.565: Application time: 0.0053125 seconds
2021-07-18T02:32:41.416+1000: 4.567: Total time for which application threads were stopped: 0.0016506 seconds, Stopping threads took: 0.0004355 seconds
2021-07-18T02:32:41.419+1000: 4.570: Application time: 0.0027252 seconds
2021-07-18T02:32:41.422+1000: 4.573: Total time for which application threads were stopped: 0.0034376 seconds, Stopping threads took: 0.0014434 seconds
2021-07-18T02:32:41.425+1000: 4.576: Application time: 0.0026374 seconds
2021-07-18T02:32:41.426+1000: 4.577: Total time for which application threads were stopped: 0.0012256 seconds, Stopping threads took: 0.0007181 seconds
2021-07-18T02:32:41.429+1000: 4.580: Application time: 0.0027473 seconds
2021-07-18T02:32:41.430+1000: 4.581: Total time for which application threads were stopped: 0.0012396 seconds, Stopping threads took: 0.0006759 seconds
2021-07-18T02:32:41.434+1000: 4.585: Application time: 0.0038788 seconds
2021-07-18T02:32:41.438+1000: 4.589: Total time for which application threads were stopped: 0.0041240 seconds, Stopping threads took: 0.0035192 seconds
2021-07-18T02:32:41.451+1000: 4.602: Application time: 0.0126417 seconds
2021-07-18T02:32:41.454+1000: 4.605: Total time for which application threads were stopped: 0.0033571 seconds, Stopping threads took: 0.0026529 seconds
2021-07-18T02:32:41.502+1000: 4.653: Application time: 0.0479026 seconds
2021-07-18T02:32:41.509+1000: 4.659: Total time for which application threads were stopped: 0.0064404 seconds, Stopping threads took: 0.0054936 seconds
2021-07-18T02:32:41.530+1000: 4.681: Application time: 0.0216990 seconds
2021-07-18T02:32:41.536+1000: 4.687: Total time for which application threads were stopped: 0.0056239 seconds, Stopping threads took: 0.0048297 seconds
2021-07-18T02:32:41.573+1000: 4.724: Application time: 0.0372677 seconds
2021-07-18T02:32:41.581+1000: 4.732: Total time for which application threads were stopped: 0.0077255 seconds, Stopping threads took: 0.0069225 seconds
2021-07-18T02:32:41.583+1000: 4.734: Application time: 0.0022192 seconds
2021-07-18T02:32:41.584+1000: 4.735: Total time for which application threads were stopped: 0.0006294 seconds, Stopping threads took: 0.0001912 seconds
2021-07-18T02:32:41.594+1000: 4.745: Application time: 0.0100079 seconds
2021-07-18T02:32:41.595+1000: 4.746: Total time for which application threads were stopped: 0.0015675 seconds, Stopping threads took: 0.0005312 seconds
2021-07-18T02:32:41.598+1000: 4.749: Application time: 0.0025450 seconds
2021-07-18T02:32:41.599+1000: 4.750: Total time for which application threads were stopped: 0.0009094 seconds, Stopping threads took: 0.0004543 seconds
2021-07-18T02:32:41.637+1000: 4.787: Application time: 0.0378654 seconds
2021-07-18T02:32:41.638+1000: 4.789: Total time for which application threads were stopped: 0.0011856 seconds, Stopping threads took: 0.0004422 seconds
2021-07-18T02:32:41.651+1000: 4.802: Application time: 0.0134363 seconds
2021-07-18T02:32:41.653+1000: 4.804: Total time for which application threads were stopped: 0.0016835 seconds, Stopping threads took: 0.0007317 seconds
2021-07-18T02:32:41.671+1000: 4.822: Application time: 0.0181308 seconds
2021-07-18T02:32:41.673+1000: 4.823: Total time for which application threads were stopped: 0.0013520 seconds, Stopping threads took: 0.0005334 seconds
2021-07-18T02:32:41.674+1000: 4.825: Application time: 0.0015778 seconds
2021-07-18T02:32:41.675+1000: 4.826: Total time for which application threads were stopped: 0.0009430 seconds, Stopping threads took: 0.0005119 seconds
2021-07-18T02:32:41.677+1000: 4.827: Application time: 0.0014292 seconds
2021-07-18T02:32:41.677+1000: 4.828: Total time for which application threads were stopped: 0.0008059 seconds, Stopping threads took: 0.0004365 seconds
2021-07-18T02:32:41.679+1000: 4.830: Application time: 0.0015707 seconds
2021-07-18T02:32:41.681+1000: 4.831: Total time for which application threads were stopped: 0.0019117 seconds, Stopping threads took: 0.0013737 seconds
2021-07-18T02:32:41.683+1000: 4.834: Application time: 0.0022008 seconds
2021-07-18T02:32:41.684+1000: 4.835: Total time for which application threads were stopped: 0.0009686 seconds, Stopping threads took: 0.0004574 seconds
2021-07-18T02:32:41.719+1000: 4.869: Application time: 0.0347830 seconds
2021-07-18T02:32:41.724+1000: 4.874: Total time for which application threads were stopped: 0.0049958 seconds, Stopping threads took: 0.0043453 seconds
2021-07-18T02:32:41.753+1000: 4.903: Application time: 0.0287562 seconds
2021-07-18T02:32:41.754+1000: 4.905: Total time for which application threads were stopped: 0.0013301 seconds, Stopping threads took: 0.0006127 seconds
2021-07-18T02:32:41.755+1000: 4.906: Application time: 0.0013220 seconds
2021-07-18T02:32:41.756+1000: 4.907: Total time for which application threads were stopped: 0.0009501 seconds, Stopping threads took: 0.0005627 seconds
2021-07-18T02:32:41.764+1000: 4.914: Application time: 0.0076405 seconds
2021-07-18T02:32:41.765+1000: 4.916: Total time for which application threads were stopped: 0.0014736 seconds, Stopping threads took: 0.0002600 seconds
2021-07-18T02:32:41.769+1000: 4.920: Application time: 0.0035593 seconds
2021-07-18T02:32:41.770+1000: 4.921: Total time for which application threads were stopped: 0.0010157 seconds, Stopping threads took: 0.0005399 seconds
2021-07-18T02:32:41.772+1000: 4.922: Application time: 0.0019106 seconds
2021-07-18T02:32:41.773+1000: 4.923: Total time for which application threads were stopped: 0.0009760 seconds, Stopping threads took: 0.0006093 seconds
2021-07-18T02:32:41.775+1000: 4.926: Application time: 0.0026752 seconds
2021-07-18T02:32:41.776+1000: 4.927: Total time for which application threads were stopped: 0.0009090 seconds, Stopping threads took: 0.0005542 seconds
2021-07-18T02:32:41.779+1000: 4.930: Application time: 0.0028264 seconds
2021-07-18T02:32:41.780+1000: 4.931: Total time for which application threads were stopped: 0.0009865 seconds, Stopping threads took: 0.0006447 seconds
2021-07-18T02:32:41.795+1000: 4.946: Application time: 0.0149385 seconds
2021-07-18T02:32:41.798+1000: 4.949: Total time for which application threads were stopped: 0.0032095 seconds, Stopping threads took: 0.0010197 seconds
2021-07-18T02:32:41.808+1000: 4.959: Application time: 0.0098462 seconds
2021-07-18T02:32:41.813+1000: 4.964: Total time for which application threads were stopped: 0.0048721 seconds, Stopping threads took: 0.0024851 seconds
2021-07-18T02:32:41.831+1000: 4.982: Application time: 0.0180980 seconds
2021-07-18T02:32:41.836+1000: 4.986: Total time for which application threads were stopped: 0.0044635 seconds, Stopping threads took: 0.0006213 seconds
2021-07-18T02:32:41.844+1000: 4.995: Application time: 0.0082714 seconds
2021-07-18T02:32:41.846+1000: 4.997: Total time for which application threads were stopped: 0.0020594 seconds, Stopping threads took: 0.0003767 seconds
2021-07-18T02:32:41.867+1000: 5.018: Application time: 0.0209837 seconds
2021-07-18T02:32:41.870+1000: 5.021: Total time for which application threads were stopped: 0.0029013 seconds, Stopping threads took: 0.0009426 seconds
2021-07-18T02:32:41.872+1000: 5.023: Application time: 0.0021608 seconds
2021-07-18T02:32:41.873+1000: 5.024: Total time for which application threads were stopped: 0.0012750 seconds, Stopping threads took: 0.0004895 seconds
2021-07-18T02:32:41.878+1000: 5.029: Application time: 0.0049842 seconds
2021-07-18T02:32:41.889+1000: 5.040: Total time for which application threads were stopped: 0.0108140 seconds, Stopping threads took: 0.0008229 seconds
2021-07-18T02:32:41.898+1000: 5.049: Application time: 0.0087286 seconds
2021-07-18T02:32:41.921+1000: 5.071: Total time for which application threads were stopped: 0.0227379 seconds, Stopping threads took: 0.0219177 seconds
2021-07-18T02:32:41.934+1000: 5.085: Application time: 0.0132856 seconds
2021-07-18T02:32:41.936+1000: 5.087: Total time for which application threads were stopped: 0.0021982 seconds, Stopping threads took: 0.0005448 seconds
2021-07-18T02:32:41.956+1000: 5.106: Application time: 0.0195555 seconds
2021-07-18T02:32:41.957+1000: 5.108: Total time for which application threads were stopped: 0.0015616 seconds, Stopping threads took: 0.0006970 seconds
2021-07-18T02:32:41.961+1000: 5.112: Application time: 0.0042085 seconds
2021-07-18T02:32:41.963+1000: 5.113: Total time for which application threads were stopped: 0.0010664 seconds, Stopping threads took: 0.0003332 seconds
2021-07-18T02:32:42.001+1000: 5.152: Application time: 0.0383947 seconds
2021-07-18T02:32:42.003+1000: 5.154: Total time for which application threads were stopped: 0.0020285 seconds, Stopping threads took: 0.0014008 seconds
2021-07-18T02:32:42.016+1000: 5.167: Application time: 0.0130873 seconds
2021-07-18T02:32:42.017+1000: 5.168: Total time for which application threads were stopped: 0.0009369 seconds, Stopping threads took: 0.0003289 seconds
2021-07-18T02:32:42.019+1000: 5.169: Application time: 0.0015700 seconds
2021-07-18T02:32:42.020+1000: 5.170: Total time for which application threads were stopped: 0.0010971 seconds, Stopping threads took: 0.0006876 seconds
2021-07-18T02:32:42.021+1000: 5.172: Application time: 0.0015094 seconds
2021-07-18T02:32:42.022+1000: 5.173: Total time for which application threads were stopped: 0.0007998 seconds, Stopping threads took: 0.0004028 seconds
2021-07-18T02:32:42.026+1000: 5.177: Application time: 0.0040904 seconds
2021-07-18T02:32:42.027+1000: 5.178: Total time for which application threads were stopped: 0.0010798 seconds, Stopping threads took: 0.0005362 seconds
2021-07-18T02:32:42.029+1000: 5.179: Application time: 0.0014694 seconds
2021-07-18T02:32:42.030+1000: 5.180: Total time for which application threads were stopped: 0.0010270 seconds, Stopping threads took: 0.0005305 seconds
2021-07-18T02:32:42.031+1000: 5.182: Application time: 0.0014189 seconds
2021-07-18T02:32:42.032+1000: 5.183: Total time for which application threads were stopped: 0.0009234 seconds, Stopping threads took: 0.0004174 seconds
2021-07-18T02:32:42.033+1000: 5.184: Application time: 0.0014010 seconds
2021-07-18T02:32:42.034+1000: 5.185: Total time for which application threads were stopped: 0.0008890 seconds, Stopping threads took: 0.0004432 seconds
2021-07-18T02:32:42.035+1000: 5.186: Application time: 0.0011325 seconds
2021-07-18T02:32:42.036+1000: 5.187: Total time for which application threads were stopped: 0.0009102 seconds, Stopping threads took: 0.0005349 seconds
2021-07-18T02:32:42.037+1000: 5.188: Application time: 0.0010674 seconds
2021-07-18T02:32:42.038+1000: 5.189: Total time for which application threads were stopped: 0.0008647 seconds, Stopping threads took: 0.0003870 seconds
2021-07-18T02:32:42.039+1000: 5.190: Application time: 0.0011333 seconds
2021-07-18T02:32:42.040+1000: 5.191: Total time for which application threads were stopped: 0.0006919 seconds, Stopping threads took: 0.0002933 seconds
2021-07-18T02:32:42.041+1000: 5.192: Application time: 0.0010459 seconds
2021-07-18T02:32:42.042+1000: 5.193: Total time for which application threads were stopped: 0.0007255 seconds, Stopping threads took: 0.0001738 seconds
2021-07-18T02:32:42.043+1000: 5.194: Application time: 0.0010415 seconds
2021-07-18T02:32:42.044+1000: 5.194: Total time for which application threads were stopped: 0.0008088 seconds, Stopping threads took: 0.0004120 seconds
2021-07-18T02:32:42.046+1000: 5.197: Application time: 0.0022827 seconds
2021-07-18T02:32:42.048+1000: 5.198: Total time for which application threads were stopped: 0.0016927 seconds, Stopping threads took: 0.0004729 seconds
2021-07-18T02:32:42.050+1000: 5.200: Application time: 0.0020725 seconds
2021-07-18T02:32:42.051+1000: 5.202: Total time for which application threads were stopped: 0.0014447 seconds, Stopping threads took: 0.0003398 seconds
2021-07-18T02:32:42.053+1000: 5.204: Application time: 0.0023858 seconds
2021-07-18T02:32:42.055+1000: 5.206: Total time for which application threads were stopped: 0.0012129 seconds, Stopping threads took: 0.0006419 seconds
2021-07-18T02:32:42.055+1000: 5.206: Application time: 0.0002167 seconds
2021-07-18T02:32:42.056+1000: 5.207: Total time for which application threads were stopped: 0.0008290 seconds, Stopping threads took: 0.0003514 seconds
2021-07-18T02:32:42.060+1000: 5.210: Application time: 0.0036056 seconds
2021-07-18T02:32:42.060+1000: 5.211: Total time for which application threads were stopped: 0.0007039 seconds, Stopping threads took: 0.0002797 seconds
2021-07-18T02:32:42.062+1000: 5.212: Application time: 0.0015288 seconds
2021-07-18T02:32:42.063+1000: 5.213: Total time for which application threads were stopped: 0.0008603 seconds, Stopping threads took: 0.0002891 seconds
2021-07-18T02:32:42.063+1000: 5.214: Application time: 0.0002331 seconds
2021-07-18T02:32:42.064+1000: 5.215: Total time for which application threads were stopped: 0.0015086 seconds, Stopping threads took: 0.0011046 seconds
2021-07-18T02:32:42.065+1000: 5.215: Application time: 0.0002935 seconds
2021-07-18T02:32:42.067+1000: 5.218: Total time for which application threads were stopped: 0.0023478 seconds, Stopping threads took: 0.0003336 seconds
2021-07-18T02:32:42.068+1000: 5.219: Application time: 0.0012234 seconds
2021-07-18T02:32:42.069+1000: 5.220: Total time for which application threads were stopped: 0.0009049 seconds, Stopping threads took: 0.0005007 seconds
2021-07-18T02:32:42.071+1000: 5.221: Application time: 0.0014468 seconds
2021-07-18T02:32:42.071+1000: 5.222: Total time for which application threads were stopped: 0.0007305 seconds, Stopping threads took: 0.0003394 seconds
2021-07-18T02:32:42.076+1000: 5.227: Application time: 0.0046265 seconds
2021-07-18T02:32:42.077+1000: 5.228: Total time for which application threads were stopped: 0.0012509 seconds, Stopping threads took: 0.0002931 seconds
2021-07-18T02:32:42.078+1000: 5.229: Application time: 0.0010704 seconds
2021-07-18T02:32:42.080+1000: 5.231: Total time for which application threads were stopped: 0.0019611 seconds, Stopping threads took: 0.0013674 seconds
2021-07-18T02:32:42.082+1000: 5.232: Application time: 0.0014382 seconds
2021-07-18T02:32:42.083+1000: 5.233: Total time for which application threads were stopped: 0.0010889 seconds, Stopping threads took: 0.0005279 seconds
2021-07-18T02:32:42.084+1000: 5.235: Application time: 0.0015524 seconds
2021-07-18T02:32:42.085+1000: 5.236: Total time for which application threads were stopped: 0.0007965 seconds, Stopping threads took: 0.0003146 seconds
2021-07-18T02:32:42.085+1000: 5.236: Application time: 0.0002572 seconds
2021-07-18T02:32:42.086+1000: 5.237: Total time for which application threads were stopped: 0.0006704 seconds, Stopping threads took: 0.0003821 seconds
2021-07-18T02:32:42.089+1000: 5.239: Application time: 0.0027440 seconds
2021-07-18T02:32:42.090+1000: 5.240: Total time for which application threads were stopped: 0.0006773 seconds, Stopping threads took: 0.0002424 seconds
2021-07-18T02:32:42.091+1000: 5.241: Application time: 0.0011815 seconds
2021-07-18T02:32:42.091+1000: 5.242: Total time for which application threads were stopped: 0.0004578 seconds, Stopping threads took: 0.0001281 seconds
2021-07-18T02:32:42.093+1000: 5.243: Application time: 0.0014600 seconds
2021-07-18T02:32:42.093+1000: 5.244: Total time for which application threads were stopped: 0.0008461 seconds, Stopping threads took: 0.0002804 seconds
2021-07-18T02:32:42.095+1000: 5.246: Application time: 0.0014496 seconds
2021-07-18T02:32:42.097+1000: 5.248: Total time for which application threads were stopped: 0.0022214 seconds, Stopping threads took: 0.0015615 seconds
2021-07-18T02:32:42.100+1000: 5.250: Application time: 0.0025406 seconds
2021-07-18T02:32:42.101+1000: 5.251: Total time for which application threads were stopped: 0.0010023 seconds, Stopping threads took: 0.0004668 seconds
2021-07-18T02:32:42.107+1000: 5.257: Application time: 0.0060608 seconds
2021-07-18T02:32:42.109+1000: 5.259: Total time for which application threads were stopped: 0.0020311 seconds, Stopping threads took: 0.0004273 seconds
2021-07-18T02:32:42.112+1000: 5.262: Application time: 0.0028319 seconds
2021-07-18T02:32:42.113+1000: 5.263: Total time for which application threads were stopped: 0.0010087 seconds, Stopping threads took: 0.0003427 seconds
2021-07-18T02:32:42.115+1000: 5.266: Application time: 0.0025251 seconds
2021-07-18T02:32:42.117+1000: 5.267: Total time for which application threads were stopped: 0.0014438 seconds, Stopping threads took: 0.0007174 seconds
2021-07-18T02:32:42.118+1000: 5.269: Application time: 0.0017008 seconds
2021-07-18T02:32:42.120+1000: 5.271: Total time for which application threads were stopped: 0.0020873 seconds, Stopping threads took: 0.0015688 seconds
2021-07-18T02:32:42.121+1000: 5.271: Application time: 0.0002684 seconds
2021-07-18T02:32:42.121+1000: 5.272: Total time for which application threads were stopped: 0.0005666 seconds, Stopping threads took: 0.0002662 seconds
2021-07-18T02:32:42.124+1000: 5.275: Application time: 0.0030813 seconds
2021-07-18T02:32:42.126+1000: 5.277: Total time for which application threads were stopped: 0.0019822 seconds, Stopping threads took: 0.0003648 seconds
2021-07-18T02:32:42.133+1000: 5.284: Application time: 0.0069074 seconds
2021-07-18T02:32:42.135+1000: 5.285: Total time for which application threads were stopped: 0.0013249 seconds, Stopping threads took: 0.0006737 seconds
2021-07-18T02:32:42.137+1000: 5.287: Application time: 0.0021065 seconds
2021-07-18T02:32:42.140+1000: 5.291: Total time for which application threads were stopped: 0.0035196 seconds, Stopping threads took: 0.0007184 seconds
2021-07-18T02:32:42.168+1000: 5.319: Application time: 0.0280460 seconds
2021-07-18T02:32:42.170+1000: 5.320: Total time for which application threads were stopped: 0.0012682 seconds, Stopping threads took: 0.0006347 seconds
2021-07-18T02:32:42.203+1000: 5.353: Application time: 0.0332151 seconds
2021-07-18T02:32:42.213+1000: 5.364: Total time for which application threads were stopped: 0.0106367 seconds, Stopping threads took: 0.0093655 seconds
2021-07-18T02:32:42.258+1000: 5.409: Application time: 0.0449870 seconds
2021-07-18T02:32:42.262+1000: 5.413: Total time for which application threads were stopped: 0.0037865 seconds, Stopping threads took: 0.0029095 seconds
2021-07-18T02:32:42.268+1000: 5.419: Application time: 0.0059438 seconds
2021-07-18T02:32:42.271+1000: 5.421: Total time for which application threads were stopped: 0.0025667 seconds, Stopping threads took: 0.0007106 seconds
2021-07-18T02:32:42.302+1000: 5.453: Application time: 0.0314257 seconds
2021-07-18T02:32:42.303+1000: 5.454: Total time for which application threads were stopped: 0.0011741 seconds, Stopping threads took: 0.0003664 seconds
2021-07-18T02:32:42.308+1000: 5.459: Application time: 0.0048962 seconds
2021-07-18T02:32:42.309+1000: 5.460: Total time for which application threads were stopped: 0.0012334 seconds, Stopping threads took: 0.0004081 seconds
2021-07-18T02:32:42.311+1000: 5.462: Application time: 0.0017529 seconds
2021-07-18T02:32:42.316+1000: 5.466: Total time for which application threads were stopped: 0.0045691 seconds, Stopping threads took: 0.0004245 seconds
2021-07-18T02:32:42.318+1000: 5.468: Application time: 0.0019753 seconds
2021-07-18T02:32:42.319+1000: 5.470: Total time for which application threads were stopped: 0.0011084 seconds, Stopping threads took: 0.0003087 seconds
2021-07-18T02:32:42.321+1000: 5.472: Application time: 0.0020363 seconds
2021-07-18T02:32:42.322+1000: 5.473: Total time for which application threads were stopped: 0.0012048 seconds, Stopping threads took: 0.0006166 seconds
2021-07-18T02:32:42.324+1000: 5.475: Application time: 0.0021274 seconds
2021-07-18T02:32:42.325+1000: 5.476: Total time for which application threads were stopped: 0.0010032 seconds, Stopping threads took: 0.0004176 seconds
2021-07-18T02:32:42.447+1000: 5.598: Application time: 0.1217734 seconds
2021-07-18T02:32:42.450+1000: 5.600: Total time for which application threads were stopped: 0.0024877 seconds, Stopping threads took: 0.0004515 seconds
2021-07-18T02:32:42.572+1000: 5.722: Application time: 0.1222836 seconds
2021-07-18T02:32:42.573+1000: 5.724: Total time for which application threads were stopped: 0.0013514 seconds, Stopping threads took: 0.0002589 seconds
2021-07-18T02:32:42.574+1000: 5.725: Application time: 0.0011196 seconds
2021-07-18T02:32:42.575+1000: 5.726: Total time for which application threads were stopped: 0.0009550 seconds, Stopping threads took: 0.0005166 seconds
2021-07-18T02:32:42.739+1000: 5.890: Application time: 0.1641176 seconds
2021-07-18T02:32:42.741+1000: 5.891: [GC (Allocation Failure) Before GC:
Statistics for BinaryTreeDictionary:
------------------------------------
Total Free Space: 1727181
Max   Chunk Size: 1574336
Number of Blocks: 93
Av.  Block  Size: 18571
Tree      Height: 16
2021-07-18T02:32:42.741+1000: 5.892: [ParNew
Desired survivor size 10452992 bytes, new threshold 1 (max 15)
- age   1:   18771616 bytes,   18771616 total
: 168442K->20416K(184320K), 0.0598943 secs] 195470K->58446K(229368K)After GC:
Statistics for BinaryTreeDictionary:
------------------------------------
Total Free Space: 556537
Max   Chunk Size: 556537
Number of Blocks: 1
Av.  Block  Size: 556537
Tree      Height: 1
, 0.0602734 secs] [Times: user=0.16 sys=0.01, real=0.06 secs] 
2021-07-18T02:32:42.801+1000: 5.952: Total time for which application threads were stopped: 0.0618226 seconds, Stopping threads took: 0.0004448 seconds
2021-07-18T02:32:42.813+1000: 5.964: Application time: 0.0120236 seconds
2021-07-18T02:32:42.815+1000: 5.966: Total time for which application threads were stopped: 0.0016249 seconds, Stopping threads took: 0.0006143 seconds
2021-07-18T02:32:42.816+1000: 5.967: Application time: 0.0011854 seconds
2021-07-18T02:32:42.817+1000: 5.968: Total time for which application threads were stopped: 0.0010384 seconds, Stopping threads took: 0.0005248 seconds
2021-07-18T02:32:42.819+1000: 5.970: Application time: 0.0021620 seconds
2021-07-18T02:32:42.820+1000: 5.971: Total time for which application threads were stopped: 0.0006605 seconds, Stopping threads took: 0.0002260 seconds
2021-07-18T02:32:42.829+1000: 5.980: Application time: 0.0090454 seconds
2021-07-18T02:32:42.830+1000: 5.981: Total time for which application threads were stopped: 0.0009424 seconds, Stopping threads took: 0.0003273 seconds
2021-07-18T02:32:42.831+1000: 5.982: Application time: 0.0011781 seconds
2021-07-18T02:32:42.832+1000: 5.983: Total time for which application threads were stopped: 0.0009620 seconds, Stopping threads took: 0.0004754 seconds
2021-07-18T02:32:42.833+1000: 5.984: Application time: 0.0010340 seconds
2021-07-18T02:32:42.834+1000: 5.985: Total time for which application threads were stopped: 0.0007798 seconds, Stopping threads took: 0.0003830 seconds
2021-07-18T02:32:42.835+1000: 5.986: Application time: 0.0013633 seconds
2021-07-18T02:32:42.836+1000: 5.987: Total time for which application threads were stopped: 0.0009391 seconds, Stopping threads took: 0.0005719 seconds
2021-07-18T02:32:42.838+1000: 5.988: Application time: 0.0014468 seconds
2021-07-18T02:32:42.839+1000: 5.989: Total time for which application threads were stopped: 0.0008853 seconds, Stopping threads took: 0.0004880 seconds
2021-07-18T02:32:42.840+1000: 5.990: Application time: 0.0010440 seconds
2021-07-18T02:32:42.840+1000: 5.991: Total time for which application threads were stopped: 0.0008183 seconds, Stopping threads took: 0.0004580 seconds
2021-07-18T02:32:42.873+1000: 6.024: Application time: 0.0325484 seconds
2021-07-18T02:32:42.875+1000: 6.026: Total time for which application threads were stopped: 0.0021530 seconds, Stopping threads took: 0.0012166 seconds
2021-07-18T02:32:42.876+1000: 6.027: Application time: 0.0011431 seconds
2021-07-18T02:32:42.877+1000: 6.028: Total time for which application threads were stopped: 0.0010413 seconds, Stopping threads took: 0.0004980 seconds
2021-07-18T02:32:42.899+1000: 6.050: [CMS-concurrent-reset: 1.703/2.164 secs] [Times: user=10.31 sys=2.17, real=2.16 secs] 
2021-07-18T02:32:42.916+1000: 6.066: Application time: 0.0384355 seconds
2021-07-18T02:32:42.919+1000: 6.070: Total time for which application threads were stopped: 0.0031471 seconds, Stopping threads took: 0.0023364 seconds
2021-07-18T02:32:42.921+1000: 6.072: Application time: 0.0022951 seconds
2021-07-18T02:32:42.923+1000: 6.073: Total time for which application threads were stopped: 0.0015592 seconds, Stopping threads took: 0.0006179 seconds
2021-07-18T02:32:42.924+1000: 6.074: Application time: 0.0010145 seconds
2021-07-18T02:32:42.932+1000: 6.082: Total time for which application threads were stopped: 0.0079336 seconds, Stopping threads took: 0.0071229 seconds
2021-07-18T02:32:42.932+1000: 6.083: Application time: 0.0002964 seconds
2021-07-18T02:32:42.933+1000: 6.084: Total time for which application threads were stopped: 0.0008802 seconds, Stopping threads took: 0.0003146 seconds
2021-07-18T02:32:42.985+1000: 6.136: Application time: 0.0521457 seconds
2021-07-18T02:32:42.989+1000: 6.139: Total time for which application threads were stopped: 0.0036717 seconds, Stopping threads took: 0.0005724 seconds
2021-07-18T02:32:43.011+1000: 6.162: Application time: 0.0227440 seconds
2021-07-18T02:32:43.015+1000: 6.165: Total time for which application threads were stopped: 0.0032679 seconds, Stopping threads took: 0.0023396 seconds
2021-07-18T02:32:43.038+1000: 6.188: Application time: 0.0228796 seconds
2021-07-18T02:32:43.051+1000: 6.201: Total time for which application threads were stopped: 0.0130471 seconds, Stopping threads took: 0.0119146 seconds
2021-07-18T02:32:43.072+1000: 6.222: Application time: 0.0211076 seconds
2021-07-18T02:32:43.073+1000: 6.224: Total time for which application threads were stopped: 0.0014468 seconds, Stopping threads took: 0.0003218 seconds
2021-07-18T02:32:43.077+1000: 6.227: Application time: 0.0034947 seconds
2021-07-18T02:32:43.079+1000: 6.230: Total time for which application threads were stopped: 0.0021201 seconds, Stopping threads took: 0.0012511 seconds
2021-07-18T02:32:43.123+1000: 6.274: Application time: 0.0446624 seconds
2021-07-18T02:32:43.132+1000: 6.283: Total time for which application threads were stopped: 0.0083017 seconds, Stopping threads took: 0.0065446 seconds
2021-07-18T02:32:43.136+1000: 6.287: Application time: 0.0042929 seconds
2021-07-18T02:32:43.137+1000: 6.288: Total time for which application threads were stopped: 0.0013959 seconds, Stopping threads took: 0.0004197 seconds
2021-07-18T02:32:43.160+1000: 6.310: Application time: 0.0220469 seconds
2021-07-18T02:32:43.166+1000: 6.316: Total time for which application threads were stopped: 0.0060727 seconds, Stopping threads took: 0.0014806 seconds
2021-07-18T02:32:43.283+1000: 6.433: Application time: 0.1169627 seconds
2021-07-18T02:32:43.284+1000: 6.435: Total time for which application threads were stopped: 0.0015702 seconds, Stopping threads took: 0.0004446 seconds
2021-07-18T02:32:43.374+1000: 6.525: Application time: 0.0898124 seconds
2021-07-18T02:32:43.376+1000: 6.526: Total time for which application threads were stopped: 0.0014879 seconds, Stopping threads took: 0.0003377 seconds
2021-07-18T02:32:43.445+1000: 6.596: Application time: 0.0697261 seconds
2021-07-18T02:32:43.450+1000: 6.601: Total time for which application threads were stopped: 0.0049486 seconds, Stopping threads took: 0.0037848 seconds
2021-07-18T02:32:43.484+1000: 6.635: Application time: 0.0338186 seconds
2021-07-18T02:32:43.486+1000: 6.636: Total time for which application threads were stopped: 0.0015312 seconds, Stopping threads took: 0.0005030 seconds
2021-07-18T02:32:43.486+1000: 6.636: Application time: 0.0001220 seconds
2021-07-18T02:32:43.487+1000: 6.637: Total time for which application threads were stopped: 0.0009780 seconds, Stopping threads took: 0.0001586 seconds
2021-07-18T02:32:43.507+1000: 6.658: Application time: 0.0204888 seconds
2021-07-18T02:32:43.509+1000: 6.660: [GC (Allocation Failure) Before GC:
Statistics for BinaryTreeDictionary:
------------------------------------
Total Free Space: 556537
Max   Chunk Size: 556537
Number of Blocks: 1
Av.  Block  Size: 556537
Tree      Height: 1
2021-07-18T02:32:43.509+1000: 6.660: [ParNew
Desired survivor size 10452992 bytes, new threshold 1 (max 15)
- age   1:   20903360 bytes,   20903360 total
: 184320K->20416K(184320K), 0.2050787 secs] 222350K->91228K(260472K)After GC:
Statistics for BinaryTreeDictionary:
------------------------------------
Total Free Space: 12632
Max   Chunk Size: 12632
Number of Blocks: 1
Av.  Block  Size: 12632
Tree      Height: 1
, 0.2056098 secs] [Times: user=0.73 sys=0.09, real=0.21 secs] 
2021-07-18T02:32:43.715+1000: 6.866: Total time for which application threads were stopped: 0.2077606 seconds, Stopping threads took: 0.0007783 seconds
2021-07-18T02:32:43.715+1000: 6.866: Application time: 0.0001884 seconds
2021-07-18T02:32:43.716+1000: 6.867: [GC (CMS Initial Mark) [1 CMS-initial-mark: 70812K(76152K)] 91933K(260472K), 0.0089571 secs] [Times: user=0.04 sys=0.00, real=0.01 secs] 
2021-07-18T02:32:43.725+1000: 6.876: Total time for which application threads were stopped: 0.0101080 seconds, Stopping threads took: 0.0002637 seconds
2021-07-18T02:32:43.725+1000: 6.876: [CMS-concurrent-mark-start]
2021-07-18T02:32:43.730+1000: 6.881: Application time: 0.0047931 seconds
2021-07-18T02:32:43.736+1000: 6.887: Total time for which application threads were stopped: 0.0058988 seconds, Stopping threads took: 0.0043147 seconds
2021-07-18T02:32:43.753+1000: 6.904: Application time: 0.0172213 seconds
2021-07-18T02:32:43.760+1000: 6.911: Total time for which application threads were stopped: 0.0069719 seconds, Stopping threads took: 0.0062559 seconds
2021-07-18T02:32:43.800+1000: 6.950: [CMS-concurrent-mark: 0.059/0.074 secs] [Times: user=0.62 sys=0.02, real=0.07 secs] 
2021-07-18T02:32:43.800+1000: 6.950: [CMS-concurrent-preclean-start]
2021-07-18T02:32:43.805+1000: 6.956: [CMS-concurrent-preclean: 0.005/0.005 secs] [Times: user=0.05 sys=0.00, real=0.01 secs] 
2021-07-18T02:32:43.805+1000: 6.956: [CMS-concurrent-abortable-preclean-start]
2021-07-18T02:32:43.889+1000: 7.039: Application time: 0.1283464 seconds
2021-07-18T02:32:43.891+1000: 7.041: Total time for which application threads were stopped: 0.0023195 seconds, Stopping threads took: 0.0013911 seconds
2021-07-18T02:32:43.929+1000: 7.080: Application time: 0.0384802 seconds
2021-07-18T02:32:43.930+1000: 7.081: [GC (Allocation Failure) Before GC:
Statistics for BinaryTreeDictionary:
------------------------------------
Total Free Space: 12632
Max   Chunk Size: 12632
Number of Blocks: 1
Av.  Block  Size: 12632
Tree      Height: 1
2021-07-18T02:32:43.931+1000: 7.081: [ParNew
Desired survivor size 10452992 bytes, new threshold 15 (max 15)
- age   1:    5285520 bytes,    5285520 total
: 184320K->20415K(184320K), 0.0701702 secs] 255132K->110990K(279940K)After GC:
Statistics for BinaryTreeDictionary:
------------------------------------
Total Free Space: 11249
Max   Chunk Size: 11249
Number of Blocks: 1
Av.  Block  Size: 11249
Tree      Height: 1
, 0.0704711 secs] [Times: user=0.35 sys=0.05, real=0.07 secs] 
2021-07-18T02:32:44.001+1000: 7.152: Total time for which application threads were stopped: 0.0719053 seconds, Stopping threads took: 0.0002777 seconds
2021-07-18T02:32:44.077+1000: 7.228: Application time: 0.0758648 seconds
2021-07-18T02:32:44.078+1000: 7.229: Total time for which application threads were stopped: 0.0010769 seconds, Stopping threads took: 0.0002690 seconds
2021-07-18T02:32:44.080+1000: 7.231: Application time: 0.0020995 seconds
2021-07-18T02:32:44.081+1000: 7.231: Total time for which application threads were stopped: 0.0005341 seconds, Stopping threads took: 0.0001885 seconds
2021-07-18T02:32:44.081+1000: 7.232: Application time: 0.0006070 seconds
2021-07-18T02:32:44.082+1000: 7.232: Total time for which application threads were stopped: 0.0003875 seconds, Stopping threads took: 0.0000929 seconds
2021-07-18T02:32:44.082+1000: 7.233: Application time: 0.0003523 seconds
2021-07-18T02:32:44.083+1000: 7.233: Total time for which application threads were stopped: 0.0003754 seconds, Stopping threads took: 0.0001075 seconds
2021-07-18T02:32:44.103+1000: 7.253: Application time: 0.0202593 seconds
2021-07-18T02:32:44.104+1000: 7.254: Total time for which application threads were stopped: 0.0009979 seconds, Stopping threads took: 0.0002399 seconds
2021-07-18T02:32:44.109+1000: 7.260: Application time: 0.0053235 seconds
2021-07-18T02:32:44.110+1000: 7.261: Total time for which application threads were stopped: 0.0008010 seconds, Stopping threads took: 0.0002376 seconds
2021-07-18T02:32:44.121+1000: 7.272: Application time: 0.0109952 seconds
2021-07-18T02:32:44.122+1000: 7.272: Total time for which application threads were stopped: 0.0008023 seconds, Stopping threads took: 0.0002079 seconds
2021-07-18T02:32:44.126+1000: 7.276: Application time: 0.0040307 seconds
2021-07-18T02:32:44.126+1000: 7.277: Total time for which application threads were stopped: 0.0006800 seconds, Stopping threads took: 0.0002593 seconds
2021-07-18T02:32:44.127+1000: 7.278: Application time: 0.0005336 seconds
2021-07-18T02:32:44.128+1000: 7.278: Total time for which application threads were stopped: 0.0005003 seconds, Stopping threads took: 0.0002024 seconds
2021-07-18T02:32:44.144+1000: 7.295: Application time: 0.0166048 seconds
2021-07-18T02:32:44.145+1000: 7.296: Total time for which application threads were stopped: 0.0010384 seconds, Stopping threads took: 0.0003935 seconds
2021-07-18T02:32:44.145+1000: 7.296: Application time: 0.0002482 seconds
2021-07-18T02:32:44.149+1000: 7.300: Total time for which application threads were stopped: 0.0036930 seconds, Stopping threads took: 0.0031088 seconds
2021-07-18T02:32:44.156+1000: 7.306: Application time: 0.0067377 seconds
2021-07-18T02:32:44.157+1000: 7.308: Total time for which application threads were stopped: 0.0011757 seconds, Stopping threads took: 0.0003939 seconds
2021-07-18T02:32:44.157+1000: 7.308: Application time: 0.0002076 seconds
2021-07-18T02:32:44.158+1000: 7.309: Total time for which application threads were stopped: 0.0007155 seconds, Stopping threads took: 0.0002287 seconds
2021-07-18T02:32:44.163+1000: 7.313: Application time: 0.0046070 seconds
2021-07-18T02:32:44.164+1000: 7.315: Total time for which application threads were stopped: 0.0013009 seconds, Stopping threads took: 0.0005637 seconds
2021-07-18T02:32:44.165+1000: 7.316: Application time: 0.0015592 seconds
2021-07-18T02:32:44.169+1000: 7.319: Total time for which application threads were stopped: 0.0031857 seconds, Stopping threads took: 0.0022926 seconds
2021-07-18T02:32:44.169+1000: 7.319: Application time: 0.0001532 seconds
2021-07-18T02:32:44.169+1000: 7.320: Total time for which application threads were stopped: 0.0006671 seconds, Stopping threads took: 0.0002164 seconds
2021-07-18T02:32:44.170+1000: 7.321: Application time: 0.0007660 seconds
2021-07-18T02:32:44.171+1000: 7.322: Total time for which application threads were stopped: 0.0007925 seconds, Stopping threads took: 0.0003217 seconds
2021-07-18T02:32:44.216+1000: 7.367: Application time: 0.0454230 seconds
2021-07-18T02:32:44.218+1000: 7.368: Total time for which application threads were stopped: 0.0013422 seconds, Stopping threads took: 0.0002577 seconds
2021-07-18T02:32:44.270+1000: 7.421: Application time: 0.0520846 seconds
2021-07-18T02:32:44.271+1000: 7.421: Total time for which application threads were stopped: 0.0008024 seconds, Stopping threads took: 0.0002172 seconds
2021-07-18T02:32:44.305+1000: 7.456: Application time: 0.0344720 seconds
2021-07-18T02:32:44.306+1000: 7.457: Total time for which application threads were stopped: 0.0010178 seconds, Stopping threads took: 0.0003391 seconds
2021-07-18T02:32:44.306+1000: 7.457: [CMS-concurrent-abortable-preclean: 0.313/0.501 secs] [Times: user=3.43 sys=0.18, real=0.50 secs] 
2021-07-18T02:32:44.307+1000: 7.457: Application time: 0.0003356 seconds
2021-07-18T02:32:44.307+1000: 7.458: [GC (CMS Final Remark) [YG occupancy: 118369 K (184320 K)]2021-07-18T02:32:44.307+1000: 7.458: [GC (CMS Final Remark) Before GC:
Statistics for BinaryTreeDictionary:
------------------------------------
Total Free Space: 11249
Max   Chunk Size: 11249
Number of Blocks: 1
Av.  Block  Size: 11249
Tree      Height: 1
2021-07-18T02:32:44.307+1000: 7.458: [ParNew
Desired survivor size 10452992 bytes, new threshold 1 (max 15)
- age   1:   15097384 bytes,   15097384 total
- age   2:    2425936 bytes,   17523320 total
: 118369K->20415K(184320K), 0.0295152 secs] 208943K->113051K(281860K)After GC:
Statistics for BinaryTreeDictionary:
------------------------------------
Total Free Space: 1457
Max   Chunk Size: 1457
Number of Blocks: 1
Av.  Block  Size: 1457
Tree      Height: 1
, 0.0297563 secs] [Times: user=0.15 sys=0.00, real=0.03 secs] 
2021-07-18T02:32:44.337+1000: 7.488: [Rescan (parallel) , 0.0067683 secs]2021-07-18T02:32:44.344+1000: 7.494: [weak refs processing, 0.0019523 secs]2021-07-18T02:32:44.346+1000: 7.496: [class unloading, 0.0095826 secs]2021-07-18T02:32:44.355+1000: 7.506: [scrub symbol table, 0.0177536 secs]2021-07-18T02:32:44.373+1000: 7.524: [scrub string table, 0.0009925 secs][1 CMS-remark: 92635K(97540K)] 113051K(281860K), 0.0673238 secs] [Times: user=0.27 sys=0.00, real=0.07 secs] 
2021-07-18T02:32:44.375+1000: 7.525: Total time for which application threads were stopped: 0.0680045 seconds, Stopping threads took: 0.0001517 seconds
2021-07-18T02:32:44.375+1000: 7.526: Application time: 0.0003804 seconds
2021-07-18T02:32:44.376+1000: 7.527: Total time for which application threads were stopped: 0.0008890 seconds, Stopping threads took: 0.0002502 seconds
2021-07-18T02:32:44.376+1000: 2021-07-18T02:32:44.376+10007.527: : [CMS-concurrent-sweep-start]
7.527: Application time: 0.0001786 seconds
2021-07-18T02:32:44.377+1000: 7.527: Total time for which application threads were stopped: 0.0005336 seconds, Stopping threads took: 0.0002466 seconds
CMS: Large Block: 0x00007fe38773e278; Proximity: 0x00007fe3837a93f0 -> 0x00007fe38764a538
2021-07-18T02:32:44.379+1000: 7.529: Application time: 0.0021353 seconds
2021-07-18T02:32:44.379+1000: 7.530: Total time for which application threads were stopped: 0.0007289 seconds, Stopping threads took: 0.0004357 seconds
CMS: Large block 0x00007fe3837fb200
2021-07-18T02:32:44.401+1000: 7.552: [CMS-concurrent-sweep: 0.025/0.025 secs] [Times: user=0.12 sys=0.02, real=0.03 secs] 
2021-07-18T02:32:44.402+1000: 7.552: [CMS-concurrent-reset-start]
2021-07-18T02:32:44.434+1000: 7.584: Application time: 0.0543856 seconds
2021-07-18T02:32:44.435+1000: 7.585: Total time for which application threads were stopped: 0.0009884 seconds, Stopping threads took: 0.0003416 seconds
2021-07-18T02:32:44.791+1000: 7.942: [CMS-concurrent-reset: 0.388/0.389 secs] [Times: user=2.04 sys=0.02, real=0.38 secs] 
2021-07-18T02:32:44.815+1000: 7.966: Application time: 0.3804472 seconds
2021-07-18T02:32:44.817+1000: 7.968: Total time for which application threads were stopped: 0.0015968 seconds, Stopping threads took: 0.0002022 seconds
2021-07-18T02:32:44.822+1000: 7.973: Application time: 0.0050949 seconds
2021-07-18T02:32:44.824+1000: 7.974: Total time for which application threads were stopped: 0.0015009 seconds, Stopping threads took: 0.0001632 seconds
2021-07-18T02:32:44.841+1000: 7.991: Application time: 0.0173403 seconds
2021-07-18T02:32:44.843+1000: 7.994: [GC (Allocation Failure) Before GC:
Statistics for BinaryTreeDictionary:
------------------------------------
Total Free Space: 5215218
Max   Chunk Size: 2875904
Number of Blocks: 329
Av.  Block  Size: 15851
Tree      Height: 18
2021-07-18T02:32:44.844+1000: 7.994: [ParNew
Desired survivor size 10452992 bytes, new threshold 1 (max 15)
- age   1:   18522256 bytes,   18522256 total
: 184319K->20415K(184320K), 0.0625496 secs] 256322K->103550K(304328K)After GC:
Statistics for BinaryTreeDictionary:
------------------------------------
Total Free Space: 4227101
Max   Chunk Size: 2875904
Number of Blocks: 45
Av.  Block  Size: 93935
Tree      Height: 9
, 0.0629316 secs] [Times: user=0.37 sys=0.00, real=0.06 secs] 
2021-07-18T02:32:44.907+1000: 8.057: Total time for which application threads were stopped: 0.0658116 seconds, Stopping threads took: 0.0018860 seconds
2021-07-18T02:32:45.211+1000: 8.362: Application time: 0.3042072 seconds
2021-07-18T02:32:45.214+1000: 8.365: [GC (Allocation Failure) Before GC:
Statistics for BinaryTreeDictionary:
------------------------------------
Total Free Space: 4227101
Max   Chunk Size: 2875904
Number of Blocks: 45
Av.  Block  Size: 93935
Tree      Height: 9
2021-07-18T02:32:45.214+1000: 8.365: [ParNew
Desired survivor size 10452992 bytes, new threshold 1 (max 15)
- age   1:   18597800 bytes,   18597800 total
: 184319K->20415K(184320K), 0.0361426 secs] 267454K->108498K(304328K)After GC:
Statistics for BinaryTreeDictionary:
------------------------------------
Total Free Space: 3702785
Max   Chunk Size: 2875904
Number of Blocks: 17
Av.  Block  Size: 217810
Tree      Height: 8
, 0.0364465 secs] [Times: user=0.21 sys=0.00, real=0.03 secs] 
2021-07-18T02:32:45.251+1000: 8.401: Total time for which application threads were stopped: 0.0397793 seconds, Stopping threads took: 0.0022939 seconds
2021-07-18T02:32:45.559+1000: 8.709: Application time: 0.3078912 seconds
2021-07-18T02:32:45.560+1000: 8.710: [GC (Allocation Failure) Before GC:
Statistics for BinaryTreeDictionary:
------------------------------------
Total Free Space: 3702785
Max   Chunk Size: 2875904
Number of Blocks: 17
Av.  Block  Size: 217810
Tree      Height: 8
2021-07-18T02:32:45.560+1000: 8.710: [ParNew
Desired survivor size 10452992 bytes, new threshold 1 (max 15)
- age   1:   18599720 bytes,   18599720 total
: 184319K->20416K(184320K), 0.0305785 secs] 272402K->112735K(304328K)After GC:
Statistics for BinaryTreeDictionary:
------------------------------------
Total Free Space: 3191493
Max   Chunk Size: 2875904
Number of Blocks: 4
Av.  Block  Size: 797873
Tree      Height: 3
, 0.0308942 secs] [Times: user=0.21 sys=0.01, real=0.03 secs] 
2021-07-18T02:32:45.591+1000: 8.742: Total time for which application threads were stopped: 0.0323599 seconds, Stopping threads took: 0.0001786 seconds
2021-07-18T02:32:46.002+1000: 9.152: Application time: 0.4108130 seconds
2021-07-18T02:32:46.003+1000: 9.153: [GC (Allocation Failure) Before GC:
Statistics for BinaryTreeDictionary:
------------------------------------
Total Free Space: 3191493
Max   Chunk Size: 2875904
Number of Blocks: 4
Av.  Block  Size: 797873
Tree      Height: 3
2021-07-18T02:32:46.003+1000: 9.153: [ParNew
Desired survivor size 10452992 bytes, new threshold 1 (max 15)
- age   1:   18158000 bytes,   18158000 total
: 184320K->20415K(184320K), 0.0649739 secs] 276639K->122459K(304328K)After GC:
Statistics for BinaryTreeDictionary:
------------------------------------
Total Free Space: 1966251
Max   Chunk Size: 1966251
Number of Blocks: 1
Av.  Block  Size: 1966251
Tree      Height: 1
, 0.0652904 secs] [Times: user=0.26 sys=0.01, real=0.06 secs] 
2021-07-18T02:32:46.068+1000: 9.219: Total time for which application threads were stopped: 0.0665518 seconds, Stopping threads took: 0.0001912 seconds
2021-07-18T02:32:46.068+1000: 9.219: Application time: 0.0001458 seconds
2021-07-18T02:32:46.069+1000: 9.220: [GC (CMS Initial Mark) [1 CMS-initial-mark: 102043K(120008K)] 125489K(304328K), 0.0056600 secs] [Times: user=0.02 sys=0.00, real=0.01 secs] 
2021-07-18T02:32:46.075+1000: 9.226: Total time for which application threads were stopped: 0.0066779 seconds, Stopping threads took: 0.0002010 seconds
2021-07-18T02:32:46.075+1000: 9.226: [CMS-concurrent-mark-start]
2021-07-18T02:32:46.132+1000: 9.283: [CMS-concurrent-mark: 0.057/0.057 secs] [Times: user=0.36 sys=0.00, real=0.05 secs] 
2021-07-18T02:32:46.132+1000: 9.283: [CMS-concurrent-preclean-start]
2021-07-18T02:32:46.163+1000: 9.314: [CMS-concurrent-preclean: 0.031/0.031 secs] [Times: user=0.06 sys=0.01, real=0.04 secs] 
2021-07-18T02:32:46.164+1000: 9.314: [CMS-concurrent-abortable-preclean-start]
2021-07-18T02:32:46.289+1000: 9.440: Application time: 0.2143337 seconds
2021-07-18T02:32:46.291+1000: 9.441: [GC (Allocation Failure) Before GC:
Statistics for BinaryTreeDictionary:
------------------------------------
Total Free Space: 1966251
Max   Chunk Size: 1966251
Number of Blocks: 1
Av.  Block  Size: 1966251
Tree      Height: 1
2021-07-18T02:32:46.291+1000: 9.441: [ParNew2021-07-18T02:32:46.347+1000: 9.498: [CMS-concurrent-abortable-preclean: 0.061/0.183 secs] [Times: user=0.49 sys=0.01, real=0.18 secs] 

Desired survivor size 10452992 bytes, new threshold 1 (max 15)
- age   1:   13221448 bytes,   13221448 total
: 184319K->14317K(184320K), 0.0658899 secs] 286363K->119467K(304328K)After GC:
Statistics for BinaryTreeDictionary:
------------------------------------
Total Free Space: 1627374
Max   Chunk Size: 1627374
Number of Blocks: 1
Av.  Block  Size: 1627374
Tree      Height: 1
, 0.0661996 secs] [Times: user=0.20 sys=0.00, real=0.07 secs] 
2021-07-18T02:32:46.357+1000: 9.508: Total time for which application threads were stopped: 0.0676697 seconds, Stopping threads took: 0.0002691 seconds
2021-07-18T02:32:46.357+1000: 9.508: Application time: 0.0002433 seconds
2021-07-18T02:32:46.358+1000: 9.509: [GC (CMS Final Remark) [YG occupancy: 17419 K (184320 K)]2021-07-18T02:32:46.358+1000: 9.509: [GC (CMS Final Remark) Before GC:
Statistics for BinaryTreeDictionary:
------------------------------------
Total Free Space: 1627374
Max   Chunk Size: 1627374
Number of Blocks: 1
Av.  Block  Size: 1627374
Tree      Height: 1
2021-07-18T02:32:46.358+1000: 9.509: [ParNew
Desired survivor size 10452992 bytes, new threshold 15 (max 15)
- age   1:        640 bytes,        640 total
: 17419K->543K(184320K), 0.0519540 secs] 122568K->118606K(312968K)After GC:
Statistics for BinaryTreeDictionary:
------------------------------------
Total Free Space: 19266
Max   Chunk Size: 19266
Number of Blocks: 1
Av.  Block  Size: 19266
Tree      Height: 1
, 0.0521527 secs] [Times: user=0.15 sys=0.02, real=0.05 secs] 
2021-07-18T02:32:46.411+1000: 9.561: [Rescan (parallel) , 0.0101937 secs]2021-07-18T02:32:46.421+1000: 9.571: [weak refs processing, 0.0015621 secs]2021-07-18T02:32:46.422+1000: 9.573: [class unloading, 0.0099833 secs]2021-07-18T02:32:46.432+1000: 9.583: [scrub symbol table, 0.0207276 secs]2021-07-18T02:32:46.453+1000: 9.604: [scrub string table, 0.0011149 secs][1 CMS-remark: 118062K(128648K)] 118606K(312968K), 0.0962431 secs] [Times: user=0.28 sys=0.02, real=0.10 secs] 
2021-07-18T02:32:46.455+1000: 9.605: Total time for which application threads were stopped: 0.0972955 seconds, Stopping threads took: 0.0002488 seconds
2021-07-18T02:32:46.458+1000: 9.609: [CMS-concurrent-sweep-start]
CMS: Large Block: 0x00007fe38957c5f0; Proximity: 0x00007fe38764a538 -> 0x00007fe38943b1f0
2021-07-18T02:32:46.472+1000: 9.623: Application time: 0.0172728 seconds
2021-07-18T02:32:46.473+1000: 9.624: Total time for which application threads were stopped: 0.0009504 seconds, Stopping threads took: 0.0003727 seconds
2021-07-18T02:32:46.473+1000: 9.624: Application time: 0.0001596 seconds
2021-07-18T02:32:46.474+1000: 9.624: Total time for which application threads were stopped: 0.0005940 seconds, Stopping threads took: 0.0002673 seconds
2021-07-18T02:32:46.474+1000: 9.624: Application time: 0.0001240 seconds
2021-07-18T02:32:46.474+1000: 9.625: Total time for which application threads were stopped: 0.0005216 seconds, Stopping threads took: 0.0002282 seconds
CMS: Large block 0x00007fe387561000
2021-07-18T02:32:46.530+1000: 9.681: [CMS-concurrent-sweep: 0.069/0.071 secs] [Times: user=0.21 sys=0.02, real=0.07 secs] 
2021-07-18T02:32:46.531+1000: 9.681: [CMS-concurrent-reset-start]
2021-07-18T02:32:46.821+1000: 9.972: Application time: 0.3468994 seconds
2021-07-18T02:32:46.822+1000: 9.973: [GC (Allocation Failure) Before GC:
Statistics for BinaryTreeDictionary:
------------------------------------
Total Free Space: 7023517
Max   Chunk Size: 4879872
Number of Blocks: 746
Av.  Block  Size: 9414
Tree      Height: 22
2021-07-18T02:32:46.822+1000: 9.973: [ParNew
Desired survivor size 10452992 bytes, new threshold 1 (max 15)
- age   1:   20623248 bytes,   20623248 total
: 164447K->20416K(184320K), 0.0304935 secs] 264508K->126860K(351092K)After GC:
Statistics for BinaryTreeDictionary:
------------------------------------
Total Free Space: 6404756
Max   Chunk Size: 4879872
Number of Blocks: 239
Av.  Block  Size: 26798
Tree      Height: 17
, 0.0310185 secs] [Times: user=0.07 sys=0.00, real=0.02 secs] 
2021-07-18T02:32:46.853+1000: 10.004: Total time for which application threads were stopped: 0.0322574 seconds, Stopping threads took: 0.0002520 seconds
2021-07-18T02:32:46.910+1000: 10.060: [CMS-concurrent-reset: 0.345/0.379 secs] [Times: user=1.00 sys=0.04, real=0.38 secs] 
2021-07-18T02:32:47.494+1000: 10.645: Application time: 0.6408122 seconds
2021-07-18T02:32:47.495+1000: 10.646: [GC (Allocation Failure) Before GC:
Statistics for BinaryTreeDictionary:
------------------------------------
Total Free Space: 6404756
Max   Chunk Size: 4879872
Number of Blocks: 239
Av.  Block  Size: 26798
Tree      Height: 17
2021-07-18T02:32:47.495+1000: 10.646: [ParNew
Desired survivor size 10452992 bytes, new threshold 1 (max 15)
- age   1:   19454096 bytes,   19454096 total
: 184320K->20415K(184320K), 0.0760051 secs] 290764K->145088K(351092K)After GC:
Statistics for BinaryTreeDictionary:
------------------------------------
Total Free Space: 4853068
Max   Chunk Size: 4853068
Number of Blocks: 1
Av.  Block  Size: 4853068
Tree      Height: 1
, 0.0763894 secs] [Times: user=0.14 sys=0.00, real=0.07 secs] 
2021-07-18T02:32:47.572+1000: 10.722: Total time for which application threads were stopped: 0.0774815 seconds, Stopping threads took: 0.0001798 seconds
2021-07-18T02:32:47.959+1000: 11.110: Application time: 0.3871635 seconds
2021-07-18T02:32:47.960+1000: 11.110: Total time for which application threads were stopped: 0.0008300 seconds, Stopping threads took: 0.0002537 seconds
2021-07-18T02:32:47.960+1000: 11.111: Application time: 0.0005578 seconds
2021-07-18T02:32:47.961+1000: 11.111: Total time for which application threads were stopped: 0.0004956 seconds, Stopping threads took: 0.0001791 seconds
2021-07-18T02:32:47.961+1000: 11.112: Application time: 0.0001410 seconds
2021-07-18T02:32:47.961+1000: 11.112: Total time for which application threads were stopped: 0.0003367 seconds, Stopping threads took: 0.0000725 seconds
2021-07-18T02:32:47.961+1000: 11.112: Application time: 0.0000744 seconds
2021-07-18T02:32:47.962+1000: 11.112: Total time for which application threads were stopped: 0.0004280 seconds, Stopping threads took: 0.0001588 seconds
2021-07-18T02:32:47.962+1000: 11.113: Application time: 0.0000741 seconds
2021-07-18T02:32:47.962+1000: 11.113: Total time for which application threads were stopped: 0.0004590 seconds, Stopping threads took: 0.0001832 seconds
2021-07-18T02:32:47.962+1000: 11.113: Application time: 0.0000740 seconds
2021-07-18T02:32:47.963+1000: 11.113: Total time for which application threads were stopped: 0.0003633 seconds, Stopping threads took: 0.0000992 seconds
2021-07-18T02:32:47.963+1000: 11.113: Application time: 0.0000737 seconds
2021-07-18T02:32:47.963+1000: 11.114: Total time for which application threads were stopped: 0.0004169 seconds, Stopping threads took: 0.0001298 seconds
2021-07-18T02:32:47.963+1000: 11.114: Application time: 0.0000794 seconds
2021-07-18T02:32:47.964+1000: 11.115: Total time for which application threads were stopped: 0.0006357 seconds, Stopping threads took: 0.0003396 seconds
2021-07-18T02:32:47.964+1000: 11.115: Application time: 0.0000745 seconds
2021-07-18T02:32:47.965+1000: 11.115: Total time for which application threads were stopped: 0.0005737 seconds, Stopping threads took: 0.0002601 seconds
2021-07-18T02:32:47.965+1000: 11.115: Application time: 0.0000730 seconds
2021-07-18T02:32:47.965+1000: 11.116: Total time for which application threads were stopped: 0.0004352 seconds, Stopping threads took: 0.0001574 seconds
2021-07-18T02:32:47.965+1000: 11.116: Application time: 0.0000731 seconds
2021-07-18T02:32:47.966+1000: 11.116: Total time for which application threads were stopped: 0.0004711 seconds, Stopping threads took: 0.0001397 seconds
2021-07-18T02:32:47.966+1000: 11.116: Application time: 0.0000703 seconds
2021-07-18T02:32:47.966+1000: 11.117: Total time for which application threads were stopped: 0.0003865 seconds, Stopping threads took: 0.0001167 seconds
2021-07-18T02:32:47.966+1000: 11.117: Application time: 0.0000700 seconds
2021-07-18T02:32:47.967+1000: 11.117: Total time for which application threads were stopped: 0.0005895 seconds, Stopping threads took: 0.0000725 seconds
2021-07-18T02:32:47.967+1000: 11.118: Application time: 0.0002348 seconds
2021-07-18T02:32:47.968+1000: 11.119: Total time for which application threads were stopped: 0.0008490 seconds, Stopping threads took: 0.0004294 seconds
2021-07-18T02:32:47.968+1000: 11.119: Application time: 0.0000750 seconds
2021-07-18T02:32:47.968+1000: 11.119: Total time for which application threads were stopped: 0.0004058 seconds, Stopping threads took: 0.0001331 seconds
2021-07-18T02:32:47.968+1000: 11.119: Application time: 0.0000711 seconds
2021-07-18T02:32:47.969+1000: 11.120: Total time for which application threads were stopped: 0.0004291 seconds, Stopping threads took: 0.0001515 seconds
2021-07-18T02:32:47.969+1000: 11.120: Application time: 0.0000751 seconds
2021-07-18T02:32:47.969+1000: 11.120: Total time for which application threads were stopped: 0.0004323 seconds, Stopping threads took: 0.0001568 seconds
2021-07-18T02:32:47.969+1000: 11.120: Application time: 0.0000791 seconds
2021-07-18T02:32:47.978+1000: 11.129: Total time for which application threads were stopped: 0.0085439 seconds, Stopping threads took: 0.0079214 seconds
2021-07-18T02:32:47.978+1000: 11.129: Application time: 0.0001120 seconds
2021-07-18T02:32:47.980+1000: 11.130: Total time for which application threads were stopped: 0.0017082 seconds, Stopping threads took: 0.0001092 seconds
2021-07-18T02:32:47.980+1000: 11.131: Application time: 0.0002217 seconds
2021-07-18T02:32:47.981+1000: 11.131: Total time for which application threads were stopped: 0.0004500 seconds, Stopping threads took: 0.0001718 seconds
2021-07-18T02:32:47.981+1000: 11.131: Application time: 0.0001030 seconds
2021-07-18T02:32:47.982+1000: 11.133: Total time for which application threads were stopped: 0.0015039 seconds, Stopping threads took: 0.0012263 seconds
2021-07-18T02:32:47.982+1000: 11.133: Application time: 0.0000647 seconds
2021-07-18T02:32:47.983+1000: 11.133: Total time for which application threads were stopped: 0.0004540 seconds, Stopping threads took: 0.0001891 seconds
2021-07-18T02:32:47.983+1000: 11.133: Application time: 0.0000636 seconds
2021-07-18T02:32:47.983+1000: 11.134: Total time for which application threads were stopped: 0.0004714 seconds, Stopping threads took: 0.0002020 seconds
2021-07-18T02:32:48.214+1000: 11.365: Application time: 0.2309987 seconds
2021-07-18T02:32:48.215+1000: 11.366: [GC (Allocation Failure) Before GC:
Statistics for BinaryTreeDictionary:
------------------------------------
Total Free Space: 4853068
Max   Chunk Size: 4853068
Number of Blocks: 1
Av.  Block  Size: 4853068
Tree      Height: 1
2021-07-18T02:32:48.215+1000: 11.366: [ParNew
Desired survivor size 10452992 bytes, new threshold 1 (max 15)
- age   1:   17086576 bytes,   17086576 total
: 184319K->20415K(184320K), 0.0744267 secs] 308992K->157889K(351092K)After GC:
Statistics for BinaryTreeDictionary:
------------------------------------
Total Free Space: 3423544
Max   Chunk Size: 3423544
Number of Blocks: 1
Av.  Block  Size: 3423544
Tree      Height: 1
, 0.0747627 secs] [Times: user=0.23 sys=0.02, real=0.07 secs] 
2021-07-18T02:32:48.290+1000: 11.441: Total time for which application threads were stopped: 0.0758081 seconds, Stopping threads took: 0.0001314 seconds
2021-07-18T02:32:48.778+1000: 11.929: Application time: 0.4880735 seconds
2021-07-18T02:32:48.779+1000: 11.929: Total time for which application threads were stopped: 0.0007804 seconds, Stopping threads took: 0.0001780 seconds
2021-07-18T02:32:48.901+1000: 12.052: Application time: 0.1220446 seconds
2021-07-18T02:32:48.902+1000: 12.052: [GC (Allocation Failure) Before GC:
Statistics for BinaryTreeDictionary:
------------------------------------
Total Free Space: 3423544
Max   Chunk Size: 3423544
Number of Blocks: 1
Av.  Block  Size: 3423544
Tree      Height: 1
2021-07-18T02:32:48.902+1000: 12.052: [ParNew
Desired survivor size 10452992 bytes, new threshold 1 (max 15)
- age   1:   16930480 bytes,   16930480 total
: 184319K->20416K(184320K), 0.0720937 secs] 321793K->172429K(351092K)After GC:
Statistics for BinaryTreeDictionary:
------------------------------------
Total Free Space: 1556900
Max   Chunk Size: 1556900
Number of Blocks: 1
Av.  Block  Size: 1556900
Tree      Height: 1
, 0.0723377 secs] [Times: user=0.15 sys=0.05, real=0.07 secs] 
2021-07-18T02:32:48.974+1000: 12.125: Total time for which application threads were stopped: 0.0734482 seconds, Stopping threads took: 0.0001450 seconds
2021-07-18T02:32:48.975+1000: 12.125: Application time: 0.0001467 seconds
2021-07-18T02:32:48.975+1000: 12.126: [GC (CMS Initial Mark) [1 CMS-initial-mark: 152013K(166772K)] 175653K(351092K), 0.0105792 secs] [Times: user=0.02 sys=0.00, real=0.01 secs] 
2021-07-18T02:32:48.986+1000: 12.137: Total time for which application threads were stopped: 0.0115250 seconds, Stopping threads took: 0.0000825 seconds
2021-07-18T02:32:48.986+1000: 12.137: [CMS-concurrent-mark-start]
2021-07-18T02:32:49.055+1000: 12.206: [CMS-concurrent-mark: 0.069/0.069 secs] [Times: user=0.33 sys=0.03, real=0.07 secs] 
2021-07-18T02:32:49.055+1000: 12.206: [CMS-concurrent-preclean-start]
2021-07-18T02:32:49.060+1000: 12.210: [CMS-concurrent-preclean: 0.005/0.005 secs] [Times: user=0.01 sys=0.01, real=0.00 secs] 
2021-07-18T02:32:49.060+1000: 12.211: [CMS-concurrent-abortable-preclean-start]
2021-07-18T02:32:49.063+1000: 12.213: Application time: 0.0764749 seconds
2021-07-18T02:32:49.063+1000: 12.214: Total time for which application threads were stopped: 0.0008381 seconds, Stopping threads took: 0.0002084 seconds
2021-07-18T02:32:49.065+1000: 12.215: Application time: 0.0011818 seconds
2021-07-18T02:32:49.065+1000: 12.216: Total time for which application threads were stopped: 0.0004329 seconds, Stopping threads took: 0.0001013 seconds
2021-07-18T02:32:49.067+1000: 12.217: Application time: 0.0015573 seconds
2021-07-18T02:32:49.067+1000: 12.218: Total time for which application threads were stopped: 0.0003586 seconds, Stopping threads took: 0.0000765 seconds
2021-07-18T02:32:49.076+1000: 12.226: Application time: 0.0088192 seconds
2021-07-18T02:32:49.076+1000: 12.227: Total time for which application threads were stopped: 0.0007807 seconds, Stopping threads took: 0.0002071 seconds
2021-07-18T02:32:49.111+1000: 12.262: Application time: 0.0348224 seconds
2021-07-18T02:32:49.112+1000: 12.263: Total time for which application threads were stopped: 0.0007999 seconds, Stopping threads took: 0.0001777 seconds
2021-07-18T02:32:49.318+1000: 12.469: Application time: 0.2060955 seconds
2021-07-18T02:32:49.319+1000: 12.470: [GC (Allocation Failure) Before GC:
Statistics for BinaryTreeDictionary:
------------------------------------
Total Free Space: 1556900
Max   Chunk Size: 1556900
Number of Blocks: 1
Av.  Block  Size: 1556900
Tree      Height: 1
2021-07-18T02:32:49.320+1000: 12.470: [ParNew
Desired survivor size 10452992 bytes, new threshold 15 (max 15)
- age   1:    3948432 bytes,    3948432 total
: 184320K->10471K(184320K), 0.1013093 secs] 336333K->178978K(356084K)After GC:
Statistics for BinaryTreeDictionary:
------------------------------------
Total Free Space: 15766
Max   Chunk Size: 15766
Number of Blocks: 1
Av.  Block  Size: 15766
Tree      Height: 1
, 0.1016910 secs] [Times: user=0.22 sys=0.03, real=0.10 secs] 
2021-07-18T02:32:49.422+1000: 12.572: Total time for which application threads were stopped: 0.1035601 seconds, Stopping threads took: 0.0002079 seconds
2021-07-18T02:32:49.697+1000: 12.848: [CMS-concurrent-abortable-preclean: 0.230/0.638 secs] [Times: user=1.04 sys=0.20, real=0.64 secs] 
2021-07-18T02:32:49.698+1000: 12.849: Application time: 0.2762211 seconds
2021-07-18T02:32:49.699+1000: 12.850: [GC (CMS Final Remark) [YG occupancy: 156469 K (184320 K)]2021-07-18T02:32:49.699+1000: 12.850: [Rescan (parallel) , 0.0142448 secs]2021-07-18T02:32:49.714+1000: 12.864: [weak refs processing, 0.0022040 secs]2021-07-18T02:32:49.716+1000: 12.867: [class unloading, 0.0149297 secs]2021-07-18T02:32:49.731+1000: 12.882: [scrub symbol table, 0.0344122 secs]2021-07-18T02:32:49.765+1000: 12.916: [scrub string table, 0.0017110 secs][1 CMS-remark: 168506K(171764K)] 324976K(356084K), 0.0679972 secs] [Times: user=0.23 sys=0.01, real=0.07 secs] 
2021-07-18T02:32:49.768+1000: 12.918: Total time for which application threads were stopped: 0.0697498 seconds, Stopping threads took: 0.0003145 seconds
2021-07-18T02:32:49.768+1000: 12.919: [CMS-concurrent-sweep-start]
CMS: Large Block: 0x00007fe38bf9e350; Proximity: 0x00007fe38943b1f0 -> 0x00007fe38bdf1190
2021-07-18T02:32:49.768+1000: 12.919: Application time: 0.0006362 seconds
2021-07-18T02:32:49.769+1000: 12.920: [GC (GCLocker Initiated GC) Before GC:
Statistics for BinaryTreeDictionary:
------------------------------------
Total Free Space: 15766
Max   Chunk Size: 15766
Number of Blocks: 1
Av.  Block  Size: 15766
Tree      Height: 1
2021-07-18T02:32:49.770+1000: 12.920: [ParNew
Desired survivor size 10452992 bytes, new threshold 2 (max 15)
- age   1:    8794040 bytes,    8794040 total
- age   2:    2798400 bytes,   11592440 total
: 156469K->12918K(184320K), 0.0247132 secs] 324975K->181424K(356084K)After GC:
Statistics for BinaryTreeDictionary:
------------------------------------
Total Free Space: 15766
Max   Chunk Size: 15766
Number of Blocks: 1
Av.  Block  Size: 15766
Tree      Height: 1
, 0.0251246 secs] [Times: user=0.07 sys=0.00, real=0.03 secs] 
2021-07-18T02:32:49.795+1000: 12.946: Total time for which application threads were stopped: 0.0267078 seconds, Stopping threads took: 0.0001564 seconds
CMS: Large block 0x00007fe387be5f48
2021-07-18T02:32:49.884+1000: 13.035: [CMS-concurrent-sweep: 0.089/0.116 secs] [Times: user=0.24 sys=0.00, real=0.12 secs] 
2021-07-18T02:32:49.884+1000: 13.035: [CMS-concurrent-reset-start]
2021-07-18T02:32:50.104+1000: 13.255: Application time: 0.3088560 seconds
2021-07-18T02:32:50.105+1000: 13.256: [GC (Allocation Failure) Before GC:
Statistics for BinaryTreeDictionary:
------------------------------------
Total Free Space: 8519518
Max   Chunk Size: 3265536
Number of Blocks: 1102
Av.  Block  Size: 7730
Tree      Height: 21
2021-07-18T02:32:50.105+1000: 13.256: [ParNew
Desired survivor size 10452992 bytes, new threshold 1 (max 15)
- age   1:   16287272 bytes,   16287272 total
- age   2:    2733480 bytes,   19020752 total
: 176822K->20416K(184320K), 0.0416692 secs] 295187K->145595K(381596K)After GC:
Statistics for BinaryTreeDictionary:
------------------------------------
Total Free Space: 8061603
Max   Chunk Size: 3265536
Number of Blocks: 728
Av.  Block  Size: 11073
Tree      Height: 21
, 0.0423046 secs] [Times: user=0.10 sys=0.00, real=0.04 secs] 
2021-07-18T02:32:50.148+1000: 13.298: Total time for which application threads were stopped: 0.0435936 seconds, Stopping threads took: 0.0001874 seconds
2021-07-18T02:32:50.339+1000: 13.489: [CMS-concurrent-reset: 0.410/0.454 secs] [Times: user=0.91 sys=0.04, real=0.45 secs] 
2021-07-18T02:32:50.416+1000: 13.567: Application time: 0.2687389 seconds
2021-07-18T02:32:50.417+1000: 13.568: [GC (Allocation Failure) Before GC:
Statistics for BinaryTreeDictionary:
------------------------------------
Total Free Space: 8061603
Max   Chunk Size: 3265536
Number of Blocks: 728
Av.  Block  Size: 11073
Tree      Height: 21
2021-07-18T02:32:50.418+1000: 13.569: [ParNew
Desired survivor size 10452992 bytes, new threshold 1 (max 15)
- age   1:   16898640 bytes,   16898640 total
: 184320K->20415K(184320K), 0.0526785 secs] 309499K->150206K(381596K)After GC:
Statistics for BinaryTreeDictionary:
------------------------------------
Total Free Space: 7903854
Max   Chunk Size: 3265536
Number of Blocks: 614
Av.  Block  Size: 12872
Tree      Height: 20
, 0.0534395 secs] [Times: user=0.25 sys=0.01, real=0.05 secs] 
2021-07-18T02:32:50.471+1000: 13.622: Total time for which application threads were stopped: 0.0548673 seconds, Stopping threads took: 0.0002356 seconds
2021-07-18T02:32:50.762+1000: 13.912: Application time: 0.2905289 seconds
2021-07-18T02:32:50.763+1000: 13.914: [GC (Allocation Failure) Before GC:
Statistics for BinaryTreeDictionary:
------------------------------------
Total Free Space: 7903854
Max   Chunk Size: 3265536
Number of Blocks: 614
Av.  Block  Size: 12872
Tree      Height: 20
2021-07-18T02:32:50.763+1000: 13.914: [ParNew
Desired survivor size 10452992 bytes, new threshold 1 (max 15)
- age   1:   15669208 bytes,   15669208 total
: 184319K->16721K(184320K), 0.0389735 secs] 314110K->148856K(381596K)After GC:
Statistics for BinaryTreeDictionary:
------------------------------------
Total Free Space: 7698137
Max   Chunk Size: 3265536
Number of Blocks: 509
Av.  Block  Size: 15124
Tree      Height: 20
, 0.0397892 secs] [Times: user=0.10 sys=0.00, real=0.04 secs] 
2021-07-18T02:32:50.803+1000: 13.954: Total time for which application threads were stopped: 0.0414412 seconds, Stopping threads took: 0.0002249 seconds
2021-07-18T02:32:51.164+1000: 14.315: Application time: 0.3610792 seconds
2021-07-18T02:32:51.165+1000: 14.316: [GC (Allocation Failure) Before GC:
Statistics for BinaryTreeDictionary:
------------------------------------
Total Free Space: 7698137
Max   Chunk Size: 3265536
Number of Blocks: 509
Av.  Block  Size: 15124
Tree      Height: 20
2021-07-18T02:32:51.166+1000: 14.317: [ParNew
Desired survivor size 10452992 bytes, new threshold 1 (max 15)
- age   1:   18143272 bytes,   18143272 total
: 180625K->18409K(184320K), 0.0438740 secs] 312760K->151861K(381596K)After GC:
Statistics for BinaryTreeDictionary:
------------------------------------
Total Free Space: 7567134
Max   Chunk Size: 3265536
Number of Blocks: 458
Av.  Block  Size: 16522
Tree      Height: 20
, 0.0445980 secs] [Times: user=0.16 sys=0.01, real=0.04 secs] 
2021-07-18T02:32:51.210+1000: 14.361: Total time for which application threads were stopped: 0.0461454 seconds, Stopping threads took: 0.0002297 seconds
2021-07-18T02:32:51.515+1000: 14.666: Application time: 0.3049732 seconds
2021-07-18T02:32:51.516+1000: 14.667: Total time for which application threads were stopped: 0.0007867 seconds, Stopping threads took: 0.0002062 seconds
2021-07-18T02:32:51.602+1000: 14.753: Application time: 0.0861227 seconds
2021-07-18T02:32:51.603+1000: 14.754: Total time for which application threads were stopped: 0.0007895 seconds, Stopping threads took: 0.0002140 seconds
2021-07-18T02:32:51.617+1000: 14.768: Application time: 0.0139285 seconds
2021-07-18T02:32:51.618+1000: 14.768: Total time for which application threads were stopped: 0.0006951 seconds, Stopping threads took: 0.0001486 seconds
2021-07-18T02:32:51.619+1000: 14.770: Application time: 0.0013078 seconds
2021-07-18T02:32:51.619+1000: 14.770: Total time for which application threads were stopped: 0.0003359 seconds, Stopping threads took: 0.0000669 seconds
2021-07-18T02:32:51.635+1000: 14.786: Application time: 0.0156931 seconds
2021-07-18T02:32:51.636+1000: 14.786: Total time for which application threads were stopped: 0.0007987 seconds, Stopping threads took: 0.0002491 seconds
2021-07-18T02:32:51.703+1000: 14.854: Application time: 0.0671809 seconds
2021-07-18T02:32:51.704+1000: 14.854: [GC (Allocation Failure) Before GC:
Statistics for BinaryTreeDictionary:
------------------------------------
Total Free Space: 7567134
Max   Chunk Size: 3265536
Number of Blocks: 458
Av.  Block  Size: 16522
Tree      Height: 20
2021-07-18T02:32:51.704+1000: 14.855: [ParNew
Desired survivor size 10452992 bytes, new threshold 1 (max 15)
- age   1:   18600488 bytes,   18600488 total
: 182313K->19574K(184320K), 0.0529284 secs] 315765K->155415K(381596K)After GC:
Statistics for BinaryTreeDictionary:
------------------------------------
Total Free Space: 7254455
Max   Chunk Size: 3265536
Number of Blocks: 367
Av.  Block  Size: 19766
Tree      Height: 20
, 0.0534079 secs] [Times: user=0.19 sys=0.00, real=0.05 secs] 
2021-07-18T02:32:51.758+1000: 14.908: Total time for which application threads were stopped: 0.0545838 seconds, Stopping threads took: 0.0001822 seconds
2021-07-18T02:32:51.969+1000: 15.120: Application time: 0.2113132 seconds
2021-07-18T02:32:51.970+1000: 15.120: Total time for which application threads were stopped: 0.0007656 seconds, Stopping threads took: 0.0001557 seconds
2021-07-18T02:32:52.138+1000: 15.289: Application time: 0.1681695 seconds
2021-07-18T02:32:52.139+1000: 15.289: [GC (Allocation Failure) Before GC:
Statistics for BinaryTreeDictionary:
------------------------------------
Total Free Space: 7254455
Max   Chunk Size: 3265536
Number of Blocks: 367
Av.  Block  Size: 19766
Tree      Height: 20
2021-07-18T02:32:52.139+1000: 15.289: [ParNew
Desired survivor size 10452992 bytes, new threshold 1 (max 15)
- age   1:   20081848 bytes,   20081848 total
: 183478K->20415K(184320K), 0.0325620 secs] 319319K->160733K(381596K)After GC:
Statistics for BinaryTreeDictionary:
------------------------------------
Total Free Space: 6713109
Max   Chunk Size: 3265536
Number of Blocks: 258
Av.  Block  Size: 26019
Tree      Height: 19
, 0.0329475 secs] [Times: user=0.08 sys=0.01, real=0.03 secs] 
2021-07-18T02:32:52.172+1000: 15.323: Total time for which application threads were stopped: 0.0340577 seconds, Stopping threads took: 0.0001505 seconds
2021-07-18T02:32:52.529+1000: 15.680: Application time: 0.3570738 seconds
2021-07-18T02:32:52.530+1000: 15.680: [GC (Allocation Failure) Before GC:
Statistics for BinaryTreeDictionary:
------------------------------------
Total Free Space: 6713109
Max   Chunk Size: 3265536
Number of Blocks: 258
Av.  Block  Size: 26019
Tree      Height: 19
2021-07-18T02:32:52.530+1000: 15.681: [ParNew
Desired survivor size 10452992 bytes, new threshold 1 (max 15)
- age   1:   17178144 bytes,   17178144 total
: 184319K->18640K(184320K), 0.0467233 secs] 324637K->161067K(381596K)After GC:
Statistics for BinaryTreeDictionary:
------------------------------------
Total Free Space: 6486857
Max   Chunk Size: 3265536
Number of Blocks: 222
Av.  Block  Size: 29220
Tree      Height: 18
, 0.0471837 secs] [Times: user=0.18 sys=0.00, real=0.05 secs] 
2021-07-18T02:32:52.577+1000: 15.728: Total time for which application threads were stopped: 0.0483838 seconds, Stopping threads took: 0.0001633 seconds
2021-07-18T02:32:52.752+1000: 15.903: Application time: 0.1749670 seconds
2021-07-18T02:32:52.753+1000: 15.904: [GC (Allocation Failure) Before GC:
Statistics for BinaryTreeDictionary:
------------------------------------
Total Free Space: 6486857
Max   Chunk Size: 3265536
Number of Blocks: 222
Av.  Block  Size: 29220
Tree      Height: 18
2021-07-18T02:32:52.753+1000: 15.904: [ParNew
Desired survivor size 10452992 bytes, new threshold 15 (max 15)
- age   1:    7227600 bytes,    7227600 total
: 182544K->8029K(184320K), 0.0268743 secs] 324971K->152682K(381596K)After GC:
Statistics for BinaryTreeDictionary:
------------------------------------
Total Free Space: 6203094
Max   Chunk Size: 3265536
Number of Blocks: 183
Av.  Block  Size: 33896
Tree      Height: 18
, 0.0272493 secs] [Times: user=0.11 sys=0.01, real=0.03 secs] 
2021-07-18T02:32:52.781+1000: 15.931: Total time for which application threads were stopped: 0.0284294 seconds, Stopping threads took: 0.0001637 seconds
2021-07-18T02:32:52.983+1000: 16.134: Application time: 0.2023649 seconds
2021-07-18T02:32:52.984+1000: 16.135: [GC (Allocation Failure) Before GC:
Statistics for BinaryTreeDictionary:
------------------------------------
Total Free Space: 6203094
Max   Chunk Size: 3265536
Number of Blocks: 183
Av.  Block  Size: 33896
Tree      Height: 18
2021-07-18T02:32:52.984+1000: 16.135: [ParNew
Desired survivor size 10452992 bytes, new threshold 15 (max 15)
- age   1:    7017952 bytes,    7017952 total
- age   2:    1233416 bytes,    8251368 total
: 171933K->8157K(184320K), 0.0341949 secs] 316586K->152809K(381596K)After GC:
Statistics for BinaryTreeDictionary:
------------------------------------
Total Free Space: 6203094
Max   Chunk Size: 3265536
Number of Blocks: 183
Av.  Block  Size: 33896
Tree      Height: 18
, 0.0346164 secs] [Times: user=0.12 sys=0.01, real=0.03 secs] 
2021-07-18T02:32:53.019+1000: 16.170: Total time for which application threads were stopped: 0.0358953 seconds, Stopping threads took: 0.0001928 seconds
2021-07-18T02:32:53.191+1000: 16.342: Application time: 0.1721854 seconds
2021-07-18T02:32:53.192+1000: 16.343: [GC (Allocation Failure) Before GC:
Statistics for BinaryTreeDictionary:
------------------------------------
Total Free Space: 6203094
Max   Chunk Size: 3265536
Number of Blocks: 183
Av.  Block  Size: 33896
Tree      Height: 18
2021-07-18T02:32:53.193+1000: 16.343: [ParNew
Desired survivor size 10452992 bytes, new threshold 3 (max 15)
- age   1:    8402400 bytes,    8402400 total
- age   2:    1242216 bytes,    9644616 total
- age   3:    1214616 bytes,   10859232 total
: 172061K->10694K(184320K), 0.0201796 secs] 316713K->155346K(381596K)After GC:
Statistics for BinaryTreeDictionary:
------------------------------------
Total Free Space: 6203094
Max   Chunk Size: 3265536
Number of Blocks: 183
Av.  Block  Size: 33896
Tree      Height: 18
, 0.0206148 secs] [Times: user=0.04 sys=0.00, real=0.02 secs] 
2021-07-18T02:32:53.213+1000: 16.364: Total time for which application threads were stopped: 0.0221742 seconds, Stopping threads took: 0.0002003 seconds
2021-07-18T02:32:53.397+1000: 16.548: Application time: 0.1838769 seconds
2021-07-18T02:32:53.398+1000: 16.549: [GC (Allocation Failure) Before GC:
Statistics for BinaryTreeDictionary:
------------------------------------
Total Free Space: 6203094
Max   Chunk Size: 3265536
Number of Blocks: 183
Av.  Block  Size: 33896
Tree      Height: 18
2021-07-18T02:32:53.399+1000: 16.549: [ParNew
Desired survivor size 10452992 bytes, new threshold 3 (max 15)
- age   1:    8144168 bytes,    8144168 total
- age   2:    1257368 bytes,    9401536 total
- age   3:    1176304 bytes,   10577840 total
: 174598K->12652K(184320K), 0.0312621 secs] 319250K->158490K(381596K)After GC:
Statistics for BinaryTreeDictionary:
------------------------------------
Total Free Space: 6069159
Max   Chunk Size: 3265536
Number of Blocks: 166
Av.  Block  Size: 36561
Tree      Height: 18
, 0.0316562 secs] [Times: user=0.16 sys=0.00, real=0.03 secs] 
2021-07-18T02:32:53.430+1000: 16.581: Total time for which application threads were stopped: 0.0330505 seconds, Stopping threads took: 0.0001838 seconds
2021-07-18T02:32:53.606+1000: 16.756: Application time: 0.1752129 seconds
2021-07-18T02:32:53.607+1000: 16.757: [GC (Allocation Failure) Before GC:
Statistics for BinaryTreeDictionary:
------------------------------------
Total Free Space: 6069159
Max   Chunk Size: 3265536
Number of Blocks: 166
Av.  Block  Size: 36561
Tree      Height: 18
2021-07-18T02:32:53.607+1000: 16.757: [ParNew
Desired survivor size 10452992 bytes, new threshold 15 (max 15)
- age   1:    7586376 bytes,    7586376 total
- age   2:    1360328 bytes,    8946704 total
- age   3:    1199320 bytes,   10146024 total
: 176556K->10318K(184320K), 0.0380528 secs] 322394K->157306K(381596K)After GC:
Statistics for BinaryTreeDictionary:
------------------------------------
Total Free Space: 5963807
Max   Chunk Size: 3265536
Number of Blocks: 154
Av.  Block  Size: 38726
Tree      Height: 18
, 0.0386525 secs] [Times: user=0.08 sys=0.00, real=0.04 secs] 
2021-07-18T02:32:53.646+1000: 16.796: Total time for which application threads were stopped: 0.0402587 seconds, Stopping threads took: 0.0001907 seconds
2021-07-18T02:32:53.894+1000: 17.044: Application time: 0.2479316 seconds
2021-07-18T02:32:53.895+1000: 17.046: [GC (Allocation Failure) Before GC:
Statistics for BinaryTreeDictionary:
------------------------------------
Total Free Space: 5963807
Max   Chunk Size: 3265536
Number of Blocks: 154
Av.  Block  Size: 38726
Tree      Height: 18
2021-07-18T02:32:53.895+1000: 17.046: [ParNew
Desired survivor size 10452992 bytes, new threshold 1 (max 15)
- age   1:   15079736 bytes,   15079736 total
- age   2:    1164024 bytes,   16243760 total
- age   3:    1341256 bytes,   17585016 total
- age   4:    1199176 bytes,   18784192 total
: 174222K->19339K(184320K), 0.0414072 secs] 321210K->166326K(381596K)After GC:
Statistics for BinaryTreeDictionary:
------------------------------------
Total Free Space: 5963807
Max   Chunk Size: 3265536
Number of Blocks: 154
Av.  Block  Size: 38726
Tree      Height: 18
, 0.0419255 secs] [Times: user=0.09 sys=0.00, real=0.04 secs] 
2021-07-18T02:32:53.937+1000: 17.088: Total time for which application threads were stopped: 0.0433349 seconds, Stopping threads took: 0.0002453 seconds
2021-07-18T02:32:54.167+1000: 17.317: Application time: 0.2295551 seconds
2021-07-18T02:32:54.168+1000: 17.319: [GC (Allocation Failure) Before GC:
Statistics for BinaryTreeDictionary:
------------------------------------
Total Free Space: 5963807
Max   Chunk Size: 3265536
Number of Blocks: 154
Av.  Block  Size: 38726
Tree      Height: 18
2021-07-18T02:32:54.169+1000: 17.319: [ParNew
Desired survivor size 10452992 bytes, new threshold 1 (max 15)
- age   1:   12448816 bytes,   12448816 total
: 183243K->14954K(184320K), 0.1025656 secs] 330230K->167526K(381596K)After GC:
Statistics for BinaryTreeDictionary:
------------------------------------
Total Free Space: 5196447
Max   Chunk Size: 3265536
Number of Blocks: 83
Av.  Block  Size: 62607
Tree      Height: 13
, 0.1031773 secs] [Times: user=0.57 sys=0.01, real=0.10 secs] 
2021-07-18T02:32:54.272+1000: 17.423: Total time for which application threads were stopped: 0.1053259 seconds, Stopping threads took: 0.0002814 seconds
2021-07-18T02:32:54.735+1000: 17.885: Application time: 0.4625138 seconds
2021-07-18T02:32:54.735+1000: 17.886: Total time for which application threads were stopped: 0.0008646 seconds, Stopping threads took: 0.0002173 seconds
2021-07-18T02:32:54.736+1000: 17.886: Application time: 0.0001321 seconds
2021-07-18T02:32:54.736+1000: 17.887: Total time for which application threads were stopped: 0.0003909 seconds, Stopping threads took: 0.0001294 seconds
2021-07-18T02:32:54.736+1000: 17.887: Application time: 0.0002598 seconds
2021-07-18T02:32:54.737+1000: 17.887: Total time for which application threads were stopped: 0.0005114 seconds, Stopping threads took: 0.0002405 seconds
2021-07-18T02:32:54.737+1000: 17.887: Application time: 0.0001068 seconds
2021-07-18T02:32:54.737+1000: 17.888: Total time for which application threads were stopped: 0.0004093 seconds, Stopping threads took: 0.0001468 seconds
2021-07-18T02:32:54.737+1000: 17.888: Application time: 0.0001052 seconds
2021-07-18T02:32:54.738+1000: 17.888: Total time for which application threads were stopped: 0.0003351 seconds, Stopping threads took: 0.0000643 seconds
2021-07-18T02:32:54.738+1000: 17.889: Application time: 0.0001504 seconds
2021-07-18T02:32:54.738+1000: 17.889: Total time for which application threads were stopped: 0.0003968 seconds, Stopping threads took: 0.0000718 seconds
2021-07-18T02:32:54.738+1000: 17.889: Application time: 0.0001981 seconds
2021-07-18T02:32:54.739+1000: 17.889: Total time for which application threads were stopped: 0.0003571 seconds, Stopping threads took: 0.0000740 seconds
2021-07-18T02:32:54.739+1000: 17.890: Application time: 0.0001705 seconds
2021-07-18T02:32:54.739+1000: 17.890: Total time for which application threads were stopped: 0.0004117 seconds, Stopping threads took: 0.0000889 seconds
2021-07-18T02:32:54.740+1000: 17.890: Application time: 0.0001480 seconds
2021-07-18T02:32:54.740+1000: 17.891: Total time for which application threads were stopped: 0.0004657 seconds, Stopping threads took: 0.0001726 seconds
2021-07-18T02:32:54.740+1000: 17.891: Application time: 0.0001039 seconds
2021-07-18T02:32:54.741+1000: 17.891: Total time for which application threads were stopped: 0.0005029 seconds, Stopping threads took: 0.0002041 seconds
2021-07-18T02:32:54.741+1000: 17.891: Application time: 0.0001042 seconds
2021-07-18T02:32:54.741+1000: 17.892: Total time for which application threads were stopped: 0.0003574 seconds, Stopping threads took: 0.0000725 seconds
2021-07-18T02:32:54.741+1000: 17.892: Application time: 0.0001543 seconds
2021-07-18T02:32:54.742+1000: 17.893: Total time for which application threads were stopped: 0.0006786 seconds, Stopping threads took: 0.0003443 seconds
2021-07-18T02:32:54.742+1000: 17.893: Application time: 0.0001228 seconds
2021-07-18T02:32:54.742+1000: 17.893: Total time for which application threads were stopped: 0.0003926 seconds, Stopping threads took: 0.0001354 seconds
2021-07-18T02:32:54.743+1000: 17.893: Application time: 0.0003285 seconds
2021-07-18T02:32:54.743+1000: 17.894: Total time for which application threads were stopped: 0.0004265 seconds, Stopping threads took: 0.0001438 seconds
2021-07-18T02:32:54.743+1000: 17.894: Application time: 0.0002614 seconds
2021-07-18T02:32:54.744+1000: 17.894: Total time for which application threads were stopped: 0.0003790 seconds, Stopping threads took: 0.0000948 seconds
2021-07-18T02:32:54.744+1000: 17.895: Application time: 0.0001463 seconds
2021-07-18T02:32:54.744+1000: 17.895: Total time for which application threads were stopped: 0.0004317 seconds, Stopping threads took: 0.0001532 seconds
2021-07-18T02:32:54.745+1000: 17.895: Application time: 0.0001127 seconds
2021-07-18T02:32:54.745+1000: 17.896: Total time for which application threads were stopped: 0.0003684 seconds, Stopping threads took: 0.0000834 seconds
2021-07-18T02:32:54.745+1000: 17.896: Application time: 0.0001768 seconds
2021-07-18T02:32:54.745+1000: 17.896: Total time for which application threads were stopped: 0.0003974 seconds, Stopping threads took: 0.0000719 seconds
2021-07-18T02:32:54.746+1000: 17.896: Application time: 0.0001443 seconds
2021-07-18T02:32:54.747+1000: 17.898: Total time for which application threads were stopped: 0.0017753 seconds, Stopping threads took: 0.0000507 seconds
2021-07-18T02:32:54.770+1000: 17.920: Application time: 0.0222831 seconds
2021-07-18T02:32:54.771+1000: 17.921: [GC (Allocation Failure) Before GC:
Statistics for BinaryTreeDictionary:
------------------------------------
Total Free Space: 5196447
Max   Chunk Size: 3265536
Number of Blocks: 83
Av.  Block  Size: 62607
Tree      Height: 13
2021-07-18T02:32:54.771+1000: 17.921: [ParNew
Desired survivor size 10452992 bytes, new threshold 1 (max 15)
- age   1:   20117800 bytes,   20117800 total
: 178858K->20415K(184320K), 0.0694861 secs] 331430K->178381K(381596K)After GC:
Statistics for BinaryTreeDictionary:
------------------------------------
Total Free Space: 4546405
Max   Chunk Size: 3265536
Number of Blocks: 41
Av.  Block  Size: 110887
Tree      Height: 11
, 0.0700275 secs] [Times: user=0.12 sys=0.01, real=0.07 secs] 
2021-07-18T02:32:54.841+1000: 17.992: Total time for which application threads were stopped: 0.0714949 seconds, Stopping threads took: 0.0002131 seconds
2021-07-18T02:32:54.918+1000: 18.069: Application time: 0.0769742 seconds
2021-07-18T02:32:54.919+1000: 18.070: Total time for which application threads were stopped: 0.0012828 seconds, Stopping threads took: 0.0002069 seconds
2021-07-18T02:32:54.920+1000: 18.070: Application time: 0.0002734 seconds
2021-07-18T02:32:54.920+1000: 18.071: Total time for which application threads were stopped: 0.0004209 seconds, Stopping threads took: 0.0000750 seconds
2021-07-18T02:32:54.921+1000: 18.071: Application time: 0.0003616 seconds
2021-07-18T02:32:54.921+1000: 18.072: Total time for which application threads were stopped: 0.0003573 seconds, Stopping threads took: 0.0000668 seconds
2021-07-18T02:32:54.921+1000: 18.072: Application time: 0.0001709 seconds
2021-07-18T02:32:54.921+1000: 18.072: Total time for which application threads were stopped: 0.0003225 seconds, Stopping threads took: 0.0000617 seconds
2021-07-18T02:32:54.924+1000: 18.074: Application time: 0.0024597 seconds
2021-07-18T02:32:54.924+1000: 18.075: Total time for which application threads were stopped: 0.0004364 seconds, Stopping threads took: 0.0001189 seconds
2021-07-18T02:32:54.924+1000: 18.075: Application time: 0.0001235 seconds
2021-07-18T02:32:54.925+1000: 18.076: Total time for which application threads were stopped: 0.0004563 seconds, Stopping threads took: 0.0000799 seconds
2021-07-18T02:32:54.925+1000: 18.076: Application time: 0.0001177 seconds
2021-07-18T02:32:54.925+1000: 18.076: Total time for which application threads were stopped: 0.0004772 seconds, Stopping threads took: 0.0001263 seconds
2021-07-18T02:32:54.926+1000: 18.076: Application time: 0.0001336 seconds
2021-07-18T02:32:54.926+1000: 18.077: Total time for which application threads were stopped: 0.0004455 seconds, Stopping threads took: 0.0001285 seconds
2021-07-18T02:32:54.926+1000: 18.077: Application time: 0.0002864 seconds
2021-07-18T02:32:54.927+1000: 18.077: Total time for which application threads were stopped: 0.0004377 seconds, Stopping threads took: 0.0001339 seconds
2021-07-18T02:32:54.927+1000: 18.078: Application time: 0.0001386 seconds
2021-07-18T02:32:54.927+1000: 18.078: Total time for which application threads were stopped: 0.0004338 seconds, Stopping threads took: 0.0001294 seconds
2021-07-18T02:32:54.927+1000: 18.078: Application time: 0.0001448 seconds
2021-07-18T02:32:54.928+1000: 18.079: Total time for which application threads were stopped: 0.0009190 seconds, Stopping threads took: 0.0000907 seconds
2021-07-18T02:32:54.929+1000: 18.079: Application time: 0.0001761 seconds
2021-07-18T02:32:54.929+1000: 18.080: Total time for which application threads were stopped: 0.0007623 seconds, Stopping threads took: 0.0001671 seconds
2021-07-18T02:32:54.931+1000: 18.082: Application time: 0.0016947 seconds
2021-07-18T02:32:54.932+1000: 18.083: Total time for which application threads were stopped: 0.0010040 seconds, Stopping threads took: 0.0002482 seconds
2021-07-18T02:32:54.932+1000: 18.083: Application time: 0.0002012 seconds
2021-07-18T02:32:54.933+1000: 18.084: Total time for which application threads were stopped: 0.0009540 seconds, Stopping threads took: 0.0002853 seconds
2021-07-18T02:32:54.934+1000: 18.084: Application time: 0.0002769 seconds
2021-07-18T02:32:54.934+1000: 18.085: Total time for which application threads were stopped: 0.0008626 seconds, Stopping threads took: 0.0001799 seconds
2021-07-18T02:32:54.935+1000: 18.085: Application time: 0.0001667 seconds
2021-07-18T02:32:54.935+1000: 18.086: Total time for which application threads were stopped: 0.0007700 seconds, Stopping threads took: 0.0001197 seconds
2021-07-18T02:32:54.936+1000: 18.086: Application time: 0.0002745 seconds
2021-07-18T02:32:54.936+1000: 18.087: Total time for which application threads were stopped: 0.0008431 seconds, Stopping threads took: 0.0002022 seconds
2021-07-18T02:32:54.937+1000: 18.087: Application time: 0.0001999 seconds
2021-07-18T02:32:54.937+1000: 18.088: Total time for which application threads were stopped: 0.0008118 seconds, Stopping threads took: 0.0001754 seconds
2021-07-18T02:32:54.938+1000: 18.088: Application time: 0.0002348 seconds
2021-07-18T02:32:54.938+1000: 18.089: Total time for which application threads were stopped: 0.0006400 seconds, Stopping threads took: 0.0002838 seconds
2021-07-18T02:32:54.938+1000: 18.089: Application time: 0.0000939 seconds
2021-07-18T02:32:54.939+1000: 18.089: Total time for which application threads were stopped: 0.0003696 seconds, Stopping threads took: 0.0001110 seconds
2021-07-18T02:32:54.939+1000: 18.090: Application time: 0.0002723 seconds
2021-07-18T02:32:54.939+1000: 18.090: Total time for which application threads were stopped: 0.0003788 seconds, Stopping threads took: 0.0001168 seconds
2021-07-18T02:32:54.940+1000: 18.090: Application time: 0.0001210 seconds
2021-07-18T02:32:54.940+1000: 18.091: Total time for which application threads were stopped: 0.0003864 seconds, Stopping threads took: 0.0001220 seconds
2021-07-18T02:32:54.940+1000: 18.091: Application time: 0.0000873 seconds
2021-07-18T02:32:54.942+1000: 18.093: Total time for which application threads were stopped: 0.0018535 seconds, Stopping threads took: 0.0001152 seconds
2021-07-18T02:32:54.942+1000: 18.093: Application time: 0.0001051 seconds
2021-07-18T02:32:54.942+1000: 18.093: Total time for which application threads were stopped: 0.0004453 seconds, Stopping threads took: 0.0001358 seconds
2021-07-18T02:32:54.943+1000: 18.093: Application time: 0.0003399 seconds
2021-07-18T02:32:54.943+1000: 18.094: Total time for which application threads were stopped: 0.0003550 seconds, Stopping threads took: 0.0000689 seconds
2021-07-18T02:32:54.943+1000: 18.094: Application time: 0.0001089 seconds
2021-07-18T02:32:54.944+1000: 18.094: Total time for which application threads were stopped: 0.0003543 seconds, Stopping threads took: 0.0000680 seconds
2021-07-18T02:32:54.944+1000: 18.094: Application time: 0.0000973 seconds
2021-07-18T02:32:54.944+1000: 18.095: Total time for which application threads were stopped: 0.0003580 seconds, Stopping threads took: 0.0000715 seconds
2021-07-18T02:32:55.022+1000: 18.173: Application time: 0.0783573 seconds
2021-07-18T02:32:55.024+1000: 18.175: Total time for which application threads were stopped: 0.0016735 seconds, Stopping threads took: 0.0003521 seconds
2021-07-18T02:32:55.024+1000: 18.175: Application time: 0.0002256 seconds
2021-07-18T02:32:55.026+1000: 18.176: Total time for which application threads were stopped: 0.0014875 seconds, Stopping threads took: 0.0004194 seconds
2021-07-18T02:32:55.026+1000: 18.177: Application time: 0.0003116 seconds
2021-07-18T02:32:55.028+1000: 18.179: Total time for which application threads were stopped: 0.0021556 seconds, Stopping threads took: 0.0005737 seconds
2021-07-18T02:32:55.029+1000: 18.179: Application time: 0.0004395 seconds
2021-07-18T02:32:55.031+1000: 18.181: Total time for which application threads were stopped: 0.0017776 seconds, Stopping threads took: 0.0002855 seconds
2021-07-18T02:32:55.031+1000: 18.181: Application time: 0.0001010 seconds
2021-07-18T02:32:55.031+1000: 18.182: Total time for which application threads were stopped: 0.0005479 seconds, Stopping threads took: 0.0002602 seconds
2021-07-18T02:32:55.031+1000: 18.182: Application time: 0.0001137 seconds
2021-07-18T02:32:55.032+1000: 18.182: Total time for which application threads were stopped: 0.0004808 seconds, Stopping threads took: 0.0000917 seconds
2021-07-18T02:32:55.032+1000: 18.183: Application time: 0.0001957 seconds
2021-07-18T02:32:55.033+1000: 18.183: Total time for which application threads were stopped: 0.0005995 seconds, Stopping threads took: 0.0001861 seconds
2021-07-18T02:32:55.033+1000: 18.184: Application time: 0.0003386 seconds
2021-07-18T02:32:55.033+1000: 18.184: Total time for which application threads were stopped: 0.0005077 seconds, Stopping threads took: 0.0001076 seconds
2021-07-18T02:32:55.034+1000: 18.184: Application time: 0.0001362 seconds
2021-07-18T02:32:55.042+1000: 18.193: Total time for which application threads were stopped: 0.0083741 seconds, Stopping threads took: 0.0078932 seconds
2021-07-18T02:32:55.042+1000: 18.193: Application time: 0.0001349 seconds
2021-07-18T02:32:55.043+1000: 18.193: Total time for which application threads were stopped: 0.0005333 seconds, Stopping threads took: 0.0001701 seconds
2021-07-18T02:32:55.044+1000: 18.195: Application time: 0.0018401 seconds
2021-07-18T02:32:55.045+1000: 18.196: Total time for which application threads were stopped: 0.0007760 seconds, Stopping threads took: 0.0003220 seconds
2021-07-18T02:32:55.045+1000: 18.196: Application time: 0.0001213 seconds
2021-07-18T02:32:55.046+1000: 18.197: Total time for which application threads were stopped: 0.0007851 seconds, Stopping threads took: 0.0004156 seconds
2021-07-18T02:32:55.046+1000: 18.197: Application time: 0.0001176 seconds
2021-07-18T02:32:55.047+1000: 18.197: Total time for which application threads were stopped: 0.0005053 seconds, Stopping threads took: 0.0002186 seconds
2021-07-18T02:32:55.047+1000: 18.198: Application time: 0.0002546 seconds
2021-07-18T02:32:55.048+1000: 18.198: Total time for which application threads were stopped: 0.0004744 seconds, Stopping threads took: 0.0001786 seconds
2021-07-18T02:32:55.048+1000: 18.198: Application time: 0.0001091 seconds
2021-07-18T02:32:55.048+1000: 18.199: Total time for which application threads were stopped: 0.0004344 seconds, Stopping threads took: 0.0001365 seconds
2021-07-18T02:32:55.048+1000: 18.199: Application time: 0.0001026 seconds
2021-07-18T02:32:55.051+1000: 18.201: Total time for which application threads were stopped: 0.0026574 seconds, Stopping threads took: 0.0002256 seconds
2021-07-18T02:32:55.051+1000: 18.202: Application time: 0.0004444 seconds
2021-07-18T02:32:55.052+1000: 18.202: Total time for which application threads were stopped: 0.0004934 seconds, Stopping threads took: 0.0001879 seconds
2021-07-18T02:32:55.052+1000: 18.203: Application time: 0.0001201 seconds
2021-07-18T02:32:55.052+1000: 18.203: Total time for which application threads were stopped: 0.0004413 seconds, Stopping threads took: 0.0001550 seconds
2021-07-18T02:32:55.053+1000: 18.203: Application time: 0.0003615 seconds
2021-07-18T02:32:55.053+1000: 18.204: Total time for which application threads were stopped: 0.0004053 seconds, Stopping threads took: 0.0001325 seconds
2021-07-18T02:32:55.053+1000: 18.204: Application time: 0.0001002 seconds
2021-07-18T02:32:55.054+1000: 18.204: Total time for which application threads were stopped: 0.0004633 seconds, Stopping threads took: 0.0001654 seconds
2021-07-18T02:32:55.054+1000: 18.205: Application time: 0.0004152 seconds
2021-07-18T02:32:55.054+1000: 18.205: Total time for which application threads were stopped: 0.0004009 seconds, Stopping threads took: 0.0001302 seconds
2021-07-18T02:32:55.055+1000: 18.205: Application time: 0.0001102 seconds
2021-07-18T02:32:55.055+1000: 18.206: Total time for which application threads were stopped: 0.0003231 seconds, Stopping threads took: 0.0000649 seconds
2021-07-18T02:32:55.055+1000: 18.206: Application time: 0.0002191 seconds
2021-07-18T02:32:55.056+1000: 18.206: Total time for which application threads were stopped: 0.0004002 seconds, Stopping threads took: 0.0001219 seconds
2021-07-18T02:32:55.056+1000: 18.206: Application time: 0.0000976 seconds
2021-07-18T02:32:55.056+1000: 18.207: Total time for which application threads were stopped: 0.0004415 seconds, Stopping threads took: 0.0001473 seconds
2021-07-18T02:32:55.057+1000: 18.207: Application time: 0.0005629 seconds
2021-07-18T02:32:55.057+1000: 18.208: Total time for which application threads were stopped: 0.0003935 seconds, Stopping threads took: 0.0001207 seconds
2021-07-18T02:32:55.057+1000: 18.208: Application time: 0.0000939 seconds
2021-07-18T02:32:55.059+1000: 18.210: Total time for which application threads were stopped: 0.0017317 seconds, Stopping threads took: 0.0001190 seconds
2021-07-18T02:32:55.059+1000: 18.210: Application time: 0.0002132 seconds
2021-07-18T02:32:55.059+1000: 18.210: Total time for which application threads were stopped: 0.0004613 seconds, Stopping threads took: 0.0001319 seconds
2021-07-18T02:32:55.238+1000: 18.389: Application time: 0.1788144 seconds
2021-07-18T02:32:55.239+1000: 18.390: Total time for which application threads were stopped: 0.0010868 seconds, Stopping threads took: 0.0003904 seconds
2021-07-18T02:32:55.250+1000: 18.401: Application time: 0.0109892 seconds
2021-07-18T02:32:55.252+1000: 18.402: Total time for which application threads were stopped: 0.0010925 seconds, Stopping threads took: 0.0002689 seconds
2021-07-18T02:32:55.263+1000: 18.413: Application time: 0.0111277 seconds
2021-07-18T02:32:55.268+1000: 18.419: Total time for which application threads were stopped: 0.0052952 seconds, Stopping threads took: 0.0003729 seconds
2021-07-18T02:32:55.312+1000: 18.462: Application time: 0.0436353 seconds
2021-07-18T02:32:55.313+1000: 18.463: Total time for which application threads were stopped: 0.0010694 seconds, Stopping threads took: 0.0003848 seconds
2021-07-18T02:32:55.314+1000: 18.465: Application time: 0.0014862 seconds
2021-07-18T02:32:55.315+1000: 18.465: Total time for which application threads were stopped: 0.0004685 seconds, Stopping threads took: 0.0001633 seconds
2021-07-18T02:32:55.316+1000: 18.467: Application time: 0.0012401 seconds
2021-07-18T02:32:55.316+1000: 18.467: Total time for which application threads were stopped: 0.0005268 seconds, Stopping threads took: 0.0002232 seconds
2021-07-18T02:32:55.386+1000: 18.537: Application time: 0.0696072 seconds
2021-07-18T02:32:55.387+1000: 18.538: Total time for which application threads were stopped: 0.0010991 seconds, Stopping threads took: 0.0004351 seconds
2021-07-18T02:32:55.388+1000: 18.538: Application time: 0.0007377 seconds
2021-07-18T02:32:55.389+1000: 18.540: Total time for which application threads were stopped: 0.0011788 seconds, Stopping threads took: 0.0008730 seconds
2021-07-18T02:32:55.391+1000: 18.542: Application time: 0.0023340 seconds
2021-07-18T02:32:55.392+1000: 18.543: Total time for which application threads were stopped: 0.0010690 seconds, Stopping threads took: 0.0005664 seconds
2021-07-18T02:32:55.393+1000: 18.543: Application time: 0.0000968 seconds
2021-07-18T02:32:55.393+1000: 18.544: Total time for which application threads were stopped: 0.0005367 seconds, Stopping threads took: 0.0002510 seconds
2021-07-18T02:32:55.436+1000: 18.587: Application time: 0.0433062 seconds
2021-07-18T02:32:55.437+1000: 18.588: Total time for which application threads were stopped: 0.0009228 seconds, Stopping threads took: 0.0002866 seconds
2021-07-18T02:32:55.443+1000: 18.594: Application time: 0.0061315 seconds
2021-07-18T02:32:55.445+1000: 18.596: Total time for which application threads were stopped: 0.0019135 seconds, Stopping threads took: 0.0003313 seconds
2021-07-18T02:32:55.506+1000: 18.656: Application time: 0.0603062 seconds
2021-07-18T02:32:55.507+1000: 18.657: Total time for which application threads were stopped: 0.0011371 seconds, Stopping threads took: 0.0002451 seconds
2021-07-18T02:32:55.561+1000: 18.712: Application time: 0.0541595 seconds
2021-07-18T02:32:55.562+1000: 18.713: [GC (Allocation Failure) Before GC:
Statistics for BinaryTreeDictionary:
------------------------------------
Total Free Space: 4546405
Max   Chunk Size: 3265536
Number of Blocks: 41
Av.  Block  Size: 110887
Tree      Height: 11
2021-07-18T02:32:55.562+1000: 18.713: [ParNew
Desired survivor size 10452992 bytes, new threshold 15 (max 15)
- age   1:    6638824 bytes,    6638824 total
: 184319K->7765K(184320K), 0.0509260 secs] 342285K->169597K(381596K)After GC:
Statistics for BinaryTreeDictionary:
------------------------------------
Total Free Space: 4077213
Max   Chunk Size: 3265536
Number of Blocks: 18
Av.  Block  Size: 226511
Tree      Height: 7
, 0.0512594 secs] [Times: user=0.30 sys=0.01, real=0.04 secs] 
2021-07-18T02:32:55.614+1000: 18.764: Total time for which application threads were stopped: 0.0527080 seconds, Stopping threads took: 0.0002917 seconds
2021-07-18T02:32:55.654+1000: 18.805: Application time: 0.0407265 seconds
2021-07-18T02:32:55.656+1000: 18.807: Total time for which application threads were stopped: 0.0017304 seconds, Stopping threads took: 0.0002248 seconds
2021-07-18T02:32:55.672+1000: 18.823: Application time: 0.0160196 seconds
2021-07-18T02:32:55.674+1000: 18.824: Total time for which application threads were stopped: 0.0015354 seconds, Stopping threads took: 0.0004003 seconds
2021-07-18T02:32:55.861+1000: 19.012: Application time: 0.1875805 seconds
2021-07-18T02:32:55.862+1000: 19.013: [GC (Allocation Failure) Before GC:
Statistics for BinaryTreeDictionary:
------------------------------------
Total Free Space: 4077213
Max   Chunk Size: 3265536
Number of Blocks: 18
Av.  Block  Size: 226511
Tree      Height: 7
2021-07-18T02:32:55.862+1000: 19.013: [ParNew
Desired survivor size 10452992 bytes, new threshold 15 (max 15)
- age   1:    1853800 bytes,    1853800 total
- age   2:    4519088 bytes,    6372888 total
: 171669K->7917K(184320K), 0.0126381 secs] 333501K->169748K(381596K)After GC:
Statistics for BinaryTreeDictionary:
------------------------------------
Total Free Space: 4077213
Max   Chunk Size: 3265536
Number of Blocks: 18
Av.  Block  Size: 226511
Tree      Height: 7
, 0.0129966 secs] [Times: user=0.08 sys=0.00, real=0.01 secs] 
2021-07-18T02:32:55.876+1000: 19.026: Total time for which application threads were stopped: 0.0143985 seconds, Stopping threads took: 0.0002559 seconds
2021-07-18T02:32:56.032+1000: 19.183: Application time: 0.1562605 seconds
2021-07-18T02:32:56.033+1000: 19.184: [GC (Allocation Failure) Before GC:
Statistics for BinaryTreeDictionary:
------------------------------------
Total Free Space: 4077213
Max   Chunk Size: 3265536
Number of Blocks: 18
Av.  Block  Size: 226511
Tree      Height: 7
2021-07-18T02:32:56.033+1000: 19.184: [ParNew
Desired survivor size 10452992 bytes, new threshold 15 (max 15)
- age   1:    1675080 bytes,    1675080 total
- age   2:     190976 bytes,    1866056 total
- age   3:    4490160 bytes,    6356216 total
: 171821K->7867K(184320K), 0.0077507 secs] 333652K->169698K(381596K)After GC:
Statistics for BinaryTreeDictionary:
------------------------------------
Total Free Space: 4077213
Max   Chunk Size: 3265536
Number of Blocks: 18
Av.  Block  Size: 226511
Tree      Height: 7
, 0.0079891 secs] [Times: user=0.04 sys=0.00, real=0.01 secs] 
2021-07-18T02:32:56.041+1000: 19.192: Total time for which application threads were stopped: 0.0092214 seconds, Stopping threads took: 0.0001905 seconds
2021-07-18T02:32:56.217+1000: 19.367: Application time: 0.1756128 seconds
2021-07-18T02:32:56.218+1000: 19.368: Total time for which application threads were stopped: 0.0009721 seconds, Stopping threads took: 0.0001988 seconds
2021-07-18T02:32:56.234+1000: 19.385: Application time: 0.0162025 seconds
2021-07-18T02:32:56.235+1000: 19.385: Total time for which application threads were stopped: 0.0008249 seconds, Stopping threads took: 0.0002160 seconds
2021-07-18T02:32:56.237+1000: 19.388: Application time: 0.0025012 seconds
2021-07-18T02:32:56.238+1000: 19.389: Total time for which application threads were stopped: 0.0008687 seconds, Stopping threads took: 0.0002663 seconds
2021-07-18T02:32:56.239+1000: 19.389: Application time: 0.0003883 seconds
2021-07-18T02:32:56.239+1000: 19.390: Total time for which application threads were stopped: 0.0004096 seconds, Stopping threads took: 0.0000830 seconds
2021-07-18T02:32:56.246+1000: 19.396: Application time: 0.0067816 seconds
2021-07-18T02:32:56.247+1000: 19.398: Total time for which application threads were stopped: 0.0011040 seconds, Stopping threads took: 0.0003614 seconds
2021-07-18T02:32:56.247+1000: 19.398: Application time: 0.0001620 seconds
2021-07-18T02:32:56.248+1000: 19.398: Total time for which application threads were stopped: 0.0006832 seconds, Stopping threads took: 0.0002045 seconds
2021-07-18T02:32:56.479+1000: 19.629: Application time: 0.2308429 seconds
2021-07-18T02:32:56.480+1000: 19.630: Total time for which application threads were stopped: 0.0011679 seconds, Stopping threads took: 0.0004620 seconds
2021-07-18T02:32:56.504+1000: 19.655: Application time: 0.0244826 seconds
2021-07-18T02:32:56.505+1000: 19.656: Total time for which application threads were stopped: 0.0008713 seconds, Stopping threads took: 0.0002399 seconds
2021-07-18T02:32:56.505+1000: 19.656: Application time: 0.0002716 seconds
2021-07-18T02:32:56.506+1000: 19.656: Total time for which application threads were stopped: 0.0004632 seconds, Stopping threads took: 0.0001828 seconds
2021-07-18T02:32:56.506+1000: 19.657: Application time: 0.0004142 seconds
2021-07-18T02:32:56.507+1000: 19.657: Total time for which application threads were stopped: 0.0003442 seconds, Stopping threads took: 0.0000809 seconds
2021-07-18T02:32:56.508+1000: 19.659: Application time: 0.0013606 seconds
2021-07-18T02:32:56.508+1000: 19.659: Total time for which application threads were stopped: 0.0003509 seconds, Stopping threads took: 0.0000738 seconds
2021-07-18T02:32:56.508+1000: 19.659: Application time: 0.0000969 seconds
2021-07-18T02:32:56.509+1000: 19.660: Total time for which application threads were stopped: 0.0007181 seconds, Stopping threads took: 0.0000881 seconds
2021-07-18T02:32:56.509+1000: 19.660: Application time: 0.0001022 seconds
2021-07-18T02:32:56.510+1000: 19.660: Total time for which application threads were stopped: 0.0004551 seconds, Stopping threads took: 0.0001487 seconds
2021-07-18T02:32:56.515+1000: 19.666: Application time: 0.0056784 seconds
2021-07-18T02:32:56.516+1000: 19.667: Total time for which application threads were stopped: 0.0007721 seconds, Stopping threads took: 0.0001830 seconds
2021-07-18T02:32:56.516+1000: 19.667: Application time: 0.0001892 seconds
2021-07-18T02:32:56.517+1000: 19.668: Total time for which application threads were stopped: 0.0007604 seconds, Stopping threads took: 0.0003046 seconds
2021-07-18T02:32:56.535+1000: 19.685: Application time: 0.0174662 seconds
2021-07-18T02:32:56.536+1000: 19.686: Total time for which application threads were stopped: 0.0010581 seconds, Stopping threads took: 0.0003722 seconds
2021-07-18T02:32:56.536+1000: 19.687: Application time: 0.0005491 seconds
2021-07-18T02:32:56.537+1000: 19.687: Total time for which application threads were stopped: 0.0004778 seconds, Stopping threads took: 0.0001597 seconds
2021-07-18T02:32:56.537+1000: 19.688: Application time: 0.0005935 seconds
2021-07-18T02:32:56.538+1000: 19.688: Total time for which application threads were stopped: 0.0005026 seconds, Stopping threads took: 0.0000859 seconds
2021-07-18T02:32:56.546+1000: 19.696: Application time: 0.0080242 seconds
2021-07-18T02:32:56.548+1000: 19.699: Total time for which application threads were stopped: 0.0023361 seconds, Stopping threads took: 0.0004179 seconds
2021-07-18T02:32:56.548+1000: 19.699: Application time: 0.0003366 seconds
2021-07-18T02:32:56.549+1000: 19.700: Total time for which application threads were stopped: 0.0005296 seconds, Stopping threads took: 0.0001146 seconds
2021-07-18T02:32:56.549+1000: 19.700: Application time: 0.0001583 seconds
2021-07-18T02:32:56.550+1000: 19.700: Total time for which application threads were stopped: 0.0004906 seconds, Stopping threads took: 0.0001829 seconds
2021-07-18T02:32:56.602+1000: 19.753: Application time: 0.0525983 seconds
2021-07-18T02:32:56.606+1000: 19.756: Total time for which application threads were stopped: 0.0033931 seconds, Stopping threads took: 0.0027282 seconds
2021-07-18T02:32:56.606+1000: 19.756: Application time: 0.0001064 seconds
2021-07-18T02:32:56.606+1000: 19.757: Total time for which application threads were stopped: 0.0003539 seconds, Stopping threads took: 0.0000808 seconds
2021-07-18T02:32:56.606+1000: 19.757: Application time: 0.0000775 seconds
2021-07-18T02:32:56.607+1000: 19.757: Total time for which application threads were stopped: 0.0003354 seconds, Stopping threads took: 0.0000718 seconds
2021-07-18T02:32:56.607+1000: 19.757: Application time: 0.0003044 seconds
2021-07-18T02:32:56.607+1000: 19.758: Total time for which application threads were stopped: 0.0003441 seconds, Stopping threads took: 0.0000767 seconds
2021-07-18T02:32:56.607+1000: 19.758: Application time: 0.0000824 seconds
2021-07-18T02:32:56.608+1000: 19.758: Total time for which application threads were stopped: 0.0003435 seconds, Stopping threads took: 0.0000784 seconds
2021-07-18T02:32:56.608+1000: 19.758: Application time: 0.0000723 seconds
2021-07-18T02:32:56.608+1000: 19.759: Total time for which application threads were stopped: 0.0003495 seconds, Stopping threads took: 0.0000749 seconds
2021-07-18T02:32:56.609+1000: 19.760: Application time: 0.0009264 seconds
2021-07-18T02:32:56.609+1000: 19.760: Total time for which application threads were stopped: 0.0003469 seconds, Stopping threads took: 0.0000770 seconds
2021-07-18T02:32:56.609+1000: 19.760: Application time: 0.0000851 seconds
2021-07-18T02:32:56.610+1000: 19.761: Total time for which application threads were stopped: 0.0004808 seconds, Stopping threads took: 0.0002093 seconds
2021-07-18T02:32:56.610+1000: 19.761: Application time: 0.0000748 seconds
2021-07-18T02:32:56.610+1000: 19.761: Total time for which application threads were stopped: 0.0003486 seconds, Stopping threads took: 0.0000728 seconds
2021-07-18T02:32:56.619+1000: 19.770: Application time: 0.0087539 seconds
2021-07-18T02:32:56.620+1000: 19.770: Total time for which application threads were stopped: 0.0007971 seconds, Stopping threads took: 0.0002303 seconds
2021-07-18T02:32:56.620+1000: 19.771: Application time: 0.0001105 seconds
2021-07-18T02:32:56.620+1000: 19.771: Total time for which application threads were stopped: 0.0003926 seconds, Stopping threads took: 0.0001179 seconds
2021-07-18T02:32:56.620+1000: 19.771: Application time: 0.0000923 seconds
2021-07-18T02:32:56.621+1000: 19.771: Total time for which application threads were stopped: 0.0003904 seconds, Stopping threads took: 0.0001276 seconds
2021-07-18T02:32:56.621+1000: 19.772: Application time: 0.0006356 seconds
2021-07-18T02:32:56.622+1000: 19.773: Total time for which application threads were stopped: 0.0004504 seconds, Stopping threads took: 0.0001824 seconds
2021-07-18T02:32:56.622+1000: 19.773: Application time: 0.0001052 seconds
2021-07-18T02:32:56.622+1000: 19.773: Total time for which application threads were stopped: 0.0003648 seconds, Stopping threads took: 0.0001021 seconds
2021-07-18T02:32:56.623+1000: 19.773: Application time: 0.0000934 seconds
2021-07-18T02:32:56.623+1000: 19.774: Total time for which application threads were stopped: 0.0004836 seconds, Stopping threads took: 0.0001580 seconds
2021-07-18T02:32:56.635+1000: 19.786: Application time: 0.0122164 seconds
2021-07-18T02:32:56.636+1000: 19.787: Total time for which application threads were stopped: 0.0008605 seconds, Stopping threads took: 0.0002494 seconds
2021-07-18T02:32:56.636+1000: 19.787: Application time: 0.0002212 seconds
2021-07-18T02:32:56.638+1000: 19.789: Total time for which application threads were stopped: 0.0016990 seconds, Stopping threads took: 0.0013717 seconds
2021-07-18T02:32:56.640+1000: 19.791: Application time: 0.0022485 seconds
2021-07-18T02:32:56.641+1000: 19.792: Total time for which application threads were stopped: 0.0006885 seconds, Stopping threads took: 0.0003544 seconds
2021-07-18T02:32:56.647+1000: 19.797: Application time: 0.0057024 seconds
2021-07-18T02:32:56.647+1000: 19.798: Total time for which application threads were stopped: 0.0007708 seconds, Stopping threads took: 0.0002317 seconds
2021-07-18T02:32:56.648+1000: 19.798: Application time: 0.0001083 seconds
2021-07-18T02:32:56.648+1000: 19.799: Total time for which application threads were stopped: 0.0004123 seconds, Stopping threads took: 0.0001272 seconds
2021-07-18T02:32:56.648+1000: 19.799: Application time: 0.0000754 seconds
2021-07-18T02:32:56.648+1000: 19.799: Total time for which application threads were stopped: 0.0003920 seconds, Stopping threads took: 0.0001186 seconds
2021-07-18T02:32:56.813+1000: 19.964: Application time: 0.1650199 seconds
2021-07-18T02:32:56.815+1000: 19.966: Total time for which application threads were stopped: 0.0018781 seconds, Stopping threads took: 0.0002308 seconds
2021-07-18T02:32:56.821+1000: 19.971: Application time: 0.0055226 seconds
2021-07-18T02:32:56.822+1000: 19.972: Total time for which application threads were stopped: 0.0008597 seconds, Stopping threads took: 0.0001608 seconds
2021-07-18T02:32:56.833+1000: 19.983: Application time: 0.0109954 seconds
2021-07-18T02:32:56.834+1000: 19.985: Total time for which application threads were stopped: 0.0012578 seconds, Stopping threads took: 0.0004615 seconds
2021-07-18T02:32:56.834+1000: 19.985: Application time: 0.0002267 seconds
2021-07-18T02:32:56.835+1000: 19.985: Total time for which application threads were stopped: 0.0005041 seconds, Stopping threads took: 0.0001086 seconds
2021-07-18T02:32:56.835+1000: 19.986: Application time: 0.0004348 seconds
2021-07-18T02:32:56.836+1000: 19.986: Total time for which application threads were stopped: 0.0007037 seconds, Stopping threads took: 0.0003177 seconds
2021-07-18T02:32:56.836+1000: 19.987: Application time: 0.0002188 seconds
2021-07-18T02:32:56.839+1000: 19.990: Total time for which application threads were stopped: 0.0029239 seconds, Stopping threads took: 0.0003363 seconds
2021-07-18T02:32:56.840+1000: 19.990: Application time: 0.0006339 seconds
2021-07-18T02:32:56.840+1000: 19.991: Total time for which application threads were stopped: 0.0006343 seconds, Stopping threads took: 0.0002173 seconds
2021-07-18T02:32:56.841+1000: 19.991: Application time: 0.0003323 seconds
2021-07-18T02:32:56.841+1000: 19.992: Total time for which application threads were stopped: 0.0005664 seconds, Stopping threads took: 0.0001717 seconds
2021-07-18T02:32:56.899+1000: 20.049: Application time: 0.0574733 seconds
2021-07-18T02:32:56.900+1000: 20.051: Total time for which application threads were stopped: 0.0016548 seconds, Stopping threads took: 0.0001677 seconds
2021-07-18T02:32:56.908+1000: 20.059: Application time: 0.0079606 seconds
2021-07-18T02:32:56.909+1000: 20.060: Total time for which application threads were stopped: 0.0012337 seconds, Stopping threads took: 0.0006064 seconds
2021-07-18T02:32:56.910+1000: 20.060: Application time: 0.0002643 seconds
2021-07-18T02:32:56.910+1000: 20.061: Total time for which application threads were stopped: 0.0004779 seconds, Stopping threads took: 0.0001852 seconds
2021-07-18T02:32:56.911+1000: 20.061: Application time: 0.0006046 seconds
2021-07-18T02:32:56.911+1000: 20.062: Total time for which application threads were stopped: 0.0005113 seconds, Stopping threads took: 0.0001579 seconds
2021-07-18T02:32:56.912+1000: 20.062: Application time: 0.0002883 seconds
2021-07-18T02:32:56.912+1000: 20.063: Total time for which application threads were stopped: 0.0003644 seconds, Stopping threads took: 0.0000925 seconds
2021-07-18T02:32:56.913+1000: 20.063: Application time: 0.0005602 seconds
2021-07-18T02:32:56.913+1000: 20.064: Total time for which application threads were stopped: 0.0003929 seconds, Stopping threads took: 0.0001079 seconds
2021-07-18T02:32:56.915+1000: 20.066: Application time: 0.0024512 seconds
2021-07-18T02:32:56.916+1000: 20.067: Total time for which application threads were stopped: 0.0005174 seconds, Stopping threads took: 0.0002009 seconds
2021-07-18T02:32:56.916+1000: 20.067: Application time: 0.0001481 seconds
2021-07-18T02:32:56.917+1000: 20.067: Total time for which application threads were stopped: 0.0004109 seconds, Stopping threads took: 0.0001338 seconds
2021-07-18T02:32:56.940+1000: 20.091: Application time: 0.0238019 seconds
2021-07-18T02:32:56.942+1000: 20.092: Total time for which application threads were stopped: 0.0013671 seconds, Stopping threads took: 0.0003828 seconds
2021-07-18T02:32:56.952+1000: 20.103: Application time: 0.0104501 seconds
2021-07-18T02:32:56.954+1000: 20.104: Total time for which application threads were stopped: 0.0014487 seconds, Stopping threads took: 0.0005477 seconds
2021-07-18T02:32:57.006+1000: 20.157: Application time: 0.0526485 seconds
2021-07-18T02:32:57.013+1000: 20.164: Total time for which application threads were stopped: 0.0067088 seconds, Stopping threads took: 0.0059175 seconds
2021-07-18T02:32:57.018+1000: 20.169: Application time: 0.0054283 seconds
2021-07-18T02:32:57.020+1000: 20.170: [GC (Allocation Failure) Before GC:
Statistics for BinaryTreeDictionary:
------------------------------------
Total Free Space: 4077213
Max   Chunk Size: 3265536
Number of Blocks: 18
Av.  Block  Size: 226511
Tree      Height: 7
2021-07-18T02:32:57.020+1000: 20.170: [ParNew
Desired survivor size 10452992 bytes, new threshold 1 (max 15)
- age   1:   13843944 bytes,   13843944 total
- age   2:        520 bytes,   13844464 total
- age   3:     162952 bytes,   14007416 total
- age   4:    4460408 bytes,   18467824 total
: 171771K->20415K(184320K), 0.0633610 secs] 333602K->187268K(381596K)After GC:
Statistics for BinaryTreeDictionary:
------------------------------------
Total Free Space: 3568726
Max   Chunk Size: 3265536
Number of Blocks: 5
Av.  Block  Size: 713745
Tree      Height: 3
, 0.0637033 secs] [Times: user=0.19 sys=0.01, real=0.07 secs] 
2021-07-18T02:32:57.083+1000: 20.234: Total time for which application threads were stopped: 0.0650784 seconds, Stopping threads took: 0.0003534 seconds
2021-07-18T02:32:57.100+1000: 20.251: Application time: 0.0170215 seconds
2021-07-18T02:32:57.101+1000: 20.252: Total time for which application threads were stopped: 0.0008516 seconds, Stopping threads took: 0.0003067 seconds
2021-07-18T02:32:57.105+1000: 20.255: Application time: 0.0032536 seconds
2021-07-18T02:32:57.105+1000: 20.256: Total time for which application threads were stopped: 0.0006135 seconds, Stopping threads took: 0.0002207 seconds
2021-07-18T02:32:57.114+1000: 20.264: Application time: 0.0085234 seconds
2021-07-18T02:32:57.115+1000: 20.265: Total time for which application threads were stopped: 0.0008883 seconds, Stopping threads took: 0.0003640 seconds
2021-07-18T02:32:57.155+1000: 20.306: Application time: 0.0404993 seconds
2021-07-18T02:32:57.156+1000: 20.307: Total time for which application threads were stopped: 0.0010536 seconds, Stopping threads took: 0.0004857 seconds
2021-07-18T02:32:57.157+1000: 20.307: Application time: 0.0005229 seconds
2021-07-18T02:32:57.157+1000: 20.308: Total time for which application threads were stopped: 0.0004151 seconds, Stopping threads took: 0.0001327 seconds
2021-07-18T02:32:57.190+1000: 20.340: Application time: 0.0324609 seconds
2021-07-18T02:32:57.190+1000: 20.341: Total time for which application threads were stopped: 0.0008820 seconds, Stopping threads took: 0.0002779 seconds
2021-07-18T02:32:57.197+1000: 20.348: Application time: 0.0069073 seconds
2021-07-18T02:32:57.201+1000: 20.351: Total time for which application threads were stopped: 0.0034520 seconds, Stopping threads took: 0.0028629 seconds
2021-07-18T02:32:57.201+1000: 20.352: Application time: 0.0005072 seconds
2021-07-18T02:32:57.202+1000: 20.353: Total time for which application threads were stopped: 0.0005306 seconds, Stopping threads took: 0.0002286 seconds
2021-07-18T02:32:57.202+1000: 20.353: Application time: 0.0002719 seconds
2021-07-18T02:32:57.203+1000: 20.353: Total time for which application threads were stopped: 0.0004875 seconds, Stopping threads took: 0.0002086 seconds
2021-07-18T02:32:57.203+1000: 20.354: Application time: 0.0003930 seconds
2021-07-18T02:32:57.204+1000: 20.354: Total time for which application threads were stopped: 0.0005587 seconds, Stopping threads took: 0.0002342 seconds
2021-07-18T02:32:57.204+1000: 20.354: Application time: 0.0001840 seconds
2021-07-18T02:32:57.205+1000: 20.355: Total time for which application threads were stopped: 0.0009642 seconds, Stopping threads took: 0.0006707 seconds
2021-07-18T02:32:57.205+1000: 20.356: Application time: 0.0001365 seconds
2021-07-18T02:32:57.205+1000: 20.356: Total time for which application threads were stopped: 0.0005846 seconds, Stopping threads took: 0.0002803 seconds
2021-07-18T02:32:57.206+1000: 20.356: Application time: 0.0001126 seconds
2021-07-18T02:32:57.206+1000: 20.357: Total time for which application threads were stopped: 0.0008977 seconds, Stopping threads took: 0.0006077 seconds
2021-07-18T02:32:57.207+1000: 20.357: Application time: 0.0001145 seconds
2021-07-18T02:32:57.207+1000: 20.358: Total time for which application threads were stopped: 0.0003438 seconds, Stopping threads took: 0.0000730 seconds
2021-07-18T02:32:57.207+1000: 20.358: Application time: 0.0000832 seconds
2021-07-18T02:32:57.207+1000: 20.358: Total time for which application threads were stopped: 0.0004089 seconds, Stopping threads took: 0.0001289 seconds
2021-07-18T02:32:57.210+1000: 20.360: Application time: 0.0023013 seconds
2021-07-18T02:32:57.210+1000: 20.361: Total time for which application threads were stopped: 0.0006151 seconds, Stopping threads took: 0.0003198 seconds
2021-07-18T02:32:57.264+1000: 20.414: Application time: 0.0532405 seconds
2021-07-18T02:32:57.268+1000: 20.419: Total time for which application threads were stopped: 0.0046464 seconds, Stopping threads took: 0.0025127 seconds
2021-07-18T02:32:57.367+1000: 20.517: Application time: 0.0984394 seconds
2021-07-18T02:32:57.370+1000: 20.521: Total time for which application threads were stopped: 0.0036520 seconds, Stopping threads took: 0.0007954 seconds
2021-07-18T02:32:57.455+1000: 20.605: Application time: 0.0844981 seconds
2021-07-18T02:32:57.459+1000: 20.609: Total time for which application threads were stopped: 0.0038038 seconds, Stopping threads took: 0.0005542 seconds
2021-07-18T02:32:57.599+1000: 20.749: Application time: 0.1401378 seconds
2021-07-18T02:32:57.600+1000: 20.751: Total time for which application threads were stopped: 0.0010833 seconds, Stopping threads took: 0.0003722 seconds
2021-07-18T02:32:57.600+1000: 20.751: Application time: 0.0003231 seconds
2021-07-18T02:32:57.601+1000: 20.751: Total time for which application threads were stopped: 0.0004089 seconds, Stopping threads took: 0.0001119 seconds
2021-07-18T02:32:57.605+1000: 20.755: Application time: 0.0042253 seconds
2021-07-18T02:32:57.606+1000: 20.756: Total time for which application threads were stopped: 0.0008392 seconds, Stopping threads took: 0.0003573 seconds
2021-07-18T02:32:57.606+1000: 20.756: Application time: 0.0001336 seconds
2021-07-18T02:32:57.609+1000: 20.760: Total time for which application threads were stopped: 0.0035018 seconds, Stopping threads took: 0.0015285 seconds
2021-07-18T02:32:57.621+1000: 20.772: Application time: 0.0117227 seconds
2021-07-18T02:32:57.622+1000: 20.773: Total time for which application threads were stopped: 0.0011187 seconds, Stopping threads took: 0.0004400 seconds
2021-07-18T02:32:57.640+1000: 20.790: Application time: 0.0175031 seconds
2021-07-18T02:32:57.641+1000: 20.791: Total time for which application threads were stopped: 0.0010553 seconds, Stopping threads took: 0.0003654 seconds
2021-07-18T02:32:57.641+1000: 20.791: Application time: 0.0001006 seconds
2021-07-18T02:32:57.641+1000: 20.792: Total time for which application threads were stopped: 0.0004789 seconds, Stopping threads took: 0.0001989 seconds
2021-07-18T02:32:57.641+1000: 20.792: Application time: 0.0000983 seconds
2021-07-18T02:32:57.642+1000: 20.793: Total time for which application threads were stopped: 0.0004884 seconds, Stopping threads took: 0.0001683 seconds
2021-07-18T02:32:57.642+1000: 20.793: Application time: 0.0001382 seconds
2021-07-18T02:32:57.643+1000: 20.793: Total time for which application threads were stopped: 0.0005119 seconds, Stopping threads took: 0.0002240 seconds
2021-07-18T02:32:57.643+1000: 20.793: Application time: 0.0000958 seconds
2021-07-18T02:32:57.643+1000: 20.794: Total time for which application threads were stopped: 0.0003656 seconds, Stopping threads took: 0.0000896 seconds
2021-07-18T02:32:57.643+1000: 20.794: Application time: 0.0001020 seconds
2021-07-18T02:32:57.644+1000: 20.794: Total time for which application threads were stopped: 0.0004036 seconds, Stopping threads took: 0.0001366 seconds
2021-07-18T02:32:57.829+1000: 20.980: Application time: 0.1857500 seconds
2021-07-18T02:32:57.830+1000: 20.981: Total time for which application threads were stopped: 0.0009592 seconds, Stopping threads took: 0.0002299 seconds
2021-07-18T02:32:57.953+1000: 21.104: Application time: 0.1228445 seconds
2021-07-18T02:32:57.954+1000: 21.105: Total time for which application threads were stopped: 0.0009384 seconds, Stopping threads took: 0.0001846 seconds
2021-07-18T02:32:57.954+1000: 21.105: Application time: 0.0003200 seconds
2021-07-18T02:32:57.955+1000: 21.106: Total time for which application threads were stopped: 0.0004906 seconds, Stopping threads took: 0.0000932 seconds
2021-07-18T02:32:57.957+1000: 21.108: Application time: 0.0022475 seconds
2021-07-18T02:32:57.958+1000: 21.108: Total time for which application threads were stopped: 0.0005497 seconds, Stopping threads took: 0.0000873 seconds
2021-07-18T02:32:57.958+1000: 21.109: Application time: 0.0001905 seconds
2021-07-18T02:32:57.958+1000: 21.109: Total time for which application threads were stopped: 0.0004877 seconds, Stopping threads took: 0.0000901 seconds
2021-07-18T02:32:57.959+1000: 21.109: Application time: 0.0002605 seconds
2021-07-18T02:32:57.959+1000: 21.110: Total time for which application threads were stopped: 0.0005996 seconds, Stopping threads took: 0.0001024 seconds
2021-07-18T02:32:57.964+1000: 21.115: Application time: 0.0050990 seconds
2021-07-18T02:32:57.965+1000: 21.116: Total time for which application threads were stopped: 0.0007093 seconds, Stopping threads took: 0.0001640 seconds
2021-07-18T02:32:58.128+1000: 21.279: Application time: 0.1633462 seconds
2021-07-18T02:32:58.129+1000: 21.280: Total time for which application threads were stopped: 0.0007502 seconds, Stopping threads took: 0.0001568 seconds
2021-07-18T02:32:58.134+1000: 21.285: Application time: 0.0048065 seconds
2021-07-18T02:32:58.136+1000: 21.286: Total time for which application threads were stopped: 0.0016758 seconds, Stopping threads took: 0.0001173 seconds
2021-07-18T02:32:58.136+1000: 21.287: Application time: 0.0007299 seconds
2021-07-18T02:32:58.137+1000: 21.288: Total time for which application threads were stopped: 0.0006839 seconds, Stopping threads took: 0.0000772 seconds
2021-07-18T02:32:58.919+1000: 22.070: Application time: 0.7818899 seconds
2021-07-18T02:32:58.926+1000: 22.077: Total time for which application threads were stopped: 0.0072026 seconds, Stopping threads took: 0.0003303 seconds
2021-07-18T02:32:58.926+1000: 22.077: Application time: 0.0003417 seconds
2021-07-18T02:32:58.927+1000: 22.078: Total time for which application threads were stopped: 0.0007222 seconds, Stopping threads took: 0.0001977 seconds
2021-07-18T02:32:59.112+1000: 22.263: Application time: 0.1851589 seconds
2021-07-18T02:32:59.115+1000: 22.266: Total time for which application threads were stopped: 0.0029288 seconds, Stopping threads took: 0.0003461 seconds
2021-07-18T02:32:59.138+1000: 22.289: Application time: 0.0226657 seconds
2021-07-18T02:32:59.139+1000: 22.290: Total time for which application threads were stopped: 0.0014648 seconds, Stopping threads took: 0.0003965 seconds
2021-07-18T02:32:59.651+1000: 22.801: Application time: 0.5112592 seconds
2021-07-18T02:32:59.652+1000: 22.802: Total time for which application threads were stopped: 0.0009702 seconds, Stopping threads took: 0.0002234 seconds
2021-07-18T02:33:00.159+1000: 23.310: Application time: 0.5076890 seconds
2021-07-18T02:33:00.160+1000: 23.311: Total time for which application threads were stopped: 0.0009906 seconds, Stopping threads took: 0.0001919 seconds
2021-07-18T02:33:00.231+1000: 23.381: Application time: 0.0702212 seconds
2021-07-18T02:33:00.231+1000: 23.382: Total time for which application threads were stopped: 0.0008547 seconds, Stopping threads took: 0.0002734 seconds
2021-07-18T02:33:00.776+1000: 23.926: Application time: 0.5441582 seconds
2021-07-18T02:33:00.777+1000: 23.927: [GC (Allocation Failure) Before GC:
Statistics for BinaryTreeDictionary:
------------------------------------
Total Free Space: 3568726
Max   Chunk Size: 3265536
Number of Blocks: 5
Av.  Block  Size: 713745
Tree      Height: 3
2021-07-18T02:33:00.777+1000: 23.927: [ParNew
Desired survivor size 10452992 bytes, new threshold 1 (max 15)
- age   1:   18695632 bytes,   18695632 total
: 184319K->20416K(184320K), 0.1290295 secs] 351172K->208115K(381596K)After GC:
Statistics for BinaryTreeDictionary:
------------------------------------
Total Free Space: 808989
Max   Chunk Size: 808989
Number of Blocks: 1
Av.  Block  Size: 808989
Tree      Height: 1
, 0.1293899 secs] [Times: user=0.53 sys=0.02, real=0.13 secs] 
2021-07-18T02:33:00.906+1000: 24.057: Total time for which application threads were stopped: 0.1307227 seconds, Stopping threads took: 0.0002374 seconds
2021-07-18T02:33:00.907+1000: 24.057: Application time: 0.0002286 seconds
2021-07-18T02:33:00.907+1000: 24.058: [GC (CMS Initial Mark) [1 CMS-initial-mark: 187699K(197276K)] 209722K(381596K), 0.0137963 secs] [Times: user=0.05 sys=0.00, real=0.01 secs] 
2021-07-18T02:33:00.922+1000: 24.072: Total time for which application threads were stopped: 0.0151238 seconds, Stopping threads took: 0.0002698 seconds
2021-07-18T02:33:00.922+1000: 24.072: [CMS-concurrent-mark-start]
2021-07-18T02:33:00.923+1000: 24.074: Application time: 0.0016657 seconds
2021-07-18T02:33:00.924+1000: 24.075: Total time for which application threads were stopped: 0.0010630 seconds, Stopping threads took: 0.0002296 seconds
2021-07-18T02:33:01.060+1000: 24.211: [CMS-concurrent-mark: 0.137/0.139 secs] [Times: user=1.57 sys=0.01, real=0.13 secs] 
2021-07-18T02:33:01.061+1000: 24.211: [CMS-concurrent-preclean-start]
2021-07-18T02:33:01.067+1000: 24.217: [CMS-concurrent-preclean: 0.006/0.006 secs] [Times: user=0.07 sys=0.00, real=0.01 secs] 
2021-07-18T02:33:01.067+1000: 24.217: [CMS-concurrent-abortable-preclean-start]
2021-07-18T02:33:01.292+1000: 24.442: Application time: 0.3672641 seconds
2021-07-18T02:33:01.294+1000: 24.445: Total time for which application threads were stopped: 0.0021839 seconds, Stopping threads took: 0.0001948 seconds
2021-07-18T02:33:02.113+1000: 25.264: Application time: 0.8194026 seconds
2021-07-18T02:33:02.114+1000: 25.265: [GC (Allocation Failure) Before GC:
Statistics for BinaryTreeDictionary:
------------------------------------
Total Free Space: 808989
Max   Chunk Size: 808989
Number of Blocks: 1
Av.  Block  Size: 808989
Tree      Height: 1
2021-07-18T02:33:02.114+1000: 25.265: [ParNew2021-07-18T02:33:02.132+1000: 25.283: [CMS-concurrent-abortable-preclean: 0.570/1.065 secs] [Times: user=6.68 sys=0.16, real=1.06 secs] 

Desired survivor size 10452992 bytes, new threshold 1 (max 15)
- age   1:   12870384 bytes,   12870384 total
: 184320K->20416K(184320K), 0.0888895 secs] 372019K->227640K(395036K)After GC:
Statistics for BinaryTreeDictionary:
------------------------------------
Total Free Space: 11517
Max   Chunk Size: 11517
Number of Blocks: 1
Av.  Block  Size: 11517
Tree      Height: 1
, 0.0891513 secs] [Times: user=0.33 sys=0.03, real=0.09 secs] 
2021-07-18T02:33:02.204+1000: 25.354: Total time for which application threads were stopped: 0.0903980 seconds, Stopping threads took: 0.0001967 seconds
2021-07-18T02:33:02.204+1000: 25.355: Application time: 0.0002759 seconds
2021-07-18T02:33:02.205+1000: 25.356: [GC (CMS Final Remark) [YG occupancy: 22599 K (184320 K)]2021-07-18T02:33:02.205+1000: 25.356: [GC (CMS Final Remark) Before GC:
Statistics for BinaryTreeDictionary:
------------------------------------
Total Free Space: 11517
Max   Chunk Size: 11517
Number of Blocks: 1
Av.  Block  Size: 11517
Tree      Height: 1
2021-07-18T02:33:02.205+1000: 25.356: [ParNew
Desired survivor size 10452992 bytes, new threshold 15 (max 15)
- age   1:       5168 bytes,       5168 total
: 22599K->2518K(184320K), 0.0791682 secs] 229824K->222312K(407708K)After GC:
Statistics for BinaryTreeDictionary:
------------------------------------
Total Free Space: 9171
Max   Chunk Size: 9171
Number of Blocks: 1
Av.  Block  Size: 9171
Tree      Height: 1
, 0.0793499 secs] [Times: user=0.19 sys=0.01, real=0.08 secs] 
2021-07-18T02:33:02.285+1000: 25.435: [Rescan (parallel) , 0.0084185 secs]2021-07-18T02:33:02.293+1000: 25.444: [weak refs processing, 0.0028630 secs]2021-07-18T02:33:02.296+1000: 25.447: [class unloading, 0.0162264 secs]2021-07-18T02:33:02.312+1000: 25.463: [scrub symbol table, 0.0375914 secs]2021-07-18T02:33:02.350+1000: 25.501: [scrub string table, 0.0018766 secs][1 CMS-remark: 219793K(223388K)] 222312K(407708K), 0.1468768 secs] [Times: user=0.33 sys=0.03, real=0.14 secs] 
2021-07-18T02:33:02.352+1000: 25.503: Total time for which application threads were stopped: 0.1482048 seconds, Stopping threads took: 0.0004930 seconds
2021-07-18T02:33:02.353+1000: 25.503: [CMS-concurrent-sweep-start]
CMS: Large Block: 0x00007fe38f215168; Proximity: 0x00007fe38bdf1190 -> 0x00007fe38efe6ca8
2021-07-18T02:33:02.421+1000: 25.571: Application time: 0.0684308 seconds
2021-07-18T02:33:02.422+1000: 25.573: Total time for which application threads were stopped: 0.0015135 seconds, Stopping threads took: 0.0003821 seconds
CMS: Large block 0x00007fe388991070
2021-07-18T02:33:02.432+1000: 25.583: [CMS-concurrent-sweep: 0.078/0.080 secs] [Times: user=0.27 sys=0.00, real=0.08 secs] 
2021-07-18T02:33:02.433+1000: 25.584: [CMS-concurrent-reset-start]
2021-07-18T02:33:02.848+1000: 25.998: [CMS-concurrent-reset: 0.414/0.414 secs] [Times: user=1.74 sys=0.03, real=0.42 secs] 
2021-07-18T02:33:02.855+1000: 26.006: Application time: 0.4329300 seconds
2021-07-18T02:33:02.856+1000: 26.007: [GC (Allocation Failure) Before GC:
Statistics for BinaryTreeDictionary:
------------------------------------
Total Free Space: 15751618
Max   Chunk Size: 14311936
Number of Blocks: 668
Av.  Block  Size: 23580
Tree      Height: 20
2021-07-18T02:33:02.857+1000: 26.007: [ParNew
Desired survivor size 10452992 bytes, new threshold 15 (max 15)
- age   1:    4718616 bytes,    4718616 total
- age   2:        400 bytes,    4719016 total
: 166422K->6116K(184320K), 0.0354016 secs] 367542K->207236K(519520K)After GC:
Statistics for BinaryTreeDictionary:
------------------------------------
Total Free Space: 15751618
Max   Chunk Size: 14311936
Number of Blocks: 668
Av.  Block  Size: 23580
Tree      Height: 20
, 0.0370608 secs] [Times: user=0.08 sys=0.01, real=0.04 secs] 
2021-07-18T02:33:02.894+1000: 26.045: Total time for which application threads were stopped: 0.0387963 seconds, Stopping threads took: 0.0002671 seconds
2021-07-18T02:33:03.287+1000: 26.438: Application time: 0.3934747 seconds
2021-07-18T02:33:03.290+1000: 26.441: Total time for which application threads were stopped: 0.0027186 seconds, Stopping threads took: 0.0002090 seconds
2021-07-18T02:33:03.782+1000: 26.933: Application time: 0.4921294 seconds
2021-07-18T02:33:03.783+1000: 26.934: [GC (Allocation Failure) Before GC:
Statistics for BinaryTreeDictionary:
------------------------------------
Total Free Space: 15751618
Max   Chunk Size: 14311936
Number of Blocks: 668
Av.  Block  Size: 23580
Tree      Height: 20
2021-07-18T02:33:03.784+1000: 26.934: [ParNew
Desired survivor size 10452992 bytes, new threshold 2 (max 15)
- age   1:    9322680 bytes,    9322680 total
- age   2:    4684128 bytes,   14006808 total
- age   3:        400 bytes,   14007208 total
: 170020K->15137K(184320K), 0.0214720 secs] 371140K->216257K(519520K)After GC:
Statistics for BinaryTreeDictionary:
------------------------------------
Total Free Space: 15751618
Max   Chunk Size: 14311936
Number of Blocks: 668
Av.  Block  Size: 23580
Tree      Height: 20
, 0.0222591 secs] [Times: user=0.12 sys=0.00, real=0.02 secs] 
2021-07-18T02:33:03.806+1000: 26.957: Total time for which application threads were stopped: 0.0238429 seconds, Stopping threads took: 0.0003656 seconds
2021-07-18T02:33:03.945+1000: 27.095: Application time: 0.1386644 seconds
2021-07-18T02:33:03.947+1000: 27.098: Total time for which application threads were stopped: 0.0023625 seconds, Stopping threads took: 0.0002959 seconds
2021-07-18T02:33:04.298+1000: 27.449: Application time: 0.3511944 seconds
2021-07-18T02:33:04.300+1000: 27.450: [GC (Allocation Failure) Before GC:
Statistics for BinaryTreeDictionary:
------------------------------------
Total Free Space: 15751618
Max   Chunk Size: 14311936
Number of Blocks: 668
Av.  Block  Size: 23580
Tree      Height: 20
2021-07-18T02:33:04.300+1000: 27.451: [ParNew
Desired survivor size 10452992 bytes, new threshold 1 (max 15)
- age   1:   13202288 bytes,   13202288 total
- age   2:    7700776 bytes,   20903064 total
: 179041K->20416K(184320K), 0.0581194 secs] 380161K->231141K(519520K)After GC:
Statistics for BinaryTreeDictionary:
------------------------------------
Total Free Space: 14507402
Max   Chunk Size: 14308240
Number of Blocks: 283
Av.  Block  Size: 51262
Tree      Height: 18
, 0.0587213 secs] [Times: user=0.22 sys=0.01, real=0.06 secs] 
2021-07-18T02:33:04.359+1000: 27.510: Total time for which application threads were stopped: 0.0606528 seconds, Stopping threads took: 0.0003852 seconds
2021-07-18T02:33:04.808+1000: 27.958: Application time: 0.4488052 seconds
2021-07-18T02:33:04.810+1000: 27.961: [GC (Allocation Failure) Before GC:
Statistics for BinaryTreeDictionary:
------------------------------------
Total Free Space: 14507402
Max   Chunk Size: 14308240
Number of Blocks: 283
Av.  Block  Size: 51262
Tree      Height: 18
2021-07-18T02:33:04.811+1000: 27.961: [ParNew
Desired survivor size 10452992 bytes, new threshold 1 (max 15)
- age   1:   14888776 bytes,   14888776 total
: 184320K->20416K(184320K), 0.1343639 secs] 395045K->254476K(519520K)After GC:
Statistics for BinaryTreeDictionary:
------------------------------------
Total Free Space: 10701924
Max   Chunk Size: 10701924
Number of Blocks: 1
Av.  Block  Size: 10701924
Tree      Height: 1
, 0.1348279 secs] [Times: user=0.57 sys=0.05, real=0.14 secs] 
2021-07-18T02:33:04.946+1000: 28.096: Total time for which application threads were stopped: 0.1378592 seconds, Stopping threads took: 0.0003615 seconds
2021-07-18T02:33:05.946+1000: 29.096: Application time: 1.0002297 seconds
2021-07-18T02:33:05.947+1000: 29.098: Total time for which application threads were stopped: 0.0011120 seconds, Stopping threads took: 0.0002286 seconds
2021-07-18T02:33:06.947+1000: 30.098: Application time: 1.0001789 seconds
2021-07-18T02:33:06.948+1000: 30.099: Total time for which application threads were stopped: 0.0011021 seconds, Stopping threads took: 0.0002231 seconds
2021-07-18T02:33:07.444+1000: 30.595: Application time: 0.4958525 seconds
2021-07-18T02:33:07.445+1000: 30.596: [GC (Allocation Failure) Before GC:
Statistics for BinaryTreeDictionary:
------------------------------------
Total Free Space: 10701924
Max   Chunk Size: 10701924
Number of Blocks: 1
Av.  Block  Size: 10701924
Tree      Height: 1
2021-07-18T02:33:07.445+1000: 30.596: [ParNew
Desired survivor size 10452992 bytes, new threshold 1 (max 15)
- age   1:   14372704 bytes,   14372704 total
: 184320K->20416K(184320K), 0.0604593 secs] 418380K->269664K(519520K)After GC:
Statistics for BinaryTreeDictionary:
------------------------------------
Total Free Space: 9062748
Max   Chunk Size: 9062748
Number of Blocks: 1
Av.  Block  Size: 9062748
Tree      Height: 1
, 0.0607728 secs] [Times: user=0.28 sys=0.02, real=0.06 secs] 
2021-07-18T02:33:07.506+1000: 30.657: Total time for which application threads were stopped: 0.0623410 seconds, Stopping threads took: 0.0002419 seconds
2021-07-18T02:33:08.507+1000: 31.657: Application time: 1.0001777 seconds
2021-07-18T02:33:08.507+1000: 31.658: Total time for which application threads were stopped: 0.0008655 seconds, Stopping threads took: 0.0002290 seconds
2021-07-18T02:33:09.488+1000: 32.639: Application time: 0.9804639 seconds
2021-07-18T02:33:09.490+1000: 32.641: Total time for which application threads were stopped: 0.0021214 seconds, Stopping threads took: 0.0008634 seconds
2021-07-18T02:33:09.490+1000: 32.641: Application time: 0.0002918 seconds
2021-07-18T02:33:09.491+1000: 32.642: Total time for which application threads were stopped: 0.0006441 seconds, Stopping threads took: 0.0003251 seconds
2021-07-18T02:33:09.491+1000: 32.642: Application time: 0.0004114 seconds
2021-07-18T02:33:09.492+1000: 32.643: Total time for which application threads were stopped: 0.0008324 seconds, Stopping threads took: 0.0004704 seconds
2021-07-18T02:33:09.496+1000: 32.646: Application time: 0.0033292 seconds
2021-07-18T02:33:09.499+1000: 32.650: Total time for which application threads were stopped: 0.0038609 seconds, Stopping threads took: 0.0004447 seconds
2021-07-18T02:33:09.545+1000: 32.696: Application time: 0.0459142 seconds
2021-07-18T02:33:09.552+1000: 32.703: Total time for which application threads were stopped: 0.0070402 seconds, Stopping threads took: 0.0020469 seconds
2021-07-18T02:33:09.625+1000: 32.775: Application time: 0.0721014 seconds
2021-07-18T02:33:09.626+1000: 32.776: Total time for which application threads were stopped: 0.0010453 seconds, Stopping threads took: 0.0002132 seconds
2021-07-18T02:33:09.626+1000: 32.776: Application time: 0.0001429 seconds
2021-07-18T02:33:09.626+1000: 32.777: Total time for which application threads were stopped: 0.0006880 seconds, Stopping threads took: 0.0003205 seconds
2021-07-18T02:33:09.633+1000: 32.783: Application time: 0.0063135 seconds
2021-07-18T02:33:09.634+1000: 32.784: Total time for which application threads were stopped: 0.0010502 seconds, Stopping threads took: 0.0002682 seconds
2021-07-18T02:33:09.642+1000: 32.792: Application time: 0.0078004 seconds
2021-07-18T02:33:09.642+1000: 32.793: Total time for which application threads were stopped: 0.0008628 seconds, Stopping threads took: 0.0003426 seconds
2021-07-18T02:33:09.643+1000: 32.794: Application time: 0.0005620 seconds
2021-07-18T02:33:09.644+1000: 32.794: Total time for which application threads were stopped: 0.0005319 seconds, Stopping threads took: 0.0001689 seconds
2021-07-18T02:33:09.644+1000: 32.794: Application time: 0.0001347 seconds
2021-07-18T02:33:09.644+1000: 32.795: Total time for which application threads were stopped: 0.0004870 seconds, Stopping threads took: 0.0001373 seconds
2021-07-18T02:33:09.644+1000: 32.795: Application time: 0.0001589 seconds
2021-07-18T02:33:09.645+1000: 32.795: Total time for which application threads were stopped: 0.0005003 seconds, Stopping threads took: 0.0001468 seconds
2021-07-18T02:33:09.645+1000: 32.796: Application time: 0.0001208 seconds
2021-07-18T02:33:09.645+1000: 32.796: Total time for which application threads were stopped: 0.0005275 seconds, Stopping threads took: 0.0001638 seconds
2021-07-18T02:33:09.646+1000: 32.796: Application time: 0.0002111 seconds
2021-07-18T02:33:09.646+1000: 32.797: Total time for which application threads were stopped: 0.0005330 seconds, Stopping threads took: 0.0001696 seconds
2021-07-18T02:33:09.646+1000: 32.797: Application time: 0.0001283 seconds
2021-07-18T02:33:09.647+1000: 32.797: Total time for which application threads were stopped: 0.0004221 seconds, Stopping threads took: 0.0000782 seconds
2021-07-18T02:33:09.656+1000: 32.806: Application time: 0.0090283 seconds
2021-07-18T02:33:09.657+1000: 32.808: Total time for which application threads were stopped: 0.0012741 seconds, Stopping threads took: 0.0003292 seconds
2021-07-18T02:33:09.657+1000: 32.808: Application time: 0.0001610 seconds
2021-07-18T02:33:09.662+1000: 32.813: Total time for which application threads were stopped: 0.0051210 seconds, Stopping threads took: 0.0001903 seconds
2021-07-18T02:33:09.664+1000: 32.814: Application time: 0.0012935 seconds
2021-07-18T02:33:09.665+1000: 32.815: Total time for which application threads were stopped: 0.0008695 seconds, Stopping threads took: 0.0002768 seconds
2021-07-18T02:33:09.666+1000: 32.817: Application time: 0.0016213 seconds
2021-07-18T02:33:09.667+1000: 32.817: Total time for which application threads were stopped: 0.0005548 seconds, Stopping threads took: 0.0001287 seconds
2021-07-18T02:33:09.667+1000: 32.818: Application time: 0.0002477 seconds
2021-07-18T02:33:09.668+1000: 32.818: Total time for which application threads were stopped: 0.0005257 seconds, Stopping threads took: 0.0001131 seconds
2021-07-18T02:33:09.668+1000: 32.818: Application time: 0.0001300 seconds
2021-07-18T02:33:09.668+1000: 32.819: Total time for which application threads were stopped: 0.0006859 seconds, Stopping threads took: 0.0002136 seconds
2021-07-18T02:33:09.685+1000: 32.835: Application time: 0.0163701 seconds
2021-07-18T02:33:09.688+1000: 32.838: Total time for which application threads were stopped: 0.0028090 seconds, Stopping threads took: 0.0003185 seconds
2021-07-18T02:33:09.688+1000: 32.839: Application time: 0.0008477 seconds
2021-07-18T02:33:09.690+1000: 32.840: Total time for which application threads were stopped: 0.0013317 seconds, Stopping threads took: 0.0001349 seconds
2021-07-18T02:33:09.695+1000: 32.846: Application time: 0.0052894 seconds
2021-07-18T02:33:09.696+1000: 32.847: Total time for which application threads were stopped: 0.0010066 seconds, Stopping threads took: 0.0003608 seconds
2021-07-18T02:33:09.703+1000: 32.854: Application time: 0.0074222 seconds
2021-07-18T02:33:09.707+1000: 32.857: Total time for which application threads were stopped: 0.0032981 seconds, Stopping threads took: 0.0003567 seconds
2021-07-18T02:33:09.712+1000: 32.863: Application time: 0.0054512 seconds
2021-07-18T02:33:09.715+1000: 32.866: Total time for which application threads were stopped: 0.0030556 seconds, Stopping threads took: 0.0002423 seconds
2021-07-18T02:33:09.829+1000: 32.980: Application time: 0.1138500 seconds
2021-07-18T02:33:09.831+1000: 32.981: Total time for which application threads were stopped: 0.0016032 seconds, Stopping threads took: 0.0005389 seconds
2021-07-18T02:33:09.897+1000: 33.048: Application time: 0.0668771 seconds
2021-07-18T02:33:09.901+1000: 33.051: Total time for which application threads were stopped: 0.0029998 seconds, Stopping threads took: 0.0016976 seconds
2021-07-18T02:33:09.909+1000: 33.060: Application time: 0.0086559 seconds
2021-07-18T02:33:09.911+1000: 33.062: Total time for which application threads were stopped: 0.0018203 seconds, Stopping threads took: 0.0005786 seconds
2021-07-18T02:33:09.912+1000: 33.062: Application time: 0.0006554 seconds
2021-07-18T02:33:09.913+1000: 33.063: Total time for which application threads were stopped: 0.0010790 seconds, Stopping threads took: 0.0002497 seconds
2021-07-18T02:33:09.913+1000: 33.064: Application time: 0.0001933 seconds
2021-07-18T02:33:09.914+1000: 33.065: Total time for which application threads were stopped: 0.0008834 seconds, Stopping threads took: 0.0002074 seconds
2021-07-18T02:33:09.914+1000: 33.065: Application time: 0.0003847 seconds
2021-07-18T02:33:09.915+1000: 33.066: Total time for which application threads were stopped: 0.0012057 seconds, Stopping threads took: 0.0005032 seconds
2021-07-18T02:33:09.985+1000: 33.136: Application time: 0.0695843 seconds
2021-07-18T02:33:09.989+1000: 33.140: Total time for which application threads were stopped: 0.0043651 seconds, Stopping threads took: 0.0030675 seconds
2021-07-18T02:33:09.992+1000: 33.142: Application time: 0.0023395 seconds
2021-07-18T02:33:09.995+1000: 33.146: Total time for which application threads were stopped: 0.0036616 seconds, Stopping threads took: 0.0001546 seconds
2021-07-18T02:33:10.008+1000: 33.158: Application time: 0.0123216 seconds
2021-07-18T02:33:10.009+1000: 33.160: Total time for which application threads were stopped: 0.0012513 seconds, Stopping threads took: 0.0002968 seconds
2021-07-18T02:33:10.047+1000: 33.198: Application time: 0.0378558 seconds
2021-07-18T02:33:10.054+1000: 33.205: Total time for which application threads were stopped: 0.0073290 seconds, Stopping threads took: 0.0061981 seconds
2021-07-18T02:33:10.055+1000: 33.206: Application time: 0.0008859 seconds
2021-07-18T02:33:10.056+1000: 33.207: Total time for which application threads were stopped: 0.0011598 seconds, Stopping threads took: 0.0006661 seconds
2021-07-18T02:33:10.324+1000: 33.475: Application time: 0.2676514 seconds
2021-07-18T02:33:10.326+1000: 33.476: Total time for which application threads were stopped: 0.0018067 seconds, Stopping threads took: 0.0007494 seconds
2021-07-18T02:33:10.373+1000: 33.524: Application time: 0.0472669 seconds
2021-07-18T02:33:10.387+1000: 33.537: Total time for which application threads were stopped: 0.0138156 seconds, Stopping threads took: 0.0128065 seconds
2021-07-18T02:33:10.392+1000: 33.543: Application time: 0.0051789 seconds
2021-07-18T02:33:10.393+1000: 33.544: Total time for which application threads were stopped: 0.0013855 seconds, Stopping threads took: 0.0004256 seconds
2021-07-18T02:33:10.403+1000: 33.553: Application time: 0.0092099 seconds
2021-07-18T02:33:10.404+1000: 33.555: Total time for which application threads were stopped: 0.0016206 seconds, Stopping threads took: 0.0005226 seconds
2021-07-18T02:33:10.455+1000: 33.606: Application time: 0.0506768 seconds
2021-07-18T02:33:10.458+1000: 33.608: Total time for which application threads were stopped: 0.0026582 seconds, Stopping threads took: 0.0006357 seconds
2021-07-18T02:33:10.505+1000: 33.656: Application time: 0.0478407 seconds
2021-07-18T02:33:10.508+1000: 33.659: Total time for which application threads were stopped: 0.0024578 seconds, Stopping threads took: 0.0005889 seconds
2021-07-18T02:33:10.525+1000: 33.676: Application time: 0.0171341 seconds
2021-07-18T02:33:10.535+1000: 33.686: Total time for which application threads were stopped: 0.0105071 seconds, Stopping threads took: 0.0091789 seconds
2021-07-18T02:33:10.547+1000: 33.698: Application time: 0.0114209 seconds
2021-07-18T02:33:10.550+1000: 33.700: [GC (Allocation Failure) Before GC:
Statistics for BinaryTreeDictionary:
------------------------------------
Total Free Space: 9062748
Max   Chunk Size: 9062748
Number of Blocks: 1
Av.  Block  Size: 9062748
Tree      Height: 1
2021-07-18T02:33:10.550+1000: 33.701: [ParNew
Desired survivor size 10452992 bytes, new threshold 1 (max 15)
- age   1:   12965600 bytes,   12965600 total
: 184320K->20261K(184320K), 0.1117756 secs] 433568K->283156K(519520K)After GC:
Statistics for BinaryTreeDictionary:
------------------------------------
Total Free Space: 7248164
Max   Chunk Size: 7248164
Number of Blocks: 1
Av.  Block  Size: 7248164
Tree      Height: 1
, 0.1122420 secs] [Times: user=0.82 sys=0.02, real=0.12 secs] 
2021-07-18T02:33:10.662+1000: 33.813: Total time for which application threads were stopped: 0.1154380 seconds, Stopping threads took: 0.0015331 seconds
2021-07-18T02:33:10.666+1000: 33.817: Application time: 0.0039907 seconds
2021-07-18T02:33:10.669+1000: 33.819: Total time for which application threads were stopped: 0.0022102 seconds, Stopping threads took: 0.0007348 seconds
2021-07-18T02:33:10.819+1000: 33.970: Application time: 0.1505431 seconds
2021-07-18T02:33:10.821+1000: 33.971: Total time for which application threads were stopped: 0.0014388 seconds, Stopping threads took: 0.0002873 seconds
2021-07-18T02:33:10.951+1000: 34.101: Application time: 0.1302172 seconds
2021-07-18T02:33:10.953+1000: 34.104: Total time for which application threads were stopped: 0.0022185 seconds, Stopping threads took: 0.0006065 seconds
2021-07-18T02:33:10.965+1000: 34.116: Application time: 0.0120380 seconds
2021-07-18T02:33:10.968+1000: 34.119: Total time for which application threads were stopped: 0.0032248 seconds, Stopping threads took: 0.0002828 seconds
2021-07-18T02:33:11.153+1000: 34.304: Application time: 0.1848334 seconds
2021-07-18T02:33:11.163+1000: 34.314: Total time for which application threads were stopped: 0.0097824 seconds, Stopping threads took: 0.0084568 seconds
2021-07-18T02:33:11.170+1000: 34.321: Application time: 0.0072560 seconds
2021-07-18T02:33:11.172+1000: 34.322: Total time for which application threads were stopped: 0.0013869 seconds, Stopping threads took: 0.0002992 seconds
2021-07-18T02:33:11.172+1000: 34.322: Application time: 0.0002108 seconds
2021-07-18T02:33:11.187+1000: 34.337: Total time for which application threads were stopped: 0.0149035 seconds, Stopping threads took: 0.0138015 seconds
2021-07-18T02:33:11.192+1000: 34.343: Application time: 0.0052373 seconds
2021-07-18T02:33:11.194+1000: 34.344: Total time for which application threads were stopped: 0.0016539 seconds, Stopping threads took: 0.0004082 seconds
2021-07-18T02:33:11.267+1000: 34.418: Application time: 0.0736690 seconds
2021-07-18T02:33:11.287+1000: 34.437: Total time for which application threads were stopped: 0.0195326 seconds, Stopping threads took: 0.0183814 seconds
2021-07-18T02:33:11.312+1000: 34.463: Application time: 0.0251427 seconds
2021-07-18T02:33:11.315+1000: 34.465: Total time for which application threads were stopped: 0.0028006 seconds, Stopping threads took: 0.0013956 seconds
2021-07-18T02:33:11.315+1000: 34.466: Application time: 0.0001543 seconds
2021-07-18T02:33:11.316+1000: 34.467: Total time for which application threads were stopped: 0.0010704 seconds, Stopping threads took: 0.0002367 seconds
2021-07-18T02:33:11.325+1000: 34.476: Application time: 0.0089601 seconds
2021-07-18T02:33:11.332+1000: 34.483: Total time for which application threads were stopped: 0.0071417 seconds, Stopping threads took: 0.0011484 seconds
2021-07-18T02:33:11.450+1000: 34.600: Application time: 0.1176523 seconds
2021-07-18T02:33:11.453+1000: 34.603: Total time for which application threads were stopped: 0.0028606 seconds, Stopping threads took: 0.0017409 seconds
2021-07-18T02:33:11.456+1000: 34.607: Application time: 0.0035587 seconds
2021-07-18T02:33:11.457+1000: 34.608: Total time for which application threads were stopped: 0.0012165 seconds, Stopping threads took: 0.0003228 seconds
2021-07-18T02:33:11.461+1000: 34.612: Application time: 0.0036638 seconds
2021-07-18T02:33:11.466+1000: 34.616: Total time for which application threads were stopped: 0.0045712 seconds, Stopping threads took: 0.0003765 seconds
2021-07-18T02:33:11.546+1000: 34.697: Application time: 0.0803000 seconds
2021-07-18T02:33:11.555+1000: 34.706: Total time for which application threads were stopped: 0.0090792 seconds, Stopping threads took: 0.0077996 seconds
2021-07-18T02:33:11.555+1000: 34.706: Application time: 0.0001945 seconds
2021-07-18T02:33:11.556+1000: 34.707: Total time for which application threads were stopped: 0.0010332 seconds, Stopping threads took: 0.0002538 seconds
2021-07-18T02:33:11.558+1000: 34.709: Application time: 0.0022614 seconds
2021-07-18T02:33:11.561+1000: 34.712: Total time for which application threads were stopped: 0.0024432 seconds, Stopping threads took: 0.0012268 seconds
2021-07-18T02:33:11.566+1000: 34.716: Application time: 0.0046000 seconds
2021-07-18T02:33:11.567+1000: 34.718: [GC (Allocation Failure) Before GC:
Statistics for BinaryTreeDictionary:
------------------------------------
Total Free Space: 7248164
Max   Chunk Size: 7248164
Number of Blocks: 1
Av.  Block  Size: 7248164
Tree      Height: 1
2021-07-18T02:33:11.567+1000: 34.718: [ParNew
Desired survivor size 10452992 bytes, new threshold 15 (max 15)
- age   1:    8019856 bytes,    8019856 total
: 184165K->10705K(184320K), 0.0447240 secs] 447060K->281884K(519520K)After GC:
Statistics for BinaryTreeDictionary:
------------------------------------
Total Free Space: 7002053
Max   Chunk Size: 7002053
Number of Blocks: 1
Av.  Block  Size: 7002053
Tree      Height: 1
, 0.0451976 secs] [Times: user=0.40 sys=0.01, real=0.04 secs] 
2021-07-18T02:33:11.613+1000: 34.763: Total time for which application threads were stopped: 0.0471477 seconds, Stopping threads took: 0.0004605 seconds
2021-07-18T02:33:11.667+1000: 34.818: Application time: 0.0541869 seconds
2021-07-18T02:33:11.668+1000: 34.819: Total time for which application threads were stopped: 0.0013664 seconds, Stopping threads took: 0.0003066 seconds
2021-07-18T02:33:11.698+1000: 34.849: Application time: 0.0296839 seconds
2021-07-18T02:33:11.702+1000: 34.853: Total time for which application threads were stopped: 0.0041240 seconds, Stopping threads took: 0.0004764 seconds
2021-07-18T02:33:11.716+1000: 34.866: Application time: 0.0134652 seconds
2021-07-18T02:33:11.717+1000: 34.868: Total time for which application threads were stopped: 0.0017550 seconds, Stopping threads took: 0.0004554 seconds
2021-07-18T02:33:11.816+1000: 34.967: Application time: 0.0989876 seconds
2021-07-18T02:33:11.818+1000: 34.968: [GC (Allocation Failure) Before GC:
Statistics for BinaryTreeDictionary:
------------------------------------
Total Free Space: 7002053
Max   Chunk Size: 7002053
Number of Blocks: 1
Av.  Block  Size: 7002053
Tree      Height: 1
2021-07-18T02:33:11.818+1000: 34.968: [ParNew
Desired survivor size 10452992 bytes, new threshold 15 (max 15)
- age   1:    4294632 bytes,    4294632 total
- age   2:    4291568 bytes,    8586200 total
: 174609K->10379K(184320K), 0.0235390 secs] 445788K->281558K(519520K)After GC:
Statistics for BinaryTreeDictionary:
------------------------------------
Total Free Space: 7002053
Max   Chunk Size: 7002053
Number of Blocks: 1
Av.  Block  Size: 7002053
Tree      Height: 1
, 0.0239860 secs] [Times: user=0.16 sys=0.01, real=0.03 secs] 
2021-07-18T02:33:11.842+1000: 34.993: Total time for which application threads were stopped: 0.0258760 seconds, Stopping threads took: 0.0003034 seconds
2021-07-18T02:33:11.935+1000: 35.086: Application time: 0.0929059 seconds
2021-07-18T02:33:11.939+1000: 35.089: Total time for which application threads were stopped: 0.0034300 seconds, Stopping threads took: 0.0004458 seconds
2021-07-18T02:33:12.062+1000: 35.213: Application time: 0.1236693 seconds
2021-07-18T02:33:12.064+1000: 35.215: [GC (Allocation Failure) Before GC:
Statistics for BinaryTreeDictionary:
------------------------------------
Total Free Space: 7002053
Max   Chunk Size: 7002053
Number of Blocks: 1
Av.  Block  Size: 7002053
Tree      Height: 1
2021-07-18T02:33:12.064+1000: 35.215: [ParNew
Desired survivor size 10452992 bytes, new threshold 3 (max 15)
- age   1:    5993016 bytes,    5993016 total
- age   2:    3775672 bytes,    9768688 total
- age   3:    3183688 bytes,   12952376 total
: 174283K->16160K(184320K), 0.0114788 secs] 445462K->287339K(519520K)After GC:
Statistics for BinaryTreeDictionary:
------------------------------------
Total Free Space: 7002053
Max   Chunk Size: 7002053
Number of Blocks: 1
Av.  Block  Size: 7002053
Tree      Height: 1
, 0.0119120 secs] [Times: user=0.15 sys=0.00, real=0.01 secs] 
2021-07-18T02:33:12.076+1000: 35.227: Total time for which application threads were stopped: 0.0141438 seconds, Stopping threads took: 0.0004205 seconds
2021-07-18T02:33:12.086+1000: 35.237: Application time: 0.0096376 seconds
2021-07-18T02:33:12.087+1000: 35.238: Total time for which application threads were stopped: 0.0013532 seconds, Stopping threads took: 0.0004054 seconds
2021-07-18T02:33:12.107+1000: 35.257: Application time: 0.0195213 seconds
2021-07-18T02:33:12.108+1000: 35.259: Total time for which application threads were stopped: 0.0013682 seconds, Stopping threads took: 0.0004267 seconds
2021-07-18T02:33:12.114+1000: 35.264: Application time: 0.0055200 seconds
2021-07-18T02:33:12.115+1000: 35.266: Total time for which application threads were stopped: 0.0014759 seconds, Stopping threads took: 0.0004923 seconds
2021-07-18T02:33:12.116+1000: 35.267: Application time: 0.0010061 seconds
2021-07-18T02:33:12.117+1000: 35.268: Total time for which application threads were stopped: 0.0009315 seconds, Stopping threads took: 0.0002560 seconds
2021-07-18T02:33:12.119+1000: 35.270: Application time: 0.0017063 seconds
2021-07-18T02:33:12.120+1000: 35.271: Total time for which application threads were stopped: 0.0013107 seconds, Stopping threads took: 0.0004640 seconds
2021-07-18T02:33:12.153+1000: 35.304: Application time: 0.0327476 seconds
2021-07-18T02:33:12.155+1000: 35.305: Total time for which application threads were stopped: 0.0017787 seconds, Stopping threads took: 0.0006248 seconds
2021-07-18T02:33:12.155+1000: 35.305: Application time: 0.0001332 seconds
2021-07-18T02:33:12.156+1000: 35.306: Total time for which application threads were stopped: 0.0009901 seconds, Stopping threads took: 0.0003455 seconds
2021-07-18T02:33:12.156+1000: 35.307: Application time: 0.0001966 seconds
2021-07-18T02:33:12.157+1000: 35.308: Total time for which application threads were stopped: 0.0009168 seconds, Stopping threads took: 0.0002770 seconds
2021-07-18T02:33:12.157+1000: 35.308: Application time: 0.0002355 seconds
2021-07-18T02:33:12.158+1000: 35.309: Total time for which application threads were stopped: 0.0010118 seconds, Stopping threads took: 0.0003690 seconds
2021-07-18T02:33:12.158+1000: 35.309: Application time: 0.0001524 seconds
2021-07-18T02:33:12.159+1000: 35.310: Total time for which application threads were stopped: 0.0007680 seconds, Stopping threads took: 0.0001353 seconds
2021-07-18T02:33:12.159+1000: 35.310: Application time: 0.0001367 seconds
2021-07-18T02:33:12.160+1000: 35.311: Total time for which application threads were stopped: 0.0010750 seconds, Stopping threads took: 0.0003000 seconds
2021-07-18T02:33:12.161+1000: 35.311: Application time: 0.0001625 seconds
2021-07-18T02:33:12.161+1000: 35.312: Total time for which application threads were stopped: 0.0009469 seconds, Stopping threads took: 0.0003084 seconds
2021-07-18T02:33:12.162+1000: 35.312: Application time: 0.0001618 seconds
2021-07-18T02:33:12.163+1000: 35.313: Total time for which application threads were stopped: 0.0009627 seconds, Stopping threads took: 0.0002833 seconds
2021-07-18T02:33:12.163+1000: 35.313: Application time: 0.0001417 seconds
2021-07-18T02:33:12.164+1000: 35.314: Total time for which application threads were stopped: 0.0009548 seconds, Stopping threads took: 0.0002685 seconds
2021-07-18T02:33:12.164+1000: 35.315: Application time: 0.0001675 seconds
2021-07-18T02:33:12.165+1000: 35.316: Total time for which application threads were stopped: 0.0010082 seconds, Stopping threads took: 0.0003270 seconds
2021-07-18T02:33:12.165+1000: 35.316: Application time: 0.0001555 seconds
2021-07-18T02:33:12.166+1000: 35.317: Total time for which application threads were stopped: 0.0009363 seconds, Stopping threads took: 0.0002606 seconds
2021-07-18T02:33:12.166+1000: 35.317: Application time: 0.0001458 seconds
2021-07-18T02:33:12.167+1000: 35.318: Total time for which application threads were stopped: 0.0009108 seconds, Stopping threads took: 0.0002403 seconds
2021-07-18T02:33:12.167+1000: 35.318: Application time: 0.0003297 seconds
2021-07-18T02:33:12.168+1000: 35.319: Total time for which application threads were stopped: 0.0009783 seconds, Stopping threads took: 0.0002265 seconds
2021-07-18T02:33:12.169+1000: 35.319: Application time: 0.0001610 seconds
2021-07-18T02:33:12.169+1000: 35.320: Total time for which application threads were stopped: 0.0010381 seconds, Stopping threads took: 0.0002330 seconds
2021-07-18T02:33:12.170+1000: 35.320: Application time: 0.0001459 seconds
2021-07-18T02:33:12.171+1000: 35.321: Total time for which application threads were stopped: 0.0009113 seconds, Stopping threads took: 0.0002683 seconds
2021-07-18T02:33:12.171+1000: 35.321: Application time: 0.0001903 seconds
2021-07-18T02:33:12.172+1000: 35.322: Total time for which application threads were stopped: 0.0009135 seconds, Stopping threads took: 0.0002851 seconds
2021-07-18T02:33:12.172+1000: 35.323: Application time: 0.0001411 seconds
2021-07-18T02:33:12.173+1000: 35.323: Total time for which application threads were stopped: 0.0008893 seconds, Stopping threads took: 0.0002731 seconds
2021-07-18T02:33:12.173+1000: 35.324: Application time: 0.0001461 seconds
2021-07-18T02:33:12.174+1000: 35.325: Total time for which application threads were stopped: 0.0010040 seconds, Stopping threads took: 0.0003519 seconds
2021-07-18T02:33:12.174+1000: 35.325: Application time: 0.0001859 seconds
2021-07-18T02:33:12.175+1000: 35.326: Total time for which application threads were stopped: 0.0009245 seconds, Stopping threads took: 0.0002822 seconds
2021-07-18T02:33:12.175+1000: 35.326: Application time: 0.0001502 seconds
2021-07-18T02:33:12.176+1000: 35.327: Total time for which application threads were stopped: 0.0008305 seconds, Stopping threads took: 0.0001935 seconds
2021-07-18T02:33:12.176+1000: 35.327: Application time: 0.0001570 seconds
2021-07-18T02:33:12.177+1000: 35.328: Total time for which application threads were stopped: 0.0008105 seconds, Stopping threads took: 0.0001965 seconds
2021-07-18T02:33:12.177+1000: 35.328: Application time: 0.0001540 seconds
2021-07-18T02:33:12.178+1000: 35.329: Total time for which application threads were stopped: 0.0008809 seconds, Stopping threads took: 0.0001875 seconds
2021-07-18T02:33:12.178+1000: 35.329: Application time: 0.0001339 seconds
2021-07-18T02:33:12.179+1000: 35.330: Total time for which application threads were stopped: 0.0008611 seconds, Stopping threads took: 0.0002381 seconds
2021-07-18T02:33:12.179+1000: 35.330: Application time: 0.0001263 seconds
2021-07-18T02:33:12.180+1000: 35.331: Total time for which application threads were stopped: 0.0008433 seconds, Stopping threads took: 0.0002428 seconds
2021-07-18T02:33:12.180+1000: 35.331: Application time: 0.0001363 seconds
2021-07-18T02:33:12.181+1000: 35.332: Total time for which application threads were stopped: 0.0007840 seconds, Stopping threads took: 0.0001872 seconds
2021-07-18T02:33:12.181+1000: 35.332: Application time: 0.0001278 seconds
2021-07-18T02:33:12.182+1000: 35.333: Total time for which application threads were stopped: 0.0008366 seconds, Stopping threads took: 0.0001849 seconds
2021-07-18T02:33:12.182+1000: 35.333: Application time: 0.0001491 seconds
2021-07-18T02:33:12.183+1000: 35.333: Total time for which application threads were stopped: 0.0007981 seconds, Stopping threads took: 0.0002053 seconds
2021-07-18T02:33:12.183+1000: 35.334: Application time: 0.0001458 seconds
2021-07-18T02:33:12.184+1000: 35.334: Total time for which application threads were stopped: 0.0008015 seconds, Stopping threads took: 0.0001977 seconds
2021-07-18T02:33:12.185+1000: 35.336: Application time: 0.0011154 seconds
2021-07-18T02:33:12.186+1000: 35.337: Total time for which application threads were stopped: 0.0009915 seconds, Stopping threads took: 0.0002494 seconds
2021-07-18T02:33:12.186+1000: 35.337: Application time: 0.0002203 seconds
2021-07-18T02:33:12.187+1000: 35.338: Total time for which application threads were stopped: 0.0008899 seconds, Stopping threads took: 0.0002448 seconds
2021-07-18T02:33:12.187+1000: 35.338: Application time: 0.0001533 seconds
2021-07-18T02:33:12.188+1000: 35.339: Total time for which application threads were stopped: 0.0009519 seconds, Stopping threads took: 0.0002334 seconds
2021-07-18T02:33:12.188+1000: 35.339: Application time: 0.0001341 seconds
2021-07-18T02:33:12.189+1000: 35.340: Total time for which application threads were stopped: 0.0009247 seconds, Stopping threads took: 0.0002365 seconds
2021-07-18T02:33:12.189+1000: 35.340: Application time: 0.0001383 seconds
2021-07-18T02:33:12.190+1000: 35.341: Total time for which application threads were stopped: 0.0010701 seconds, Stopping threads took: 0.0004544 seconds
2021-07-18T02:33:12.191+1000: 35.341: Application time: 0.0002151 seconds
2021-07-18T02:33:12.192+1000: 35.342: Total time for which application threads were stopped: 0.0009232 seconds, Stopping threads took: 0.0002938 seconds
2021-07-18T02:33:12.192+1000: 35.342: Application time: 0.0001270 seconds
2021-07-18T02:33:12.193+1000: 35.343: Total time for which application threads were stopped: 0.0008903 seconds, Stopping threads took: 0.0002873 seconds
2021-07-18T02:33:12.193+1000: 35.343: Application time: 0.0001364 seconds
2021-07-18T02:33:12.194+1000: 35.344: Total time for which application threads were stopped: 0.0009334 seconds, Stopping threads took: 0.0002889 seconds
2021-07-18T02:33:12.194+1000: 35.344: Application time: 0.0001439 seconds
2021-07-18T02:33:12.195+1000: 35.346: Total time for which application threads were stopped: 0.0016185 seconds, Stopping threads took: 0.0002774 seconds
2021-07-18T02:33:12.196+1000: 35.346: Application time: 0.0001352 seconds
2021-07-18T02:33:12.196+1000: 35.347: Total time for which application threads were stopped: 0.0009304 seconds, Stopping threads took: 0.0002508 seconds
2021-07-18T02:33:12.197+1000: 35.347: Application time: 0.0001420 seconds
2021-07-18T02:33:12.198+1000: 35.348: Total time for which application threads were stopped: 0.0009667 seconds, Stopping threads took: 0.0002840 seconds
2021-07-18T02:33:12.198+1000: 35.348: Application time: 0.0001838 seconds
2021-07-18T02:33:12.199+1000: 35.349: Total time for which application threads were stopped: 0.0008695 seconds, Stopping threads took: 0.0002154 seconds
2021-07-18T02:33:12.199+1000: 35.349: Application time: 0.0001363 seconds
2021-07-18T02:33:12.200+1000: 35.350: Total time for which application threads were stopped: 0.0008349 seconds, Stopping threads took: 0.0002043 seconds
2021-07-18T02:33:12.200+1000: 35.350: Application time: 0.0001302 seconds
2021-07-18T02:33:12.201+1000: 35.351: Total time for which application threads were stopped: 0.0008162 seconds, Stopping threads took: 0.0002033 seconds
2021-07-18T02:33:12.201+1000: 35.351: Application time: 0.0001435 seconds
2021-07-18T02:33:12.202+1000: 35.352: Total time for which application threads were stopped: 0.0008685 seconds, Stopping threads took: 0.0002025 seconds
2021-07-18T02:33:12.202+1000: 35.352: Application time: 0.0001432 seconds
2021-07-18T02:33:12.203+1000: 35.353: Total time for which application threads were stopped: 0.0008487 seconds, Stopping threads took: 0.0001880 seconds
2021-07-18T02:33:12.203+1000: 35.353: Application time: 0.0001465 seconds
2021-07-18T02:33:12.205+1000: 35.356: Total time for which application threads were stopped: 0.0021887 seconds, Stopping threads took: 0.0004279 seconds
2021-07-18T02:33:12.205+1000: 35.356: Application time: 0.0001897 seconds
2021-07-18T02:33:12.206+1000: 35.357: Total time for which application threads were stopped: 0.0009700 seconds, Stopping threads took: 0.0002064 seconds
2021-07-18T02:33:12.206+1000: 35.357: Application time: 0.0001392 seconds
2021-07-18T02:33:12.207+1000: 35.358: Total time for which application threads were stopped: 0.0007422 seconds, Stopping threads took: 0.0001097 seconds
2021-07-18T02:33:12.207+1000: 35.358: Application time: 0.0001253 seconds
2021-07-18T02:33:12.208+1000: 35.358: Total time for which application threads were stopped: 0.0006930 seconds, Stopping threads took: 0.0001052 seconds
2021-07-18T02:33:12.208+1000: 35.359: Application time: 0.0001418 seconds
2021-07-18T02:33:12.209+1000: 35.359: Total time for which application threads were stopped: 0.0007660 seconds, Stopping threads took: 0.0001054 seconds
2021-07-18T02:33:12.209+1000: 35.359: Application time: 0.0001178 seconds
2021-07-18T02:33:12.210+1000: 35.360: Total time for which application threads were stopped: 0.0007475 seconds, Stopping threads took: 0.0001053 seconds
2021-07-18T02:33:12.210+1000: 35.360: Application time: 0.0001343 seconds
2021-07-18T02:33:12.211+1000: 35.362: Total time for which application threads were stopped: 0.0013061 seconds, Stopping threads took: 0.0006472 seconds
2021-07-18T02:33:12.211+1000: 35.362: Application time: 0.0001638 seconds
2021-07-18T02:33:12.212+1000: 35.363: Total time for which application threads were stopped: 0.0008951 seconds, Stopping threads took: 0.0002835 seconds
2021-07-18T02:33:12.212+1000: 35.363: Application time: 0.0001555 seconds
2021-07-18T02:33:12.213+1000: 35.364: Total time for which application threads were stopped: 0.0008559 seconds, Stopping threads took: 0.0002399 seconds
2021-07-18T02:33:12.213+1000: 35.364: Application time: 0.0001520 seconds
2021-07-18T02:33:12.214+1000: 35.365: Total time for which application threads were stopped: 0.0009747 seconds, Stopping threads took: 0.0003610 seconds
2021-07-18T02:33:12.214+1000: 35.365: Application time: 0.0001625 seconds
2021-07-18T02:33:12.215+1000: 35.366: Total time for which application threads were stopped: 0.0008163 seconds, Stopping threads took: 0.0002105 seconds
2021-07-18T02:33:12.215+1000: 35.366: Application time: 0.0001388 seconds
2021-07-18T02:33:12.216+1000: 35.367: Total time for which application threads were stopped: 0.0008928 seconds, Stopping threads took: 0.0002560 seconds
2021-07-18T02:33:12.216+1000: 35.367: Application time: 0.0001462 seconds
2021-07-18T02:33:12.219+1000: 35.369: Total time for which application threads were stopped: 0.0020919 seconds, Stopping threads took: 0.0007900 seconds
2021-07-18T02:33:12.219+1000: 35.370: Application time: 0.0004058 seconds
2021-07-18T02:33:12.224+1000: 35.375: Total time for which application threads were stopped: 0.0053008 seconds, Stopping threads took: 0.0003309 seconds
2021-07-18T02:33:12.238+1000: 35.389: Application time: 0.0140506 seconds
2021-07-18T02:33:12.243+1000: 35.394: Total time for which application threads were stopped: 0.0046559 seconds, Stopping threads took: 0.0004840 seconds
2021-07-18T02:33:12.243+1000: 35.394: Application time: 0.0001714 seconds
2021-07-18T02:33:12.247+1000: 35.397: Total time for which application threads were stopped: 0.0035604 seconds, Stopping threads took: 0.0005431 seconds
2021-07-18T02:33:12.254+1000: 35.405: Application time: 0.0075521 seconds
2021-07-18T02:33:12.258+1000: 35.408: Total time for which application threads were stopped: 0.0034779 seconds, Stopping threads took: 0.0024722 seconds
2021-07-18T02:33:12.258+1000: 35.409: Application time: 0.0003537 seconds
2021-07-18T02:33:12.259+1000: 35.410: Total time for which application threads were stopped: 0.0007901 seconds, Stopping threads took: 0.0003166 seconds
2021-07-18T02:33:12.259+1000: 35.410: Application time: 0.0001856 seconds
2021-07-18T02:33:12.260+1000: 35.410: Total time for which application threads were stopped: 0.0007622 seconds, Stopping threads took: 0.0003261 seconds
2021-07-18T02:33:12.260+1000: 35.411: Application time: 0.0006071 seconds
2021-07-18T02:33:12.261+1000: 35.412: Total time for which application threads were stopped: 0.0009265 seconds, Stopping threads took: 0.0004698 seconds
2021-07-18T02:33:12.262+1000: 35.412: Application time: 0.0003343 seconds
2021-07-18T02:33:12.263+1000: 35.413: Total time for which application threads were stopped: 0.0008912 seconds, Stopping threads took: 0.0004072 seconds
2021-07-18T02:33:12.263+1000: 35.414: Application time: 0.0004818 seconds
2021-07-18T02:33:12.264+1000: 35.415: Total time for which application threads were stopped: 0.0008546 seconds, Stopping threads took: 0.0004021 seconds
2021-07-18T02:33:12.264+1000: 35.415: Application time: 0.0008486 seconds
2021-07-18T02:33:12.266+1000: 35.416: Total time for which application threads were stopped: 0.0008837 seconds, Stopping threads took: 0.0003768 seconds
2021-07-18T02:33:12.266+1000: 35.417: Application time: 0.0007063 seconds
2021-07-18T02:33:12.268+1000: 35.418: Total time for which application threads were stopped: 0.0010887 seconds, Stopping threads took: 0.0005293 seconds
2021-07-18T02:33:12.268+1000: 35.418: Application time: 0.0002777 seconds
2021-07-18T02:33:12.269+1000: 35.420: Total time for which application threads were stopped: 0.0011089 seconds, Stopping threads took: 0.0004631 seconds
2021-07-18T02:33:12.270+1000: 35.421: Application time: 0.0012634 seconds
2021-07-18T02:33:12.274+1000: 35.424: Total time for which application threads were stopped: 0.0036709 seconds, Stopping threads took: 0.0005064 seconds
2021-07-18T02:33:12.277+1000: 35.427: Application time: 0.0027864 seconds
2021-07-18T02:33:12.279+1000: 35.430: Total time for which application threads were stopped: 0.0025839 seconds, Stopping threads took: 0.0016688 seconds
2021-07-18T02:33:12.284+1000: 35.435: Application time: 0.0052344 seconds
2021-07-18T02:33:12.286+1000: 35.437: Total time for which application threads were stopped: 0.0019216 seconds, Stopping threads took: 0.0006586 seconds
2021-07-18T02:33:12.288+1000: 35.439: Application time: 0.0020125 seconds
2021-07-18T02:33:12.290+1000: 35.440: Total time for which application threads were stopped: 0.0014552 seconds, Stopping threads took: 0.0004119 seconds
2021-07-18T02:33:12.292+1000: 35.443: Application time: 0.0022196 seconds
2021-07-18T02:33:12.302+1000: 35.453: Total time for which application threads were stopped: 0.0100347 seconds, Stopping threads took: 0.0051070 seconds
2021-07-18T02:33:12.318+1000: 35.469: Application time: 0.0159909 seconds
2021-07-18T02:33:12.320+1000: 35.471: Total time for which application threads were stopped: 0.0020507 seconds, Stopping threads took: 0.0009277 seconds
2021-07-18T02:33:12.339+1000: 35.490: Application time: 0.0192652 seconds
2021-07-18T02:33:12.341+1000: 35.492: [GC (Allocation Failure) Before GC:
Statistics for BinaryTreeDictionary:
------------------------------------
Total Free Space: 7002053
Max   Chunk Size: 7002053
Number of Blocks: 1
Av.  Block  Size: 7002053
Tree      Height: 1
2021-07-18T02:33:12.341+1000: 35.492: [ParNew
Desired survivor size 10452992 bytes, new threshold 2 (max 15)
- age   1:    7893264 bytes,    7893264 total
- age   2:    4806424 bytes,   12699688 total
- age   3:    3281080 bytes,   15980768 total
: 180064K->20416K(184320K), 0.0378938 secs] 451243K->293692K(519520K)After GC:
Statistics for BinaryTreeDictionary:
------------------------------------
Total Free Space: 6813826
Max   Chunk Size: 6813826
Number of Blocks: 1
Av.  Block  Size: 6813826
Tree      Height: 1
, 0.0383402 secs] [Times: user=0.24 sys=0.01, real=0.04 secs] 
2021-07-18T02:33:12.380+1000: 35.530: Total time for which application threads were stopped: 0.0402155 seconds, Stopping threads took: 0.0002663 seconds
2021-07-18T02:33:12.398+1000: 35.548: Application time: 0.0179997 seconds
2021-07-18T02:33:12.401+1000: 35.552: Total time for which application threads were stopped: 0.0038245 seconds, Stopping threads took: 0.0003186 seconds
2021-07-18T02:33:12.408+1000: 35.558: Application time: 0.0062170 seconds
2021-07-18T02:33:12.411+1000: 35.562: Total time for which application threads were stopped: 0.0036108 seconds, Stopping threads took: 0.0002652 seconds
2021-07-18T02:33:13.068+1000: 36.219: Application time: 0.6568216 seconds
2021-07-18T02:33:13.070+1000: 36.220: Total time for which application threads were stopped: 0.0015922 seconds, Stopping threads took: 0.0002593 seconds
2021-07-18T02:33:13.254+1000: 36.405: Application time: 0.1842055 seconds
2021-07-18T02:33:13.257+1000: 36.407: Total time for which application threads were stopped: 0.0028786 seconds, Stopping threads took: 0.0002159 seconds
2021-07-18T02:33:13.282+1000: 36.433: Application time: 0.0250713 seconds
2021-07-18T02:33:13.283+1000: 36.434: [GC (Allocation Failure) Before GC:
Statistics for BinaryTreeDictionary:
------------------------------------
Total Free Space: 6813826
Max   Chunk Size: 6813826
Number of Blocks: 1
Av.  Block  Size: 6813826
Tree      Height: 1
2021-07-18T02:33:13.283+1000: 36.434: [ParNew
Desired survivor size 10452992 bytes, new threshold 2 (max 15)
- age   1:    3184440 bytes,    3184440 total
- age   2:    7352344 bytes,   10536784 total
: 184320K->20416K(184320K), 0.0643046 secs] 457596K->303702K(519520K)After GC:
Statistics for BinaryTreeDictionary:
------------------------------------
Total Free Space: 5524429
Max   Chunk Size: 5524429
Number of Blocks: 1
Av.  Block  Size: 5524429
Tree      Height: 1
, 0.0646323 secs] [Times: user=0.19 sys=0.01, real=0.06 secs] 
2021-07-18T02:33:13.348+1000: 36.499: Total time for which application threads were stopped: 0.0660872 seconds, Stopping threads took: 0.0002031 seconds
2021-07-18T02:33:13.349+1000: 36.499: Application time: 0.0007243 seconds
2021-07-18T02:33:13.350+1000: 36.500: Total time for which application threads were stopped: 0.0010106 seconds, Stopping threads took: 0.0001248 seconds
2021-07-18T02:33:14.272+1000: 37.423: Application time: 0.9223703 seconds
2021-07-18T02:33:14.273+1000: 37.424: [GC (Allocation Failure) Before GC:
Statistics for BinaryTreeDictionary:
------------------------------------
Total Free Space: 5524429
Max   Chunk Size: 5524429
Number of Blocks: 1
Av.  Block  Size: 5524429
Tree      Height: 1
2021-07-18T02:33:14.274+1000: 37.424: [ParNew
Desired survivor size 10452992 bytes, new threshold 15 (max 15)
- age   1:    4131424 bytes,    4131424 total
- age   2:    2895000 bytes,    7026424 total
: 184320K->13034K(184320K), 0.0665152 secs] 467606K->303500K(519520K)After GC:
Statistics for BinaryTreeDictionary:
------------------------------------
Total Free Space: 4686796
Max   Chunk Size: 4686796
Number of Blocks: 1
Av.  Block  Size: 4686796
Tree      Height: 1
, 0.0669123 secs] [Times: user=0.27 sys=0.02, real=0.07 secs] 
2021-07-18T02:33:14.341+1000: 37.491: Total time for which application threads were stopped: 0.0685538 seconds, Stopping threads took: 0.0002492 seconds
2021-07-18T02:33:14.341+1000: 37.492: Application time: 0.0002470 seconds
2021-07-18T02:33:14.342+1000: 37.493: [GC (CMS Initial Mark) [1 CMS-initial-mark: 290466K(335200K)] 303501K(519520K), 0.0072929 secs] [Times: user=0.02 sys=0.01, real=0.00 secs] 
2021-07-18T02:33:14.350+1000: 37.500: Total time for which application threads were stopped: 0.0088821 seconds, Stopping threads took: 0.0001786 seconds
2021-07-18T02:33:14.350+1000: 37.501: [CMS-concurrent-mark-start]
2021-07-18T02:33:14.472+1000: 37.623: [CMS-concurrent-mark: 0.123/0.123 secs] [Times: user=0.68 sys=0.02, real=0.12 secs] 
2021-07-18T02:33:14.473+1000: 37.623: [CMS-concurrent-preclean-start]
2021-07-18T02:33:14.480+1000: 37.630: [CMS-concurrent-preclean: 0.007/0.007 secs] [Times: user=0.02 sys=0.00, real=0.01 secs] 
2021-07-18T02:33:14.480+1000: 37.631: [CMS-concurrent-abortable-preclean-start]
2021-07-18T02:33:15.105+1000: 38.255: Application time: 0.7550589 seconds
2021-07-18T02:33:15.107+1000: 38.257: [GC (Allocation Failure) Before GC:
Statistics for BinaryTreeDictionary:
------------------------------------
Total Free Space: 4686796
Max   Chunk Size: 4686796
Number of Blocks: 1
Av.  Block  Size: 4686796
Tree      Height: 1
2021-07-18T02:33:15.107+1000: 38.257: [ParNew
Desired survivor size 10452992 bytes, new threshold 15 (max 15)
- age   1:    3493480 bytes,    3493480 total
- age   2:    2046552 bytes,    5540032 total
- age   3:    2867856 bytes,    8407888 total
: 176938K->10036K(184320K), 0.0344975 secs] 467404K->300502K(519520K)After GC:
Statistics for BinaryTreeDictionary:
------------------------------------
Total Free Space: 4686796
Max   Chunk Size: 4686796
Number of Blocks: 1
Av.  Block  Size: 4686796
Tree      Height: 1
, 0.0348948 secs] [Times: user=0.12 sys=0.00, real=0.04 secs] 
2021-07-18T02:33:15.142+1000: 38.292: Total time for which application threads were stopped: 0.0369109 seconds, Stopping threads took: 0.0003604 seconds
2021-07-18T02:33:15.685+1000: 38.835: Application time: 0.5429445 seconds
2021-07-18T02:33:15.688+1000: 38.838: Total time for which application threads were stopped: 0.0029720 seconds, Stopping threads took: 0.0002670 seconds
2021-07-18T02:33:15.872+1000: 39.023: [CMS-concurrent-abortable-preclean: 0.511/1.392 secs] [Times: user=2.63 sys=0.16, real=1.39 secs] 
2021-07-18T02:33:15.873+1000: 39.023: Application time: 0.1848288 seconds
2021-07-18T02:33:15.874+1000: 39.024: [GC (CMS Final Remark) [YG occupancy: 110844 K (184320 K)]2021-07-18T02:33:15.874+1000: 39.025: [GC (CMS Final Remark) Before GC:
Statistics for BinaryTreeDictionary:
------------------------------------
Total Free Space: 4686796
Max   Chunk Size: 4686796
Number of Blocks: 1
Av.  Block  Size: 4686796
Tree      Height: 1
2021-07-18T02:33:15.874+1000: 39.025: [ParNew
Desired survivor size 10452992 bytes, new threshold 1 (max 15)
- age   1:   10859416 bytes,   10859416 total
- age   2:    1743816 bytes,   12603232 total
- age   3:    2003032 bytes,   14606264 total
- age   4:    2860568 bytes,   17466832 total
: 110844K->18466K(184320K), 0.0228391 secs] 401310K->308932K(519520K)After GC:
Statistics for BinaryTreeDictionary:
------------------------------------
Total Free Space: 4686796
Max   Chunk Size: 4686796
Number of Blocks: 1
Av.  Block  Size: 4686796
Tree      Height: 1
, 0.0231608 secs] [Times: user=0.11 sys=0.00, real=0.02 secs] 
2021-07-18T02:33:15.897+1000: 39.048: [Rescan (parallel) , 0.0084963 secs]2021-07-18T02:33:15.906+1000: 39.056: [weak refs processing, 0.0035047 secs]2021-07-18T02:33:15.909+1000: 39.060: [class unloading, 0.0420784 secs]2021-07-18T02:33:15.951+1000: 39.102: [scrub symbol table, 0.0573741 secs]2021-07-18T02:33:16.009+1000: 39.160: [scrub string table, 0.0019423 secs][1 CMS-remark: 290466K(335200K)] 308932K(519520K), 0.1371812 secs] [Times: user=0.27 sys=0.01, real=0.13 secs] 
2021-07-18T02:33:16.011+1000: 39.162: Total time for which application threads were stopped: 0.1387399 seconds, Stopping threads took: 0.0003671 seconds
2021-07-18T02:33:16.012+1000: 39.162: [CMS-concurrent-sweep-start]
CMS: Large Block: 0x00007fe393b961a0; Proximity: 0x00007fe38efe6ca8 -> 0x00007fe3938aba20
2021-07-18T02:33:16.019+1000: 39.169: Application time: 0.0075322 seconds
2021-07-18T02:33:16.022+1000: 39.173: Total time for which application threads were stopped: 0.0034412 seconds, Stopping threads took: 0.0004190 seconds
2021-07-18T02:33:16.030+1000: 39.181: Application time: 0.0080629 seconds
2021-07-18T02:33:16.034+1000: 39.184: Total time for which application threads were stopped: 0.0035447 seconds, Stopping threads took: 0.0002700 seconds
2021-07-18T02:33:16.051+1000: 39.201: Application time: 0.0167324 seconds
2021-07-18T02:33:16.054+1000: 39.205: Total time for which application threads were stopped: 0.0034538 seconds, Stopping threads took: 0.0003854 seconds
CMS: Large block 0x00007fe393b954f8
2021-07-18T02:33:16.175+1000: 39.325: [CMS-concurrent-sweep: 0.152/0.163 secs] [Times: user=0.89 sys=0.02, real=0.17 secs] 
2021-07-18T02:33:16.175+1000: 39.326: [CMS-concurrent-reset-start]
2021-07-18T02:33:16.562+1000: 39.713: [CMS-concurrent-reset: 0.387/0.387 secs] [Times: user=1.65 sys=0.02, real=0.39 secs] 
2021-07-18T02:33:17.054+1000: 40.205: Application time: 1.0001849 seconds
2021-07-18T02:33:17.055+1000: 40.206: Total time for which application threads were stopped: 0.0011545 seconds, Stopping threads took: 0.0002739 seconds
2021-07-18T02:33:17.204+1000: 40.355: Application time: 0.1486965 seconds
2021-07-18T02:33:17.208+1000: 40.359: Total time for which application threads were stopped: 0.0040319 seconds, Stopping threads took: 0.0002855 seconds
2021-07-18T02:33:17.408+1000: 40.559: Application time: 0.1997450 seconds
2021-07-18T02:33:17.409+1000: 40.560: [GC (Allocation Failure) Before GC:
Statistics for BinaryTreeDictionary:
------------------------------------
Total Free Space: 12556475
Max   Chunk Size: 10814817
Number of Blocks: 473
Av.  Block  Size: 26546
Tree      Height: 18
2021-07-18T02:33:17.409+1000: 40.560: [ParNew
Desired survivor size 10452992 bytes, new threshold 1 (max 15)
- age   1:   15181656 bytes,   15181656 total
: 182370K->20415K(184320K), 0.0593383 secs] 412212K->265482K(567392K)After GC:
Statistics for BinaryTreeDictionary:
------------------------------------
Total Free Space: 11808662
Max   Chunk Size: 10814817
Number of Blocks: 61
Av.  Block  Size: 193584
Tree      Height: 11
, 0.0597600 secs] [Times: user=0.33 sys=0.00, real=0.06 secs] 
2021-07-18T02:33:17.469+1000: 40.620: Total time for which application threads were stopped: 0.0614058 seconds, Stopping threads took: 0.0002572 seconds
2021-07-18T02:33:17.510+1000: 40.660: Application time: 0.0405121 seconds
2021-07-18T02:33:17.513+1000: 40.664: Total time for which application threads were stopped: 0.0033294 seconds, Stopping threads took: 0.0002366 seconds
2021-07-18T02:33:18.513+1000: 41.664: Application time: 1.0002168 seconds
2021-07-18T02:33:18.515+1000: 41.665: Total time for which application threads were stopped: 0.0013806 seconds, Stopping threads took: 0.0005566 seconds
2021-07-18T02:33:18.713+1000: 41.864: Application time: 0.1983503 seconds
2021-07-18T02:33:18.715+1000: 41.866: [GC (Allocation Failure) Before GC:
Statistics for BinaryTreeDictionary:
------------------------------------
Total Free Space: 11808662
Max   Chunk Size: 10814817
Number of Blocks: 61
Av.  Block  Size: 193584
Tree      Height: 11
2021-07-18T02:33:18.715+1000: 41.866: [ParNew
Desired survivor size 10452992 bytes, new threshold 1 (max 15)
- age   1:   18887296 bytes,   18887296 total
: 184319K->20416K(184320K), 0.0483027 secs] 429386K->271230K(567392K)After GC:
Statistics for BinaryTreeDictionary:
------------------------------------
Total Free Space: 11526651
Max   Chunk Size: 10814817
Number of Blocks: 36
Av.  Block  Size: 320184
Tree      Height: 8
, 0.0488686 secs] [Times: user=0.15 sys=0.01, real=0.05 secs] 
2021-07-18T02:33:18.764+1000: 41.915: Total time for which application threads were stopped: 0.0511364 seconds, Stopping threads took: 0.0002878 seconds
2021-07-18T02:33:19.562+1000: 42.713: Application time: 0.7977944 seconds
2021-07-18T02:33:19.563+1000: 42.714: Total time for which application threads were stopped: 0.0010669 seconds, Stopping threads took: 0.0001885 seconds
2021-07-18T02:33:19.616+1000: 42.767: Application time: 0.0533592 seconds
2021-07-18T02:33:19.622+1000: 42.772: Total time for which application threads were stopped: 0.0052696 seconds, Stopping threads took: 0.0006716 seconds
2021-07-18T02:33:19.714+1000: 42.864: Application time: 0.0921235 seconds
2021-07-18T02:33:19.716+1000: 42.866: Total time for which application threads were stopped: 0.0019686 seconds, Stopping threads took: 0.0003805 seconds
2021-07-18T02:33:19.821+1000: 42.972: Application time: 0.1053655 seconds
2021-07-18T02:33:19.823+1000: 42.974: Total time for which application threads were stopped: 0.0019286 seconds, Stopping threads took: 0.0005812 seconds
2021-07-18T02:33:19.826+1000: 42.976: Application time: 0.0026212 seconds
2021-07-18T02:33:19.827+1000: 42.977: Total time for which application threads were stopped: 0.0010956 seconds, Stopping threads took: 0.0003243 seconds
2021-07-18T02:33:19.866+1000: 43.016: Application time: 0.0387837 seconds
2021-07-18T02:33:19.868+1000: 43.018: Total time for which application threads were stopped: 0.0021450 seconds, Stopping threads took: 0.0011872 seconds
2021-07-18T02:33:19.891+1000: 43.041: Application time: 0.0229442 seconds
2021-07-18T02:33:19.894+1000: 43.044: Total time for which application threads were stopped: 0.0030424 seconds, Stopping threads took: 0.0018584 seconds
2021-07-18T02:33:19.949+1000: 43.100: Application time: 0.0553242 seconds
2021-07-18T02:33:19.951+1000: 43.101: [GC (Allocation Failure) Before GC:
Statistics for BinaryTreeDictionary:
------------------------------------
Total Free Space: 11526651
Max   Chunk Size: 10814817
Number of Blocks: 36
Av.  Block  Size: 320184
Tree      Height: 8
2021-07-18T02:33:19.951+1000: 43.101: [ParNew
Desired survivor size 10452992 bytes, new threshold 1 (max 15)
- age   1:   18826056 bytes,   18826056 total
: 184320K->20416K(184320K), 0.0516986 secs] 435134K->280581K(567392K)After GC:
Statistics for BinaryTreeDictionary:
------------------------------------
Total Free Space: 10818552
Max   Chunk Size: 10814817
Number of Blocks: 12
Av.  Block  Size: 901546
Tree      Height: 3
, 0.0521228 secs] [Times: user=0.27 sys=0.00, real=0.06 secs] 
2021-07-18T02:33:20.003+1000: 43.154: Total time for which application threads were stopped: 0.0538765 seconds, Stopping threads took: 0.0003152 seconds
2021-07-18T02:33:20.154+1000: 43.305: Application time: 0.1514241 seconds
2021-07-18T02:33:20.157+1000: 43.307: [GC (Allocation Failure) Before GC:
Statistics for BinaryTreeDictionary:
------------------------------------
Total Free Space: 10818552
Max   Chunk Size: 10814817
Number of Blocks: 12
Av.  Block  Size: 901546
Tree      Height: 3
2021-07-18T02:33:20.157+1000: 43.308: [ParNew
Desired survivor size 10452992 bytes, new threshold 1 (max 15)
- age   1:   20127624 bytes,   20127624 total
: 169390K->20416K(184320K), 0.0481402 secs] 429556K->291158K(567392K)After GC:
Statistics for BinaryTreeDictionary:
------------------------------------
Total Free Space: 10008376
Max   Chunk Size: 10007081
Number of Blocks: 6
Av.  Block  Size: 1668062
Tree      Height: 2
, 0.0487184 secs] [Times: user=0.20 sys=0.00, real=0.05 secs] 
2021-07-18T02:33:20.206+1000: 43.356: Total time for which application threads were stopped: 0.0512806 seconds, Stopping threads took: 0.0007938 seconds
2021-07-18T02:33:20.316+1000: 43.467: Application time: 0.1102630 seconds
2021-07-18T02:33:20.317+1000: 43.468: Total time for which application threads were stopped: 0.0015185 seconds, Stopping threads took: 0.0003878 seconds
2021-07-18T02:33:20.465+1000: 43.616: Application time: 0.1474448 seconds
2021-07-18T02:33:20.466+1000: 43.617: [GC (Allocation Failure) Before GC:
Statistics for BinaryTreeDictionary:
------------------------------------
Total Free Space: 10008376
Max   Chunk Size: 10007081
Number of Blocks: 6
Av.  Block  Size: 1668062
Tree      Height: 2
2021-07-18T02:33:20.467+1000: 43.617: [ParNew
Desired survivor size 10452992 bytes, new threshold 15 (max 15)
- age   1:    7741672 bytes,    7741672 total
: 184320K->11425K(184320K), 0.1141859 secs] 455062K->333988K(567392K)After GC:
Statistics for BinaryTreeDictionary:
------------------------------------
Total Free Space: 3517067
Max   Chunk Size: 3515772
Number of Blocks: 6
Av.  Block  Size: 586177
Tree      Height: 2
, 0.1145551 secs] [Times: user=1.75 sys=0.05, real=0.11 secs] 
2021-07-18T02:33:20.581+1000: 43.732: Total time for which application threads were stopped: 0.1164493 seconds, Stopping threads took: 0.0002747 seconds
2021-07-18T02:33:20.585+1000: 43.736: Application time: 0.0038071 seconds
2021-07-18T02:33:20.586+1000: 43.737: Total time for which application threads were stopped: 0.0012480 seconds, Stopping threads took: 0.0001886 seconds
2021-07-18T02:33:20.987+1000: 44.138: Application time: 0.4006158 seconds
2021-07-18T02:33:20.988+1000: 44.139: [GC (Allocation Failure) Before GC:
Statistics for BinaryTreeDictionary:
------------------------------------
Total Free Space: 3517067
Max   Chunk Size: 3515772
Number of Blocks: 6
Av.  Block  Size: 586177
Tree      Height: 2
2021-07-18T02:33:20.988+1000: 44.139: [ParNew
Desired survivor size 10452992 bytes, new threshold 1 (max 15)
- age   1:   13519912 bytes,   13519912 total
- age   2:    1285272 bytes,   14805184 total
: 175329K->15323K(184320K), 0.0260624 secs] 497892K->337886K(567392K)After GC:
Statistics for BinaryTreeDictionary:
------------------------------------
Total Free Space: 3517067
Max   Chunk Size: 3515772
Number of Blocks: 6
Av.  Block  Size: 586177
Tree      Height: 2
, 0.0264481 secs] [Times: user=0.15 sys=0.00, real=0.03 secs] 
2021-07-18T02:33:21.015+1000: 44.166: Total time for which application threads were stopped: 0.0280148 seconds, Stopping threads took: 0.0002287 seconds
2021-07-18T02:33:21.378+1000: 44.528: Application time: 0.3626702 seconds
2021-07-18T02:33:21.380+1000: 44.530: Total time for which application threads were stopped: 0.0018246 seconds, Stopping threads took: 0.0004505 seconds
2021-07-18T02:33:21.415+1000: 44.566: Application time: 0.0353863 seconds
2021-07-18T02:33:21.421+1000: 44.572: Total time for which application threads were stopped: 0.0064714 seconds, Stopping threads took: 0.0024067 seconds
2021-07-18T02:33:21.510+1000: 44.661: Application time: 0.0888072 seconds
2021-07-18T02:33:21.514+1000: 44.665: Total time for which application threads were stopped: 0.0040661 seconds, Stopping threads took: 0.0002940 seconds
2021-07-18T02:33:21.576+1000: 44.726: Application time: 0.0612771 seconds
2021-07-18T02:33:21.577+1000: 44.728: [GC (Allocation Failure) Before GC:
Statistics for BinaryTreeDictionary:
------------------------------------
Total Free Space: 3517067
Max   Chunk Size: 3515772
Number of Blocks: 6
Av.  Block  Size: 586177
Tree      Height: 2
2021-07-18T02:33:21.578+1000: 44.728: [ParNew
Desired survivor size 10452992 bytes, new threshold 1 (max 15)
- age   1:   19048904 bytes,   19048904 total
: 179227K->20415K(184320K), 0.0400914 secs] 501790K->347901K(567392K)After GC:
Statistics for BinaryTreeDictionary:
------------------------------------
Total Free Space: 3104025
Max   Chunk Size: 3102989
Number of Blocks: 5
Av.  Block  Size: 620805
Tree      Height: 2
, 0.0406204 secs] [Times: user=0.21 sys=0.01, real=0.04 secs] 
2021-07-18T02:33:21.619+1000: 44.769: Total time for which application threads were stopped: 0.0429100 seconds, Stopping threads took: 0.0005866 seconds
2021-07-18T02:33:21.626+1000: 44.776: Application time: 0.0072499 seconds
2021-07-18T02:33:21.627+1000: 44.778: [GC (CMS Initial Mark) [1 CMS-initial-mark: 327485K(383072K)] 357093K(567392K), 0.0127686 secs] [Times: user=0.04 sys=0.01, real=0.01 secs] 
2021-07-18T02:33:21.641+1000: 44.791: Total time for which application threads were stopped: 0.0147570 seconds, Stopping threads took: 0.0003915 seconds
2021-07-18T02:33:21.641+1000: 44.791: [CMS-concurrent-mark-start]
2021-07-18T02:33:21.658+1000: 44.809: Application time: 0.0173660 seconds
2021-07-18T02:33:21.659+1000: 44.810: Total time for which application threads were stopped: 0.0015582 seconds, Stopping threads took: 0.0004600 seconds
2021-07-18T02:33:21.761+1000: 44.911: Application time: 0.1010429 seconds
2021-07-18T02:33:21.762+1000: 44.912: [GC (Allocation Failure) Before GC:
Statistics for BinaryTreeDictionary:
------------------------------------
Total Free Space: 3104025
Max   Chunk Size: 3102989
Number of Blocks: 5
Av.  Block  Size: 620805
Tree      Height: 2
2021-07-18T02:33:21.762+1000: 44.913: [ParNew
Desired survivor size 10452992 bytes, new threshold 15 (max 15)
- age   1:    7725648 bytes,    7725648 total
: 183187K->9363K(184320K), 0.0189572 secs] 510672K->339700K(567392K)After GC:
Statistics for BinaryTreeDictionary:
------------------------------------
Total Free Space: 2863675
Max   Chunk Size: 2863157
Number of Blocks: 3
Av.  Block  Size: 954558
Tree      Height: 2
, 0.0192670 secs] [Times: user=0.10 sys=0.01, real=0.01 secs] 
2021-07-18T02:33:21.782+1000: 44.932: Total time for which application threads were stopped: 0.0210420 seconds, Stopping threads took: 0.0003240 seconds
2021-07-18T02:33:21.811+1000: 44.961: [CMS-concurrent-mark: 0.146/0.170 secs] [Times: user=0.94 sys=0.02, real=0.17 secs] 
2021-07-18T02:33:21.811+1000: 44.962: [CMS-concurrent-preclean-start]
2021-07-18T02:33:21.827+1000: 44.977: [CMS-concurrent-preclean: 0.015/0.016 secs] [Times: user=0.02 sys=0.00, real=0.02 secs] 
2021-07-18T02:33:21.827+1000: 44.978: [CMS-concurrent-abortable-preclean-start]
2021-07-18T02:33:21.829+1000: 44.979: Application time: 0.0471716 seconds
2021-07-18T02:33:21.832+1000: 44.983: Total time for which application threads were stopped: 0.0035652 seconds, Stopping threads took: 0.0002478 seconds
2021-07-18T02:33:22.373+1000: 45.523: [CMS-concurrent-abortable-preclean: 0.142/0.546 secs] [Times: user=2.04 sys=0.11, real=0.54 secs] 
2021-07-18T02:33:22.373+1000: 45.524: Application time: 0.5408648 seconds
2021-07-18T02:33:22.374+1000: 45.525: [GC (CMS Final Remark) [YG occupancy: 147232 K (184320 K)]2021-07-18T02:33:22.375+1000: 45.525: [GC (CMS Final Remark) Before GC:
Statistics for BinaryTreeDictionary:
------------------------------------
Total Free Space: 2863675
Max   Chunk Size: 2863157
Number of Blocks: 3
Av.  Block  Size: 954558
Tree      Height: 2
2021-07-18T02:33:22.375+1000: 45.525: [ParNew
Desired survivor size 10452992 bytes, new threshold 1 (max 15)
- age   1:   11448080 bytes,   11448080 total
- age   2:    7724576 bytes,   19172656 total
: 147232K->20415K(184320K), 0.0278266 secs] 477569K->355355K(567392K)After GC:
Statistics for BinaryTreeDictionary:
------------------------------------
Total Free Space: 2319076
Max   Chunk Size: 2319076
Number of Blocks: 1
Av.  Block  Size: 2319076
Tree      Height: 1
, 0.0281133 secs] [Times: user=0.11 sys=0.01, real=0.03 secs] 
2021-07-18T02:33:22.403+1000: 45.553: [Rescan (parallel) , 0.0327366 secs]2021-07-18T02:33:22.436+1000: 45.586: [weak refs processing, 0.0028864 secs]2021-07-18T02:33:22.439+1000: 45.589: [class unloading, 0.0320010 secs]2021-07-18T02:33:22.471+1000: 45.621: [scrub symbol table, 0.0937008 secs]2021-07-18T02:33:22.564+1000: 45.715: [scrub string table, 0.0030426 secs][1 CMS-remark: 334939K(383072K)] 355355K(567392K), 0.1931844 secs] [Times: user=0.51 sys=0.01, real=0.19 secs] 
2021-07-18T02:33:22.568+1000: 45.719: Total time for which application threads were stopped: 0.1947968 seconds, Stopping threads took: 0.0002058 seconds
2021-07-18T02:33:22.568+1000: 45.719: [CMS-concurrent-sweep-start]
CMS: Large Block: 0x00007fe397c668e0; Proximity: 0x00007fe3938aba20 -> 0x00007fe3978d6298
CMS: Large block 0x00007fe3941beeb8
2021-07-18T02:33:22.731+1000: 45.882: [CMS-concurrent-sweep: 0.163/0.163 secs] [Times: user=0.30 sys=0.02, real=0.16 secs] 
2021-07-18T02:33:22.732+1000: 45.882: [CMS-concurrent-reset-start]
2021-07-18T02:33:23.059+1000: 46.210: Application time: 0.4914730 seconds
2021-07-18T02:33:23.061+1000: 46.211: [GC (Allocation Failure) Before GC:
Statistics for BinaryTreeDictionary:
------------------------------------
Total Free Space: 14222950
Max   Chunk Size: 6276738
Number of Blocks: 600
Av.  Block  Size: 23704
Tree      Height: 18
2021-07-18T02:33:23.061+1000: 46.212: [ParNew
Desired survivor size 10452992 bytes, new threshold 15 (max 15)
- age   1:    9446896 bytes,    9446896 total
: 184319K->20415K(184320K), 0.0933221 secs] 431649K->288222K(596536K)After GC:
Statistics for BinaryTreeDictionary:
------------------------------------
Total Free Space: 13697883
Max   Chunk Size: 6276738
Number of Blocks: 207
Av.  Block  Size: 66173
Tree      Height: 16
, 0.0939416 secs] [Times: user=0.30 sys=0.02, real=0.10 secs] 
2021-07-18T02:33:23.155+1000: 46.306: Total time for which application threads were stopped: 0.0956388 seconds, Stopping threads took: 0.0002865 seconds
2021-07-18T02:33:23.199+1000: 46.350: [CMS-concurrent-reset: 0.371/0.467 secs] [Times: user=1.01 sys=0.05, real=0.47 secs] 
2021-07-18T02:33:23.581+1000: 46.732: Application time: 0.4260499 seconds
2021-07-18T02:33:23.583+1000: 46.733: Total time for which application threads were stopped: 0.0015281 seconds, Stopping threads took: 0.0003256 seconds
2021-07-18T02:33:23.654+1000: 46.805: Application time: 0.0716055 seconds
2021-07-18T02:33:23.656+1000: 46.807: Total time for which application threads were stopped: 0.0015703 seconds, Stopping threads took: 0.0002440 seconds
2021-07-18T02:33:23.914+1000: 47.065: Application time: 0.2582033 seconds
2021-07-18T02:33:23.916+1000: 47.067: Total time for which application threads were stopped: 0.0022255 seconds, Stopping threads took: 0.0003465 seconds
2021-07-18T02:33:23.942+1000: 47.093: Application time: 0.0256456 seconds
2021-07-18T02:33:23.948+1000: 47.099: Total time for which application threads were stopped: 0.0059224 seconds, Stopping threads took: 0.0008872 seconds
2021-07-18T02:33:24.090+1000: 47.241: Application time: 0.1423440 seconds
2021-07-18T02:33:24.096+1000: 47.247: Total time for which application threads were stopped: 0.0057084 seconds, Stopping threads took: 0.0003167 seconds
2021-07-18T02:33:24.131+1000: 47.281: Application time: 0.0346224 seconds
2021-07-18T02:33:24.132+1000: 47.283: Total time for which application threads were stopped: 0.0018334 seconds, Stopping threads took: 0.0002770 seconds
2021-07-18T02:33:24.133+1000: 47.284: Application time: 0.0004433 seconds
2021-07-18T02:33:24.134+1000: 47.285: Total time for which application threads were stopped: 0.0010723 seconds, Stopping threads took: 0.0001510 seconds
2021-07-18T02:33:24.134+1000: 47.285: Application time: 0.0002269 seconds
2021-07-18T02:33:24.135+1000: 47.286: Total time for which application threads were stopped: 0.0009790 seconds, Stopping threads took: 0.0001653 seconds
2021-07-18T02:33:24.135+1000: 47.286: Application time: 0.0002859 seconds
2021-07-18T02:33:24.136+1000: 47.287: Total time for which application threads were stopped: 0.0010255 seconds, Stopping threads took: 0.0001614 seconds
2021-07-18T02:33:24.137+1000: 47.287: Application time: 0.0002107 seconds
2021-07-18T02:33:24.138+1000: 47.288: Total time for which application threads were stopped: 0.0010089 seconds, Stopping threads took: 0.0001516 seconds
2021-07-18T02:33:24.145+1000: 47.296: Application time: 0.0077330 seconds
2021-07-18T02:33:24.147+1000: 47.297: Total time for which application threads were stopped: 0.0012572 seconds, Stopping threads took: 0.0002207 seconds
2021-07-18T02:33:24.157+1000: 47.308: Application time: 0.0102737 seconds
2021-07-18T02:33:24.158+1000: 47.309: Total time for which application threads were stopped: 0.0014306 seconds, Stopping threads took: 0.0002684 seconds
2021-07-18T02:33:24.160+1000: 47.310: Application time: 0.0011388 seconds
2021-07-18T02:33:24.161+1000: 47.311: Total time for which application threads were stopped: 0.0010063 seconds, Stopping threads took: 0.0001586 seconds
2021-07-18T02:33:24.169+1000: 47.320: Application time: 0.0084247 seconds
2021-07-18T02:33:24.176+1000: 47.326: Total time for which application threads were stopped: 0.0065625 seconds, Stopping threads took: 0.0003197 seconds
2021-07-18T02:33:24.179+1000: 47.330: Application time: 0.0033277 seconds
2021-07-18T02:33:24.180+1000: 47.331: Total time for which application threads were stopped: 0.0013392 seconds, Stopping threads took: 0.0003581 seconds
2021-07-18T02:33:24.272+1000: 47.423: Application time: 0.0922658 seconds
2021-07-18T02:33:24.275+1000: 47.425: Total time for which application threads were stopped: 0.0020033 seconds, Stopping threads took: 0.0005605 seconds
2021-07-18T02:33:24.275+1000: 47.425: Application time: 0.0002716 seconds
2021-07-18T02:33:24.276+1000: 47.427: Total time for which application threads were stopped: 0.0014431 seconds, Stopping threads took: 0.0005862 seconds
2021-07-18T02:33:24.701+1000: 47.852: Application time: 0.4252319 seconds
2021-07-18T02:33:24.704+1000: 47.854: Total time for which application threads were stopped: 0.0021179 seconds, Stopping threads took: 0.0008507 seconds
2021-07-18T02:33:24.777+1000: 47.927: Application time: 0.0730415 seconds
2021-07-18T02:33:24.778+1000: 47.929: [GC (Allocation Failure) Before GC:
Statistics for BinaryTreeDictionary:
------------------------------------
Total Free Space: 13697883
Max   Chunk Size: 6276738
Number of Blocks: 207
Av.  Block  Size: 66173
Tree      Height: 16
2021-07-18T02:33:24.778+1000: 47.929: [ParNew
Desired survivor size 10452992 bytes, new threshold 1 (max 15)
- age   1:   16978376 bytes,   16978376 total
- age   2:    1804640 bytes,   18783016 total
: 184319K->20415K(184320K), 0.0362400 secs] 452126K->291098K(596536K)After GC:
Statistics for BinaryTreeDictionary:
------------------------------------
Total Free Space: 13411112
Max   Chunk Size: 6276738
Number of Blocks: 131
Av.  Block  Size: 102374
Tree      Height: 15
, 0.0366560 secs] [Times: user=0.24 sys=0.00, real=0.04 secs] 
2021-07-18T02:33:24.815+1000: 47.966: Total time for which application threads were stopped: 0.0382598 seconds, Stopping threads took: 0.0002686 seconds
2021-07-18T02:33:24.815+1000: 47.966: Application time: 0.0003834 seconds
2021-07-18T02:33:24.817+1000: 47.967: Total time for which application threads were stopped: 0.0012197 seconds, Stopping threads took: 0.0002902 seconds
2021-07-18T02:33:24.985+1000: 48.136: Application time: 0.1685008 seconds
2021-07-18T02:33:24.986+1000: 48.137: Total time for which application threads were stopped: 0.0014713 seconds, Stopping threads took: 0.0004457 seconds
2021-07-18T02:33:25.075+1000: 48.226: Application time: 0.0889100 seconds
2021-07-18T02:33:25.077+1000: 48.227: Total time for which application threads were stopped: 0.0011799 seconds, Stopping threads took: 0.0002770 seconds
2021-07-18T02:33:25.094+1000: 48.245: Application time: 0.0173208 seconds
2021-07-18T02:33:25.095+1000: 48.246: Total time for which application threads were stopped: 0.0015735 seconds, Stopping threads took: 0.0002689 seconds
2021-07-18T02:33:25.096+1000: 48.246: Application time: 0.0001399 seconds
2021-07-18T02:33:25.096+1000: 48.247: Total time for which application threads were stopped: 0.0005637 seconds, Stopping threads took: 0.0001429 seconds
2021-07-18T02:33:25.097+1000: 48.247: Application time: 0.0005985 seconds
2021-07-18T02:33:25.097+1000: 48.248: Total time for which application threads were stopped: 0.0006024 seconds, Stopping threads took: 0.0001194 seconds
2021-07-18T02:33:25.098+1000: 48.248: Application time: 0.0001387 seconds
2021-07-18T02:33:25.098+1000: 48.249: Total time for which application threads were stopped: 0.0007079 seconds, Stopping threads took: 0.0002581 seconds
2021-07-18T02:33:25.525+1000: 48.676: Application time: 0.4269662 seconds
2021-07-18T02:33:25.527+1000: 48.677: Total time for which application threads were stopped: 0.0013411 seconds, Stopping threads took: 0.0003551 seconds
2021-07-18T02:33:25.527+1000: 48.677: Application time: 0.0001991 seconds
2021-07-18T02:33:25.527+1000: 48.678: Total time for which application threads were stopped: 0.0006891 seconds, Stopping threads took: 0.0002248 seconds
2021-07-18T02:33:25.528+1000: 48.679: Application time: 0.0005766 seconds
2021-07-18T02:33:25.529+1000: 48.679: Total time for which application threads were stopped: 0.0006921 seconds, Stopping threads took: 0.0002443 seconds
2021-07-18T02:33:25.530+1000: 48.681: Application time: 0.0017083 seconds
2021-07-18T02:33:25.531+1000: 48.682: Total time for which application threads were stopped: 0.0006178 seconds, Stopping threads took: 0.0001756 seconds
2021-07-18T02:33:25.534+1000: 48.684: Application time: 0.0027005 seconds
2021-07-18T02:33:25.534+1000: 48.685: Total time for which application threads were stopped: 0.0007219 seconds, Stopping threads took: 0.0002360 seconds
2021-07-18T02:33:25.551+1000: 48.702: Application time: 0.0170180 seconds
2021-07-18T02:33:25.553+1000: 48.704: Total time for which application threads were stopped: 0.0015527 seconds, Stopping threads took: 0.0002892 seconds
2021-07-18T02:33:25.559+1000: 48.710: Application time: 0.0063982 seconds
2021-07-18T02:33:25.563+1000: 48.714: Total time for which application threads were stopped: 0.0037319 seconds, Stopping threads took: 0.0004135 seconds
2021-07-18T02:33:25.564+1000: 48.714: Application time: 0.0005693 seconds
2021-07-18T02:33:25.564+1000: 48.715: Total time for which application threads were stopped: 0.0006670 seconds, Stopping threads took: 0.0001823 seconds
2021-07-18T02:33:25.571+1000: 48.721: Application time: 0.0060654 seconds
2021-07-18T02:33:25.572+1000: 48.723: Total time for which application threads were stopped: 0.0015532 seconds, Stopping threads took: 0.0006385 seconds
2021-07-18T02:33:25.578+1000: 48.729: Application time: 0.0062663 seconds
2021-07-18T02:33:25.579+1000: 48.730: Total time for which application threads were stopped: 0.0011654 seconds, Stopping threads took: 0.0003088 seconds
2021-07-18T02:33:25.581+1000: 48.732: Application time: 0.0019475 seconds
2021-07-18T02:33:25.582+1000: 48.733: Total time for which application threads were stopped: 0.0008085 seconds, Stopping threads took: 0.0001573 seconds
2021-07-18T02:33:25.582+1000: 48.733: Application time: 0.0002137 seconds
2021-07-18T02:33:25.583+1000: 48.734: Total time for which application threads were stopped: 0.0005387 seconds, Stopping threads took: 0.0000910 seconds
2021-07-18T02:33:25.586+1000: 48.737: Application time: 0.0033743 seconds
2021-07-18T02:33:25.587+1000: 48.738: Total time for which application threads were stopped: 0.0006331 seconds, Stopping threads took: 0.0001236 seconds
2021-07-18T02:33:25.614+1000: 48.765: Application time: 0.0270217 seconds
2021-07-18T02:33:25.618+1000: 48.768: Total time for which application threads were stopped: 0.0035173 seconds, Stopping threads took: 0.0003984 seconds
2021-07-18T02:33:25.641+1000: 48.792: Application time: 0.0234162 seconds
2021-07-18T02:33:25.644+1000: 48.795: Total time for which application threads were stopped: 0.0034590 seconds, Stopping threads took: 0.0003258 seconds
2021-07-18T02:33:25.855+1000: 49.005: Application time: 0.2101570 seconds
2021-07-18T02:33:25.856+1000: 49.007: Total time for which application threads were stopped: 0.0013012 seconds, Stopping threads took: 0.0003785 seconds
2021-07-18T02:33:25.878+1000: 49.029: Application time: 0.0225547 seconds
2021-07-18T02:33:25.880+1000: 49.030: Total time for which application threads were stopped: 0.0012015 seconds, Stopping threads took: 0.0002960 seconds
2021-07-18T02:33:25.911+1000: 49.062: Application time: 0.0314459 seconds
2021-07-18T02:33:25.912+1000: 49.063: Total time for which application threads were stopped: 0.0011416 seconds, Stopping threads took: 0.0002491 seconds
2021-07-18T02:33:25.951+1000: 49.102: Application time: 0.0388734 seconds
2021-07-18T02:33:25.952+1000: 49.103: Total time for which application threads were stopped: 0.0013479 seconds, Stopping threads took: 0.0003233 seconds
2021-07-18T02:33:25.953+1000: 49.104: Application time: 0.0008765 seconds
2021-07-18T02:33:25.956+1000: 49.106: Total time for which application threads were stopped: 0.0024678 seconds, Stopping threads took: 0.0016969 seconds
2021-07-18T02:33:25.961+1000: 49.112: Application time: 0.0055112 seconds
2021-07-18T02:33:25.963+1000: 49.113: Total time for which application threads were stopped: 0.0012589 seconds, Stopping threads took: 0.0003651 seconds
2021-07-18T02:33:25.998+1000: 49.148: Application time: 0.0351104 seconds
2021-07-18T02:33:25.999+1000: 49.150: Total time for which application threads were stopped: 0.0012140 seconds, Stopping threads took: 0.0002898 seconds
2021-07-18T02:33:25.999+1000: 49.150: Application time: 0.0001335 seconds
2021-07-18T02:33:26.000+1000: 49.150: Total time for which application threads were stopped: 0.0004895 seconds, Stopping threads took: 0.0000914 seconds
2021-07-18T02:33:26.000+1000: 49.150: Application time: 0.0001006 seconds
2021-07-18T02:33:26.000+1000: 49.151: Total time for which application threads were stopped: 0.0004795 seconds, Stopping threads took: 0.0000926 seconds
2021-07-18T02:33:26.000+1000: 49.151: Application time: 0.0001062 seconds
2021-07-18T02:33:26.001+1000: 49.151: Total time for which application threads were stopped: 0.0004837 seconds, Stopping threads took: 0.0000919 seconds
2021-07-18T02:33:26.001+1000: 49.152: Application time: 0.0001651 seconds
2021-07-18T02:33:26.001+1000: 49.152: Total time for which application threads were stopped: 0.0004894 seconds, Stopping threads took: 0.0000907 seconds
2021-07-18T02:33:26.005+1000: 49.156: Application time: 0.0040412 seconds
2021-07-18T02:33:26.007+1000: 49.157: Total time for which application threads were stopped: 0.0011431 seconds, Stopping threads took: 0.0005249 seconds
2021-07-18T02:33:26.085+1000: 49.236: Application time: 0.0784876 seconds
2021-07-18T02:33:26.086+1000: 49.237: Total time for which application threads were stopped: 0.0011005 seconds, Stopping threads took: 0.0001925 seconds
2021-07-18T02:33:26.086+1000: 49.237: Application time: 0.0000980 seconds
2021-07-18T02:33:26.087+1000: 49.237: Total time for which application threads were stopped: 0.0005363 seconds, Stopping threads took: 0.0000866 seconds
2021-07-18T02:33:26.088+1000: 49.238: Application time: 0.0007264 seconds
2021-07-18T02:33:26.088+1000: 49.239: Total time for which application threads were stopped: 0.0006034 seconds, Stopping threads took: 0.0001823 seconds
2021-07-18T02:33:26.088+1000: 49.239: Application time: 0.0000748 seconds
2021-07-18T02:33:26.089+1000: 49.239: Total time for which application threads were stopped: 0.0005125 seconds, Stopping threads took: 0.0001108 seconds
2021-07-18T02:33:26.090+1000: 49.240: Application time: 0.0008197 seconds
2021-07-18T02:33:26.090+1000: 49.241: Total time for which application threads were stopped: 0.0005704 seconds, Stopping threads took: 0.0001620 seconds
2021-07-18T02:33:26.090+1000: 49.241: Application time: 0.0001304 seconds
2021-07-18T02:33:26.091+1000: 49.241: Total time for which application threads were stopped: 0.0005348 seconds, Stopping threads took: 0.0001446 seconds
2021-07-18T02:33:26.298+1000: 49.449: Application time: 0.2072035 seconds
2021-07-18T02:33:26.299+1000: 49.450: Total time for which application threads were stopped: 0.0011947 seconds, Stopping threads took: 0.0002648 seconds
2021-07-18T02:33:26.299+1000: 49.450: Application time: 0.0001043 seconds
2021-07-18T02:33:26.300+1000: 49.451: Total time for which application threads were stopped: 0.0006175 seconds, Stopping threads took: 0.0001313 seconds
2021-07-18T02:33:26.304+1000: 49.455: Application time: 0.0039852 seconds
2021-07-18T02:33:26.305+1000: 49.456: Total time for which application threads were stopped: 0.0009987 seconds, Stopping threads took: 0.0002042 seconds
2021-07-18T02:33:26.305+1000: 49.456: Application time: 0.0001247 seconds
2021-07-18T02:33:26.311+1000: 49.461: Total time for which application threads were stopped: 0.0056536 seconds, Stopping threads took: 0.0048381 seconds
2021-07-18T02:33:26.311+1000: 49.462: Application time: 0.0007310 seconds
2021-07-18T02:33:26.312+1000: 49.463: Total time for which application threads were stopped: 0.0006097 seconds, Stopping threads took: 0.0001618 seconds
2021-07-18T02:33:26.313+1000: 49.464: Application time: 0.0010538 seconds
2021-07-18T02:33:26.314+1000: 49.464: Total time for which application threads were stopped: 0.0005604 seconds, Stopping threads took: 0.0001052 seconds
2021-07-18T02:33:26.315+1000: 49.466: Application time: 0.0012141 seconds
2021-07-18T02:33:26.315+1000: 49.466: Total time for which application threads were stopped: 0.0006083 seconds, Stopping threads took: 0.0001598 seconds
2021-07-18T02:33:26.316+1000: 49.466: Application time: 0.0001212 seconds
2021-07-18T02:33:26.316+1000: 49.467: Total time for which application threads were stopped: 0.0004889 seconds, Stopping threads took: 0.0000910 seconds
2021-07-18T02:33:26.359+1000: 49.510: Application time: 0.0430654 seconds
2021-07-18T02:33:26.360+1000: 49.511: Total time for which application threads were stopped: 0.0011227 seconds, Stopping threads took: 0.0002385 seconds
2021-07-18T02:33:26.361+1000: 49.511: Application time: 0.0002848 seconds
2021-07-18T02:33:26.361+1000: 49.512: Total time for which application threads were stopped: 0.0005180 seconds, Stopping threads took: 0.0001040 seconds
2021-07-18T02:33:26.361+1000: 49.512: Application time: 0.0001467 seconds
2021-07-18T02:33:26.362+1000: 49.512: Total time for which application threads were stopped: 0.0005161 seconds, Stopping threads took: 0.0001092 seconds
2021-07-18T02:33:26.362+1000: 49.513: Application time: 0.0001407 seconds
2021-07-18T02:33:26.362+1000: 49.513: Total time for which application threads were stopped: 0.0005785 seconds, Stopping threads took: 0.0001750 seconds
2021-07-18T02:33:26.363+1000: 49.513: Application time: 0.0001335 seconds
2021-07-18T02:33:26.363+1000: 49.514: Total time for which application threads were stopped: 0.0005860 seconds, Stopping threads took: 0.0001898 seconds
2021-07-18T02:33:26.363+1000: 49.514: Application time: 0.0002347 seconds
2021-07-18T02:33:26.364+1000: 49.515: Total time for which application threads were stopped: 0.0006278 seconds, Stopping threads took: 0.0001852 seconds
2021-07-18T02:33:26.364+1000: 49.515: Application time: 0.0001648 seconds
2021-07-18T02:33:26.365+1000: 49.515: Total time for which application threads were stopped: 0.0005314 seconds, Stopping threads took: 0.0001413 seconds
2021-07-18T02:33:26.365+1000: 49.516: Application time: 0.0001347 seconds
2021-07-18T02:33:26.365+1000: 49.516: Total time for which application threads were stopped: 0.0004521 seconds, Stopping threads took: 0.0000772 seconds
2021-07-18T02:33:26.366+1000: 49.516: Application time: 0.0001740 seconds
2021-07-18T02:33:26.366+1000: 49.517: Total time for which application threads were stopped: 0.0005659 seconds, Stopping threads took: 0.0001751 seconds
2021-07-18T02:33:26.366+1000: 49.517: Application time: 0.0001320 seconds
2021-07-18T02:33:26.367+1000: 49.517: Total time for which application threads were stopped: 0.0005234 seconds, Stopping threads took: 0.0001324 seconds
2021-07-18T02:33:26.367+1000: 49.518: Application time: 0.0001295 seconds
2021-07-18T02:33:26.367+1000: 49.518: Total time for which application threads were stopped: 0.0005282 seconds, Stopping threads took: 0.0001389 seconds
2021-07-18T02:33:26.368+1000: 49.518: Application time: 0.0001468 seconds
2021-07-18T02:33:26.368+1000: 49.519: Total time for which application threads were stopped: 0.0005788 seconds, Stopping threads took: 0.0001273 seconds
2021-07-18T02:33:26.368+1000: 49.519: Application time: 0.0001467 seconds
2021-07-18T02:33:26.369+1000: 49.519: Total time for which application threads were stopped: 0.0005367 seconds, Stopping threads took: 0.0001372 seconds
2021-07-18T02:33:26.369+1000: 49.520: Application time: 0.0001457 seconds
2021-07-18T02:33:26.370+1000: 49.520: Total time for which application threads were stopped: 0.0005498 seconds, Stopping threads took: 0.0001256 seconds
2021-07-18T02:33:26.370+1000: 49.520: Application time: 0.0001382 seconds
2021-07-18T02:33:26.370+1000: 49.521: Total time for which application threads were stopped: 0.0005218 seconds, Stopping threads took: 0.0001305 seconds
2021-07-18T02:33:26.370+1000: 49.521: Application time: 0.0001280 seconds
2021-07-18T02:33:26.371+1000: 49.521: Total time for which application threads were stopped: 0.0005185 seconds, Stopping threads took: 0.0001286 seconds
2021-07-18T02:33:26.371+1000: 49.522: Application time: 0.0001642 seconds
2021-07-18T02:33:26.372+1000: 49.522: Total time for which application threads were stopped: 0.0005276 seconds, Stopping threads took: 0.0001349 seconds
2021-07-18T02:33:26.372+1000: 49.522: Application time: 0.0001672 seconds
2021-07-18T02:33:26.372+1000: 49.523: Total time for which application threads were stopped: 0.0005179 seconds, Stopping threads took: 0.0001283 seconds
2021-07-18T02:33:26.372+1000: 49.523: Application time: 0.0001299 seconds
2021-07-18T02:33:26.373+1000: 49.524: Total time for which application threads were stopped: 0.0005166 seconds, Stopping threads took: 0.0001266 seconds
2021-07-18T02:33:26.373+1000: 49.524: Application time: 0.0001375 seconds
2021-07-18T02:33:26.376+1000: 49.526: Total time for which application threads were stopped: 0.0026722 seconds, Stopping threads took: 0.0001263 seconds
2021-07-18T02:33:26.401+1000: 49.552: Application time: 0.0256535 seconds
2021-07-18T02:33:26.403+1000: 49.553: Total time for which application threads were stopped: 0.0011619 seconds, Stopping threads took: 0.0002569 seconds
2021-07-18T02:33:26.403+1000: 49.553: Application time: 0.0001988 seconds
2021-07-18T02:33:26.403+1000: 49.554: Total time for which application threads were stopped: 0.0004681 seconds, Stopping threads took: 0.0000804 seconds
2021-07-18T02:33:26.403+1000: 49.554: Application time: 0.0001357 seconds
2021-07-18T02:33:26.404+1000: 49.554: Total time for which application threads were stopped: 0.0004762 seconds, Stopping threads took: 0.0000784 seconds
2021-07-18T02:33:26.404+1000: 49.555: Application time: 0.0001292 seconds
2021-07-18T02:33:26.404+1000: 49.555: Total time for which application threads were stopped: 0.0004560 seconds, Stopping threads took: 0.0000799 seconds
2021-07-18T02:33:26.405+1000: 49.555: Application time: 0.0001368 seconds
2021-07-18T02:33:26.405+1000: 49.556: Total time for which application threads were stopped: 0.0004558 seconds, Stopping threads took: 0.0000798 seconds
2021-07-18T02:33:26.405+1000: 49.556: Application time: 0.0001234 seconds
2021-07-18T02:33:26.406+1000: 49.556: Total time for which application threads were stopped: 0.0005273 seconds, Stopping threads took: 0.0000750 seconds
2021-07-18T02:33:26.406+1000: 49.556: Application time: 0.0001309 seconds
2021-07-18T02:33:26.406+1000: 49.557: Total time for which application threads were stopped: 0.0004556 seconds, Stopping threads took: 0.0000794 seconds
2021-07-18T02:33:26.406+1000: 49.557: Application time: 0.0001933 seconds
2021-07-18T02:33:26.407+1000: 49.558: Total time for which application threads were stopped: 0.0004824 seconds, Stopping threads took: 0.0000783 seconds
2021-07-18T02:33:26.407+1000: 49.558: Application time: 0.0001182 seconds
2021-07-18T02:33:26.408+1000: 49.558: Total time for which application threads were stopped: 0.0004525 seconds, Stopping threads took: 0.0000770 seconds
2021-07-18T02:33:26.408+1000: 49.558: Application time: 0.0001195 seconds
2021-07-18T02:33:26.408+1000: 49.559: Total time for which application threads were stopped: 0.0004971 seconds, Stopping threads took: 0.0000774 seconds
2021-07-18T02:33:26.408+1000: 49.559: Application time: 0.0001637 seconds
2021-07-18T02:33:26.409+1000: 49.559: Total time for which application threads were stopped: 0.0004540 seconds, Stopping threads took: 0.0000779 seconds
2021-07-18T02:33:26.409+1000: 49.560: Application time: 0.0001283 seconds
2021-07-18T02:33:26.409+1000: 49.560: Total time for which application threads were stopped: 0.0004582 seconds, Stopping threads took: 0.0000812 seconds
2021-07-18T02:33:26.409+1000: 49.560: Application time: 0.0001287 seconds
2021-07-18T02:33:26.410+1000: 49.561: Total time for which application threads were stopped: 0.0004962 seconds, Stopping threads took: 0.0001072 seconds
2021-07-18T02:33:26.410+1000: 49.561: Application time: 0.0002065 seconds
2021-07-18T02:33:26.411+1000: 49.561: Total time for which application threads were stopped: 0.0004590 seconds, Stopping threads took: 0.0000819 seconds
2021-07-18T02:33:26.411+1000: 49.561: Application time: 0.0001291 seconds
2021-07-18T02:33:26.413+1000: 49.564: Total time for which application threads were stopped: 0.0026888 seconds, Stopping threads took: 0.0001079 seconds
2021-07-18T02:33:26.414+1000: 49.565: Application time: 0.0007139 seconds
2021-07-18T02:33:26.417+1000: 49.568: Total time for which application threads were stopped: 0.0027943 seconds, Stopping threads took: 0.0000993 seconds
2021-07-18T02:33:26.461+1000: 49.612: Application time: 0.0439740 seconds
2021-07-18T02:33:26.463+1000: 49.613: Total time for which application threads were stopped: 0.0016041 seconds, Stopping threads took: 0.0007177 seconds
2021-07-18T02:33:27.463+1000: 50.613: Application time: 1.0001848 seconds
2021-07-18T02:33:27.464+1000: 50.614: Total time for which application threads were stopped: 0.0010643 seconds, Stopping threads took: 0.0002045 seconds
2021-07-18T02:33:27.940+1000: 51.090: Application time: 0.4757204 seconds
2021-07-18T02:33:27.941+1000: 51.092: Total time for which application threads were stopped: 0.0013334 seconds, Stopping threads took: 0.0002721 seconds
2021-07-18T02:33:27.960+1000: 51.110: Application time: 0.0189461 seconds
2021-07-18T02:33:27.961+1000: 51.112: Total time for which application threads were stopped: 0.0013371 seconds, Stopping threads took: 0.0002560 seconds
2021-07-18T02:33:27.961+1000: 51.112: Application time: 0.0001523 seconds
2021-07-18T02:33:27.962+1000: 51.113: Total time for which application threads were stopped: 0.0009076 seconds, Stopping threads took: 0.0002286 seconds
2021-07-18T02:33:27.962+1000: 51.113: Application time: 0.0001323 seconds
2021-07-18T02:33:27.963+1000: 51.114: Total time for which application threads were stopped: 0.0007579 seconds, Stopping threads took: 0.0001243 seconds
2021-07-18T02:33:27.963+1000: 51.114: Application time: 0.0001288 seconds
2021-07-18T02:33:27.964+1000: 51.115: Total time for which application threads were stopped: 0.0008619 seconds, Stopping threads took: 0.0002652 seconds
2021-07-18T02:33:27.964+1000: 51.115: Application time: 0.0001787 seconds
2021-07-18T02:33:27.965+1000: 51.116: Total time for which application threads were stopped: 0.0010100 seconds, Stopping threads took: 0.0003741 seconds
2021-07-18T02:33:27.967+1000: 51.118: Application time: 0.0017914 seconds
2021-07-18T02:33:27.968+1000: 51.119: Total time for which application threads were stopped: 0.0010942 seconds, Stopping threads took: 0.0003982 seconds
2021-07-18T02:33:28.969+1000: 52.119: Application time: 1.0002655 seconds
2021-07-18T02:33:28.970+1000: 52.120: Total time for which application threads were stopped: 0.0010404 seconds, Stopping threads took: 0.0001909 seconds
2021-07-18T02:33:29.508+1000: 52.658: Application time: 0.5382009 seconds
2021-07-18T02:33:29.509+1000: 52.660: Total time for which application threads were stopped: 0.0014452 seconds, Stopping threads took: 0.0004638 seconds
2021-07-18T02:33:29.510+1000: 52.661: Application time: 0.0006622 seconds
2021-07-18T02:33:29.511+1000: 52.661: Total time for which application threads were stopped: 0.0007901 seconds, Stopping threads took: 0.0003147 seconds
2021-07-18T02:33:29.511+1000: 52.662: Application time: 0.0001519 seconds
2021-07-18T02:33:29.512+1000: 52.662: Total time for which application threads were stopped: 0.0006473 seconds, Stopping threads took: 0.0002313 seconds
2021-07-18T02:33:29.512+1000: 52.663: Application time: 0.0008757 seconds
2021-07-18T02:33:29.515+1000: 52.666: Total time for which application threads were stopped: 0.0030427 seconds, Stopping threads took: 0.0001639 seconds
2021-07-18T02:33:29.937+1000: 53.088: Application time: 0.4218741 seconds
2021-07-18T02:33:29.939+1000: 53.090: Total time for which application threads were stopped: 0.0017138 seconds, Stopping threads took: 0.0008904 seconds
2021-07-18T02:33:29.940+1000: 53.090: Application time: 0.0006556 seconds
2021-07-18T02:33:29.940+1000: 53.091: Total time for which application threads were stopped: 0.0006741 seconds, Stopping threads took: 0.0002616 seconds
2021-07-18T02:33:29.941+1000: 53.091: Application time: 0.0002137 seconds
2021-07-18T02:33:29.941+1000: 53.092: Total time for which application threads were stopped: 0.0005656 seconds, Stopping threads took: 0.0001835 seconds
2021-07-18T02:33:29.942+1000: 53.093: Application time: 0.0007592 seconds
2021-07-18T02:33:29.943+1000: 53.093: Total time for which application threads were stopped: 0.0006533 seconds, Stopping threads took: 0.0002334 seconds
2021-07-18T02:33:29.976+1000: 53.126: Application time: 0.0329917 seconds
2021-07-18T02:33:29.976+1000: 53.127: Total time for which application threads were stopped: 0.0009178 seconds, Stopping threads took: 0.0002150 seconds
2021-07-18T02:33:29.981+1000: 53.132: Application time: 0.0048998 seconds
2021-07-18T02:33:29.982+1000: 53.133: Total time for which application threads were stopped: 0.0007360 seconds, Stopping threads took: 0.0003022 seconds
2021-07-18T02:33:29.987+1000: 53.137: Application time: 0.0046433 seconds
2021-07-18T02:33:29.987+1000: 53.138: Total time for which application threads were stopped: 0.0005888 seconds, Stopping threads took: 0.0001633 seconds
2021-07-18T02:33:29.989+1000: 53.140: Application time: 0.0018730 seconds
2021-07-18T02:33:29.990+1000: 53.140: Total time for which application threads were stopped: 0.0006148 seconds, Stopping threads took: 0.0001764 seconds
2021-07-18T02:33:29.993+1000: 53.144: Application time: 0.0032594 seconds
2021-07-18T02:33:29.994+1000: 53.144: Total time for which application threads were stopped: 0.0004682 seconds, Stopping threads took: 0.0001014 seconds
2021-07-18T02:33:29.994+1000: 53.145: Application time: 0.0003174 seconds
2021-07-18T02:33:29.995+1000: 53.145: Total time for which application threads were stopped: 0.0006162 seconds, Stopping threads took: 0.0002542 seconds
2021-07-18T02:33:29.998+1000: 53.149: Application time: 0.0036986 seconds
2021-07-18T02:33:30.001+1000: 53.151: Total time for which application threads were stopped: 0.0024716 seconds, Stopping threads took: 0.0020534 seconds
2021-07-18T02:33:30.108+1000: 53.258: Application time: 0.1070329 seconds
2021-07-18T02:33:30.109+1000: 53.260: Total time for which application threads were stopped: 0.0011128 seconds, Stopping threads took: 0.0003764 seconds
2021-07-18T02:33:30.608+1000: 53.759: Application time: 0.4995801 seconds
2021-07-18T02:33:30.610+1000: 53.760: Total time for which application threads were stopped: 0.0011526 seconds, Stopping threads took: 0.0003162 seconds
2021-07-18T02:33:30.617+1000: 53.768: Application time: 0.0073008 seconds
2021-07-18T02:33:30.619+1000: 53.769: Total time for which application threads were stopped: 0.0015996 seconds, Stopping threads took: 0.0007433 seconds
2021-07-18T02:33:31.619+1000: 54.769: Application time: 1.0002290 seconds
2021-07-18T02:33:31.620+1000: 54.770: Total time for which application threads were stopped: 0.0010448 seconds, Stopping threads took: 0.0001844 seconds
2021-07-18T02:33:31.629+1000: 54.780: Application time: 0.0093727 seconds
2021-07-18T02:33:31.630+1000: 54.781: Total time for which application threads were stopped: 0.0009985 seconds, Stopping threads took: 0.0003526 seconds
2021-07-18T02:33:31.632+1000: 54.783: Application time: 0.0019724 seconds
2021-07-18T02:33:31.633+1000: 54.784: Total time for which application threads were stopped: 0.0008282 seconds, Stopping threads took: 0.0003566 seconds
2021-07-18T02:33:31.640+1000: 54.791: Application time: 0.0074917 seconds
2021-07-18T02:33:31.641+1000: 54.792: Total time for which application threads were stopped: 0.0007362 seconds, Stopping threads took: 0.0002472 seconds
2021-07-18T02:33:31.643+1000: 54.793: Application time: 0.0015491 seconds
2021-07-18T02:33:31.644+1000: 54.794: Total time for which application threads were stopped: 0.0010678 seconds, Stopping threads took: 0.0005786 seconds
2021-07-18T02:33:31.644+1000: 54.795: Application time: 0.0001438 seconds
2021-07-18T02:33:31.645+1000: 54.795: Total time for which application threads were stopped: 0.0006153 seconds, Stopping threads took: 0.0001666 seconds
2021-07-18T02:33:31.646+1000: 54.797: Application time: 0.0015161 seconds
2021-07-18T02:33:31.647+1000: 54.798: Total time for which application threads were stopped: 0.0007478 seconds, Stopping threads took: 0.0002991 seconds
2021-07-18T02:33:31.940+1000: 55.091: Application time: 0.2931834 seconds
2021-07-18T02:33:31.941+1000: 55.092: Total time for which application threads were stopped: 0.0010986 seconds, Stopping threads took: 0.0002406 seconds
2021-07-18T02:33:32.249+1000: 55.400: Application time: 0.3083148 seconds
2021-07-18T02:33:32.258+1000: 55.409: Total time for which application threads were stopped: 0.0089239 seconds, Stopping threads took: 0.0081192 seconds
2021-07-18T02:33:32.272+1000: 55.423: Application time: 0.0139771 seconds
2021-07-18T02:33:32.275+1000: 55.426: Total time for which application threads were stopped: 0.0029827 seconds, Stopping threads took: 0.0002494 seconds
2021-07-18T02:33:32.393+1000: 55.544: Application time: 0.1176798 seconds
2021-07-18T02:33:32.394+1000: 55.545: Total time for which application threads were stopped: 0.0010067 seconds, Stopping threads took: 0.0002410 seconds
2021-07-18T02:33:32.411+1000: 55.561: Application time: 0.0165762 seconds
2021-07-18T02:33:32.412+1000: 55.562: Total time for which application threads were stopped: 0.0010239 seconds, Stopping threads took: 0.0002807 seconds
2021-07-18T02:33:32.445+1000: 55.596: Application time: 0.0333219 seconds
2021-07-18T02:33:32.446+1000: 55.597: Total time for which application threads were stopped: 0.0011960 seconds, Stopping threads took: 0.0004120 seconds
2021-07-18T02:33:32.450+1000: 55.601: Application time: 0.0042675 seconds
2021-07-18T02:33:32.451+1000: 55.602: Total time for which application threads were stopped: 0.0006689 seconds, Stopping threads took: 0.0002457 seconds
2021-07-18T02:33:32.459+1000: 55.610: Application time: 0.0081142 seconds
2021-07-18T02:33:32.460+1000: 55.611: Total time for which application threads were stopped: 0.0007978 seconds, Stopping threads took: 0.0002922 seconds
2021-07-18T02:33:32.462+1000: 55.613: Application time: 0.0019113 seconds
2021-07-18T02:33:32.463+1000: 55.613: Total time for which application threads were stopped: 0.0006789 seconds, Stopping threads took: 0.0002500 seconds
2021-07-18T02:33:32.463+1000: 55.613: Application time: 0.0001148 seconds
2021-07-18T02:33:32.463+1000: 55.614: Total time for which application threads were stopped: 0.0005040 seconds, Stopping threads took: 0.0001574 seconds
2021-07-18T02:33:32.464+1000: 55.614: Application time: 0.0002530 seconds
2021-07-18T02:33:32.464+1000: 55.615: Total time for which application threads were stopped: 0.0005427 seconds, Stopping threads took: 0.0001663 seconds
2021-07-18T02:33:32.464+1000: 55.615: Application time: 0.0001015 seconds
2021-07-18T02:33:32.465+1000: 55.615: Total time for which application threads were stopped: 0.0004834 seconds, Stopping threads took: 0.0001528 seconds
2021-07-18T02:33:32.465+1000: 55.615: Application time: 0.0000980 seconds
2021-07-18T02:33:32.465+1000: 55.616: Total time for which application threads were stopped: 0.0003850 seconds, Stopping threads took: 0.0000700 seconds
2021-07-18T02:33:32.465+1000: 55.616: Application time: 0.0001018 seconds
2021-07-18T02:33:32.466+1000: 55.616: Total time for which application threads were stopped: 0.0004592 seconds, Stopping threads took: 0.0000901 seconds
2021-07-18T02:33:32.466+1000: 55.617: Application time: 0.0001045 seconds
2021-07-18T02:33:32.467+1000: 55.617: Total time for which application threads were stopped: 0.0006831 seconds, Stopping threads took: 0.0003484 seconds
2021-07-18T02:33:32.467+1000: 55.617: Application time: 0.0001034 seconds
2021-07-18T02:33:32.467+1000: 55.618: Total time for which application threads were stopped: 0.0005524 seconds, Stopping threads took: 0.0002011 seconds
2021-07-18T02:33:32.467+1000: 55.618: Application time: 0.0001158 seconds
2021-07-18T02:33:32.468+1000: 55.619: Total time for which application threads were stopped: 0.0006279 seconds, Stopping threads took: 0.0002936 seconds
2021-07-18T02:33:32.468+1000: 55.619: Application time: 0.0000976 seconds
2021-07-18T02:33:32.469+1000: 55.620: Total time for which application threads were stopped: 0.0008646 seconds, Stopping threads took: 0.0005336 seconds
2021-07-18T02:33:32.469+1000: 55.620: Application time: 0.0001121 seconds
2021-07-18T02:33:32.470+1000: 55.620: Total time for which application threads were stopped: 0.0004989 seconds, Stopping threads took: 0.0001228 seconds
2021-07-18T02:33:32.470+1000: 55.620: Application time: 0.0001077 seconds
2021-07-18T02:33:32.471+1000: 55.621: Total time for which application threads were stopped: 0.0008601 seconds, Stopping threads took: 0.0001246 seconds
2021-07-18T02:33:32.471+1000: 55.621: Application time: 0.0000985 seconds
2021-07-18T02:33:32.471+1000: 55.622: Total time for which application threads were stopped: 0.0004029 seconds, Stopping threads took: 0.0000641 seconds
2021-07-18T02:33:32.471+1000: 55.622: Application time: 0.0000990 seconds
2021-07-18T02:33:32.472+1000: 55.622: Total time for which application threads were stopped: 0.0004820 seconds, Stopping threads took: 0.0001412 seconds
2021-07-18T02:33:32.472+1000: 55.622: Application time: 0.0000950 seconds
2021-07-18T02:33:32.472+1000: 55.623: Total time for which application threads were stopped: 0.0005091 seconds, Stopping threads took: 0.0001665 seconds
2021-07-18T02:33:32.472+1000: 55.623: Application time: 0.0001061 seconds
2021-07-18T02:33:32.473+1000: 55.624: Total time for which application threads were stopped: 0.0005888 seconds, Stopping threads took: 0.0001599 seconds
2021-07-18T02:33:32.473+1000: 55.624: Application time: 0.0000977 seconds
2021-07-18T02:33:32.474+1000: 55.624: Total time for which application threads were stopped: 0.0006102 seconds, Stopping threads took: 0.0002445 seconds
2021-07-18T02:33:32.474+1000: 55.624: Application time: 0.0001025 seconds
2021-07-18T02:33:32.474+1000: 55.625: Total time for which application threads were stopped: 0.0005963 seconds, Stopping threads took: 0.0002468 seconds
2021-07-18T02:33:32.474+1000: 55.625: Application time: 0.0001062 seconds
2021-07-18T02:33:32.475+1000: 55.626: Total time for which application threads were stopped: 0.0008605 seconds, Stopping threads took: 0.0005110 seconds
2021-07-18T02:33:32.475+1000: 55.626: Application time: 0.0001085 seconds
2021-07-18T02:33:32.476+1000: 55.627: Total time for which application threads were stopped: 0.0005961 seconds, Stopping threads took: 0.0002024 seconds
2021-07-18T02:33:32.476+1000: 55.627: Application time: 0.0000993 seconds
2021-07-18T02:33:32.479+1000: 55.630: Total time for which application threads were stopped: 0.0030115 seconds, Stopping threads took: 0.0008309 seconds
2021-07-18T02:33:32.482+1000: 55.633: Application time: 0.0031575 seconds
2021-07-18T02:33:32.483+1000: 55.634: Total time for which application threads were stopped: 0.0009349 seconds, Stopping threads took: 0.0004462 seconds
2021-07-18T02:33:32.483+1000: 55.634: Application time: 0.0001375 seconds
2021-07-18T02:33:32.484+1000: 55.635: Total time for which application threads were stopped: 0.0005461 seconds, Stopping threads took: 0.0001980 seconds
2021-07-18T02:33:32.494+1000: 55.644: Application time: 0.0097300 seconds
2021-07-18T02:33:32.495+1000: 55.645: Total time for which application threads were stopped: 0.0010205 seconds, Stopping threads took: 0.0003805 seconds
2021-07-18T02:33:32.496+1000: 55.647: Application time: 0.0013474 seconds
2021-07-18T02:33:32.497+1000: 55.647: Total time for which application threads were stopped: 0.0007061 seconds, Stopping threads took: 0.0003126 seconds
2021-07-18T02:33:32.497+1000: 55.648: Application time: 0.0003435 seconds
2021-07-18T02:33:32.498+1000: 55.648: Total time for which application threads were stopped: 0.0005894 seconds, Stopping threads took: 0.0001967 seconds
2021-07-18T02:33:32.498+1000: 55.648: Application time: 0.0001568 seconds
2021-07-18T02:33:32.499+1000: 55.649: Total time for which application threads were stopped: 0.0008387 seconds, Stopping threads took: 0.0005030 seconds
2021-07-18T02:33:32.499+1000: 55.650: Application time: 0.0002835 seconds
2021-07-18T02:33:32.500+1000: 55.650: Total time for which application threads were stopped: 0.0006537 seconds, Stopping threads took: 0.0002750 seconds
2021-07-18T02:33:32.518+1000: 55.669: Application time: 0.0186182 seconds
2021-07-18T02:33:32.520+1000: 55.670: Total time for which application threads were stopped: 0.0014917 seconds, Stopping threads took: 0.0002820 seconds
2021-07-18T02:33:32.542+1000: 55.693: Application time: 0.0225963 seconds
2021-07-18T02:33:32.544+1000: 55.694: Total time for which application threads were stopped: 0.0012871 seconds, Stopping threads took: 0.0003215 seconds
2021-07-18T02:33:32.604+1000: 55.754: Application time: 0.0601889 seconds
2021-07-18T02:33:32.605+1000: 55.755: Total time for which application threads were stopped: 0.0009666 seconds, Stopping threads took: 0.0001769 seconds
2021-07-18T02:33:32.665+1000: 55.815: Application time: 0.0600645 seconds
2021-07-18T02:33:32.666+1000: 55.817: Total time for which application threads were stopped: 0.0010568 seconds, Stopping threads took: 0.0002646 seconds
2021-07-18T02:33:32.675+1000: 55.826: Application time: 0.0092123 seconds
2021-07-18T02:33:32.677+1000: 55.827: Total time for which application threads were stopped: 0.0014485 seconds, Stopping threads took: 0.0005126 seconds
2021-07-18T02:33:32.690+1000: 55.841: Application time: 0.0136957 seconds
2021-07-18T02:33:32.691+1000: 55.842: Total time for which application threads were stopped: 0.0011641 seconds, Stopping threads took: 0.0003629 seconds
2021-07-18T02:33:32.806+1000: 55.957: Application time: 0.1147008 seconds
2021-07-18T02:33:32.807+1000: 55.958: Total time for which application threads were stopped: 0.0011159 seconds, Stopping threads took: 0.0002905 seconds
2021-07-18T02:33:32.807+1000: 55.958: Application time: 0.0001011 seconds
2021-07-18T02:33:32.808+1000: 55.959: Total time for which application threads were stopped: 0.0005642 seconds, Stopping threads took: 0.0001549 seconds
2021-07-18T02:33:32.824+1000: 55.975: Application time: 0.0162834 seconds
2021-07-18T02:33:32.826+1000: 55.976: Total time for which application threads were stopped: 0.0012615 seconds, Stopping threads took: 0.0003756 seconds
2021-07-18T02:33:32.846+1000: 55.997: Application time: 0.0207430 seconds
2021-07-18T02:33:32.858+1000: 56.009: Total time for which application threads were stopped: 0.0121398 seconds, Stopping threads took: 0.0110033 seconds
2021-07-18T02:33:32.864+1000: 56.015: Application time: 0.0057679 seconds
2021-07-18T02:33:32.865+1000: 56.016: Total time for which application threads were stopped: 0.0011631 seconds, Stopping threads took: 0.0004930 seconds
2021-07-18T02:33:32.901+1000: 56.051: Application time: 0.0354056 seconds
2021-07-18T02:33:32.902+1000: 56.053: Total time for which application threads were stopped: 0.0014413 seconds, Stopping threads took: 0.0004427 seconds
2021-07-18T02:33:32.909+1000: 56.059: Application time: 0.0065227 seconds
2021-07-18T02:33:32.911+1000: 56.061: Total time for which application threads were stopped: 0.0019540 seconds, Stopping threads took: 0.0006963 seconds
2021-07-18T02:33:32.911+1000: 56.062: Application time: 0.0002197 seconds
2021-07-18T02:33:32.912+1000: 56.063: Total time for which application threads were stopped: 0.0010724 seconds, Stopping threads took: 0.0004238 seconds
2021-07-18T02:33:32.915+1000: 56.065: Application time: 0.0025225 seconds
2021-07-18T02:33:32.921+1000: 56.072: Total time for which application threads were stopped: 0.0066334 seconds, Stopping threads took: 0.0058125 seconds
2021-07-18T02:33:32.955+1000: 56.105: Application time: 0.0335755 seconds
2021-07-18T02:33:32.959+1000: 56.110: Total time for which application threads were stopped: 0.0044644 seconds, Stopping threads took: 0.0009092 seconds
2021-07-18T02:33:32.960+1000: 56.111: Application time: 0.0010252 seconds
2021-07-18T02:33:32.961+1000: 56.112: Total time for which application threads were stopped: 0.0012379 seconds, Stopping threads took: 0.0006070 seconds
2021-07-18T02:33:32.962+1000: 56.113: Application time: 0.0008877 seconds
2021-07-18T02:33:32.963+1000: 56.114: Total time for which application threads were stopped: 0.0009218 seconds, Stopping threads took: 0.0004184 seconds
2021-07-18T02:33:32.964+1000: 56.114: Application time: 0.0005188 seconds
2021-07-18T02:33:32.965+1000: 56.116: Total time for which application threads were stopped: 0.0012843 seconds, Stopping threads took: 0.0007114 seconds
2021-07-18T02:33:32.968+1000: 56.119: Application time: 0.0031202 seconds
2021-07-18T02:33:32.969+1000: 56.120: Total time for which application threads were stopped: 0.0008795 seconds, Stopping threads took: 0.0004320 seconds
2021-07-18T02:33:32.978+1000: 56.129: Application time: 0.0093327 seconds
2021-07-18T02:33:32.981+1000: 56.132: Total time for which application threads were stopped: 0.0025520 seconds, Stopping threads took: 0.0014563 seconds
2021-07-18T02:33:32.986+1000: 56.136: Application time: 0.0047081 seconds
2021-07-18T02:33:32.988+1000: 56.138: Total time for which application threads were stopped: 0.0019330 seconds, Stopping threads took: 0.0006802 seconds
2021-07-18T02:33:32.988+1000: 56.139: Application time: 0.0004514 seconds
2021-07-18T02:33:32.990+1000: 56.140: Total time for which application threads were stopped: 0.0015113 seconds, Stopping threads took: 0.0004221 seconds
2021-07-18T02:33:33.010+1000: 56.160: Application time: 0.0201940 seconds
2021-07-18T02:33:33.012+1000: 56.163: Total time for which application threads were stopped: 0.0024216 seconds, Stopping threads took: 0.0012051 seconds
2021-07-18T02:33:33.021+1000: 56.172: Application time: 0.0090742 seconds
2021-07-18T02:33:33.023+1000: 56.173: Total time for which application threads were stopped: 0.0015052 seconds, Stopping threads took: 0.0006589 seconds
2021-07-18T02:33:33.310+1000: 56.460: Application time: 0.2867045 seconds
2021-07-18T02:33:33.318+1000: 56.469: [GC (Allocation Failure) Before GC:
Statistics for BinaryTreeDictionary:
------------------------------------
Total Free Space: 13411112
Max   Chunk Size: 6276738
Number of Blocks: 131
Av.  Block  Size: 102374
Tree      Height: 15
2021-07-18T02:33:33.319+1000: 56.469: [ParNew
Desired survivor size 10452992 bytes, new threshold 1 (max 15)
- age   1:   20032792 bytes,   20032792 total
: 184319K->20416K(184320K), 0.1391625 secs] 455002K->335162K(596536K)After GC:
Statistics for BinaryTreeDictionary:
------------------------------------
Total Free Space: 9588796
Max   Chunk Size: 6243967
Number of Blocks: 2
Av.  Block  Size: 4794398
Tree      Height: 2
, 0.1396489 secs] [Times: user=0.39 sys=0.03, real=0.14 secs] 
2021-07-18T02:33:33.458+1000: 56.609: Total time for which application threads were stopped: 0.1488461 seconds, Stopping threads took: 0.0068823 seconds
2021-07-18T02:33:33.463+1000: 56.614: Application time: 0.0049767 seconds
2021-07-18T02:33:33.466+1000: 56.616: Total time for which application threads were stopped: 0.0021698 seconds, Stopping threads took: 0.0010638 seconds
2021-07-18T02:33:33.468+1000: 56.619: Application time: 0.0023960 seconds
2021-07-18T02:33:33.469+1000: 56.620: Total time for which application threads were stopped: 0.0013185 seconds, Stopping threads took: 0.0005855 seconds
2021-07-18T02:33:33.477+1000: 56.627: Application time: 0.0071515 seconds
2021-07-18T02:33:33.478+1000: 56.628: Total time for which application threads were stopped: 0.0010870 seconds, Stopping threads took: 0.0004321 seconds
2021-07-18T02:33:33.478+1000: 56.628: Application time: 0.0002522 seconds
2021-07-18T02:33:33.479+1000: 56.629: Total time for which application threads were stopped: 0.0007285 seconds, Stopping threads took: 0.0003128 seconds
2021-07-18T02:33:33.481+1000: 56.632: Application time: 0.0026489 seconds
2021-07-18T02:33:33.482+1000: 56.633: Total time for which application threads were stopped: 0.0009725 seconds, Stopping threads took: 0.0005047 seconds
2021-07-18T02:33:33.496+1000: 56.647: Application time: 0.0139081 seconds
2021-07-18T02:33:33.511+1000: 56.661: Total time for which application threads were stopped: 0.0145177 seconds, Stopping threads took: 0.0136360 seconds
2021-07-18T02:33:33.511+1000: 56.661: Application time: 0.0002182 seconds
2021-07-18T02:33:33.512+1000: 56.662: Total time for which application threads were stopped: 0.0007493 seconds, Stopping threads took: 0.0003518 seconds
2021-07-18T02:33:33.515+1000: 56.665: Application time: 0.0031701 seconds
2021-07-18T02:33:33.517+1000: 56.668: Total time for which application threads were stopped: 0.0026280 seconds, Stopping threads took: 0.0018570 seconds
2021-07-18T02:33:33.518+1000: 56.668: Application time: 0.0001737 seconds
2021-07-18T02:33:33.518+1000: 56.669: Total time for which application threads were stopped: 0.0005452 seconds, Stopping threads took: 0.0001469 seconds
2021-07-18T02:33:33.518+1000: 56.669: Application time: 0.0001486 seconds
2021-07-18T02:33:33.519+1000: 56.669: Total time for which application threads were stopped: 0.0004837 seconds, Stopping threads took: 0.0000715 seconds
2021-07-18T02:33:33.519+1000: 56.670: Application time: 0.0001403 seconds
2021-07-18T02:33:33.520+1000: 56.670: Total time for which application threads were stopped: 0.0006622 seconds, Stopping threads took: 0.0000711 seconds
2021-07-18T02:33:33.520+1000: 56.670: Application time: 0.0001543 seconds
2021-07-18T02:33:33.520+1000: 56.671: Total time for which application threads were stopped: 0.0006025 seconds, Stopping threads took: 0.0001376 seconds
2021-07-18T02:33:33.520+1000: 56.671: Application time: 0.0001409 seconds
2021-07-18T02:33:33.525+1000: 56.676: Total time for which application threads were stopped: 0.0048921 seconds, Stopping threads took: 0.0041961 seconds
2021-07-18T02:33:33.526+1000: 56.677: Application time: 0.0005671 seconds
2021-07-18T02:33:33.527+1000: 56.677: Total time for which application threads were stopped: 0.0007296 seconds, Stopping threads took: 0.0003307 seconds
2021-07-18T02:33:33.527+1000: 56.677: Application time: 0.0001862 seconds
2021-07-18T02:33:33.527+1000: 56.678: Total time for which application threads were stopped: 0.0005489 seconds, Stopping threads took: 0.0001653 seconds
2021-07-18T02:33:33.528+1000: 56.678: Application time: 0.0002603 seconds
2021-07-18T02:33:33.528+1000: 56.679: Total time for which application threads were stopped: 0.0006723 seconds, Stopping threads took: 0.0002722 seconds
2021-07-18T02:33:33.529+1000: 56.679: Application time: 0.0002476 seconds
2021-07-18T02:33:33.530+1000: 56.681: Total time for which application threads were stopped: 0.0014930 seconds, Stopping threads took: 0.0004429 seconds
2021-07-18T02:33:33.530+1000: 56.681: Application time: 0.0002489 seconds
2021-07-18T02:33:33.531+1000: 56.682: Total time for which application threads were stopped: 0.0011403 seconds, Stopping threads took: 0.0007171 seconds
2021-07-18T02:33:33.532+1000: 56.682: Application time: 0.0001548 seconds
2021-07-18T02:33:33.532+1000: 56.683: Total time for which application threads were stopped: 0.0008393 seconds, Stopping threads took: 0.0004526 seconds
2021-07-18T02:33:33.533+1000: 56.683: Application time: 0.0001461 seconds
2021-07-18T02:33:33.533+1000: 56.684: Total time for which application threads were stopped: 0.0004613 seconds, Stopping threads took: 0.0000900 seconds
2021-07-18T02:33:33.533+1000: 56.684: Application time: 0.0001451 seconds
2021-07-18T02:33:33.534+1000: 56.685: Total time for which application threads were stopped: 0.0010600 seconds, Stopping threads took: 0.0006720 seconds
2021-07-18T02:33:33.535+1000: 56.685: Application time: 0.0004928 seconds
2021-07-18T02:33:33.536+1000: 56.686: Total time for which application threads were stopped: 0.0008380 seconds, Stopping threads took: 0.0003289 seconds
2021-07-18T02:33:33.536+1000: 56.686: Application time: 0.0001973 seconds
2021-07-18T02:33:33.537+1000: 56.687: Total time for which application threads were stopped: 0.0008635 seconds, Stopping threads took: 0.0003021 seconds
2021-07-18T02:33:33.537+1000: 56.687: Application time: 0.0001625 seconds
2021-07-18T02:33:33.538+1000: 56.689: Total time for which application threads were stopped: 0.0010235 seconds, Stopping threads took: 0.0004210 seconds
2021-07-18T02:33:33.538+1000: 56.689: Application time: 0.0004802 seconds
2021-07-18T02:33:33.543+1000: 56.693: Total time for which application threads were stopped: 0.0049910 seconds, Stopping threads took: 0.0011726 seconds
2021-07-18T02:33:33.576+1000: 56.727: Application time: 0.0327273 seconds
2021-07-18T02:33:33.577+1000: 56.728: Total time for which application threads were stopped: 0.0011647 seconds, Stopping threads took: 0.0002842 seconds
2021-07-18T02:33:33.584+1000: 56.734: Application time: 0.0064792 seconds
2021-07-18T02:33:33.585+1000: 56.735: Total time for which application threads were stopped: 0.0009739 seconds, Stopping threads took: 0.0002376 seconds
2021-07-18T02:33:33.587+1000: 56.738: Application time: 0.0022537 seconds
2021-07-18T02:33:33.599+1000: 56.750: Total time for which application threads were stopped: 0.0121487 seconds, Stopping threads took: 0.0113228 seconds
2021-07-18T02:33:33.600+1000: 56.751: Application time: 0.0012422 seconds
2021-07-18T02:33:33.602+1000: 56.752: Total time for which application threads were stopped: 0.0011945 seconds, Stopping threads took: 0.0007451 seconds
2021-07-18T02:33:33.602+1000: 56.752: Application time: 0.0001247 seconds
2021-07-18T02:33:33.602+1000: 56.753: Total time for which application threads were stopped: 0.0005562 seconds, Stopping threads took: 0.0001955 seconds
2021-07-18T02:33:33.615+1000: 56.766: Application time: 0.0132113 seconds
2021-07-18T02:33:33.617+1000: 56.768: Total time for which application threads were stopped: 0.0014666 seconds, Stopping threads took: 0.0004987 seconds
2021-07-18T02:33:33.622+1000: 56.772: Application time: 0.0049048 seconds
2021-07-18T02:33:33.623+1000: 56.774: Total time for which application threads were stopped: 0.0012422 seconds, Stopping threads took: 0.0001805 seconds
2021-07-18T02:33:33.785+1000: 56.936: Application time: 0.1622705 seconds
2021-07-18T02:33:33.787+1000: 56.938: Total time for which application threads were stopped: 0.0016574 seconds, Stopping threads took: 0.0004380 seconds
2021-07-18T02:33:33.818+1000: 56.969: Application time: 0.0312011 seconds
2021-07-18T02:33:33.820+1000: 56.970: Total time for which application threads were stopped: 0.0015281 seconds, Stopping threads took: 0.0005816 seconds
2021-07-18T02:33:33.916+1000: 57.067: Application time: 0.0963759 seconds
2021-07-18T02:33:33.918+1000: 57.068: Total time for which application threads were stopped: 0.0014532 seconds, Stopping threads took: 0.0004755 seconds
2021-07-18T02:33:33.940+1000: 57.090: Application time: 0.0220398 seconds
2021-07-18T02:33:33.942+1000: 57.092: Total time for which application threads were stopped: 0.0021064 seconds, Stopping threads took: 0.0007458 seconds
2021-07-18T02:33:34.078+1000: 57.228: Application time: 0.1360741 seconds
2021-07-18T02:33:34.093+1000: 57.243: Total time for which application threads were stopped: 0.0147681 seconds, Stopping threads took: 0.0133643 seconds
2021-07-18T02:33:34.097+1000: 57.247: Application time: 0.0041202 seconds
2021-07-18T02:33:34.098+1000: 57.248: Total time for which application threads were stopped: 0.0011237 seconds, Stopping threads took: 0.0004022 seconds
2021-07-18T02:33:34.098+1000: 57.249: Application time: 0.0002507 seconds
2021-07-18T02:33:34.099+1000: 57.250: Total time for which application threads were stopped: 0.0012784 seconds, Stopping threads took: 0.0006220 seconds
2021-07-18T02:33:34.100+1000: 57.250: Application time: 0.0001150 seconds
2021-07-18T02:33:34.100+1000: 57.251: Total time for which application threads were stopped: 0.0008075 seconds, Stopping threads took: 0.0002188 seconds
2021-07-18T02:33:34.101+1000: 57.251: Application time: 0.0002798 seconds
2021-07-18T02:33:34.102+1000: 57.252: Total time for which application threads were stopped: 0.0009722 seconds, Stopping threads took: 0.0002871 seconds
2021-07-18T02:33:34.102+1000: 57.252: Application time: 0.0001794 seconds
2021-07-18T02:33:34.103+1000: 57.253: Total time for which application threads were stopped: 0.0008031 seconds, Stopping threads took: 0.0001894 seconds
2021-07-18T02:33:34.122+1000: 57.273: Application time: 0.0196434 seconds
2021-07-18T02:33:34.131+1000: 57.282: Total time for which application threads were stopped: 0.0093018 seconds, Stopping threads took: 0.0081498 seconds
2021-07-18T02:33:34.173+1000: 57.324: Application time: 0.0418053 seconds
2021-07-18T02:33:34.175+1000: 57.326: Total time for which application threads were stopped: 0.0017554 seconds, Stopping threads took: 0.0008320 seconds
2021-07-18T02:33:34.199+1000: 57.349: Application time: 0.0236031 seconds
2021-07-18T02:33:34.204+1000: 57.355: Total time for which application threads were stopped: 0.0053397 seconds, Stopping threads took: 0.0044118 seconds
2021-07-18T02:33:34.266+1000: 57.416: Application time: 0.0615417 seconds
2021-07-18T02:33:34.268+1000: 57.419: Total time for which application threads were stopped: 0.0023859 seconds, Stopping threads took: 0.0010911 seconds
2021-07-18T02:33:34.271+1000: 57.421: Application time: 0.0026385 seconds
2021-07-18T02:33:34.275+1000: 57.426: Total time for which application threads were stopped: 0.0044097 seconds, Stopping threads took: 0.0007620 seconds
2021-07-18T02:33:34.276+1000: 57.427: Application time: 0.0010117 seconds
2021-07-18T02:33:34.278+1000: 57.428: Total time for which application threads were stopped: 0.0014652 seconds, Stopping threads took: 0.0008157 seconds
2021-07-18T02:33:34.280+1000: 57.430: Application time: 0.0020665 seconds
2021-07-18T02:33:34.281+1000: 57.432: Total time for which application threads were stopped: 0.0013590 seconds, Stopping threads took: 0.0006369 seconds
2021-07-18T02:33:34.281+1000: 57.432: Application time: 0.0003045 seconds
2021-07-18T02:33:34.282+1000: 57.433: Total time for which application threads were stopped: 0.0010720 seconds, Stopping threads took: 0.0005494 seconds
2021-07-18T02:33:34.283+1000: 57.433: Application time: 0.0003610 seconds
2021-07-18T02:33:34.284+1000: 57.434: Total time for which application threads were stopped: 0.0008790 seconds, Stopping threads took: 0.0002773 seconds
2021-07-18T02:33:34.286+1000: 57.437: Application time: 0.0023493 seconds
2021-07-18T02:33:34.287+1000: 57.438: Total time for which application threads were stopped: 0.0014967 seconds, Stopping threads took: 0.0008625 seconds
2021-07-18T02:33:34.394+1000: 57.545: Application time: 0.1069718 seconds
2021-07-18T02:33:34.396+1000: 57.547: Total time for which application threads were stopped: 0.0020573 seconds, Stopping threads took: 0.0005702 seconds
2021-07-18T02:33:34.399+1000: 57.550: Application time: 0.0029167 seconds
2021-07-18T02:33:34.401+1000: 57.552: Total time for which application threads were stopped: 0.0016093 seconds, Stopping threads took: 0.0007016 seconds
2021-07-18T02:33:34.401+1000: 57.552: Application time: 0.0001193 seconds
2021-07-18T02:33:34.402+1000: 57.552: Total time for which application threads were stopped: 0.0006853 seconds, Stopping threads took: 0.0002022 seconds
2021-07-18T02:33:34.408+1000: 57.558: Application time: 0.0058489 seconds
2021-07-18T02:33:34.409+1000: 57.560: Total time for which application threads were stopped: 0.0011991 seconds, Stopping threads took: 0.0003133 seconds
2021-07-18T02:33:34.410+1000: 57.561: Application time: 0.0010291 seconds
2021-07-18T02:33:34.411+1000: 57.561: Total time for which application threads were stopped: 0.0006022 seconds, Stopping threads took: 0.0001329 seconds
2021-07-18T02:33:34.411+1000: 57.561: Application time: 0.0001467 seconds
2021-07-18T02:33:34.411+1000: 57.562: Total time for which application threads were stopped: 0.0006708 seconds, Stopping threads took: 0.0002468 seconds
2021-07-18T02:33:34.412+1000: 57.562: Application time: 0.0001773 seconds
2021-07-18T02:33:34.412+1000: 57.563: Total time for which application threads were stopped: 0.0008960 seconds, Stopping threads took: 0.0004292 seconds
2021-07-18T02:33:34.413+1000: 57.563: Application time: 0.0001218 seconds
2021-07-18T02:33:34.413+1000: 57.564: Total time for which application threads were stopped: 0.0005985 seconds, Stopping threads took: 0.0001460 seconds
2021-07-18T02:33:34.413+1000: 57.564: Application time: 0.0001186 seconds
2021-07-18T02:33:34.414+1000: 57.565: Total time for which application threads were stopped: 0.0007482 seconds, Stopping threads took: 0.0003347 seconds
2021-07-18T02:33:34.414+1000: 57.565: Application time: 0.0001416 seconds
2021-07-18T02:33:34.415+1000: 57.566: Total time for which application threads were stopped: 0.0008876 seconds, Stopping threads took: 0.0004552 seconds
2021-07-18T02:33:34.415+1000: 57.566: Application time: 0.0001180 seconds
2021-07-18T02:33:34.416+1000: 57.567: Total time for which application threads were stopped: 0.0007818 seconds, Stopping threads took: 0.0003482 seconds
2021-07-18T02:33:34.416+1000: 57.567: Application time: 0.0001344 seconds
2021-07-18T02:33:34.417+1000: 57.568: Total time for which application threads were stopped: 0.0008760 seconds, Stopping threads took: 0.0004539 seconds
2021-07-18T02:33:34.418+1000: 57.569: Application time: 0.0013055 seconds
2021-07-18T02:33:34.419+1000: 57.570: Total time for which application threads were stopped: 0.0011960 seconds, Stopping threads took: 0.0006503 seconds
2021-07-18T02:33:34.420+1000: 57.570: Application time: 0.0002920 seconds
2021-07-18T02:33:34.421+1000: 57.572: Total time for which application threads were stopped: 0.0014569 seconds, Stopping threads took: 0.0010021 seconds
2021-07-18T02:33:34.421+1000: 57.572: Application time: 0.0001642 seconds
2021-07-18T02:33:34.422+1000: 57.573: Total time for which application threads were stopped: 0.0008618 seconds, Stopping threads took: 0.0004280 seconds
2021-07-18T02:33:34.423+1000: 57.573: Application time: 0.0003645 seconds
2021-07-18T02:33:34.424+1000: 57.574: Total time for which application threads were stopped: 0.0010768 seconds, Stopping threads took: 0.0005940 seconds
2021-07-18T02:33:34.425+1000: 57.575: Application time: 0.0010533 seconds
2021-07-18T02:33:34.426+1000: 57.577: Total time for which application threads were stopped: 0.0012416 seconds, Stopping threads took: 0.0007347 seconds
2021-07-18T02:33:34.426+1000: 57.577: Application time: 0.0001820 seconds
2021-07-18T02:33:34.427+1000: 57.578: Total time for which application threads were stopped: 0.0007360 seconds, Stopping threads took: 0.0002897 seconds
2021-07-18T02:33:34.427+1000: 57.578: Application time: 0.0001090 seconds
2021-07-18T02:33:34.428+1000: 57.578: Total time for which application threads were stopped: 0.0005334 seconds, Stopping threads took: 0.0001288 seconds
2021-07-18T02:33:34.428+1000: 57.578: Application time: 0.0002595 seconds
2021-07-18T02:33:34.429+1000: 57.579: Total time for which application threads were stopped: 0.0010233 seconds, Stopping threads took: 0.0005587 seconds
2021-07-18T02:33:34.429+1000: 57.580: Application time: 0.0001204 seconds
2021-07-18T02:33:34.430+1000: 57.580: Total time for which application threads were stopped: 0.0006588 seconds, Stopping threads took: 0.0001868 seconds
2021-07-18T02:33:34.430+1000: 57.580: Application time: 0.0001377 seconds
2021-07-18T02:33:34.433+1000: 57.584: Total time for which application threads were stopped: 0.0033027 seconds, Stopping threads took: 0.0002874 seconds
2021-07-18T02:33:34.475+1000: 57.626: Application time: 0.0417959 seconds
2021-07-18T02:33:34.478+1000: 57.628: Total time for which application threads were stopped: 0.0025577 seconds, Stopping threads took: 0.0015142 seconds
2021-07-18T02:33:34.560+1000: 57.710: Application time: 0.0823517 seconds
2021-07-18T02:33:34.565+1000: 57.715: Total time for which application threads were stopped: 0.0047085 seconds, Stopping threads took: 0.0006826 seconds
2021-07-18T02:33:34.588+1000: 57.739: Application time: 0.0233586 seconds
2021-07-18T02:33:34.604+1000: 57.755: Total time for which application threads were stopped: 0.0160769 seconds, Stopping threads took: 0.0139246 seconds
2021-07-18T02:33:34.610+1000: 57.761: Application time: 0.0061198 seconds
2021-07-18T02:33:34.612+1000: 57.762: Total time for which application threads were stopped: 0.0016235 seconds, Stopping threads took: 0.0006572 seconds
2021-07-18T02:33:34.612+1000: 57.763: Application time: 0.0003423 seconds
2021-07-18T02:33:34.614+1000: 57.764: Total time for which application threads were stopped: 0.0017462 seconds, Stopping threads took: 0.0008033 seconds
2021-07-18T02:33:34.776+1000: 57.927: Application time: 0.1623311 seconds
2021-07-18T02:33:34.779+1000: 57.930: Total time for which application threads were stopped: 0.0028586 seconds, Stopping threads took: 0.0010442 seconds
2021-07-18T02:33:34.779+1000: 57.930: Application time: 0.0001850 seconds
2021-07-18T02:33:34.780+1000: 57.931: Total time for which application threads were stopped: 0.0009715 seconds, Stopping threads took: 0.0001502 seconds
2021-07-18T02:33:34.898+1000: 58.048: Application time: 0.1173549 seconds
2021-07-18T02:33:34.903+1000: 58.054: [GC (Allocation Failure) Before GC:
Statistics for BinaryTreeDictionary:
------------------------------------
Total Free Space: 9588796
Max   Chunk Size: 6243967
Number of Blocks: 2
Av.  Block  Size: 4794398
Tree      Height: 2
2021-07-18T02:33:34.903+1000: 58.054: [ParNew
Desired survivor size 10452992 bytes, new threshold 1 (max 15)
- age   1:   19901336 bytes,   19901336 total
: 184320K->20416K(184320K), 0.2077486 secs] 499066K->403057K(596536K)After GC:
Statistics for BinaryTreeDictionary:
------------------------------------
Total Free Space: 2842060
Max   Chunk Size: 2842060
Number of Blocks: 1
Av.  Block  Size: 2842060
Tree      Height: 1
, 0.2082150 secs] [Times: user=0.66 sys=0.06, real=0.20 secs] 
2021-07-18T02:33:35.112+1000: 58.262: Total time for which application threads were stopped: 0.2141937 seconds, Stopping threads took: 0.0044754 seconds
2021-07-18T02:33:35.114+1000: 58.264: Application time: 0.0020023 seconds
2021-07-18T02:33:35.117+1000: 58.267: [GC (CMS Initial Mark) [1 CMS-initial-mark: 382641K(412216K)] 403822K(596536K), 0.0148954 secs] [Times: user=0.06 sys=0.00, real=0.01 secs] 
2021-07-18T02:33:35.132+1000: 58.283: Total time for which application threads were stopped: 0.0182216 seconds, Stopping threads took: 0.0015434 seconds
2021-07-18T02:33:35.132+1000: 58.283: [CMS-concurrent-mark-start]
2021-07-18T02:33:35.426+1000: 58.577: [CMS-concurrent-mark: 0.294/0.294 secs] [Times: user=4.16 sys=0.16, real=0.30 secs] 
2021-07-18T02:33:35.426+1000: 58.577: [CMS-concurrent-preclean-start]
2021-07-18T02:33:35.440+1000: 58.591: [CMS-concurrent-preclean: 0.014/0.014 secs] [Times: user=0.18 sys=0.01, real=0.01 secs] 
2021-07-18T02:33:35.441+1000: 58.591: [CMS-concurrent-abortable-preclean-start]
2021-07-18T02:33:35.472+1000: 58.623: Application time: 0.3403339 seconds
2021-07-18T02:33:35.495+1000: 58.646: Total time for which application threads were stopped: 0.0231678 seconds, Stopping threads took: 0.0213581 seconds
2021-07-18T02:33:35.575+1000: 58.725: Application time: 0.0793376 seconds
2021-07-18T02:33:35.578+1000: 58.728: [GC (Allocation Failure) Before GC:
Statistics for BinaryTreeDictionary:
------------------------------------
Total Free Space: 2842060
Max   Chunk Size: 2842060
Number of Blocks: 1
Av.  Block  Size: 2842060
Tree      Height: 1
2021-07-18T02:33:35.578+1000: 58.728: [ParNew
Desired survivor size 10452992 bytes, new threshold 1 (max 15)
- age   1:   20872336 bytes,   20872336 total
: 184320K->20416K(184320K), 0.2072345 secs] 566961K->474284K(646252K)After GC:
Statistics for BinaryTreeDictionary:
------------------------------------
Total Free Space: 15902
Max   Chunk Size: 15902
Number of Blocks: 1
Av.  Block  Size: 15902
Tree      Height: 1
, 0.2076382 secs] [Times: user=0.79 sys=0.08, real=0.21 secs] 
2021-07-18T02:33:35.786+1000: 58.936: Total time for which application threads were stopped: 0.2106969 seconds, Stopping threads took: 0.0005848 seconds
2021-07-18T02:33:35.940+1000: 59.091: Application time: 0.1546385 seconds
2021-07-18T02:33:35.943+1000: 59.094: Total time for which application threads were stopped: 0.0027148 seconds, Stopping threads took: 0.0008499 seconds
2021-07-18T02:33:36.113+1000: 59.264: Application time: 0.1703043 seconds
2021-07-18T02:33:36.116+1000: 59.266: [GC (Allocation Failure) Before GC:
Statistics for BinaryTreeDictionary:
------------------------------------
Total Free Space: 15902
Max   Chunk Size: 15902
Number of Blocks: 1
Av.  Block  Size: 15902
Tree      Height: 1
2021-07-18T02:33:36.116+1000: 59.266: [ParNew
Desired survivor size 10452992 bytes, new threshold 1 (max 15)
- age   1:   20832008 bytes,   20832008 total
: 184320K->20416K(184320K), 0.1418259 secs] 638188K->515842K(689148K)After GC:
Statistics for BinaryTreeDictionary:
------------------------------------
Total Free Space: 17062
Max   Chunk Size: 17062
Number of Blocks: 1
Av.  Block  Size: 17062
Tree      Height: 1
, 0.1422180 secs] [Times: user=1.13 sys=0.07, real=0.14 secs] 
2021-07-18T02:33:36.258+1000: 59.409: Total time for which application threads were stopped: 0.1450800 seconds, Stopping threads took: 0.0010433 seconds
2021-07-18T02:33:36.359+1000: 59.510: [CMS-concurrent-abortable-preclean: 0.433/0.919 secs] [Times: user=10.06 sys=0.32, real=0.92 secs] 
2021-07-18T02:33:36.360+1000: 59.510: Application time: 0.1013215 seconds
2021-07-18T02:33:36.361+1000: 59.512: [GC (CMS Final Remark) [YG occupancy: 80448 K (184320 K)]2021-07-18T02:33:36.361+1000: 59.512: [GC (CMS Final Remark) Before GC:
Statistics for BinaryTreeDictionary:
------------------------------------
Total Free Space: 17062
Max   Chunk Size: 17062
Number of Blocks: 1
Av.  Block  Size: 17062
Tree      Height: 1
2021-07-18T02:33:36.362+1000: 59.512: [ParNew
Desired survivor size 10452992 bytes, new threshold 1 (max 15)
- age   1:   19891160 bytes,   19891160 total
: 80448K->20416K(184320K), 0.0520903 secs] 575875K->537309K(709820K)After GC:
Statistics for BinaryTreeDictionary:
------------------------------------
Total Free Space: 7422
Max   Chunk Size: 7422
Number of Blocks: 1
Av.  Block  Size: 7422
Tree      Height: 1
, 0.0524607 secs] [Times: user=0.37 sys=0.03, real=0.06 secs] 
2021-07-18T02:33:36.414+1000: 59.565: [Rescan (parallel) , 0.0124120 secs]2021-07-18T02:33:36.427+1000: 59.577: [weak refs processing, 0.0050417 secs]2021-07-18T02:33:36.432+1000: 59.582: [class unloading, 0.0467803 secs]2021-07-18T02:33:36.479+1000: 59.629: [scrub symbol table, 0.1074784 secs]2021-07-18T02:33:36.586+1000: 59.737: [scrub string table, 0.0039878 secs][1 CMS-remark: 516893K(525500K)] 537309K(709820K), 0.2289839 secs] [Times: user=0.67 sys=0.03, real=0.23 secs] 
2021-07-18T02:33:36.591+1000: 59.741: Total time for which application threads were stopped: 0.2310688 seconds, Stopping threads took: 0.0008150 seconds
2021-07-18T02:33:36.591+1000: 59.742: [CMS-concurrent-sweep-start]
CMS: Large Block: 0x00007fe3a1920810; Proximity: 0x00007fe3978d6298 -> 0x00007fe3a13fee48
2021-07-18T02:33:36.808+1000: 59.958: Application time: 0.2169163 seconds
2021-07-18T02:33:36.843+1000: 59.994: [GC (Allocation Failure) Before GC:
Statistics for BinaryTreeDictionary:
------------------------------------
Total Free Space: 483858
Max   Chunk Size: 16659
Number of Blocks: 223
Av.  Block  Size: 2169
Tree      Height: 17
2021-07-18T02:33:36.843+1000: 59.994: [ParNew
Desired survivor size 10452992 bytes, new threshold 1 (max 15)
- age   1:   20903224 bytes,   20903224 total
: 184232K->20416K(184320K), 0.1377075 secs] 684101K->564436K(740084K)After GC:
Statistics for BinaryTreeDictionary:
------------------------------------
Total Free Space: 1335
Max   Chunk Size: 1335
Number of Blocks: 1
Av.  Block  Size: 1335
Tree      Height: 1
, 0.1383192 secs] [Times: user=0.77 sys=0.05, real=0.13 secs] 
2021-07-18T02:33:36.982+1000: 60.132: Total time for which application threads were stopped: 0.1740277 seconds, Stopping threads took: 0.0325980 seconds
CMS: Large block 0x00007fe398a527f0
2021-07-18T02:33:37.078+1000: 60.229: [CMS-concurrent-sweep: 0.313/0.487 secs] [Times: user=5.45 sys=0.23, real=0.49 secs] 
2021-07-18T02:33:37.080+1000: 60.230: [CMS-concurrent-reset-start]
2021-07-18T02:33:37.116+1000: 60.267: Application time: 0.1347814 seconds
2021-07-18T02:33:37.119+1000: 60.270: [GC (Allocation Failure) Before GC:
Statistics for BinaryTreeDictionary:
------------------------------------
Total Free Space: 38813690
Max   Chunk Size: 35710976
Number of Blocks: 355
Av.  Block  Size: 109334
Tree      Height: 21
2021-07-18T02:33:37.119+1000: 60.270: [ParNew
Desired survivor size 10452992 bytes, new threshold 1 (max 15)
- age   1:   20911936 bytes,   20911936 total
: 184320K->20416K(184320K), 0.1234628 secs] 685172K->600940K(1019076K)After GC:
Statistics for BinaryTreeDictionary:
------------------------------------
Total Free Space: 30016961
Max   Chunk Size: 30016961
Number of Blocks: 1
Av.  Block  Size: 30016961
Tree      Height: 1
, 0.1239269 secs] [Times: user=0.81 sys=0.04, real=0.13 secs] 
2021-07-18T02:33:37.244+1000: 60.394: Total time for which application threads were stopped: 0.1270740 seconds, Stopping threads took: 0.0010458 seconds
2021-07-18T02:33:37.439+1000: 60.590: Application time: 0.1953957 seconds
2021-07-18T02:33:37.443+1000: 60.593: [GC (Allocation Failure) Before GC:
Statistics for BinaryTreeDictionary:
------------------------------------
Total Free Space: 30016961
Max   Chunk Size: 30016961
Number of Blocks: 1
Av.  Block  Size: 30016961
Tree      Height: 1
2021-07-18T02:33:37.443+1000: 60.594: [ParNew
Desired survivor size 10452992 bytes, new threshold 1 (max 15)
- age   1:   21175648 bytes,   21175648 total
: 184320K->20416K(184320K), 0.1665830 secs] 764844K->657945K(1019076K)After GC:
Statistics for BinaryTreeDictionary:
------------------------------------
Total Free Space: 22844583
Max   Chunk Size: 22844583
Number of Blocks: 1
Av.  Block  Size: 22844583
Tree      Height: 1
, 0.1672272 secs] [Times: user=1.10 sys=0.05, real=0.16 secs] 
2021-07-18T02:33:37.610+1000: 60.761: Total time for which application threads were stopped: 0.1714942 seconds, Stopping threads took: 0.0024003 seconds
2021-07-18T02:33:37.743+1000: 60.894: Application time: 0.1324595 seconds
2021-07-18T02:33:37.745+1000: 60.896: [GC (Allocation Failure) Before GC:
Statistics for BinaryTreeDictionary:
------------------------------------
Total Free Space: 22844583
Max   Chunk Size: 22844583
Number of Blocks: 1
Av.  Block  Size: 22844583
Tree      Height: 1
2021-07-18T02:33:37.746+1000: 60.896: [ParNew
Desired survivor size 10452992 bytes, new threshold 1 (max 15)
- age   1:   20909904 bytes,   20909904 total
: 184320K->20416K(184320K), 0.1234937 secs] 821849K->718414K(1019076K)After GC:
Statistics for BinaryTreeDictionary:
------------------------------------
Total Free Space: 15260451
Max   Chunk Size: 15260451
Number of Blocks: 1
Av.  Block  Size: 15260451
Tree      Height: 1
, 0.1239258 secs] [Times: user=0.72 sys=0.10, real=0.12 secs] 
2021-07-18T02:33:37.870+1000: 61.020: Total time for which application threads were stopped: 0.1268982 seconds, Stopping threads took: 0.0013632 seconds
2021-07-18T02:33:37.941+1000: 61.091: Application time: 0.0710372 seconds
2021-07-18T02:33:37.944+1000: 61.095: Total time for which application threads were stopped: 0.0035615 seconds, Stopping threads took: 0.0024774 seconds
2021-07-18T02:33:37.977+1000: 61.127: Application time: 0.0321788 seconds
2021-07-18T02:33:37.979+1000: 61.129: [GC (Allocation Failure) Before GC:
Statistics for BinaryTreeDictionary:
------------------------------------
Total Free Space: 15260451
Max   Chunk Size: 15260451
Number of Blocks: 1
Av.  Block  Size: 15260451
Tree      Height: 1
2021-07-18T02:33:37.979+1000: 61.129: [ParNew
Desired survivor size 10452992 bytes, new threshold 1 (max 15)
- age   1:   20904736 bytes,   20904736 total
: 184320K->20416K(184320K), 0.1074768 secs] 882318K->773141K(1019076K)After GC:
Statistics for BinaryTreeDictionary:
------------------------------------
Total Free Space: 8397772
Max   Chunk Size: 8397772
Number of Blocks: 1
Av.  Block  Size: 8397772
Tree      Height: 1
, 0.1078286 secs] [Times: user=0.72 sys=0.06, real=0.11 secs] 
2021-07-18T02:33:38.087+1000: 61.237: Total time for which application threads were stopped: 0.1101593 seconds, Stopping threads took: 0.0009239 seconds
2021-07-18T02:33:38.089+1000: 61.239: [CMS-concurrent-reset: 0.469/1.009 secs] [Times: user=9.86 sys=0.47, real=1.01 secs] 
2021-07-18T02:33:38.241+1000: 61.391: Application time: 0.1540305 seconds
2021-07-18T02:33:38.245+1000: 61.396: [GC (Allocation Failure) Before GC:
Statistics for BinaryTreeDictionary:
------------------------------------
Total Free Space: 8397772
Max   Chunk Size: 8397772
Number of Blocks: 1
Av.  Block  Size: 8397772
Tree      Height: 1
2021-07-18T02:33:38.245+1000: 61.396: [ParNew
Desired survivor size 10452992 bytes, new threshold 1 (max 15)
- age   1:   20904288 bytes,   20904288 total
: 184320K->20416K(184320K), 0.1643293 secs] 937045K->830341K(1019076K)After GC:
Statistics for BinaryTreeDictionary:
------------------------------------
Total Free Space: 1112209
Max   Chunk Size: 1112209
Number of Blocks: 1
Av.  Block  Size: 1112209
Tree      Height: 1
, 0.1646908 secs] [Times: user=1.12 sys=0.06, real=0.16 secs] 
2021-07-18T02:33:38.410+1000: 61.561: Total time for which application threads were stopped: 0.1694975 seconds, Stopping threads took: 0.0031954 seconds
2021-07-18T02:33:38.415+1000: 61.566: Application time: 0.0049309 seconds
2021-07-18T02:33:38.417+1000: 61.568: [GC (CMS Initial Mark) [1 CMS-initial-mark: 809925K(834756K)] 835400K(1019076K), 0.0148619 secs] [Times: user=0.06 sys=0.00, real=0.01 secs] 
2021-07-18T02:33:38.432+1000: 61.583: Total time for which application threads were stopped: 0.0170382 seconds, Stopping threads took: 0.0007117 seconds
2021-07-18T02:33:38.432+1000: 61.583: [CMS-concurrent-mark-start]
2021-07-18T02:33:38.609+1000: 61.760: Application time: 0.1771341 seconds
2021-07-18T02:33:38.611+1000: 61.762: [GC (Allocation Failure) Before GC:
Statistics for BinaryTreeDictionary:
------------------------------------
Total Free Space: 1112209
Max   Chunk Size: 1112209
Number of Blocks: 1
Av.  Block  Size: 1112209
Tree      Height: 1
2021-07-18T02:33:38.612+1000: 61.762: [ParNew
Desired survivor size 10452992 bytes, new threshold 1 (max 15)
- age   1:   20904576 bytes,   20904576 total
: 184320K->20416K(184320K), 0.2035628 secs] 994245K->911002K(1089644K)After GC:
Statistics for BinaryTreeDictionary:
------------------------------------
Total Free Space: 24310
Max   Chunk Size: 24310
Number of Blocks: 1
Av.  Block  Size: 24310
Tree      Height: 1
, 0.2039002 secs] [Times: user=1.83 sys=0.11, real=0.21 secs] 
2021-07-18T02:33:38.816+1000: 61.966: Total time for which application threads were stopped: 0.2062302 seconds, Stopping threads took: 0.0009319 seconds
2021-07-18T02:33:38.982+1000: 62.133: Application time: 0.1662701 seconds
2021-07-18T02:33:38.987+1000: 62.138: [GC (Allocation Failure) Before GC:
Statistics for BinaryTreeDictionary:
------------------------------------
Total Free Space: 24310
Max   Chunk Size: 24310
Number of Blocks: 1
Av.  Block  Size: 24310
Tree      Height: 1
2021-07-18T02:33:38.987+1000: 62.138: [ParNew
Desired survivor size 10452992 bytes, new threshold 1 (max 15)
- age   1:   20877304 bytes,   20877304 total
: 184320K->20416K(184320K), 0.1578570 secs] 1074906K->956180K(1136156K)After GC:
Statistics for BinaryTreeDictionary:
------------------------------------
Total Free Space: 16311
Max   Chunk Size: 16311
Number of Blocks: 1
Av.  Block  Size: 16311
Tree      Height: 1
, 0.1582168 secs] [Times: user=0.59 sys=0.08, real=0.16 secs] 
2021-07-18T02:33:39.146+1000: 62.297: Total time for which application threads were stopped: 0.1641284 seconds, Stopping threads took: 0.0032861 seconds
2021-07-18T02:33:39.253+1000: 62.404: Application time: 0.1070606 seconds
2021-07-18T02:33:39.259+1000: 62.409: [GC (Allocation Failure) Before GC:
Statistics for BinaryTreeDictionary:
------------------------------------
Total Free Space: 16311
Max   Chunk Size: 16311
Number of Blocks: 1
Av.  Block  Size: 16311
Tree      Height: 1
2021-07-18T02:33:39.259+1000: 62.410: [ParNew
Desired survivor size 10452992 bytes, new threshold 1 (max 15)
- age   1:   20890224 bytes,   20890224 total
: 184320K->20416K(184320K), 0.2923325 secs] 1120084K->1041302K(1221744K)After GC:
Statistics for BinaryTreeDictionary:
------------------------------------
Total Free Space: 14346
Max   Chunk Size: 14346
Number of Blocks: 1
Av.  Block  Size: 14346
Tree      Height: 1
, 0.2926852 secs] [Times: user=0.92 sys=0.11, real=0.29 secs] 
2021-07-18T02:33:39.552+1000: 62.702: Total time for which application threads were stopped: 0.2987741 seconds, Stopping threads took: 0.0045035 seconds
2021-07-18T02:33:39.636+1000: 62.786: Application time: 0.0837446 seconds
2021-07-18T02:33:39.642+1000: 62.792: [GC (Allocation Failure) Before GC:
Statistics for BinaryTreeDictionary:
------------------------------------
Total Free Space: 14346
Max   Chunk Size: 14346
Number of Blocks: 1
Av.  Block  Size: 14346
Tree      Height: 1
2021-07-18T02:33:39.642+1000: 62.792: [ParNew
Desired survivor size 10452992 bytes, new threshold 1 (max 15)
- age   1:   21003592 bytes,   21003592 total
: 184320K->20416K(184320K), 0.2591089 secs] 1205206K->1118408K(1297584K)After GC:
Statistics for BinaryTreeDictionary:
------------------------------------
Total Free Space: 14346
Max   Chunk Size: 14346
Number of Blocks: 1
Av.  Block  Size: 14346
Tree      Height: 1
, 0.2594425 secs] [Times: user=0.74 sys=0.11, real=0.25 secs] 
2021-07-18T02:33:39.901+1000: 63.052: Total time for which application threads were stopped: 0.2658621 seconds, Stopping threads took: 0.0019704 seconds
2021-07-18T02:33:39.941+1000: 63.092: Application time: 0.0395417 seconds
2021-07-18T02:33:39.947+1000: 63.097: Total time for which application threads were stopped: 0.0056615 seconds, Stopping threads took: 0.0046130 seconds
2021-07-18T02:33:39.998+1000: 63.149: Application time: 0.0512826 seconds
2021-07-18T02:33:40.001+1000: 63.152: Total time for which application threads were stopped: 0.0034242 seconds, Stopping threads took: 0.0024464 seconds
2021-07-18T02:33:40.027+1000: 63.178: Application time: 0.0259896 seconds
2021-07-18T02:33:40.037+1000: 63.187: [GC (Allocation Failure) Before GC:
Statistics for BinaryTreeDictionary:
------------------------------------
Total Free Space: 14346
Max   Chunk Size: 14346
Number of Blocks: 1
Av.  Block  Size: 14346
Tree      Height: 1
2021-07-18T02:33:40.037+1000: 63.188: [ParNew
Desired survivor size 10452992 bytes, new threshold 1 (max 15)
- age   1:   20904856 bytes,   20904856 total
: 184320K->20416K(184320K), 0.2799296 secs] 1282312K->1201518K(1379876K)After GC:
Statistics for BinaryTreeDictionary:
------------------------------------
Total Free Space: 3944
Max   Chunk Size: 3944
Number of Blocks: 1
Av.  Block  Size: 3944
Tree      Height: 1
, 0.2802793 secs] [Times: user=0.81 sys=0.07, real=0.28 secs] 
2021-07-18T02:33:40.317+1000: 63.468: Total time for which application threads were stopped: 0.2901101 seconds, Stopping threads took: 0.0082411 seconds
2021-07-18T02:33:40.403+1000: 63.553: Application time: 0.0852555 seconds
2021-07-18T02:33:40.405+1000: 63.555: [GC (Allocation Failure) Before GC:
Statistics for BinaryTreeDictionary:
------------------------------------
Total Free Space: 3944
Max   Chunk Size: 3944
Number of Blocks: 1
Av.  Block  Size: 3944
Tree      Height: 1
2021-07-18T02:33:40.405+1000: 63.555: [ParNew
Desired survivor size 10452992 bytes, new threshold 1 (max 15)
- age   1:   20992024 bytes,   20992024 total
: 184320K->20416K(184320K), 0.2238157 secs] 1365422K->1269632K(1448144K)After GC:
Statistics for BinaryTreeDictionary:
------------------------------------
Total Free Space: 11319
Max   Chunk Size: 11319
Number of Blocks: 1
Av.  Block  Size: 11319
Tree      Height: 1
, 0.2241509 secs] [Times: user=0.76 sys=0.10, real=0.22 secs] 
2021-07-18T02:33:40.629+1000: 63.780: Total time for which application threads were stopped: 0.2263052 seconds, Stopping threads took: 0.0006753 seconds
2021-07-18T02:33:40.689+1000: 63.840: [CMS-concurrent-mark: 0.789/2.256 secs] [Times: user=16.72 sys=0.91, real=2.26 secs] 
2021-07-18T02:33:40.689+1000: 63.840: [CMS-concurrent-preclean-start]
2021-07-18T02:33:40.711+1000: 63.862: Application time: 0.0821164 seconds
2021-07-18T02:33:40.713+1000: 63.864: [GC (Allocation Failure) Before GC:
Statistics for BinaryTreeDictionary:
------------------------------------
Total Free Space: 11319
Max   Chunk Size: 11319
Number of Blocks: 1
Av.  Block  Size: 11319
Tree      Height: 1
2021-07-18T02:33:40.713+1000: 63.864: [ParNew
Desired survivor size 10452992 bytes, new threshold 1 (max 15)
- age   1:   20904184 bytes,   20904184 total
: 184320K->20416K(184320K), 0.1532120 secs] 1433536K->1339941K(1519672K)After GC:
Statistics for BinaryTreeDictionary:
------------------------------------
Total Free Space: 0
Max   Chunk Size: 0
Number of Blocks: 0
Tree      Height: 0
, 0.1535750 secs] [Times: user=1.55 sys=0.09, real=0.16 secs] 
2021-07-18T02:33:40.867+1000: 64.018: Total time for which application threads were stopped: 0.1556992 seconds, Stopping threads took: 0.0006601 seconds
2021-07-18T02:33:41.002+1000: 64.152: Application time: 0.1347880 seconds
2021-07-18T02:33:41.003+1000: 64.154: [GC (Allocation Failure) Before GC:
Statistics for BinaryTreeDictionary:
------------------------------------
Total Free Space: 0
Max   Chunk Size: 0
Number of Blocks: 0
Tree      Height: 0
2021-07-18T02:33:41.003+1000: 64.154: [ParNew
Desired survivor size 10452992 bytes, new threshold 1 (max 15)
- age   1:   20904816 bytes,   20904816 total
: 184320K->20416K(184320K), 0.2441639 secs] 1503845K->1402055K(1581076K)After GC:
Statistics for BinaryTreeDictionary:
------------------------------------
Total Free Space: 21024
Max   Chunk Size: 21024
Number of Blocks: 1
Av.  Block  Size: 21024
Tree      Height: 1
, 0.2445394 secs] [Times: user=1.12 sys=0.06, real=0.24 secs] 
2021-07-18T02:33:41.248+1000: 64.399: Total time for which application threads were stopped: 0.2463245 seconds, Stopping threads took: 0.0002789 seconds
2021-07-18T02:33:41.373+1000: 64.523: Application time: 0.1245520 seconds
2021-07-18T02:33:41.385+1000: 64.536: [GC (Allocation Failure) Before GC:
Statistics for BinaryTreeDictionary:
------------------------------------
Total Free Space: 21024
Max   Chunk Size: 21024
Number of Blocks: 1
Av.  Block  Size: 21024
Tree      Height: 1
2021-07-18T02:33:41.385+1000: 64.536: [ParNew
Desired survivor size 10452992 bytes, new threshold 1 (max 15)
- age   1:   20910168 bytes,   20910168 total
: 184320K->20416K(184320K), 0.1742489 secs] 1565959K->1479397K(1658160K)After GC:
Statistics for BinaryTreeDictionary:
------------------------------------
Total Free Space: 23282
Max   Chunk Size: 23282
Number of Blocks: 1
Av.  Block  Size: 23282
Tree      Height: 1
, 0.1746412 secs] [Times: user=0.81 sys=0.09, real=0.17 secs] 
2021-07-18T02:33:41.560+1000: 64.711: Total time for which application threads were stopped: 0.1873874 seconds, Stopping threads took: 0.0108844 seconds
2021-07-18T02:33:41.608+1000: 64.758: Application time: 0.0475505 seconds
2021-07-18T02:33:41.611+1000: 64.762: Total time for which application threads were stopped: 0.0033363 seconds, Stopping threads took: 0.0023390 seconds
2021-07-18T02:33:41.732+1000: 64.883: Application time: 0.1216105 seconds
2021-07-18T02:33:41.734+1000: 64.885: [GC (Allocation Failure) Before GC:
Statistics for BinaryTreeDictionary:
------------------------------------
Total Free Space: 23282
Max   Chunk Size: 23282
Number of Blocks: 1
Av.  Block  Size: 23282
Tree      Height: 1
2021-07-18T02:33:41.734+1000: 64.885: [ParNew
Desired survivor size 10452992 bytes, new threshold 1 (max 15)
- age   1:   20904696 bytes,   20904696 total
: 184320K->20416K(184320K), 0.1253944 secs] 1643301K->1528191K(1708008K)After GC:
Statistics for BinaryTreeDictionary:
------------------------------------
Total Free Space: 11701
Max   Chunk Size: 11701
Number of Blocks: 1
Av.  Block  Size: 11701
Tree      Height: 1
, 0.1257093 secs] [Times: user=0.79 sys=0.06, real=0.12 secs] 
2021-07-18T02:33:41.860+1000: 65.011: Total time for which application threads were stopped: 0.1274785 seconds, Stopping threads took: 0.0002546 seconds
2021-07-18T02:33:41.940+1000: 65.090: Application time: 0.0796648 seconds
2021-07-18T02:33:41.941+1000: 65.092: Total time for which application threads were stopped: 0.0017368 seconds, Stopping threads took: 0.0007459 seconds
2021-07-18T02:33:41.966+1000: 65.116: Application time: 0.0244227 seconds
2021-07-18T02:33:41.969+1000: 65.120: [GC (Allocation Failure) Before GC:
Statistics for BinaryTreeDictionary:
------------------------------------
Total Free Space: 11701
Max   Chunk Size: 11701
Number of Blocks: 1
Av.  Block  Size: 11701
Tree      Height: 1
2021-07-18T02:33:41.969+1000: 65.120: [ParNew
Desired survivor size 10452992 bytes, new threshold 1 (max 15)
- age   1:   20904920 bytes,   20904920 total
: 184320K->20416K(184320K), 0.2795631 secs] 1692095K->1596421K(1775524K)After GC:
Statistics for BinaryTreeDictionary:
------------------------------------
Total Free Space: 12300
Max   Chunk Size: 12300
Number of Blocks: 1
Av.  Block  Size: 12300
Tree      Height: 1
, 0.2798892 secs] [Times: user=0.88 sys=0.07, real=0.28 secs] 
2021-07-18T02:33:42.249+1000: 65.400: Total time for which application threads were stopped: 0.2834766 seconds, Stopping threads took: 0.0021843 seconds
2021-07-18T02:33:42.281+1000: 65.432: Application time: 0.0320426 seconds
2021-07-18T02:33:42.289+1000: 65.439: Total time for which application threads were stopped: 0.0074718 seconds, Stopping threads took: 0.0062607 seconds
2021-07-18T02:33:42.357+1000: 65.507: Application time: 0.0678158 seconds
2021-07-18T02:33:42.358+1000: 65.509: [GC (Allocation Failure) Before GC:
Statistics for BinaryTreeDictionary:
------------------------------------
Total Free Space: 12300
Max   Chunk Size: 12300
Number of Blocks: 1
Av.  Block  Size: 12300
Tree      Height: 1
2021-07-18T02:33:42.358+1000: 65.509: [ParNew
Desired survivor size 10452992 bytes, new threshold 1 (max 15)
- age   1:   20907696 bytes,   20907696 total
: 184320K->20416K(184320K), 0.2740123 secs] 1760325K->1650009K(1828716K)After GC:
Statistics for BinaryTreeDictionary:
------------------------------------
Total Free Space: 1790
Max   Chunk Size: 1790
Number of Blocks: 1
Av.  Block  Size: 1790
Tree      Height: 1
, 0.2743392 secs] [Times: user=0.74 sys=0.05, real=0.27 secs] 
2021-07-18T02:33:42.633+1000: 65.784: Total time for which application threads were stopped: 0.2764512 seconds, Stopping threads took: 0.0005372 seconds
2021-07-18T02:33:42.700+1000: 65.851: Application time: 0.0674306 seconds
2021-07-18T02:33:42.703+1000: 65.853: Total time for which application threads were stopped: 0.0020948 seconds, Stopping threads took: 0.0008374 seconds
2021-07-18T02:33:42.741+1000: 65.892: Application time: 0.0386169 seconds
2021-07-18T02:33:42.743+1000: 65.894: [GC (Allocation Failure) Before GC:
Statistics for BinaryTreeDictionary:
------------------------------------
Total Free Space: 1790
Max   Chunk Size: 1790
Number of Blocks: 1
Av.  Block  Size: 1790
Tree      Height: 1
2021-07-18T02:33:42.743+1000: 65.894: [ParNew
Desired survivor size 10452992 bytes, new threshold 1 (max 15)
- age   1:   20904336 bytes,   20904336 total
: 184320K->20416K(184320K), 0.2221700 secs] 1813913K->1707013K(1886112K)After GC:
Statistics for BinaryTreeDictionary:
------------------------------------
Total Free Space: 15389
Max   Chunk Size: 15389
Number of Blocks: 1
Av.  Block  Size: 15389
Tree      Height: 1
, 0.2225477 secs] [Times: user=0.68 sys=0.09, real=0.22 secs] 
2021-07-18T02:33:42.966+1000: 66.117: Total time for which application threads were stopped: 0.2247865 seconds, Stopping threads took: 0.0008161 seconds
2021-07-18T02:33:43.047+1000: 66.198: Application time: 0.0808974 seconds
2021-07-18T02:33:43.055+1000: 66.206: [GC (Allocation Failure) Before GC:
Statistics for BinaryTreeDictionary:
------------------------------------
Total Free Space: 15389
Max   Chunk Size: 15389
Number of Blocks: 1
Av.  Block  Size: 15389
Tree      Height: 1
2021-07-18T02:33:43.055+1000: 66.206: [ParNew
Desired survivor size 10452992 bytes, new threshold 1 (max 15)
- age   1:   20904560 bytes,   20904560 total
: 184320K->20416K(184320K), 0.2573537 secs] 1870917K->1773837K(1952564K)After GC:
Statistics for BinaryTreeDictionary:
------------------------------------
Total Free Space: 0
Max   Chunk Size: 0
Number of Blocks: 0
Tree      Height: 0
, 0.2577482 secs] [Times: user=0.89 sys=0.08, real=0.25 secs] 
2021-07-18T02:33:43.313+1000: 66.464: Total time for which application threads were stopped: 0.2663160 seconds, Stopping threads took: 0.0067250 seconds
2021-07-18T02:33:43.432+1000: 66.583: Application time: 0.1188821 seconds
2021-07-18T02:33:43.435+1000: 66.586: [GC (Allocation Failure) Before GC:
Statistics for BinaryTreeDictionary:
------------------------------------
Total Free Space: 0
Max   Chunk Size: 0
Number of Blocks: 0
Tree      Height: 0
2021-07-18T02:33:43.435+1000: 66.586: [ParNew
Desired survivor size 10452992 bytes, new threshold 1 (max 15)
- age   1:   20012120 bytes,   20012120 total
: 184050K->20416K(184320K), 0.1572979 secs] 1937471K->1820059K(1999624K)After GC:
Statistics for BinaryTreeDictionary:
------------------------------------
Total Free Space: 20484
Max   Chunk Size: 20484
Number of Blocks: 1
Av.  Block  Size: 20484
Tree      Height: 1
, 0.1575982 secs] [Times: user=0.63 sys=0.06, real=0.15 secs] 
2021-07-18T02:33:43.593+1000: 66.744: Total time for which application threads were stopped: 0.1608607 seconds, Stopping threads took: 0.0016657 seconds
2021-07-18T02:33:43.763+1000: 66.913: Application time: 0.1697268 seconds
2021-07-18T02:33:43.768+1000: 66.919: [GC (Allocation Failure) Before GC:
Statistics for BinaryTreeDictionary:
------------------------------------
Total Free Space: 20484
Max   Chunk Size: 20484
Number of Blocks: 1
Av.  Block  Size: 20484
Tree      Height: 1
2021-07-18T02:33:43.768+1000: 66.919: [ParNew
Desired survivor size 10452992 bytes, new threshold 1 (max 15)
- age   1:   21021352 bytes,   21021352 total
: 184320K->20416K(184320K), 0.2367975 secs] 1983963K->1869661K(2048596K)After GC:
Statistics for BinaryTreeDictionary:
------------------------------------
Total Free Space: 0
Max   Chunk Size: 0
Number of Blocks: 0
Tree      Height: 0
, 0.2371498 secs] [Times: user=0.70 sys=0.04, real=0.24 secs] 
2021-07-18T02:33:44.006+1000: 67.156: Total time for which application threads were stopped: 0.2428628 seconds, Stopping threads took: 0.0040888 seconds
2021-07-18T02:33:44.017+1000: 67.168: Application time: 0.0116263 seconds
2021-07-18T02:33:44.021+1000: 67.171: Total time for which application threads were stopped: 0.0035406 seconds, Stopping threads took: 0.0022131 seconds
2021-07-18T02:33:44.137+1000: 67.288: Application time: 0.1166489 seconds
2021-07-18T02:33:44.139+1000: 67.290: [GC (Allocation Failure) Before GC:
Statistics for BinaryTreeDictionary:
------------------------------------
Total Free Space: 0
Max   Chunk Size: 0
Number of Blocks: 0
Tree      Height: 0
2021-07-18T02:33:44.140+1000: 67.290: [ParNew
Desired survivor size 10452992 bytes, new threshold 1 (max 15)
- age   1:   20905000 bytes,   20905000 total
: 184320K->20416K(184320K), 0.2715809 secs] 2033565K->1959670K(2137852K)After GC:
Statistics for BinaryTreeDictionary:
------------------------------------
Total Free Space: 23633
Max   Chunk Size: 23633
Number of Blocks: 1
Av.  Block  Size: 23633
Tree      Height: 1
, 0.2719605 secs] [Times: user=1.19 sys=0.08, real=0.27 secs] 
2021-07-18T02:33:44.412+1000: 67.562: Total time for which application threads were stopped: 0.2741953 seconds, Stopping threads took: 0.0004414 seconds
2021-07-18T02:33:44.524+1000: 67.675: Application time: 0.1125787 seconds
2021-07-18T02:33:44.526+1000: 67.677: [GC (Allocation Failure) Before GC:
Statistics for BinaryTreeDictionary:
------------------------------------
Total Free Space: 23633
Max   Chunk Size: 23633
Number of Blocks: 1
Av.  Block  Size: 23633
Tree      Height: 1
2021-07-18T02:33:44.526+1000: 67.677: [ParNew
Desired survivor size 10452992 bytes, new threshold 1 (max 15)
- age   1:   20905080 bytes,   20905080 total
: 184320K->20416K(184320K), 0.2223871 secs] 2123574K->2016578K(2194692K)After GC:
Statistics for BinaryTreeDictionary:
------------------------------------
Total Free Space: 24112
Max   Chunk Size: 24112
Number of Blocks: 1
Av.  Block  Size: 24112
Tree      Height: 1
, 0.2227475 secs] [Times: user=1.31 sys=0.11, real=0.22 secs] 
2021-07-18T02:33:44.749+1000: 67.900: Total time for which application threads were stopped: 0.2248597 seconds, Stopping threads took: 0.0007801 seconds
2021-07-18T02:33:44.751+1000: 67.901: [CMS-concurrent-preclean: 1.342/4.062 secs] [Times: user=26.46 sys=1.29, real=4.06 secs] 
2021-07-18T02:33:44.751+1000: 67.902: [CMS-concurrent-abortable-preclean-start]
2021-07-18T02:33:44.762+1000: 67.913: Application time: 0.0131038 seconds
2021-07-18T02:33:44.775+1000: 67.926: Total time for which application threads were stopped: 0.0129076 seconds, Stopping threads took: 0.0075544 seconds
2021-07-18T02:33:44.937+1000: 68.088: Application time: 0.1621219 seconds
2021-07-18T02:33:44.939+1000: 68.090: [GC (Allocation Failure) Before GC:
Statistics for BinaryTreeDictionary:
------------------------------------
Total Free Space: 24112
Max   Chunk Size: 24112
Number of Blocks: 1
Av.  Block  Size: 24112
Tree      Height: 1
2021-07-18T02:33:44.939+1000: 68.090: [ParNew
Desired survivor size 10452992 bytes, new threshold 1 (max 15)
- age   1:   20226544 bytes,   20226544 total
: 184320K->20416K(184320K), 0.1532556 secs] 2180482K->2068765K(2247288K)After GC:
Statistics for BinaryTreeDictionary:
------------------------------------
Total Free Space: 8526
Max   Chunk Size: 8526
Number of Blocks: 1
Av.  Block  Size: 8526
Tree      Height: 1
, 0.1536665 secs] [Times: user=1.01 sys=0.06, real=0.15 secs] 
2021-07-18T02:33:45.094+1000: 68.244: Total time for which application threads were stopped: 0.1564796 seconds, Stopping threads took: 0.0006079 seconds
2021-07-18T02:33:45.266+1000: 68.417: Application time: 0.1722752 seconds
2021-07-18T02:33:45.270+1000: 68.421: [GC (Allocation Failure) Before GC:
Statistics for BinaryTreeDictionary:
------------------------------------
Total Free Space: 8526
Max   Chunk Size: 8526
Number of Blocks: 1
Av.  Block  Size: 8526
Tree      Height: 1
2021-07-18T02:33:45.271+1000: 68.421: [ParNew
Desired survivor size 10452992 bytes, new threshold 1 (max 15)
- age   1:   20904624 bytes,   20904624 total
: 184320K->20416K(184320K), 0.1972584 secs] 2232669K->2126523K(2304980K)After GC:
Statistics for BinaryTreeDictionary:
------------------------------------
Total Free Space: 12030
Max   Chunk Size: 12030
Number of Blocks: 1
Av.  Block  Size: 12030
Tree      Height: 1
, 0.1975816 secs] [Times: user=0.94 sys=0.10, real=0.20 secs] 
2021-07-18T02:33:45.468+1000: 68.619: Total time for which application threads were stopped: 0.2024737 seconds, Stopping threads took: 0.0033355 seconds
2021-07-18T02:33:45.619+1000: 68.770: Application time: 0.1506654 seconds
2021-07-18T02:33:45.621+1000: 68.772: [GC (Allocation Failure) Before GC:
Statistics for BinaryTreeDictionary:
------------------------------------
Total Free Space: 12030
Max   Chunk Size: 12030
Number of Blocks: 1
Av.  Block  Size: 12030
Tree      Height: 1
2021-07-18T02:33:45.621+1000: 68.772: [ParNew
Desired survivor size 10452992 bytes, new threshold 1 (max 15)
- age   1:   20945360 bytes,   20945360 total
: 184320K->20416K(184320K), 0.1554650 secs] 2290427K->2169139K(2347044K)After GC:
Statistics for BinaryTreeDictionary:
------------------------------------
Total Free Space: 0
Max   Chunk Size: 0
Number of Blocks: 0
Tree      Height: 0
, 0.1558530 secs] [Times: user=0.76 sys=0.09, real=0.16 secs] 
2021-07-18T02:33:45.778+1000: 68.928: Total time for which application threads were stopped: 0.1584433 seconds, Stopping threads took: 0.0006570 seconds
2021-07-18T02:33:45.874+1000: 69.025: [CMS-concurrent-abortable-preclean: 0.572/1.123 secs] [Times: user=7.35 sys=0.43, real=1.13 secs] 
2021-07-18T02:33:45.875+1000: 69.025: Application time: 0.0969963 seconds
2021-07-18T02:33:45.876+1000: 69.026: [GC (CMS Final Remark) [YG occupancy: 85234 K (184320 K)]2021-07-18T02:33:45.876+1000: 69.027: [GC (CMS Final Remark) Before GC:
Statistics for BinaryTreeDictionary:
------------------------------------
Total Free Space: 0
Max   Chunk Size: 0
Number of Blocks: 0
Tree      Height: 0
2021-07-18T02:33:45.876+1000: 69.027: [ParNew
Desired survivor size 10452992 bytes, new threshold 15 (max 15)
- age   1:    9687384 bytes,    9687384 total
: 85234K->20416K(184320K), 0.0919827 secs] 2233958K->2190877K(2368684K)After GC:
Statistics for BinaryTreeDictionary:
------------------------------------
Total Free Space: 23345
Max   Chunk Size: 23345
Number of Blocks: 1
Av.  Block  Size: 23345
Tree      Height: 1
, 0.0924401 secs] [Times: user=0.45 sys=0.06, real=0.09 secs] 
2021-07-18T02:33:45.969+1000: 69.119: [Rescan (parallel) , 0.0219772 secs]2021-07-18T02:33:45.991+1000: 69.141: [weak refs processing, 0.0076455 secs]2021-07-18T02:33:45.998+1000: 69.149: [class unloading, 0.0550121 secs]2021-07-18T02:33:46.053+1000: 69.204: [scrub symbol table, 0.1235569 secs]2021-07-18T02:33:46.177+1000: 69.328: [scrub string table, 0.0029985 secs][1 CMS-remark: 2170461K(2184364K)] 2190877K(2368684K), 0.3043645 secs] [Times: user=1.22 sys=0.08, real=0.30 secs] 
2021-07-18T02:33:46.181+1000: 69.331: Total time for which application threads were stopped: 0.3059736 seconds, Stopping threads took: 0.0003954 seconds
2021-07-18T02:33:46.181+1000: 69.332: [CMS-concurrent-sweep-start]
CMS: Large Block: 0x00007fe406cfd678; Proximity: 0x00007fe3a13fee48 -> 0x00007fe4057a8f18
2021-07-18T02:33:46.182+1000: 69.333: Application time: 0.0014319 seconds
2021-07-18T02:33:46.183+1000: 69.334: Total time for which application threads were stopped: 0.0014929 seconds, Stopping threads took: 0.0004534 seconds
2021-07-18T02:33:46.348+1000: 69.499: Application time: 0.1650226 seconds
2021-07-18T02:33:46.350+1000: 69.500: [GC (Allocation Failure) Before GC:
Statistics for BinaryTreeDictionary:
------------------------------------
Total Free Space: 796793
Max   Chunk Size: 102184
Number of Blocks: 260
Av.  Block  Size: 3064
Tree      Height: 13
2021-07-18T02:33:46.350+1000: 69.501: [ParNew
Desired survivor size 10452992 bytes, new threshold 1 (max 15)
- age   1:   13441904 bytes,   13441904 total
- age   2:    7104704 bytes,   20546608 total
: 184320K->20416K(184320K), 0.0602209 secs] 2314500K->2159863K(2368684K)After GC:
Statistics for BinaryTreeDictionary:
------------------------------------
Total Free Space: 488410
Max   Chunk Size: 102184
Number of Blocks: 257
Av.  Block  Size: 1900
Tree      Height: 12
, 0.0605919 secs] [Times: user=0.72 sys=0.03, real=0.06 secs] 
2021-07-18T02:33:46.411+1000: 69.561: Total time for which application threads were stopped: 0.0622631 seconds, Stopping threads took: 0.0002212 seconds
2021-07-18T02:33:46.585+1000: 69.736: Application time: 0.1745248 seconds
2021-07-18T02:33:46.587+1000: 69.737: [GC (Allocation Failure) Before GC:
Statistics for BinaryTreeDictionary:
------------------------------------
Total Free Space: 8606455
Max   Chunk Size: 1214804
Number of Blocks: 543
Av.  Block  Size: 15849
Tree      Height: 19
2021-07-18T02:33:46.587+1000: 69.737: [ParNew
Desired survivor size 10452992 bytes, new threshold 1 (max 15)
- age   1:   18369504 bytes,   18369504 total
: 184320K->20416K(184320K), 0.0326857 secs] 2139095K->1993049K(2368684K)After GC:
Statistics for BinaryTreeDictionary:
------------------------------------
Total Free Space: 7238294
Max   Chunk Size: 1214804
Number of Blocks: 538
Av.  Block  Size: 13454
Tree      Height: 16
, 0.0331419 secs] [Times: user=0.31 sys=0.00, real=0.03 secs] 
2021-07-18T02:33:46.620+1000: 69.771: Total time for which application threads were stopped: 0.0348666 seconds, Stopping threads took: 0.0002287 seconds
CMS: Large block 0x00007fe3a36bd000
2021-07-18T02:33:46.715+1000: 69.865: [CMS-concurrent-sweep: 0.435/0.534 secs] [Times: user=3.13 sys=0.10, real=0.54 secs] 
2021-07-18T02:33:46.718+1000: 69.869: [CMS-concurrent-reset-start]
2021-07-18T02:33:46.812+1000: 69.962: Application time: 0.1914139 seconds
2021-07-18T02:33:46.813+1000: 69.964: [GC (Allocation Failure) Before GC:
Statistics for BinaryTreeDictionary:
------------------------------------
Total Free Space: 137891076
Max   Chunk Size: 129894912
Number of Blocks: 561
Av.  Block  Size: 245795
Tree      Height: 16
2021-07-18T02:33:46.814+1000: 69.964: [ParNew
Desired survivor size 10452992 bytes, new threshold 1 (max 15)
- age   1:   18571448 bytes,   18571448 total
: 184320K->20416K(184320K), 0.0454935 secs] 2103820K->1962616K(3383488K)After GC:
Statistics for BinaryTreeDictionary:
------------------------------------
Total Free Space: 136795750
Max   Chunk Size: 129894912
Number of Blocks: 556
Av.  Block  Size: 246035
Tree      Height: 16
, 0.0460001 secs] [Times: user=0.32 sys=0.00, real=0.05 secs] 
2021-07-18T02:33:46.860+1000: 70.010: Total time for which application threads were stopped: 0.0481645 seconds, Stopping threads took: 0.0003352 seconds
2021-07-18T02:33:46.938+1000: 70.088: Application time: 0.0780932 seconds
2021-07-18T02:33:46.939+1000: 70.090: Total time for which application threads were stopped: 0.0012850 seconds, Stopping threads took: 0.0003935 seconds
2021-07-18T02:33:46.940+1000: 70.090: Application time: 0.0006857 seconds
2021-07-18T02:33:46.940+1000: 70.091: Total time for which application threads were stopped: 0.0006211 seconds, Stopping threads took: 0.0002013 seconds
2021-07-18T02:33:46.941+1000: 70.091: Application time: 0.0003926 seconds
2021-07-18T02:33:46.941+1000: 70.092: Total time for which application threads were stopped: 0.0005800 seconds, Stopping threads took: 0.0001905 seconds
2021-07-18T02:33:46.943+1000: 70.094: Application time: 0.0015828 seconds
2021-07-18T02:33:46.944+1000: 70.094: Total time for which application threads were stopped: 0.0007014 seconds, Stopping threads took: 0.0002866 seconds
2021-07-18T02:33:46.944+1000: 70.095: Application time: 0.0003528 seconds
2021-07-18T02:33:46.945+1000: 70.095: Total time for which application threads were stopped: 0.0006830 seconds, Stopping threads took: 0.0002908 seconds
2021-07-18T02:33:46.945+1000: 70.096: Application time: 0.0003610 seconds
2021-07-18T02:33:46.946+1000: 70.096: Total time for which application threads were stopped: 0.0007197 seconds, Stopping threads took: 0.0002133 seconds
2021-07-18T02:33:46.946+1000: 70.097: Application time: 0.0003849 seconds
2021-07-18T02:33:46.947+1000: 70.097: Total time for which application threads were stopped: 0.0006185 seconds, Stopping threads took: 0.0002237 seconds
2021-07-18T02:33:46.947+1000: 70.098: Application time: 0.0003570 seconds
2021-07-18T02:33:46.948+1000: 70.098: Total time for which application threads were stopped: 0.0006341 seconds, Stopping threads took: 0.0002309 seconds
2021-07-18T02:33:46.948+1000: 70.099: Application time: 0.0003626 seconds
2021-07-18T02:33:46.949+1000: 70.099: Total time for which application threads were stopped: 0.0006226 seconds, Stopping threads took: 0.0002362 seconds
2021-07-18T02:33:46.949+1000: 70.100: Application time: 0.0003614 seconds
2021-07-18T02:33:46.950+1000: 70.100: Total time for which application threads were stopped: 0.0006451 seconds, Stopping threads took: 0.0002192 seconds
2021-07-18T02:33:46.950+1000: 70.101: Application time: 0.0003404 seconds
2021-07-18T02:33:46.951+1000: 70.101: Total time for which application threads were stopped: 0.0005641 seconds, Stopping threads took: 0.0001733 seconds
2021-07-18T02:33:46.951+1000: 70.102: Application time: 0.0003505 seconds
2021-07-18T02:33:46.952+1000: 70.102: Total time for which application threads were stopped: 0.0006085 seconds, Stopping threads took: 0.0002169 seconds
2021-07-18T02:33:47.127+1000: 70.278: [CMS-concurrent-reset: 0.351/0.409 secs] [Times: user=1.52 sys=0.05, real=0.41 secs] 
2021-07-18T02:33:47.182+1000: 70.333: Application time: 0.2306701 seconds
2021-07-18T02:33:47.184+1000: 70.334: [GC (Allocation Failure) Before GC:
Statistics for BinaryTreeDictionary:
------------------------------------
Total Free Space: 136795750
Max   Chunk Size: 129894912
Number of Blocks: 556
Av.  Block  Size: 246035
Tree      Height: 16
2021-07-18T02:33:47.184+1000: 70.335: [ParNew
Desired survivor size 10452992 bytes, new threshold 1 (max 15)
- age   1:   14999480 bytes,   14999480 total
: 184320K->20416K(184320K), 0.0719333 secs] 2126520K->1980890K(3383488K)After GC:
Statistics for BinaryTreeDictionary:
------------------------------------
Total Free Space: 135584232
Max   Chunk Size: 129894912
Number of Blocks: 555
Av.  Block  Size: 244295
Tree      Height: 17
, 0.0724435 secs] [Times: user=0.55 sys=0.00, real=0.07 secs] 
2021-07-18T02:33:47.256+1000: 70.407: Total time for which application threads were stopped: 0.0740848 seconds, Stopping threads took: 0.0002198 seconds
2021-07-18T02:33:47.566+1000: 70.717: Application time: 0.3100764 seconds
2021-07-18T02:33:47.569+1000: 70.719: [GC (Allocation Failure) Before GC:
Statistics for BinaryTreeDictionary:
------------------------------------
Total Free Space: 135584232
Max   Chunk Size: 129894912
Number of Blocks: 555
Av.  Block  Size: 244295
Tree      Height: 17
2021-07-18T02:33:47.569+1000: 70.720: [ParNew
Desired survivor size 10452992 bytes, new threshold 1 (max 15)
- age   1:   12863600 bytes,   12863600 total
: 184320K->20416K(184320K), 0.0768842 secs] 2144794K->2008110K(3383488K)After GC:
Statistics for BinaryTreeDictionary:
------------------------------------
Total Free Space: 133198833
Max   Chunk Size: 128846328
Number of Blocks: 547
Av.  Block  Size: 243507
Tree      Height: 17
, 0.0774824 secs] [Times: user=0.42 sys=0.01, real=0.08 secs] 
2021-07-18T02:33:47.646+1000: 70.797: Total time for which application threads were stopped: 0.0799179 seconds, Stopping threads took: 0.0002369 seconds
2021-07-18T02:33:47.938+1000: 71.089: Application time: 0.2920080 seconds
2021-07-18T02:33:47.941+1000: 71.092: [GC (Allocation Failure) Before GC:
Statistics for BinaryTreeDictionary:
------------------------------------
Total Free Space: 133198833
Max   Chunk Size: 128846328
Number of Blocks: 547
Av.  Block  Size: 243507
Tree      Height: 17
2021-07-18T02:33:47.941+1000: 71.092: [ParNew
Desired survivor size 10452992 bytes, new threshold 1 (max 15)
- age   1:   19514944 bytes,   19514944 total
: 184320K->20416K(184320K), 0.0390658 secs] 2172014K->2014109K(3383488K)After GC:
Statistics for BinaryTreeDictionary:
------------------------------------
Total Free Space: 132830735
Max   Chunk Size: 128846328
Number of Blocks: 545
Av.  Block  Size: 243726
Tree      Height: 17
, 0.0395678 secs] [Times: user=0.34 sys=0.01, real=0.04 secs] 
2021-07-18T02:33:47.981+1000: 71.132: Total time for which application threads were stopped: 0.0425150 seconds, Stopping threads took: 0.0015974 seconds
2021-07-18T02:33:47.983+1000: 71.134: Application time: 0.0020773 seconds
2021-07-18T02:33:47.984+1000: 71.135: Total time for which application threads were stopped: 0.0013293 seconds, Stopping threads took: 0.0003759 seconds
2021-07-18T02:33:48.328+1000: 71.479: Application time: 0.3435952 seconds
2021-07-18T02:33:48.329+1000: 71.480: [GC (Allocation Failure) Before GC:
Statistics for BinaryTreeDictionary:
------------------------------------
Total Free Space: 132830735
Max   Chunk Size: 128846328
Number of Blocks: 545
Av.  Block  Size: 243726
Tree      Height: 17
2021-07-18T02:33:48.330+1000: 71.480: [ParNew
Desired survivor size 10452992 bytes, new threshold 1 (max 15)
- age   1:   14063840 bytes,   14063840 total
: 184320K->20416K(184320K), 0.0651980 secs] 2178013K->2031716K(3383488K)After GC:
Statistics for BinaryTreeDictionary:
------------------------------------
Total Free Space: 131699647
Max   Chunk Size: 128846328
Number of Blocks: 503
Av.  Block  Size: 261828
Tree      Height: 17
, 0.0657596 secs] [Times: user=0.39 sys=0.01, real=0.07 secs] 
2021-07-18T02:33:48.396+1000: 71.546: Total time for which application threads were stopped: 0.0675494 seconds, Stopping threads took: 0.0003234 seconds
2021-07-18T02:33:48.652+1000: 71.803: Application time: 0.2569053 seconds
2021-07-18T02:33:48.654+1000: 71.804: [GC (Allocation Failure) Before GC:
Statistics for BinaryTreeDictionary:
------------------------------------
Total Free Space: 131699647
Max   Chunk Size: 128846328
Number of Blocks: 503
Av.  Block  Size: 261828
Tree      Height: 17
2021-07-18T02:33:48.654+1000: 71.805: [ParNew
Desired survivor size 10452992 bytes, new threshold 1 (max 15)
- age   1:   16866776 bytes,   16866776 total
: 166818K->20416K(184320K), 0.0464369 secs] 2178119K->2051229K(3383488K)After GC:
Statistics for BinaryTreeDictionary:
------------------------------------
Total Free Space: 130087625
Max   Chunk Size: 128126032
Number of Blocks: 491
Av.  Block  Size: 264944
Tree      Height: 16
, 0.0469427 secs] [Times: user=0.34 sys=0.01, real=0.04 secs] 
2021-07-18T02:33:48.701+1000: 71.852: Total time for which application threads were stopped: 0.0487127 seconds, Stopping threads took: 0.0003243 seconds
2021-07-18T02:33:48.973+1000: 72.123: Application time: 0.2713615 seconds
2021-07-18T02:33:48.974+1000: 72.124: [GC (Allocation Failure) Before GC:
Statistics for BinaryTreeDictionary:
------------------------------------
Total Free Space: 130087625
Max   Chunk Size: 128126032
Number of Blocks: 491
Av.  Block  Size: 264944
Tree      Height: 16
2021-07-18T02:33:48.974+1000: 72.125: [ParNew
Desired survivor size 10452992 bytes, new threshold 15 (max 15)
- age   1:    7892008 bytes,    7892008 total
: 184320K->13888K(184320K), 0.3522214 secs] 2215133K->2126681K(3383488K)After GC:
Statistics for BinaryTreeDictionary:
------------------------------------
Total Free Space: 120318670
Max   Chunk Size: 119377273
Number of Blocks: 449
Av.  Block  Size: 267970
Tree      Height: 16
, 0.3526735 secs] [Times: user=5.04 sys=0.09, real=0.35 secs] 
2021-07-18T02:33:49.327+1000: 72.477: Total time for which application threads were stopped: 0.3542415 seconds, Stopping threads took: 0.0002131 seconds
2021-07-18T02:33:49.647+1000: 72.797: Application time: 0.3199116 seconds
2021-07-18T02:33:49.648+1000: 72.799: [GC (Allocation Failure) Before GC:
Statistics for BinaryTreeDictionary:
------------------------------------
Total Free Space: 120318670
Max   Chunk Size: 119377273
Number of Blocks: 449
Av.  Block  Size: 267970
Tree      Height: 16
2021-07-18T02:33:49.648+1000: 72.799: [ParNew
Desired survivor size 10452992 bytes, new threshold 1 (max 15)
- age   1:   16041440 bytes,   16041440 total
- age   2:    4862064 bytes,   20903504 total
: 177792K->20416K(184320K), 0.0687256 secs] 2290585K->2140567K(3383488K)After GC:
Statistics for BinaryTreeDictionary:
------------------------------------
Total Free Space: 119506040
Max   Chunk Size: 118896583
Number of Blocks: 442
Av.  Block  Size: 270375
Tree      Height: 14
, 0.0692148 secs] [Times: user=0.81 sys=0.01, real=0.07 secs] 
2021-07-18T02:33:49.718+1000: 72.868: Total time for which application threads were stopped: 0.0711034 seconds, Stopping threads took: 0.0003077 seconds
2021-07-18T02:33:49.940+1000: 73.091: Application time: 0.2223483 seconds
2021-07-18T02:33:49.941+1000: 73.092: Total time for which application threads were stopped: 0.0012617 seconds, Stopping threads took: 0.0003175 seconds
2021-07-18T02:33:49.977+1000: 73.128: Application time: 0.0360400 seconds
2021-07-18T02:33:49.979+1000: 73.129: [GC (Allocation Failure) Before GC:
Statistics for BinaryTreeDictionary:
------------------------------------
Total Free Space: 119506040
Max   Chunk Size: 118896583
Number of Blocks: 442
Av.  Block  Size: 270375
Tree      Height: 14
2021-07-18T02:33:49.979+1000: 73.130: [ParNew
Desired survivor size 10452992 bytes, new threshold 1 (max 15)
- age   1:   16739912 bytes,   16739912 total
: 184320K->20416K(184320K), 0.0549447 secs] 2304471K->2167976K(3383488K)After GC:
Statistics for BinaryTreeDictionary:
------------------------------------
Total Free Space: 116255238
Max   Chunk Size: 115766666
Number of Blocks: 388
Av.  Block  Size: 299626
Tree      Height: 13
, 0.0554130 secs] [Times: user=0.47 sys=0.01, real=0.06 secs] 
2021-07-18T02:33:50.034+1000: 73.185: Total time for which application threads were stopped: 0.0570663 seconds, Stopping threads took: 0.0003158 seconds
2021-07-18T02:33:50.353+1000: 73.504: Application time: 0.3186954 seconds
2021-07-18T02:33:50.360+1000: 73.510: [GC (Allocation Failure) Before GC:
Statistics for BinaryTreeDictionary:
------------------------------------
Total Free Space: 116255238
Max   Chunk Size: 115766666
Number of Blocks: 388
Av.  Block  Size: 299626
Tree      Height: 13
2021-07-18T02:33:50.360+1000: 73.511: [ParNew
Desired survivor size 10452992 bytes, new threshold 1 (max 15)
- age   1:   18639328 bytes,   18639328 total
: 184320K->20416K(184320K), 0.0536703 secs] 2331880K->2179287K(3383488K)After GC:
Statistics for BinaryTreeDictionary:
------------------------------------
Total Free Space: 115229436
Max   Chunk Size: 114831880
Number of Blocks: 333
Av.  Block  Size: 346034
Tree      Height: 13
, 0.0543582 secs] [Times: user=0.43 sys=0.01, real=0.06 secs] 
2021-07-18T02:33:50.414+1000: 73.565: Total time for which application threads were stopped: 0.0614217 seconds, Stopping threads took: 0.0046301 seconds
2021-07-18T02:33:50.755+1000: 73.906: Application time: 0.3404750 seconds
2021-07-18T02:33:50.757+1000: 73.907: [GC (Allocation Failure) Before GC:
Statistics for BinaryTreeDictionary:
------------------------------------
Total Free Space: 115229436
Max   Chunk Size: 114831880
Number of Blocks: 333
Av.  Block  Size: 346034
Tree      Height: 13
2021-07-18T02:33:50.757+1000: 73.908: [ParNew
Desired survivor size 10452992 bytes, new threshold 1 (max 15)
- age   1:   13530224 bytes,   13530224 total
: 184320K->20416K(184320K), 0.0630439 secs] 2343191K->2197543K(3383488K)After GC:
Statistics for BinaryTreeDictionary:
------------------------------------
Total Free Space: 113649620
Max   Chunk Size: 113347385
Number of Blocks: 210
Av.  Block  Size: 541188
Tree      Height: 11
, 0.0635249 secs] [Times: user=0.35 sys=0.01, real=0.06 secs] 
2021-07-18T02:33:50.821+1000: 73.971: Total time for which application threads were stopped: 0.0655298 seconds, Stopping threads took: 0.0004048 seconds
2021-07-18T02:33:51.154+1000: 74.304: Application time: 0.3329937 seconds
2021-07-18T02:33:51.155+1000: 74.306: [GC (Allocation Failure) Before GC:
Statistics for BinaryTreeDictionary:
------------------------------------
Total Free Space: 113649620
Max   Chunk Size: 113347385
Number of Blocks: 210
Av.  Block  Size: 541188
Tree      Height: 11
2021-07-18T02:33:51.156+1000: 74.306: [ParNew
Desired survivor size 10452992 bytes, new threshold 1 (max 15)
- age   1:   16516288 bytes,   16516288 total
: 184320K->20416K(184320K), 0.0840114 secs] 2361447K->2211592K(3383488K)After GC:
Statistics for BinaryTreeDictionary:
------------------------------------
Total Free Space: 112589686
Max   Chunk Size: 112423176
Number of Blocks: 150
Av.  Block  Size: 750597
Tree      Height: 18
, 0.0845923 secs] [Times: user=0.34 sys=0.01, real=0.08 secs] 
2021-07-18T02:33:51.240+1000: 74.391: Total time for which application threads were stopped: 0.0868409 seconds, Stopping threads took: 0.0003403 seconds
2021-07-18T02:33:51.663+1000: 74.814: Application time: 0.4225864 seconds
2021-07-18T02:33:51.665+1000: 74.815: [GC (Allocation Failure) Before GC:
Statistics for BinaryTreeDictionary:
------------------------------------
Total Free Space: 112589686
Max   Chunk Size: 112423176
Number of Blocks: 150
Av.  Block  Size: 750597
Tree      Height: 18
2021-07-18T02:33:51.665+1000: 74.816: [ParNew
Desired survivor size 10452992 bytes, new threshold 1 (max 15)
- age   1:   18168368 bytes,   18168368 total
: 184320K->20416K(184320K), 0.0830839 secs] 2375496K->2229055K(3383488K)After GC:
Statistics for BinaryTreeDictionary:
------------------------------------
Total Free Space: 111129989
Max   Chunk Size: 111112157
Number of Blocks: 33
Av.  Block  Size: 3367575
Tree      Height: 8
, 0.0835659 secs] [Times: user=0.57 sys=0.03, real=0.08 secs] 
2021-07-18T02:33:51.749+1000: 74.899: Total time for which application threads were stopped: 0.0856670 seconds, Stopping threads took: 0.0002779 seconds
2021-07-18T02:33:51.940+1000: 75.091: Application time: 0.1914745 seconds
2021-07-18T02:33:51.942+1000: 75.093: Total time for which application threads were stopped: 0.0018628 seconds, Stopping threads took: 0.0005479 seconds
2021-07-18T02:33:52.027+1000: 75.178: Application time: 0.0849747 seconds
2021-07-18T02:33:52.028+1000: 75.179: [GC (Allocation Failure) Before GC:
Statistics for BinaryTreeDictionary:
------------------------------------
Total Free Space: 111129989
Max   Chunk Size: 111112157
Number of Blocks: 33
Av.  Block  Size: 3367575
Tree      Height: 8
2021-07-18T02:33:52.028+1000: 75.179: [ParNew
Desired survivor size 10452992 bytes, new threshold 1 (max 15)
- age   1:   17591136 bytes,   17591136 total
: 184320K->20416K(184320K), 0.0570049 secs] 2392959K->2264191K(3383488K)After GC:
Statistics for BinaryTreeDictionary:
------------------------------------
Total Free Space: 107729959
Max   Chunk Size: 107729959
Number of Blocks: 1
Av.  Block  Size: 107729959
Tree      Height: 1
, 0.0573508 secs] [Times: user=0.48 sys=0.01, real=0.06 secs] 
2021-07-18T02:33:52.086+1000: 75.237: Total time for which application threads were stopped: 0.0590145 seconds, Stopping threads took: 0.0002254 seconds
2021-07-18T02:33:52.450+1000: 75.600: Application time: 0.3635082 seconds
2021-07-18T02:33:52.455+1000: 75.605: [GC (Allocation Failure) Before GC:
Statistics for BinaryTreeDictionary:
------------------------------------
Total Free Space: 107729959
Max   Chunk Size: 107729959
Number of Blocks: 1
Av.  Block  Size: 107729959
Tree      Height: 1
2021-07-18T02:33:52.455+1000: 75.606: [ParNew
Desired survivor size 10452992 bytes, new threshold 1 (max 15)
- age   1:   16290024 bytes,   16290024 total
: 184320K->20416K(184320K), 0.0680777 secs] 2428095K->2298758K(3383488K)After GC:
Statistics for BinaryTreeDictionary:
------------------------------------
Total Free Space: 104022016
Max   Chunk Size: 104022016
Number of Blocks: 1
Av.  Block  Size: 104022016
Tree      Height: 1
, 0.0684097 secs] [Times: user=0.62 sys=0.03, real=0.07 secs] 
2021-07-18T02:33:52.524+1000: 75.674: Total time for which application threads were stopped: 0.0740170 seconds, Stopping threads took: 0.0042303 seconds
2021-07-18T02:33:52.800+1000: 75.951: Application time: 0.2764491 seconds
2021-07-18T02:33:52.801+1000: 75.952: [GC (Allocation Failure) Before GC:
Statistics for BinaryTreeDictionary:
------------------------------------
Total Free Space: 104022016
Max   Chunk Size: 104022016
Number of Blocks: 1
Av.  Block  Size: 104022016
Tree      Height: 1
2021-07-18T02:33:52.802+1000: 75.952: [ParNew
Desired survivor size 10452992 bytes, new threshold 1 (max 15)
- age   1:   18750728 bytes,   18750728 total
: 184320K->20416K(184320K), 0.0481609 secs] 2462662K->2315616K(3383488K)After GC:
Statistics for BinaryTreeDictionary:
------------------------------------
Total Free Space: 102218269
Max   Chunk Size: 102218269
Number of Blocks: 1
Av.  Block  Size: 102218269
Tree      Height: 1
, 0.0485682 secs] [Times: user=0.47 sys=0.01, real=0.05 secs] 
2021-07-18T02:33:52.850+1000: 76.001: Total time for which application threads were stopped: 0.0503461 seconds, Stopping threads took: 0.0003434 seconds
2021-07-18T02:33:53.181+1000: 76.331: Application time: 0.3302447 seconds
2021-07-18T02:33:53.182+1000: 76.333: [GC (Allocation Failure) Before GC:
Statistics for BinaryTreeDictionary:
------------------------------------
Total Free Space: 102218269
Max   Chunk Size: 102218269
Number of Blocks: 1
Av.  Block  Size: 102218269
Tree      Height: 1
2021-07-18T02:33:53.182+1000: 76.333: [ParNew
Desired survivor size 10452992 bytes, new threshold 1 (max 15)
- age   1:   18591008 bytes,   18591008 total
: 184320K->20416K(184320K), 0.0582149 secs] 2479520K->2325297K(3383488K)After GC:
Statistics for BinaryTreeDictionary:
------------------------------------
Total Free Space: 101204247
Max   Chunk Size: 101204247
Number of Blocks: 1
Av.  Block  Size: 101204247
Tree      Height: 1
, 0.0585738 secs] [Times: user=0.34 sys=0.01, real=0.05 secs] 
2021-07-18T02:33:53.241+1000: 76.392: Total time for which application threads were stopped: 0.0603781 seconds, Stopping threads took: 0.0003319 seconds
2021-07-18T02:33:53.528+1000: 76.678: Application time: 0.2867272 seconds
2021-07-18T02:33:53.529+1000: 76.680: [GC (Allocation Failure) Before GC:
Statistics for BinaryTreeDictionary:
------------------------------------
Total Free Space: 101204247
Max   Chunk Size: 101204247
Number of Blocks: 1
Av.  Block  Size: 101204247
Tree      Height: 1
2021-07-18T02:33:53.529+1000: 76.680: [ParNew
Desired survivor size 10452992 bytes, new threshold 1 (max 15)
- age   1:   18004096 bytes,   18004096 total
: 184320K->20416K(184320K), 0.0669945 secs] 2489201K->2337624K(3383488K)After GC:
Statistics for BinaryTreeDictionary:
------------------------------------
Total Free Space: 100027800
Max   Chunk Size: 100027800
Number of Blocks: 1
Av.  Block  Size: 100027800
Tree      Height: 1
, 0.0673626 secs] [Times: user=0.37 sys=0.02, real=0.07 secs] 
2021-07-18T02:33:53.597+1000: 76.748: Total time for which application threads were stopped: 0.0691235 seconds, Stopping threads took: 0.0003314 seconds
2021-07-18T02:33:53.940+1000: 77.091: Application time: 0.3432672 seconds
2021-07-18T02:33:53.942+1000: 77.092: Total time for which application threads were stopped: 0.0015227 seconds, Stopping threads took: 0.0004147 seconds
2021-07-18T02:33:53.960+1000: 77.111: Application time: 0.0184376 seconds
2021-07-18T02:33:53.962+1000: 77.112: [GC (Allocation Failure) Before GC:
Statistics for BinaryTreeDictionary:
------------------------------------
Total Free Space: 100027800
Max   Chunk Size: 100027800
Number of Blocks: 1
Av.  Block  Size: 100027800
Tree      Height: 1
2021-07-18T02:33:53.962+1000: 77.112: [ParNew
Desired survivor size 10452992 bytes, new threshold 1 (max 15)
- age   1:   18635064 bytes,   18635064 total
: 184320K->20416K(184320K), 0.0525196 secs] 2501528K->2349489K(3383488K)After GC:
Statistics for BinaryTreeDictionary:
------------------------------------
Total Free Space: 98765435
Max   Chunk Size: 98765435
Number of Blocks: 1
Av.  Block  Size: 98765435
Tree      Height: 1
, 0.0528640 secs] [Times: user=0.37 sys=0.02, real=0.05 secs] 
2021-07-18T02:33:54.015+1000: 77.166: Total time for which application threads were stopped: 0.0547663 seconds, Stopping threads took: 0.0004181 seconds
2021-07-18T02:33:54.049+1000: 77.199: Application time: 0.0339365 seconds
2021-07-18T02:33:54.050+1000: 77.201: Total time for which application threads were stopped: 0.0016101 seconds, Stopping threads took: 0.0004457 seconds
2021-07-18T02:33:54.321+1000: 77.471: Application time: 0.2702020 seconds
2021-07-18T02:33:54.322+1000: 77.473: [GC (Allocation Failure) Before GC:
Statistics for BinaryTreeDictionary:
------------------------------------
Total Free Space: 98765435
Max   Chunk Size: 98765435
Number of Blocks: 1
Av.  Block  Size: 98765435
Tree      Height: 1
2021-07-18T02:33:54.322+1000: 77.473: [ParNew
Desired survivor size 10452992 bytes, new threshold 1 (max 15)
- age   1:   18124488 bytes,   18124488 total
: 184320K->20416K(184320K), 0.0516861 secs] 2513393K->2361934K(3383488K)After GC:
Statistics for BinaryTreeDictionary:
------------------------------------
Total Free Space: 97443731
Max   Chunk Size: 97443731
Number of Blocks: 1
Av.  Block  Size: 97443731
Tree      Height: 1
, 0.0520159 secs] [Times: user=0.38 sys=0.01, real=0.05 secs] 
2021-07-18T02:33:54.374+1000: 77.525: Total time for which application threads were stopped: 0.0537594 seconds, Stopping threads took: 0.0002105 seconds
2021-07-18T02:33:54.718+1000: 77.868: Application time: 0.3433049 seconds
2021-07-18T02:33:54.719+1000: 77.870: [GC (Allocation Failure) Before GC:
Statistics for BinaryTreeDictionary:
------------------------------------
Total Free Space: 97443731
Max   Chunk Size: 97443731
Number of Blocks: 1
Av.  Block  Size: 97443731
Tree      Height: 1
2021-07-18T02:33:54.719+1000: 77.870: [ParNew
Desired survivor size 10452992 bytes, new threshold 1 (max 15)
- age   1:   19884608 bytes,   19884608 total
: 184320K->20416K(184320K), 0.0522596 secs] 2525838K->2376354K(3383488K)After GC:
Statistics for BinaryTreeDictionary:
------------------------------------
Total Free Space: 96077604
Max   Chunk Size: 96077604
Number of Blocks: 1
Av.  Block  Size: 96077604
Tree      Height: 1
, 0.0526263 secs] [Times: user=0.35 sys=0.01, real=0.05 secs] 
2021-07-18T02:33:54.772+1000: 77.923: Total time for which application threads were stopped: 0.0544875 seconds, Stopping threads took: 0.0002332 seconds
2021-07-18T02:33:55.203+1000: 78.353: Application time: 0.4305566 seconds
2021-07-18T02:33:55.204+1000: 78.355: [GC (Allocation Failure) Before GC:
Statistics for BinaryTreeDictionary:
------------------------------------
Total Free Space: 96077604
Max   Chunk Size: 96077604
Number of Blocks: 1
Av.  Block  Size: 96077604
Tree      Height: 1
2021-07-18T02:33:55.204+1000: 78.355: [ParNew
Desired survivor size 10452992 bytes, new threshold 1 (max 15)
- age   1:   16770752 bytes,   16770752 total
: 180678K->20416K(184320K), 0.0532175 secs] 2536617K->2390971K(3383488K)After GC:
Statistics for BinaryTreeDictionary:
------------------------------------
Total Free Space: 94754174
Max   Chunk Size: 94754174
Number of Blocks: 1
Av.  Block  Size: 94754174
Tree      Height: 1
, 0.0535950 secs] [Times: user=0.40 sys=0.00, real=0.05 secs] 
2021-07-18T02:33:55.258+1000: 78.409: Total time for which application threads were stopped: 0.0553983 seconds, Stopping threads took: 0.0003002 seconds
2021-07-18T02:33:55.537+1000: 78.688: Application time: 0.2790518 seconds
2021-07-18T02:33:55.539+1000: 78.689: [GC (Allocation Failure) Before GC:
Statistics for BinaryTreeDictionary:
------------------------------------
Total Free Space: 94754174
Max   Chunk Size: 94754174
Number of Blocks: 1
Av.  Block  Size: 94754174
Tree      Height: 1
2021-07-18T02:33:55.539+1000: 78.690: [ParNew
Desired survivor size 10452992 bytes, new threshold 1 (max 15)
- age   1:   16031416 bytes,   16031416 total
: 184320K->20416K(184320K), 0.1138221 secs] 2554875K->2434575K(3383488K)After GC:
Statistics for BinaryTreeDictionary:
------------------------------------
Total Free Space: 89761535
Max   Chunk Size: 89761535
Number of Blocks: 1
Av.  Block  Size: 89761535
Tree      Height: 1
, 0.1141929 secs] [Times: user=1.10 sys=0.02, real=0.11 secs] 
2021-07-18T02:33:55.653+1000: 78.804: Total time for which application threads were stopped: 0.1161122 seconds, Stopping threads took: 0.0002038 seconds
2021-07-18T02:33:55.876+1000: 79.027: Application time: 0.2227651 seconds
2021-07-18T02:33:55.877+1000: 79.028: [GC (Allocation Failure) Before GC:
Statistics for BinaryTreeDictionary:
------------------------------------
Total Free Space: 89761535
Max   Chunk Size: 89761535
Number of Blocks: 1
Av.  Block  Size: 89761535
Tree      Height: 1
2021-07-18T02:33:55.877+1000: 79.028: [ParNew
Desired survivor size 10452992 bytes, new threshold 1 (max 15)
- age   1:   18930696 bytes,   18930696 total
: 184320K->20416K(184320K), 0.0393219 secs] 2598479K->2451724K(3383488K)After GC:
Statistics for BinaryTreeDictionary:
------------------------------------
Total Free Space: 88141992
Max   Chunk Size: 88141992
Number of Blocks: 1
Av.  Block  Size: 88141992
Tree      Height: 1
, 0.0396534 secs] [Times: user=0.32 sys=0.01, real=0.04 secs] 
2021-07-18T02:33:55.917+1000: 79.068: Total time for which application threads were stopped: 0.0411959 seconds, Stopping threads took: 0.0002340 seconds
2021-07-18T02:33:55.939+1000: 79.090: Application time: 0.0219362 seconds
2021-07-18T02:33:55.941+1000: 79.091: Total time for which application threads were stopped: 0.0012877 seconds, Stopping threads took: 0.0004045 seconds
2021-07-18T02:33:56.225+1000: 79.376: Application time: 0.2844576 seconds
2021-07-18T02:33:56.226+1000: 79.377: [GC (Allocation Failure) Before GC:
Statistics for BinaryTreeDictionary:
------------------------------------
Total Free Space: 88141992
Max   Chunk Size: 88141992
Number of Blocks: 1
Av.  Block  Size: 88141992
Tree      Height: 1
2021-07-18T02:33:56.227+1000: 79.377: [ParNew
Desired survivor size 10452992 bytes, new threshold 1 (max 15)
- age   1:   18285952 bytes,   18285952 total
: 184320K->20416K(184320K), 0.0442468 secs] 2615628K->2465513K(3383488K)After GC:
Statistics for BinaryTreeDictionary:
------------------------------------
Total Free Space: 86908647
Max   Chunk Size: 86908647
Number of Blocks: 1
Av.  Block  Size: 86908647
Tree      Height: 1
, 0.0447364 secs] [Times: user=0.40 sys=0.01, real=0.04 secs] 
2021-07-18T02:33:56.271+1000: 79.422: Total time for which application threads were stopped: 0.0463577 seconds, Stopping threads took: 0.0002367 seconds
2021-07-18T02:33:56.599+1000: 79.750: Application time: 0.3280431 seconds
2021-07-18T02:33:56.601+1000: 79.751: [GC (Allocation Failure) Before GC:
Statistics for BinaryTreeDictionary:
------------------------------------
Total Free Space: 86908647
Max   Chunk Size: 86908647
Number of Blocks: 1
Av.  Block  Size: 86908647
Tree      Height: 1
2021-07-18T02:33:56.601+1000: 79.751: [ParNew
Desired survivor size 10452992 bytes, new threshold 1 (max 15)
- age   1:   13027048 bytes,   13027048 total
: 184320K->20416K(184320K), 0.0533226 secs] 2629417K->2484376K(3383488K)After GC:
Statistics for BinaryTreeDictionary:
------------------------------------
Total Free Space: 85242051
Max   Chunk Size: 85242051
Number of Blocks: 1
Av.  Block  Size: 85242051
Tree      Height: 1
, 0.0536443 secs] [Times: user=0.31 sys=0.01, real=0.06 secs] 
2021-07-18T02:33:56.655+1000: 79.805: Total time for which application threads were stopped: 0.0552792 seconds, Stopping threads took: 0.0002601 seconds
2021-07-18T02:33:56.915+1000: 80.065: Application time: 0.2601458 seconds
2021-07-18T02:33:56.916+1000: 80.067: [GC (Allocation Failure) Before GC:
Statistics for BinaryTreeDictionary:
------------------------------------
Total Free Space: 85242051
Max   Chunk Size: 85242051
Number of Blocks: 1
Av.  Block  Size: 85242051
Tree      Height: 1
2021-07-18T02:33:56.916+1000: 80.067: [ParNew
Desired survivor size 10452992 bytes, new threshold 1 (max 15)
- age   1:   20339368 bytes,   20339368 total
: 184320K->20416K(184320K), 0.0404323 secs] 2648280K->2499399K(3383488K)After GC:
Statistics for BinaryTreeDictionary:
------------------------------------
Total Free Space: 83856739
Max   Chunk Size: 83856739
Number of Blocks: 1
Av.  Block  Size: 83856739
Tree      Height: 1
, 0.0408020 secs] [Times: user=0.28 sys=0.00, real=0.04 secs] 
2021-07-18T02:33:56.957+1000: 80.108: Total time for which application threads were stopped: 0.0425266 seconds, Stopping threads took: 0.0002174 seconds
2021-07-18T02:33:57.181+1000: 80.332: Application time: 0.2238634 seconds
2021-07-18T02:33:57.183+1000: 80.333: [GC (Allocation Failure) Before GC:
Statistics for BinaryTreeDictionary:
------------------------------------
Total Free Space: 83856739
Max   Chunk Size: 83856739
Number of Blocks: 1
Av.  Block  Size: 83856739
Tree      Height: 1
2021-07-18T02:33:57.183+1000: 80.333: [ParNew
Desired survivor size 10452992 bytes, new threshold 1 (max 15)
- age   1:   13017648 bytes,   13017648 total
: 184320K->20416K(184320K), 0.0801204 secs] 2663303K->2519273K(3383488K)After GC:
Statistics for BinaryTreeDictionary:
------------------------------------
Total Free Space: 82121034
Max   Chunk Size: 82121034
Number of Blocks: 1
Av.  Block  Size: 82121034
Tree      Height: 1
, 0.0805620 secs] [Times: user=0.39 sys=0.02, real=0.08 secs] 
2021-07-18T02:33:57.263+1000: 80.414: Total time for which application threads were stopped: 0.0822527 seconds, Stopping threads took: 0.0002115 seconds
2021-07-18T02:33:57.618+1000: 80.768: Application time: 0.3543771 seconds
2021-07-18T02:33:57.619+1000: 80.770: [GC (Allocation Failure) Before GC:
Statistics for BinaryTreeDictionary:
------------------------------------
Total Free Space: 82121034
Max   Chunk Size: 82121034
Number of Blocks: 1
Av.  Block  Size: 82121034
Tree      Height: 1
2021-07-18T02:33:57.619+1000: 80.770: [ParNew
Desired survivor size 10452992 bytes, new threshold 1 (max 15)
- age   1:   20380736 bytes,   20380736 total
: 184320K->20416K(184320K), 0.0553744 secs] 2683177K->2542847K(3383488K)After GC:
Statistics for BinaryTreeDictionary:
------------------------------------
Total Free Space: 79768936
Max   Chunk Size: 79768936
Number of Blocks: 1
Av.  Block  Size: 79768936
Tree      Height: 1
, 0.0557611 secs] [Times: user=0.45 sys=0.01, real=0.06 secs] 
2021-07-18T02:33:57.675+1000: 80.826: Total time for which application threads were stopped: 0.0575275 seconds, Stopping threads took: 0.0002630 seconds
2021-07-18T02:33:57.940+1000: 81.090: Application time: 0.2643384 seconds
2021-07-18T02:33:57.941+1000: 81.092: Total time for which application threads were stopped: 0.0014760 seconds, Stopping threads took: 0.0005182 seconds
2021-07-18T02:33:58.016+1000: 81.167: Application time: 0.0752877 seconds
2021-07-18T02:33:58.018+1000: 81.169: [GC (Allocation Failure) Before GC:
Statistics for BinaryTreeDictionary:
------------------------------------
Total Free Space: 79768936
Max   Chunk Size: 79768936
Number of Blocks: 1
Av.  Block  Size: 79768936
Tree      Height: 1
2021-07-18T02:33:58.018+1000: 81.169: [ParNew
Desired survivor size 10452992 bytes, new threshold 1 (max 15)
- age   1:   15575888 bytes,   15575888 total
: 184320K->20416K(184320K), 0.0470841 secs] 2706751K->2563572K(3383488K)After GC:
Statistics for BinaryTreeDictionary:
------------------------------------
Total Free Space: 77629939
Max   Chunk Size: 77629939
Number of Blocks: 1
Av.  Block  Size: 77629939
Tree      Height: 1
, 0.0474849 secs] [Times: user=0.45 sys=0.04, real=0.05 secs] 
2021-07-18T02:33:58.066+1000: 81.217: Total time for which application threads were stopped: 0.0495323 seconds, Stopping threads took: 0.0003089 seconds
2021-07-18T02:33:58.487+1000: 81.637: Application time: 0.4207925 seconds
2021-07-18T02:33:58.488+1000: 81.639: [GC (Allocation Failure) Before GC:
Statistics for BinaryTreeDictionary:
------------------------------------
Total Free Space: 77629939
Max   Chunk Size: 77629939
Number of Blocks: 1
Av.  Block  Size: 77629939
Tree      Height: 1
2021-07-18T02:33:58.489+1000: 81.639: [ParNew
Desired survivor size 10452992 bytes, new threshold 1 (max 15)
- age   1:   20170936 bytes,   20170936 total
: 184320K->20416K(184320K), 0.0530393 secs] 2727476K->2581051K(3383488K)After GC:
Statistics for BinaryTreeDictionary:
------------------------------------
Total Free Space: 75975880
Max   Chunk Size: 75975880
Number of Blocks: 1
Av.  Block  Size: 75975880
Tree      Height: 1
, 0.0535580 secs] [Times: user=0.44 sys=0.03, real=0.06 secs] 
2021-07-18T02:33:58.542+1000: 81.693: Total time for which application threads were stopped: 0.0556738 seconds, Stopping threads took: 0.0003173 seconds
2021-07-18T02:33:58.833+1000: 81.984: Application time: 0.2909436 seconds
2021-07-18T02:33:58.836+1000: 81.986: [GC (Allocation Failure) Before GC:
Statistics for BinaryTreeDictionary:
------------------------------------
Total Free Space: 75975880
Max   Chunk Size: 75975880
Number of Blocks: 1
Av.  Block  Size: 75975880
Tree      Height: 1
2021-07-18T02:33:58.836+1000: 81.987: [ParNew
Desired survivor size 10452992 bytes, new threshold 1 (max 15)
- age   1:   18110616 bytes,   18110616 total
: 184320K->20416K(184320K), 0.0414316 secs] 2744955K->2601062K(3383488K)After GC:
Statistics for BinaryTreeDictionary:
------------------------------------
Total Free Space: 73954155
Max   Chunk Size: 73954155
Number of Blocks: 1
Av.  Block  Size: 73954155
Tree      Height: 1
, 0.0419404 secs] [Times: user=0.41 sys=0.02, real=0.04 secs] 
2021-07-18T02:33:58.878+1000: 82.029: Total time for which application threads were stopped: 0.0447480 seconds, Stopping threads took: 0.0007256 seconds
2021-07-18T02:33:59.119+1000: 82.270: Application time: 0.2408491 seconds
2021-07-18T02:33:59.121+1000: 82.272: [GC (Allocation Failure) Before GC:
Statistics for BinaryTreeDictionary:
------------------------------------
Total Free Space: 73954155
Max   Chunk Size: 73954155
Number of Blocks: 1
Av.  Block  Size: 73954155
Tree      Height: 1
2021-07-18T02:33:59.122+1000: 82.272: [ParNew
Desired survivor size 10452992 bytes, new threshold 1 (max 15)
- age   1:   17376256 bytes,   17376256 total
: 184320K->20416K(184320K), 0.0466403 secs] 2764966K->2618919K(3383488K)After GC:
Statistics for BinaryTreeDictionary:
------------------------------------
Total Free Space: 72184141
Max   Chunk Size: 72184141
Number of Blocks: 1
Av.  Block  Size: 72184141
Tree      Height: 1
, 0.0471459 secs] [Times: user=0.40 sys=0.01, real=0.05 secs] 
2021-07-18T02:33:59.169+1000: 82.320: Total time for which application threads were stopped: 0.0499034 seconds, Stopping threads took: 0.0006543 seconds
2021-07-18T02:33:59.471+1000: 82.621: Application time: 0.3015418 seconds
2021-07-18T02:33:59.472+1000: 82.623: [GC (Allocation Failure) Before GC:
Statistics for BinaryTreeDictionary:
------------------------------------
Total Free Space: 72184141
Max   Chunk Size: 72184141
Number of Blocks: 1
Av.  Block  Size: 72184141
Tree      Height: 1
2021-07-18T02:33:59.472+1000: 82.623: [ParNew
Desired survivor size 10452992 bytes, new threshold 1 (max 15)
- age   1:   12749216 bytes,   12749216 total
: 184320K->20416K(184320K), 0.0469981 secs] 2782823K->2635849K(3383488K)After GC:
Statistics for BinaryTreeDictionary:
------------------------------------
Total Free Space: 70438658
Max   Chunk Size: 70438658
Number of Blocks: 1
Av.  Block  Size: 70438658
Tree      Height: 1
, 0.0473937 secs] [Times: user=0.28 sys=0.01, real=0.05 secs] 
2021-07-18T02:33:59.520+1000: 82.671: Total time for which application threads were stopped: 0.0495947 seconds, Stopping threads took: 0.0004928 seconds
2021-07-18T02:33:59.831+1000: 82.981: Application time: 0.3104393 seconds
2021-07-18T02:33:59.832+1000: 82.983: [GC (Allocation Failure) Before GC:
Statistics for BinaryTreeDictionary:
------------------------------------
Total Free Space: 70438658
Max   Chunk Size: 70438658
Number of Blocks: 1
Av.  Block  Size: 70438658
Tree      Height: 1
2021-07-18T02:33:59.834+1000: 82.984: [ParNew
Desired survivor size 10452992 bytes, new threshold 1 (max 15)
- age   1:   19658968 bytes,   19658968 total
: 184320K->20416K(184320K), 0.0422262 secs] 2799753K->2649576K(3383488K)After GC:
Statistics for BinaryTreeDictionary:
------------------------------------
Total Free Space: 69193765
Max   Chunk Size: 69193765
Number of Blocks: 1
Av.  Block  Size: 69193765
Tree      Height: 1
, 0.0437491 secs] [Times: user=0.33 sys=0.01, real=0.05 secs] 
2021-07-18T02:33:59.877+1000: 83.027: Total time for which application threads were stopped: 0.0460533 seconds, Stopping threads took: 0.0004579 seconds
2021-07-18T02:33:59.940+1000: 83.090: Application time: 0.0630767 seconds
2021-07-18T02:33:59.941+1000: 83.092: Total time for which application threads were stopped: 0.0016734 seconds, Stopping threads took: 0.0004130 seconds
2021-07-18T02:34:00.196+1000: 83.346: Application time: 0.2543455 seconds
2021-07-18T02:34:00.198+1000: 83.348: [GC (Allocation Failure) Before GC:
Statistics for BinaryTreeDictionary:
------------------------------------
Total Free Space: 69193765
Max   Chunk Size: 69193765
Number of Blocks: 1
Av.  Block  Size: 69193765
Tree      Height: 1
2021-07-18T02:34:00.198+1000: 83.348: [ParNew
Desired survivor size 10452992 bytes, new threshold 1 (max 15)
- age   1:   17312936 bytes,   17312936 total
: 184320K->20416K(184320K), 0.1192302 secs] 2813480K->2703949K(3383488K)After GC:
Statistics for BinaryTreeDictionary:
------------------------------------
Total Free Space: 62277800
Max   Chunk Size: 62277800
Number of Blocks: 1
Av.  Block  Size: 62277800
Tree      Height: 1
, 0.1195909 secs] [Times: user=1.27 sys=0.09, real=0.12 secs] 
2021-07-18T02:34:00.318+1000: 83.468: Total time for which application threads were stopped: 0.1220949 seconds, Stopping threads took: 0.0006254 seconds
2021-07-18T02:34:00.767+1000: 83.917: Application time: 0.4487777 seconds
2021-07-18T02:34:00.768+1000: 83.919: [GC (Allocation Failure) Before GC:
Statistics for BinaryTreeDictionary:
------------------------------------
Total Free Space: 62277800
Max   Chunk Size: 62277800
Number of Blocks: 1
Av.  Block  Size: 62277800
Tree      Height: 1
2021-07-18T02:34:00.768+1000: 83.919: [ParNew
Desired survivor size 10452992 bytes, new threshold 15 (max 15)
- age   1:    1569408 bytes,    1569408 total
: 184320K->5119K(184320K), 0.0452019 secs] 2867853K->2705551K(3383488K)After GC:
Statistics for BinaryTreeDictionary:
------------------------------------
Total Free Space: 60120111
Max   Chunk Size: 60120111
Number of Blocks: 1
Av.  Block  Size: 60120111
Tree      Height: 1
, 0.0456037 secs] [Times: user=0.37 sys=0.01, real=0.05 secs] 
2021-07-18T02:34:00.814+1000: 83.965: Total time for which application threads were stopped: 0.0476635 seconds, Stopping threads took: 0.0003606 seconds
2021-07-18T02:34:01.129+1000: 84.280: Application time: 0.3150791 seconds
2021-07-18T02:34:01.131+1000: 84.281: [GC (Allocation Failure) Before GC:
Statistics for BinaryTreeDictionary:
------------------------------------
Total Free Space: 60120111
Max   Chunk Size: 60120111
Number of Blocks: 1
Av.  Block  Size: 60120111
Tree      Height: 1
2021-07-18T02:34:01.131+1000: 84.281: [ParNew
Desired survivor size 10452992 bytes, new threshold 1 (max 15)
- age   1:   14911936 bytes,   14911936 total
- age   2:    1490344 bytes,   16402280 total
: 169023K->16886K(184320K), 0.0196077 secs] 2869455K->2717319K(3383488K)After GC:
Statistics for BinaryTreeDictionary:
------------------------------------
Total Free Space: 60120111
Max   Chunk Size: 60120111
Number of Blocks: 1
Av.  Block  Size: 60120111
Tree      Height: 1
, 0.0199787 secs] [Times: user=0.20 sys=0.00, real=0.02 secs] 
2021-07-18T02:34:01.151+1000: 84.302: Total time for which application threads were stopped: 0.0216810 seconds, Stopping threads took: 0.0002061 seconds
2021-07-18T02:34:01.453+1000: 84.603: Application time: 0.3016056 seconds
2021-07-18T02:34:01.467+1000: 84.617: [GC (Allocation Failure) Before GC:
Statistics for BinaryTreeDictionary:
------------------------------------
Total Free Space: 60120111
Max   Chunk Size: 60120111
Number of Blocks: 1
Av.  Block  Size: 60120111
Tree      Height: 1
2021-07-18T02:34:01.467+1000: 84.617: [ParNew
Desired survivor size 10452992 bytes, new threshold 1 (max 15)
- age   1:   16425600 bytes,   16425600 total
: 180790K->20416K(184320K), 0.0438186 secs] 2881223K->2736927K(3383488K)After GC:
Statistics for BinaryTreeDictionary:
------------------------------------
Total Free Space: 58141410
Max   Chunk Size: 58141410
Number of Blocks: 1
Av.  Block  Size: 58141410
Tree      Height: 1
, 0.0441490 secs] [Times: user=0.31 sys=0.03, real=0.04 secs] 
2021-07-18T02:34:01.511+1000: 84.662: Total time for which application threads were stopped: 0.0585429 seconds, Stopping threads took: 0.0130229 seconds
2021-07-18T02:34:01.798+1000: 84.949: Application time: 0.2869889 seconds
2021-07-18T02:34:01.800+1000: 84.950: [GC (Allocation Failure) Before GC:
Statistics for BinaryTreeDictionary:
------------------------------------
Total Free Space: 58141410
Max   Chunk Size: 58141410
Number of Blocks: 1
Av.  Block  Size: 58141410
Tree      Height: 1
2021-07-18T02:34:01.800+1000: 84.950: [ParNew
Desired survivor size 10452992 bytes, new threshold 1 (max 15)
- age   1:   19357184 bytes,   19357184 total
: 184320K->20416K(184320K), 0.0535304 secs] 2900831K->2755174K(3383488K)After GC:
Statistics for BinaryTreeDictionary:
------------------------------------
Total Free Space: 55743634
Max   Chunk Size: 55743634
Number of Blocks: 1
Av.  Block  Size: 55743634
Tree      Height: 1
, 0.0538351 secs] [Times: user=0.34 sys=0.02, real=0.06 secs] 
2021-07-18T02:34:01.854+1000: 85.004: Total time for which application threads were stopped: 0.0556473 seconds, Stopping threads took: 0.0002037 seconds
2021-07-18T02:34:01.859+1000: 85.010: Application time: 0.0053893 seconds
2021-07-18T02:34:01.861+1000: 85.011: [GC (CMS Initial Mark) [1 CMS-initial-mark: 2734758K(3199168K)] 2761725K(3383488K), 0.0112087 secs] [Times: user=0.04 sys=0.00, real=0.01 secs] 
2021-07-18T02:34:01.872+1000: 85.023: Total time for which application threads were stopped: 0.0131749 seconds, Stopping threads took: 0.0003288 seconds
2021-07-18T02:34:01.873+1000: 85.023: [CMS-concurrent-mark-start]
2021-07-18T02:34:01.940+1000: 85.091: Application time: 0.0681241 seconds
2021-07-18T02:34:01.942+1000: 85.093: Total time for which application threads were stopped: 0.0017134 seconds, Stopping threads took: 0.0004204 seconds
2021-07-18T02:34:02.140+1000: 85.291: Application time: 0.1977857 seconds
2021-07-18T02:34:02.145+1000: 85.296: [GC (Allocation Failure) Before GC:
Statistics for BinaryTreeDictionary:
------------------------------------
Total Free Space: 55743634
Max   Chunk Size: 55743634
Number of Blocks: 1
Av.  Block  Size: 55743634
Tree      Height: 1
2021-07-18T02:34:02.145+1000: 85.296: [ParNew
Desired survivor size 10452992 bytes, new threshold 1 (max 15)
- age   1:   16967240 bytes,   16967240 total
: 184320K->20416K(184320K), 0.0699038 secs] 2919078K->2774632K(3383488K)After GC:
Statistics for BinaryTreeDictionary:
------------------------------------
Total Free Space: 53219198
Max   Chunk Size: 53219198
Number of Blocks: 1
Av.  Block  Size: 53219198
Tree      Height: 1
, 0.0702592 secs] [Times: user=0.41 sys=0.04, real=0.07 secs] 
2021-07-18T02:34:02.216+1000: 85.366: Total time for which application threads were stopped: 0.0758279 seconds, Stopping threads took: 0.0030155 seconds
2021-07-18T02:34:02.451+1000: 85.601: Application time: 0.2348756 seconds
2021-07-18T02:34:02.452+1000: 85.603: [GC (Allocation Failure) Before GC:
Statistics for BinaryTreeDictionary:
------------------------------------
Total Free Space: 53219198
Max   Chunk Size: 53219198
Number of Blocks: 1
Av.  Block  Size: 53219198
Tree      Height: 1
2021-07-18T02:34:02.452+1000: 85.603: [ParNew
Desired survivor size 10452992 bytes, new threshold 1 (max 15)
- age   1:   16807456 bytes,   16807456 total
: 184320K->20416K(184320K), 0.1072358 secs] 2938536K->2819780K(3383488K)After GC:
Statistics for BinaryTreeDictionary:
------------------------------------
Total Free Space: 47403296
Max   Chunk Size: 47403296
Number of Blocks: 1
Av.  Block  Size: 47403296
Tree      Height: 1
, 0.1075308 secs] [Times: user=1.18 sys=0.04, real=0.11 secs] 
2021-07-18T02:34:02.560+1000: 85.710: Total time for which application threads were stopped: 0.1090207 seconds, Stopping threads took: 0.0002443 seconds
2021-07-18T02:34:02.874+1000: 86.024: Application time: 0.3138631 seconds
2021-07-18T02:34:02.875+1000: 86.026: [GC (Allocation Failure) Before GC:
Statistics for BinaryTreeDictionary:
------------------------------------
Total Free Space: 47403296
Max   Chunk Size: 47403296
Number of Blocks: 1
Av.  Block  Size: 47403296
Tree      Height: 1
2021-07-18T02:34:02.875+1000: 86.026: [ParNew
Desired survivor size 10452992 bytes, new threshold 1 (max 15)
- age   1:   17612096 bytes,   17612096 total
: 184320K->20416K(184320K), 0.0517641 secs] 2983684K->2836450K(3383488K)After GC:
Statistics for BinaryTreeDictionary:
------------------------------------
Total Free Space: 45285722
Max   Chunk Size: 45285722
Number of Blocks: 1
Av.  Block  Size: 45285722
Tree      Height: 1
, 0.0521747 secs] [Times: user=0.40 sys=0.01, real=0.05 secs] 
2021-07-18T02:34:02.928+1000: 86.078: Total time for which application threads were stopped: 0.0540589 seconds, Stopping threads took: 0.0002429 seconds
2021-07-18T02:34:03.236+1000: 86.387: Application time: 0.3085139 seconds
2021-07-18T02:34:03.238+1000: 86.388: [GC (Allocation Failure) Before GC:
Statistics for BinaryTreeDictionary:
------------------------------------
Total Free Space: 45285722
Max   Chunk Size: 45285722
Number of Blocks: 1
Av.  Block  Size: 45285722
Tree      Height: 1
2021-07-18T02:34:03.238+1000: 86.388: [ParNew
Desired survivor size 10452992 bytes, new threshold 1 (max 15)
- age   1:   15084264 bytes,   15084264 total
: 184320K->20416K(184320K), 0.0728382 secs] 3000354K->2857079K(3383488K)After GC:
Statistics for BinaryTreeDictionary:
------------------------------------
Total Free Space: 42663493
Max   Chunk Size: 42663493
Number of Blocks: 1
Av.  Block  Size: 42663493
Tree      Height: 1
, 0.0731460 secs] [Times: user=0.33 sys=0.03, real=0.07 secs] 
2021-07-18T02:34:03.311+1000: 86.462: Total time for which application threads were stopped: 0.0748748 seconds, Stopping threads took: 0.0003988 seconds
2021-07-18T02:34:03.504+1000: 86.654: [CMS-concurrent-mark: 1.296/1.631 secs] [Times: user=9.01 sys=0.60, real=1.64 secs] 
2021-07-18T02:34:03.504+1000: 86.655: [CMS-concurrent-preclean-start]
2021-07-18T02:34:03.601+1000: 86.752: Application time: 0.2899409 seconds
2021-07-18T02:34:03.603+1000: 86.753: [GC (Allocation Failure) Before GC:
Statistics for BinaryTreeDictionary:
------------------------------------
Total Free Space: 42663493
Max   Chunk Size: 42663493
Number of Blocks: 1
Av.  Block  Size: 42663493
Tree      Height: 1
2021-07-18T02:34:03.603+1000: 86.753: [ParNew
Desired survivor size 10452992 bytes, new threshold 1 (max 15)
- age   1:   17774936 bytes,   17774936 total
: 184320K->20416K(184320K), 0.0366868 secs] 3020983K->2864872K(3383488K)After GC:
Statistics for BinaryTreeDictionary:
------------------------------------
Total Free Space: 41678636
Max   Chunk Size: 41678636
Number of Blocks: 1
Av.  Block  Size: 41678636
Tree      Height: 1
, 0.0370193 secs] [Times: user=0.32 sys=0.02, real=0.03 secs] 
2021-07-18T02:34:03.640+1000: 86.791: Total time for which application threads were stopped: 0.0389426 seconds, Stopping threads took: 0.0003565 seconds
2021-07-18T02:34:03.904+1000: 87.055: Application time: 0.2643290 seconds
2021-07-18T02:34:03.906+1000: 87.056: [GC (Allocation Failure) Before GC:
Statistics for BinaryTreeDictionary:
------------------------------------
Total Free Space: 41678636
Max   Chunk Size: 41678636
Number of Blocks: 1
Av.  Block  Size: 41678636
Tree      Height: 1
2021-07-18T02:34:03.906+1000: 87.057: [ParNew
Desired survivor size 10452992 bytes, new threshold 1 (max 15)
- age   1:   17877368 bytes,   17877368 total
: 184320K->20416K(184320K), 0.0542024 secs] 3028776K->2873431K(3383488K)After GC:
Statistics for BinaryTreeDictionary:
------------------------------------
Total Free Space: 40644945
Max   Chunk Size: 40644945
Number of Blocks: 1
Av.  Block  Size: 40644945
Tree      Height: 1
, 0.0546096 secs] [Times: user=0.45 sys=0.01, real=0.05 secs] 
2021-07-18T02:34:03.961+1000: 87.111: Total time for which application threads were stopped: 0.0564797 seconds, Stopping threads took: 0.0002247 seconds
2021-07-18T02:34:03.962+1000: 87.112: [CMS-concurrent-preclean: 0.341/0.457 secs] [Times: user=1.68 sys=0.06, real=0.46 secs] 
2021-07-18T02:34:03.962+1000: 87.113: [CMS-concurrent-abortable-preclean-start]
2021-07-18T02:34:03.962+1000: 87.113: Application time: 0.0012510 seconds
2021-07-18T02:34:03.963+1000: 87.114: Total time for which application threads were stopped: 0.0012687 seconds, Stopping threads took: 0.0003310 seconds
2021-07-18T02:34:04.228+1000: 87.379: Application time: 0.2646088 seconds
2021-07-18T02:34:04.229+1000: 87.380: [GC (Allocation Failure) Before GC:
Statistics for BinaryTreeDictionary:
------------------------------------
Total Free Space: 40644945
Max   Chunk Size: 40644945
Number of Blocks: 1
Av.  Block  Size: 40644945
Tree      Height: 1
2021-07-18T02:34:04.229+1000: 87.380: [ParNew
Desired survivor size 10452992 bytes, new threshold 1 (max 15)
- age   1:   18611152 bytes,   18611152 total
: 184320K->20416K(184320K), 0.0457377 secs] 3037335K->2882318K(3383488K)After GC:
Statistics for BinaryTreeDictionary:
------------------------------------
Total Free Space: 39549822
Max   Chunk Size: 39549822
Number of Blocks: 1
Av.  Block  Size: 39549822
Tree      Height: 1
, 0.0460443 secs] [Times: user=0.33 sys=0.00, real=0.05 secs] 
2021-07-18T02:34:04.275+1000: 87.426: Total time for which application threads were stopped: 0.0475764 seconds, Stopping threads took: 0.0001879 seconds
2021-07-18T02:34:04.288+1000: 87.438: [CMS-concurrent-abortable-preclean: 0.266/0.326 secs] [Times: user=0.99 sys=0.03, real=0.32 secs] 
2021-07-18T02:34:04.288+1000: 87.439: Application time: 0.0125665 seconds
2021-07-18T02:34:04.289+1000: 87.440: [GC (CMS Final Remark) [YG occupancy: 33167 K (184320 K)]2021-07-18T02:34:04.289+1000: 87.440: [GC (CMS Final Remark) Before GC:
Statistics for BinaryTreeDictionary:
------------------------------------
Total Free Space: 39549822
Max   Chunk Size: 39549822
Number of Blocks: 1
Av.  Block  Size: 39549822
Tree      Height: 1
2021-07-18T02:34:04.289+1000: 87.440: [ParNew
Desired survivor size 10452992 bytes, new threshold 15 (max 15)
- age   1:    1145592 bytes,    1145592 total
: 33167K->17956K(184320K), 0.0804800 secs] 2895069K->2898021K(3383488K)After GC:
Statistics for BinaryTreeDictionary:
------------------------------------
Total Free Space: 37164331
Max   Chunk Size: 37164331
Number of Blocks: 1
Av.  Block  Size: 37164331
Tree      Height: 1
, 0.0807545 secs] [Times: user=0.46 sys=0.04, real=0.08 secs] 
2021-07-18T02:34:04.370+1000: 87.521: [Rescan (parallel) , 0.0229184 secs]2021-07-18T02:34:04.395+1000: 87.545: [weak refs processing, 0.0035887 secs]2021-07-18T02:34:04.398+1000: 87.549: [class unloading, 0.0350223 secs]2021-07-18T02:34:04.433+1000: 87.584: [scrub symbol table, 0.0734954 secs]2021-07-18T02:34:04.507+1000: 87.658: [scrub string table, 0.0036757 secs][1 CMS-remark: 2880064K(3199168K)] 2898021K(3383488K), 0.2213861 secs] [Times: user=0.72 sys=0.04, real=0.22 secs] 
2021-07-18T02:34:04.511+1000: 87.662: Total time for which application threads were stopped: 0.2228863 seconds, Stopping threads took: 0.0003250 seconds
2021-07-18T02:34:04.511+1000: 87.662: [CMS-concurrent-sweep-start]
CMS: Large Block: 0x00007fe4330a56a8; Proximity: 0x00007fe4057a8f18 -> 0x00007fe43143d5b0
2021-07-18T02:34:04.873+1000: 88.024: Application time: 0.3623351 seconds
2021-07-18T02:34:04.875+1000: 88.025: [GC (Allocation Failure) Before GC:
Statistics for BinaryTreeDictionary:
------------------------------------
Total Free Space: 39546258
Max   Chunk Size: 37164331
Number of Blocks: 223
Av.  Block  Size: 177337
Tree      Height: 16
2021-07-18T02:34:04.875+1000: 88.026: [ParNew
Desired survivor size 10452992 bytes, new threshold 1 (max 15)
- age   1:   19648336 bytes,   19648336 total
- age   2:    1109096 bytes,   20757432 total
: 181860K->20416K(184320K), 0.0361616 secs] 2910025K->2749782K(3383488K)After GC:
Statistics for BinaryTreeDictionary:
------------------------------------
Total Free Space: 39546258
Max   Chunk Size: 37164331
Number of Blocks: 223
Av.  Block  Size: 177337
Tree      Height: 16
, 0.0365861 secs] [Times: user=0.25 sys=0.02, real=0.03 secs] 
2021-07-18T02:34:04.912+1000: 88.062: Total time for which application threads were stopped: 0.0383863 seconds, Stopping threads took: 0.0003780 seconds
2021-07-18T02:34:05.252+1000: 88.403: Application time: 0.3406814 seconds
2021-07-18T02:34:05.254+1000: 88.405: [GC (Allocation Failure) Before GC:
Statistics for BinaryTreeDictionary:
------------------------------------
Total Free Space: 50824457
Max   Chunk Size: 37164331
Number of Blocks: 505
Av.  Block  Size: 100642
Tree      Height: 30
2021-07-18T02:34:05.254+1000: 88.405: [ParNew
Desired survivor size 10452992 bytes, new threshold 1 (max 15)
- age   1:   17032096 bytes,   17032096 total
: 184320K->20416K(184320K), 0.0573256 secs] 2609628K->2461628K(3383488K)After GC:
Statistics for BinaryTreeDictionary:
------------------------------------
Total Free Space: 50138517
Max   Chunk Size: 37164331
Number of Blocks: 503
Av.  Block  Size: 99678
Tree      Height: 29
, 0.0578699 secs] [Times: user=0.39 sys=0.00, real=0.05 secs] 
2021-07-18T02:34:05.312+1000: 88.463: Total time for which application threads were stopped: 0.0597355 seconds, Stopping threads took: 0.0003687 seconds
2021-07-18T02:34:05.657+1000: 88.808: Application time: 0.3452669 seconds
2021-07-18T02:34:05.659+1000: 88.810: [GC (Allocation Failure) Before GC:
Statistics for BinaryTreeDictionary:
------------------------------------
Total Free Space: 59399274
Max   Chunk Size: 37164331
Number of Blocks: 577
Av.  Block  Size: 102945
Tree      Height: 30
2021-07-18T02:34:05.659+1000: 88.810: [ParNew
Desired survivor size 10452992 bytes, new threshold 1 (max 15)
- age   1:   14976408 bytes,   14976408 total
: 184320K->20416K(184320K), 0.0635971 secs] 2371407K->2221123K(3383488K)After GC:
Statistics for BinaryTreeDictionary:
------------------------------------
Total Free Space: 58621824
Max   Chunk Size: 37164331
Number of Blocks: 577
Av.  Block  Size: 101597
Tree      Height: 29
, 0.0641950 secs] [Times: user=0.48 sys=0.00, real=0.07 secs] 
2021-07-18T02:34:05.723+1000: 88.874: Total time for which application threads were stopped: 0.0660450 seconds, Stopping threads took: 0.0004119 seconds
2021-07-18T02:34:05.940+1000: 89.090: Application time: 0.2161993 seconds
2021-07-18T02:34:05.941+1000: 89.092: Total time for which application threads were stopped: 0.0013282 seconds, Stopping threads took: 0.0003685 seconds
2021-07-18T02:34:06.051+1000: 89.202: Application time: 0.1105046 seconds
2021-07-18T02:34:06.053+1000: 89.203: [GC (Allocation Failure) Before GC:
Statistics for BinaryTreeDictionary:
------------------------------------
Total Free Space: 61005126
Max   Chunk Size: 37164331
Number of Blocks: 621
Av.  Block  Size: 98236
Tree      Height: 29
2021-07-18T02:34:06.053+1000: 89.204: [ParNew
Desired survivor size 10452992 bytes, new threshold 1 (max 15)
- age   1:   20146480 bytes,   20146480 total
: 184320K->20416K(184320K), 0.0492303 secs] 2187983K->2033636K(3383488K)After GC:
Statistics for BinaryTreeDictionary:
------------------------------------
Total Free Space: 60555126
Max   Chunk Size: 37164331
Number of Blocks: 621
Av.  Block  Size: 97512
Tree      Height: 29
, 0.0497801 secs] [Times: user=0.36 sys=0.00, real=0.06 secs] 
2021-07-18T02:34:06.103+1000: 89.254: Total time for which application threads were stopped: 0.0514026 seconds, Stopping threads took: 0.0003526 seconds
2021-07-18T02:34:06.453+1000: 89.604: Application time: 0.3505995 seconds
2021-07-18T02:34:06.455+1000: 89.606: [GC (Allocation Failure) Before GC:
Statistics for BinaryTreeDictionary:
------------------------------------
Total Free Space: 75379287
Max   Chunk Size: 37164331
Number of Blocks: 766
Av.  Block  Size: 98406
Tree      Height: 30
2021-07-18T02:34:06.455+1000: 89.606: [ParNew
Desired survivor size 10452992 bytes, new threshold 1 (max 15)
- age   1:   17323304 bytes,   17323304 total
: 184320K->20416K(184320K), 0.0742870 secs] 1969045K->1820021K(3383488K)After GC:
Statistics for BinaryTreeDictionary:
------------------------------------
Total Free Space: 74609958
Max   Chunk Size: 37164331
Number of Blocks: 758
Av.  Block  Size: 98430
Tree      Height: 30
, 0.0749215 secs] [Times: user=0.54 sys=0.01, real=0.07 secs] 
2021-07-18T02:34:06.530+1000: 89.681: Total time for which application threads were stopped: 0.0766105 seconds, Stopping threads took: 0.0003309 seconds
CMS: Large block 0x00007fe4330a56a8
2021-07-18T02:34:06.670+1000: 89.821: [CMS-concurrent-sweep: 1.864/2.159 secs] [Times: user=6.69 sys=0.15, real=2.16 secs] 
2021-07-18T02:34:06.670+1000: 89.821: [CMS-concurrent-reset-start]
2021-07-18T02:34:06.843+1000: 89.994: Application time: 0.3129950 seconds
2021-07-18T02:34:06.844+1000: 89.995: [GC (Allocation Failure) Before GC:
Statistics for BinaryTreeDictionary:
------------------------------------
Total Free Space: 74834294
Max   Chunk Size: 37164331
Number of Blocks: 777
Av.  Block  Size: 96311
Tree      Height: 30
2021-07-18T02:34:06.845+1000: 89.995: [ParNew
Desired survivor size 10452992 bytes, new threshold 1 (max 15)
- age   1:   18765840 bytes,   18765840 total
: 184320K->20416K(184320K), 0.0585195 secs] 1897954K->1744713K(3383488K)After GC:
Statistics for BinaryTreeDictionary:
------------------------------------
Total Free Space: 74242994
Max   Chunk Size: 37164331
Number of Blocks: 777
Av.  Block  Size: 95550
Tree      Height: 29
, 0.0594979 secs] [Times: user=0.47 sys=0.01, real=0.06 secs] 
2021-07-18T02:34:06.904+1000: 90.055: Total time for which application threads were stopped: 0.0612044 seconds, Stopping threads took: 0.0002107 seconds
2021-07-18T02:34:07.182+1000: 90.333: [CMS-concurrent-reset: 0.451/0.512 secs] [Times: user=1.53 sys=0.08, real=0.52 secs] 
2021-07-18T02:34:07.213+1000: 90.364: Application time: 0.3091867 seconds
2021-07-18T02:34:07.215+1000: 90.365: [GC (Allocation Failure) Before GC:
Statistics for BinaryTreeDictionary:
------------------------------------
Total Free Space: 74242994
Max   Chunk Size: 37164331
Number of Blocks: 777
Av.  Block  Size: 95550
Tree      Height: 29
2021-07-18T02:34:07.215+1000: 90.366: [ParNew
Desired survivor size 10452992 bytes, new threshold 1 (max 15)
- age   1:   16602192 bytes,   16602192 total
: 180888K->20416K(184320K), 0.0793046 secs] 1905185K->1759583K(3383488K)After GC:
Statistics for BinaryTreeDictionary:
------------------------------------
Total Free Space: 73644344
Max   Chunk Size: 37164331
Number of Blocks: 776
Av.  Block  Size: 94902
Tree      Height: 28
, 0.0798952 secs] [Times: user=0.69 sys=0.01, real=0.08 secs] 
2021-07-18T02:34:07.295+1000: 90.446: Total time for which application threads were stopped: 0.0816168 seconds, Stopping threads took: 0.0002401 seconds
2021-07-18T02:34:07.563+1000: 90.714: Application time: 0.2677704 seconds
2021-07-18T02:34:07.564+1000: 90.715: [GC (Allocation Failure) Before GC:
Statistics for BinaryTreeDictionary:
------------------------------------
Total Free Space: 73644344
Max   Chunk Size: 37164331
Number of Blocks: 776
Av.  Block  Size: 94902
Tree      Height: 28
2021-07-18T02:34:07.565+1000: 90.715: [ParNew
Desired survivor size 10452992 bytes, new threshold 1 (max 15)
- age   1:   14428336 bytes,   14428336 total
: 184320K->20416K(184320K), 0.0759768 secs] 1923487K->1786280K(3383488K)After GC:
Statistics for BinaryTreeDictionary:
------------------------------------
Total Free Space: 70781959
Max   Chunk Size: 37164331
Number of Blocks: 775
Av.  Block  Size: 91331
Tree      Height: 28
, 0.0766200 secs] [Times: user=0.48 sys=0.01, real=0.07 secs] 
2021-07-18T02:34:07.641+1000: 90.792: Total time for which application threads were stopped: 0.0784788 seconds, Stopping threads took: 0.0003920 seconds
2021-07-18T02:34:07.891+1000: 91.042: Application time: 0.2495321 seconds
2021-07-18T02:34:07.892+1000: 91.043: [GC (Allocation Failure) Before GC:
Statistics for BinaryTreeDictionary:
------------------------------------
Total Free Space: 70781959
Max   Chunk Size: 37164331
Number of Blocks: 775
Av.  Block  Size: 91331
Tree      Height: 28
2021-07-18T02:34:07.892+1000: 91.043: [ParNew
Desired survivor size 10452992 bytes, new threshold 1 (max 15)
- age   1:   18245640 bytes,   18245640 total
: 184320K->20416K(184320K), 0.0426989 secs] 1950184K->1789569K(3383488K)After GC:
Statistics for BinaryTreeDictionary:
------------------------------------
Total Free Space: 70589479
Max   Chunk Size: 37164331
Number of Blocks: 775
Av.  Block  Size: 91083
Tree      Height: 28
, 0.0433507 secs] [Times: user=0.31 sys=0.00, real=0.05 secs] 
2021-07-18T02:34:07.936+1000: 91.087: Total time for which application threads were stopped: 0.0450292 seconds, Stopping threads took: 0.0002647 seconds
2021-07-18T02:34:07.940+1000: 91.090: Application time: 0.0036645 seconds
2021-07-18T02:34:07.951+1000: 91.101: Total time for which application threads were stopped: 0.0110613 seconds, Stopping threads took: 0.0100408 seconds
2021-07-18T02:34:08.202+1000: 91.352: Application time: 0.2511647 seconds
2021-07-18T02:34:08.203+1000: 91.354: [GC (Allocation Failure) Before GC:
Statistics for BinaryTreeDictionary:
------------------------------------
Total Free Space: 70589479
Max   Chunk Size: 37164331
Number of Blocks: 775
Av.  Block  Size: 91083
Tree      Height: 28
2021-07-18T02:34:08.203+1000: 91.354: [ParNew
Desired survivor size 10452992 bytes, new threshold 1 (max 15)
- age   1:   14720416 bytes,   14720416 total
: 184320K->20416K(184320K), 0.0589773 secs] 1953473K->1809311K(3383488K)After GC:
Statistics for BinaryTreeDictionary:
------------------------------------
Total Free Space: 70056288
Max   Chunk Size: 37164331
Number of Blocks: 771
Av.  Block  Size: 90864
Tree      Height: 26
, 0.0597468 secs] [Times: user=0.32 sys=0.02, real=0.06 secs] 
2021-07-18T02:34:08.264+1000: 91.414: Total time for which application threads were stopped: 0.0618230 seconds, Stopping threads took: 0.0003073 seconds
2021-07-18T02:34:08.519+1000: 91.669: Application time: 0.2548827 seconds
2021-07-18T02:34:08.520+1000: 91.671: [GC (Allocation Failure) Before GC:
Statistics for BinaryTreeDictionary:
------------------------------------
Total Free Space: 70056288
Max   Chunk Size: 37164331
Number of Blocks: 771
Av.  Block  Size: 90864
Tree      Height: 26
2021-07-18T02:34:08.520+1000: 91.671: [ParNew
Desired survivor size 10452992 bytes, new threshold 1 (max 15)
- age   1:   19484512 bytes,   19484512 total
: 184320K->20416K(184320K), 0.0512297 secs] 1973215K->1825271K(3383488K)After GC:
Statistics for BinaryTreeDictionary:
------------------------------------
Total Free Space: 69492285
Max   Chunk Size: 37164331
Number of Blocks: 770
Av.  Block  Size: 90249
Tree      Height: 25
, 0.0521356 secs] [Times: user=0.36 sys=0.00, real=0.05 secs] 
2021-07-18T02:34:08.572+1000: 91.723: Total time for which application threads were stopped: 0.0539099 seconds, Stopping threads took: 0.0003494 seconds
2021-07-18T02:34:08.972+1000: 92.122: Application time: 0.3991069 seconds
2021-07-18T02:34:08.973+1000: 92.124: [GC (Allocation Failure) Before GC:
Statistics for BinaryTreeDictionary:
------------------------------------
Total Free Space: 69492285
Max   Chunk Size: 37164331
Number of Blocks: 770
Av.  Block  Size: 90249
Tree      Height: 25
2021-07-18T02:34:08.974+1000: 92.124: [ParNew
Desired survivor size 10452992 bytes, new threshold 1 (max 15)
- age   1:   16670392 bytes,   16670392 total
: 184320K->20416K(184320K), 0.0863591 secs] 1989175K->1847621K(3383488K)After GC:
Statistics for BinaryTreeDictionary:
------------------------------------
Total Free Space: 68896522
Max   Chunk Size: 37164331
Number of Blocks: 770
Av.  Block  Size: 89476
Tree      Height: 25
, 0.0872133 secs] [Times: user=0.58 sys=0.02, real=0.09 secs] 
2021-07-18T02:34:09.061+1000: 92.212: Total time for which application threads were stopped: 0.0893460 seconds, Stopping threads took: 0.0002609 seconds
2021-07-18T02:34:09.325+1000: 92.476: Application time: 0.2642287 seconds
2021-07-18T02:34:09.326+1000: 92.477: [GC (Allocation Failure) Before GC:
Statistics for BinaryTreeDictionary:
------------------------------------
Total Free Space: 68896522
Max   Chunk Size: 37164331
Number of Blocks: 770
Av.  Block  Size: 89476
Tree      Height: 25
2021-07-18T02:34:09.327+1000: 92.477: [ParNew
Desired survivor size 10452992 bytes, new threshold 1 (max 15)
- age   1:   19051256 bytes,   19051256 total
: 184320K->20416K(184320K), 0.0616995 secs] 2011525K->1865301K(3383488K)After GC:
Statistics for BinaryTreeDictionary:
------------------------------------
Total Free Space: 68247839
Max   Chunk Size: 37164331
Number of Blocks: 770
Av.  Block  Size: 88633
Tree      Height: 25
, 0.0623331 secs] [Times: user=0.52 sys=0.02, real=0.06 secs] 
2021-07-18T02:34:09.389+1000: 92.540: Total time for which application threads were stopped: 0.0639917 seconds, Stopping threads took: 0.0002880 seconds
2021-07-18T02:34:09.679+1000: 92.829: Application time: 0.2897231 seconds
2021-07-18T02:34:09.680+1000: 92.831: [GC (Allocation Failure) Before GC:
Statistics for BinaryTreeDictionary:
------------------------------------
Total Free Space: 68247839
Max   Chunk Size: 37164331
Number of Blocks: 770
Av.  Block  Size: 88633
Tree      Height: 25
2021-07-18T02:34:09.680+1000: 92.831: [ParNew
Desired survivor size 10452992 bytes, new threshold 1 (max 15)
- age   1:   13228576 bytes,   13228576 total
: 184320K->20416K(184320K), 0.0800708 secs] 2029205K->1890552K(3383488K)After GC:
Statistics for BinaryTreeDictionary:
------------------------------------
Total Free Space: 67593096
Max   Chunk Size: 37164331
Number of Blocks: 770
Av.  Block  Size: 87783
Tree      Height: 25
, 0.0807296 secs] [Times: user=0.52 sys=0.00, real=0.08 secs] 
2021-07-18T02:34:09.761+1000: 92.912: Total time for which application threads were stopped: 0.0826107 seconds, Stopping threads took: 0.0002851 seconds
2021-07-18T02:34:09.941+1000: 93.091: Application time: 0.1791213 seconds
2021-07-18T02:34:09.942+1000: 93.093: Total time for which application threads were stopped: 0.0016277 seconds, Stopping threads took: 0.0003642 seconds
2021-07-18T02:34:10.054+1000: 93.204: Application time: 0.1115367 seconds
2021-07-18T02:34:10.057+1000: 93.208: [GC (Allocation Failure) Before GC:
Statistics for BinaryTreeDictionary:
------------------------------------
Total Free Space: 67593096
Max   Chunk Size: 37164331
Number of Blocks: 770
Av.  Block  Size: 87783
Tree      Height: 25
2021-07-18T02:34:10.057+1000: 93.208: [ParNew
Desired survivor size 10452992 bytes, new threshold 1 (max 15)
- age   1:   17949104 bytes,   17949104 total
: 184320K->20416K(184320K), 0.0515966 secs] 2054456K->1902553K(3383488K)After GC:
Statistics for BinaryTreeDictionary:
------------------------------------
Total Free Space: 66948426
Max   Chunk Size: 37164331
Number of Blocks: 770
Av.  Block  Size: 86946
Tree      Height: 25
, 0.0523935 secs] [Times: user=0.42 sys=0.01, real=0.05 secs] 
2021-07-18T02:34:10.110+1000: 93.260: Total time for which application threads were stopped: 0.0560141 seconds, Stopping threads took: 0.0020008 seconds
2021-07-18T02:34:10.433+1000: 93.584: Application time: 0.3231286 seconds
2021-07-18T02:34:10.434+1000: 93.585: [GC (Allocation Failure) Before GC:
Statistics for BinaryTreeDictionary:
------------------------------------
Total Free Space: 66948426
Max   Chunk Size: 37164331
Number of Blocks: 770
Av.  Block  Size: 86946
Tree      Height: 25
2021-07-18T02:34:10.435+1000: 93.585: [ParNew
Desired survivor size 10452992 bytes, new threshold 1 (max 15)
- age   1:   18943504 bytes,   18943504 total
: 184320K->20416K(184320K), 0.0535195 secs] 2066457K->1913559K(3383488K)After GC:
Statistics for BinaryTreeDictionary:
------------------------------------
Total Free Space: 66359376
Max   Chunk Size: 37164331
Number of Blocks: 770
Av.  Block  Size: 86181
Tree      Height: 25
, 0.0542503 secs] [Times: user=0.38 sys=0.00, real=0.05 secs] 
2021-07-18T02:34:10.489+1000: 93.640: Total time for which application threads were stopped: 0.0561911 seconds, Stopping threads took: 0.0003443 seconds
2021-07-18T02:34:10.705+1000: 93.855: Application time: 0.2157196 seconds
2021-07-18T02:34:10.706+1000: 93.857: [GC (Allocation Failure) Before GC:
Statistics for BinaryTreeDictionary:
------------------------------------
Total Free Space: 66359376
Max   Chunk Size: 37164331
Number of Blocks: 770
Av.  Block  Size: 86181
Tree      Height: 25
2021-07-18T02:34:10.707+1000: 93.857: [ParNew
Desired survivor size 10452992 bytes, new threshold 1 (max 15)
- age   1:   13499064 bytes,   13499064 total
: 184320K->20416K(184320K), 0.1811986 secs] 2077463K->1974937K(3383488K)After GC:
Statistics for BinaryTreeDictionary:
------------------------------------
Total Free Space: 60209658
Max   Chunk Size: 35341098
Number of Blocks: 769
Av.  Block  Size: 78296
Tree      Height: 24
, 0.1819128 secs] [Times: user=2.07 sys=0.02, real=0.18 secs] 
2021-07-18T02:34:10.889+1000: 94.039: Total time for which application threads were stopped: 0.1838527 seconds, Stopping threads took: 0.0002891 seconds
2021-07-18T02:34:11.197+1000: 94.347: Application time: 0.3078910 seconds
2021-07-18T02:34:11.198+1000: 94.349: [GC (Allocation Failure) Before GC:
Statistics for BinaryTreeDictionary:
------------------------------------
Total Free Space: 60209658
Max   Chunk Size: 35341098
Number of Blocks: 769
Av.  Block  Size: 78296
Tree      Height: 24
2021-07-18T02:34:11.198+1000: 94.349: [ParNew
Desired survivor size 10452992 bytes, new threshold 1 (max 15)
- age   1:   19738728 bytes,   19738728 total
: 184320K->20416K(184320K), 0.0784779 secs] 2138841K->1994252K(3383488K)After GC:
Statistics for BinaryTreeDictionary:
------------------------------------
Total Free Space: 59720148
Max   Chunk Size: 35341098
Number of Blocks: 769
Av.  Block  Size: 77659
Tree      Height: 24
, 0.0792624 secs] [Times: user=0.60 sys=0.02, real=0.08 secs] 
2021-07-18T02:34:11.278+1000: 94.428: Total time for which application threads were stopped: 0.0811209 seconds, Stopping threads took: 0.0003063 seconds
2021-07-18T02:34:11.669+1000: 94.819: Application time: 0.3909310 seconds
2021-07-18T02:34:11.670+1000: 94.821: [GC (Allocation Failure) Before GC:
Statistics for BinaryTreeDictionary:
------------------------------------
Total Free Space: 59720148
Max   Chunk Size: 35341098
Number of Blocks: 769
Av.  Block  Size: 77659
Tree      Height: 24
2021-07-18T02:34:11.670+1000: 94.821: [ParNew
Desired survivor size 10452992 bytes, new threshold 1 (max 15)
- age   1:   20351368 bytes,   20351368 total
: 184320K->20416K(184320K), 0.0442524 secs] 2158156K->2016406K(3383488K)After GC:
Statistics for BinaryTreeDictionary:
------------------------------------
Total Free Space: 58579742
Max   Chunk Size: 35341098
Number of Blocks: 756
Av.  Block  Size: 77486
Tree      Height: 24
, 0.0449524 secs] [Times: user=0.41 sys=0.01, real=0.05 secs] 
2021-07-18T02:34:11.715+1000: 94.866: Total time for which application threads were stopped: 0.0467981 seconds, Stopping threads took: 0.0002314 seconds
2021-07-18T02:34:11.940+1000: 95.090: Application time: 0.2241723 seconds
2021-07-18T02:34:11.941+1000: 95.092: Total time for which application threads were stopped: 0.0016858 seconds, Stopping threads took: 0.0004211 seconds
2021-07-18T02:34:12.002+1000: 95.152: Application time: 0.0603805 seconds
2021-07-18T02:34:12.007+1000: 95.157: [GC (Allocation Failure) Before GC:
Statistics for BinaryTreeDictionary:
------------------------------------
Total Free Space: 58579742
Max   Chunk Size: 35341098
Number of Blocks: 756
Av.  Block  Size: 77486
Tree      Height: 24
2021-07-18T02:34:12.007+1000: 95.158: [ParNew
Desired survivor size 10452992 bytes, new threshold 1 (max 15)
- age   1:   15965624 bytes,   15965624 total
: 184320K->20416K(184320K), 0.0637755 secs] 2180310K->2037647K(3383488K)After GC:
Statistics for BinaryTreeDictionary:
------------------------------------
Total Free Space: 57388102
Max   Chunk Size: 35341098
Number of Blocks: 754
Av.  Block  Size: 76111
Tree      Height: 24
, 0.0644943 secs] [Times: user=0.56 sys=0.00, real=0.06 secs] 
2021-07-18T02:34:12.071+1000: 95.222: Total time for which application threads were stopped: 0.0698021 seconds, Stopping threads took: 0.0002206 seconds
2021-07-18T02:34:12.502+1000: 95.653: Application time: 0.4310166 seconds
2021-07-18T02:34:12.504+1000: 95.654: [GC (Allocation Failure) Before GC:
Statistics for BinaryTreeDictionary:
------------------------------------
Total Free Space: 57388102
Max   Chunk Size: 35341098
Number of Blocks: 754
Av.  Block  Size: 76111
Tree      Height: 24
2021-07-18T02:34:12.504+1000: 95.655: [ParNew
Desired survivor size 10452992 bytes, new threshold 15 (max 15)
- age   1:    3180144 bytes,    3180144 total
: 184320K->13445K(184320K), 0.0468845 secs] 2201551K->2046174K(3383488K)After GC:
Statistics for BinaryTreeDictionary:
------------------------------------
Total Free Space: 56431458
Max   Chunk Size: 35341098
Number of Blocks: 751
Av.  Block  Size: 75141
Tree      Height: 24
, 0.0475020 secs] [Times: user=0.37 sys=0.00, real=0.04 secs] 
2021-07-18T02:34:12.552+1000: 95.702: Total time for which application threads were stopped: 0.0491349 seconds, Stopping threads took: 0.0002197 seconds
2021-07-18T02:34:13.025+1000: 96.176: Application time: 0.4734979 seconds
2021-07-18T02:34:13.027+1000: 96.177: [GC (Allocation Failure) Before GC:
Statistics for BinaryTreeDictionary:
------------------------------------
Total Free Space: 56431458
Max   Chunk Size: 35341098
Number of Blocks: 751
Av.  Block  Size: 75141
Tree      Height: 24
2021-07-18T02:34:13.027+1000: 96.178: [ParNew
Desired survivor size 10452992 bytes, new threshold 15 (max 15)
- age   1:    3250424 bytes,    3250424 total
- age   2:    3129400 bytes,    6379824 total
: 177349K->8905K(184320K), 0.0135519 secs] 2210078K->2041634K(3383488K)After GC:
Statistics for BinaryTreeDictionary:
------------------------------------
Total Free Space: 56431458
Max   Chunk Size: 35341098
Number of Blocks: 751
Av.  Block  Size: 75141
Tree      Height: 24
, 0.0143027 secs] [Times: user=0.09 sys=0.00, real=0.01 secs] 
2021-07-18T02:34:13.041+1000: 96.192: Total time for which application threads were stopped: 0.0161694 seconds, Stopping threads took: 0.0002969 seconds
2021-07-18T02:34:13.459+1000: 96.609: Application time: 0.4174858 seconds
2021-07-18T02:34:13.460+1000: 96.611: [GC (Allocation Failure) Before GC:
Statistics for BinaryTreeDictionary:
------------------------------------
Total Free Space: 56431458
Max   Chunk Size: 35341098
Number of Blocks: 751
Av.  Block  Size: 75141
Tree      Height: 24
2021-07-18T02:34:13.461+1000: 96.611: [ParNew
Desired survivor size 10452992 bytes, new threshold 3 (max 15)
- age   1:    6484712 bytes,    6484712 total
- age   2:    3237352 bytes,    9722064 total
- age   3:    3129400 bytes,   12851464 total
: 134705K->15281K(184320K), 0.0177436 secs] 2167433K->2048010K(3383488K)After GC:
Statistics for BinaryTreeDictionary:
------------------------------------
Total Free Space: 56431458
Max   Chunk Size: 35341098
Number of Blocks: 751
Av.  Block  Size: 75141
Tree      Height: 24
, 0.0184255 secs] [Times: user=0.18 sys=0.00, real=0.02 secs] 
2021-07-18T02:34:13.479+1000: 96.630: Total time for which application threads were stopped: 0.0203569 seconds, Stopping threads took: 0.0002915 seconds
2021-07-18T02:34:13.597+1000: 96.747: Application time: 0.1174172 seconds
2021-07-18T02:34:13.598+1000: 96.749: [GC (Allocation Failure) Before GC:
Statistics for BinaryTreeDictionary:
------------------------------------
Total Free Space: 56431458
Max   Chunk Size: 35341098
Number of Blocks: 751
Av.  Block  Size: 75141
Tree      Height: 24
2021-07-18T02:34:13.598+1000: 96.749: [ParNew
Desired survivor size 10452992 bytes, new threshold 3 (max 15)
- age   1:    1757880 bytes,    1757880 total
- age   2:    6426256 bytes,    8184136 total
- age   3:    3237352 bytes,   11421488 total
: 179185K->17498K(184320K), 0.6730220 secs] 2211914K->2184355K(3383488K)After GC:
Statistics for BinaryTreeDictionary:
------------------------------------
Total Free Space: 39633756
Max   Chunk Size: 18563879
Number of Blocks: 751
Av.  Block  Size: 52774
Tree      Height: 24
, 0.6737634 secs] [Times: user=10.07 sys=0.13, real=0.67 secs] 
2021-07-18T02:34:14.272+1000: 97.423: Total time for which application threads were stopped: 0.6756828 seconds, Stopping threads took: 0.0002748 seconds
2021-07-18T02:34:14.273+1000: 97.424: Application time: 0.0007817 seconds
2021-07-18T02:34:14.275+1000: 97.425: Total time for which application threads were stopped: 0.0017445 seconds, Stopping threads took: 0.0004286 seconds
2021-07-18T02:34:14.652+1000: 97.803: Application time: 0.3773499 seconds
2021-07-18T02:34:14.655+1000: 97.805: [GC (Allocation Failure) Before GC:
Statistics for BinaryTreeDictionary:
------------------------------------
Total Free Space: 39633756
Max   Chunk Size: 18563879
Number of Blocks: 751
Av.  Block  Size: 52774
Tree      Height: 24
2021-07-18T02:34:14.655+1000: 97.806: [ParNew
Desired survivor size 10452992 bytes, new threshold 2 (max 15)
- age   1:    9309840 bytes,    9309840 total
- age   2:    1656824 bytes,   10966664 total
- age   3:    6095048 bytes,   17061712 total
: 181402K->20416K(184320K), 0.0468811 secs] 2348259K->2191212K(3383488K)After GC:
Statistics for BinaryTreeDictionary:
------------------------------------
Total Free Space: 39633756
Max   Chunk Size: 18563879
Number of Blocks: 751
Av.  Block  Size: 52774
Tree      Height: 24
, 0.0477597 secs] [Times: user=0.59 sys=0.00, real=0.05 secs] 
2021-07-18T02:34:14.703+1000: 97.853: Total time for which application threads were stopped: 0.0506876 seconds, Stopping threads took: 0.0011247 seconds
2021-07-18T02:34:15.125+1000: 98.276: Application time: 0.4220288 seconds
2021-07-18T02:34:15.127+1000: 98.277: [GC (Allocation Failure) Before GC:
Statistics for BinaryTreeDictionary:
------------------------------------
Total Free Space: 39633756
Max   Chunk Size: 18563879
Number of Blocks: 751
Av.  Block  Size: 52774
Tree      Height: 24
2021-07-18T02:34:15.127+1000: 98.278: [ParNew
Desired survivor size 10452992 bytes, new threshold 1 (max 15)
- age   1:   12082912 bytes,   12082912 total
- age   2:    7597120 bytes,   19680032 total
: 184320K->20416K(184320K), 0.0616915 secs] 2355116K->2201952K(3383488K)After GC:
Statistics for BinaryTreeDictionary:
------------------------------------
Total Free Space: 38545323
Max   Chunk Size: 18563879
Number of Blocks: 723
Av.  Block  Size: 53313
Tree      Height: 19
, 0.0623822 secs] [Times: user=0.58 sys=0.00, real=0.06 secs] 
2021-07-18T02:34:15.189+1000: 98.340: Total time for which application threads were stopped: 0.0644830 seconds, Stopping threads took: 0.0002270 seconds
2021-07-18T02:34:15.462+1000: 98.613: Application time: 0.2727674 seconds
2021-07-18T02:34:15.464+1000: 98.615: [GC (Allocation Failure) Before GC:
Statistics for BinaryTreeDictionary:
------------------------------------
Total Free Space: 38545323
Max   Chunk Size: 18563879
Number of Blocks: 723
Av.  Block  Size: 53313
Tree      Height: 19
2021-07-18T02:34:15.464+1000: 98.615: [ParNew
Desired survivor size 10452992 bytes, new threshold 1 (max 15)
- age   1:   15653512 bytes,   15653512 total
: 184320K->20416K(184320K), 0.0599128 secs] 2365856K->2221261K(3383488K)After GC:
Statistics for BinaryTreeDictionary:
------------------------------------
Total Free Space: 36127024
Max   Chunk Size: 18563879
Number of Blocks: 717
Av.  Block  Size: 50386
Tree      Height: 18
, 0.0608634 secs] [Times: user=0.60 sys=0.01, real=0.06 secs] 
2021-07-18T02:34:15.525+1000: 98.676: Total time for which application threads were stopped: 0.0631981 seconds, Stopping threads took: 0.0002848 seconds
2021-07-18T02:34:15.785+1000: 98.936: Application time: 0.2597028 seconds
2021-07-18T02:34:15.787+1000: 98.937: [GC (Allocation Failure) Before GC:
Statistics for BinaryTreeDictionary:
------------------------------------
Total Free Space: 36127024
Max   Chunk Size: 18563879
Number of Blocks: 717
Av.  Block  Size: 50386
Tree      Height: 18
2021-07-18T02:34:15.787+1000: 98.938: [ParNew
Desired survivor size 10452992 bytes, new threshold 15 (max 15)
- age   1:    9622840 bytes,    9622840 total
: 184320K->17023K(184320K), 0.0509084 secs] 2385165K->2233123K(3383488K)After GC:
Statistics for BinaryTreeDictionary:
------------------------------------
Total Free Space: 34188316
Max   Chunk Size: 18563879
Number of Blocks: 715
Av.  Block  Size: 47815
Tree      Height: 18
, 0.0515563 secs] [Times: user=0.53 sys=0.00, real=0.05 secs] 
2021-07-18T02:34:15.839+1000: 98.989: Total time for which application threads were stopped: 0.0535876 seconds, Stopping threads took: 0.0005456 seconds
2021-07-18T02:34:15.940+1000: 99.090: Application time: 0.1009778 seconds
2021-07-18T02:34:15.942+1000: 99.093: Total time for which application threads were stopped: 0.0027354 seconds, Stopping threads took: 0.0013040 seconds
2021-07-18T02:34:16.356+1000: 99.506: Application time: 0.4133985 seconds
2021-07-18T02:34:16.357+1000: 99.508: [GC (Allocation Failure) Before GC:
Statistics for BinaryTreeDictionary:
------------------------------------
Total Free Space: 34188316
Max   Chunk Size: 18563879
Number of Blocks: 715
Av.  Block  Size: 47815
Tree      Height: 18
2021-07-18T02:34:16.358+1000: 99.508: [ParNew
Desired survivor size 10452992 bytes, new threshold 2 (max 15)
- age   1:    6923424 bytes,    6923424 total
- age   2:    9610032 bytes,   16533456 total
: 180927K->19765K(184320K), 0.0214593 secs] 2397027K->2235865K(3383488K)After GC:
Statistics for BinaryTreeDictionary:
------------------------------------
Total Free Space: 34188316
Max   Chunk Size: 18563879
Number of Blocks: 715
Av.  Block  Size: 47815
Tree      Height: 18
, 0.0221209 secs] [Times: user=0.23 sys=0.00, real=0.02 secs] 
2021-07-18T02:34:16.380+1000: 99.530: Total time for which application threads were stopped: 0.0239754 seconds, Stopping threads took: 0.0003018 seconds
2021-07-18T02:34:16.646+1000: 99.797: Application time: 0.2666762 seconds
2021-07-18T02:34:16.648+1000: 99.799: [GC (Allocation Failure) Before GC:
Statistics for BinaryTreeDictionary:
------------------------------------
Total Free Space: 34188316
Max   Chunk Size: 18563879
Number of Blocks: 715
Av.  Block  Size: 47815
Tree      Height: 18
2021-07-18T02:34:16.649+1000: 99.800: [ParNew
Desired survivor size 10452992 bytes, new threshold 1 (max 15)
- age   1:   11897512 bytes,   11897512 total
- age   2:    6857536 bytes,   18755048 total
: 183669K->20416K(184320K), 0.0555320 secs] 2399769K->2246928K(3383488K)After GC:
Statistics for BinaryTreeDictionary:
------------------------------------
Total Free Space: 33037096
Max   Chunk Size: 18563879
Number of Blocks: 712
Av.  Block  Size: 46400
Tree      Height: 18
, 0.0564430 secs] [Times: user=0.42 sys=0.01, real=0.06 secs] 
2021-07-18T02:34:16.705+1000: 99.856: Total time for which application threads were stopped: 0.0589134 seconds, Stopping threads took: 0.0004279 seconds
2021-07-18T02:34:17.110+1000: 100.261: Application time: 0.4048680 seconds
2021-07-18T02:34:17.112+1000: 100.262: [GC (Allocation Failure) Before GC:
Statistics for BinaryTreeDictionary:
------------------------------------
Total Free Space: 33037096
Max   Chunk Size: 18563879
Number of Blocks: 712
Av.  Block  Size: 46400
Tree      Height: 18
2021-07-18T02:34:17.112+1000: 100.263: [ParNew
Desired survivor size 10452992 bytes, new threshold 1 (max 15)
- age   1:   18629992 bytes,   18629992 total
: 184320K->20416K(184320K), 0.0430907 secs] 2410832K->2259218K(3383488K)After GC:
Statistics for BinaryTreeDictionary:
------------------------------------
Total Free Space: 32183096
Max   Chunk Size: 18563879
Number of Blocks: 669
Av.  Block  Size: 48106
Tree      Height: 18
, 0.0437874 secs] [Times: user=0.38 sys=0.00, real=0.05 secs] 
2021-07-18T02:34:17.156+1000: 100.307: Total time for which application threads were stopped: 0.0458515 seconds, Stopping threads took: 0.0003274 seconds
2021-07-18T02:34:17.366+1000: 100.517: Application time: 0.2098239 seconds
2021-07-18T02:34:17.367+1000: 100.518: [GC (Allocation Failure) Before GC:
Statistics for BinaryTreeDictionary:
------------------------------------
Total Free Space: 32183096
Max   Chunk Size: 18563879
Number of Blocks: 669
Av.  Block  Size: 48106
Tree      Height: 18
2021-07-18T02:34:17.368+1000: 100.518: [ParNew
Desired survivor size 10452992 bytes, new threshold 1 (max 15)
- age   1:   16030952 bytes,   16030952 total
: 184320K->20416K(184320K), 0.1009379 secs] 2423122K->2273520K(3383488K)After GC:
Statistics for BinaryTreeDictionary:
------------------------------------
Total Free Space: 31089482
Max   Chunk Size: 18563879
Number of Blocks: 635
Av.  Block  Size: 48959
Tree      Height: 19
, 0.1016655 secs] [Times: user=0.55 sys=0.02, real=0.10 secs] 
2021-07-18T02:34:17.470+1000: 100.620: Total time for which application threads were stopped: 0.1036989 seconds, Stopping threads took: 0.0003456 seconds
2021-07-18T02:34:17.753+1000: 100.904: Application time: 0.2833544 seconds
2021-07-18T02:34:17.755+1000: 100.905: [GC (Allocation Failure) Before GC:
Statistics for BinaryTreeDictionary:
------------------------------------
Total Free Space: 31089482
Max   Chunk Size: 18563879
Number of Blocks: 635
Av.  Block  Size: 48959
Tree      Height: 19
2021-07-18T02:34:17.755+1000: 100.905: [ParNew
Desired survivor size 10452992 bytes, new threshold 1 (max 15)
- age   1:   18091816 bytes,   18091816 total
: 184320K->20416K(184320K), 0.0717039 secs] 2437424K->2293105K(3383488K)After GC:
Statistics for BinaryTreeDictionary:
------------------------------------
Total Free Space: 30172237
Max   Chunk Size: 18563879
Number of Blocks: 585
Av.  Block  Size: 51576
Tree      Height: 19
, 0.0723590 secs] [Times: user=0.47 sys=0.01, real=0.07 secs] 
2021-07-18T02:34:17.827+1000: 100.978: Total time for which application threads were stopped: 0.0743327 seconds, Stopping threads took: 0.0002104 seconds
2021-07-18T02:34:17.939+1000: 101.090: Application time: 0.1121890 seconds
2021-07-18T02:34:17.941+1000: 101.092: Total time for which application threads were stopped: 0.0015186 seconds, Stopping threads took: 0.0003632 seconds
2021-07-18T02:34:18.099+1000: 101.250: Application time: 0.1581856 seconds
2021-07-18T02:34:18.101+1000: 101.251: [GC (Allocation Failure) Before GC:
Statistics for BinaryTreeDictionary:
------------------------------------
Total Free Space: 30172237
Max   Chunk Size: 18563879
Number of Blocks: 585
Av.  Block  Size: 51576
Tree      Height: 19
2021-07-18T02:34:18.101+1000: 101.252: [ParNew
Desired survivor size 10452992 bytes, new threshold 1 (max 15)
- age   1:   17770880 bytes,   17770880 total
: 184320K->20416K(184320K), 0.0620458 secs] 2457009K->2308081K(3383488K)After GC:
Statistics for BinaryTreeDictionary:
------------------------------------
Total Free Space: 29214200
Max   Chunk Size: 18563879
Number of Blocks: 559
Av.  Block  Size: 52261
Tree      Height: 20
, 0.0626587 secs] [Times: user=0.53 sys=0.01, real=0.07 secs] 
2021-07-18T02:34:18.164+1000: 101.314: Total time for which application threads were stopped: 0.0644248 seconds, Stopping threads took: 0.0002211 seconds
2021-07-18T02:34:18.391+1000: 101.541: Application time: 0.2269209 seconds
2021-07-18T02:34:18.392+1000: 101.543: [GC (Allocation Failure) Before GC:
Statistics for BinaryTreeDictionary:
------------------------------------
Total Free Space: 29214200
Max   Chunk Size: 18563879
Number of Blocks: 559
Av.  Block  Size: 52261
Tree      Height: 20
2021-07-18T02:34:18.392+1000: 101.543: [ParNew
Desired survivor size 10452992 bytes, new threshold 1 (max 15)
- age   1:   17368784 bytes,   17368784 total
: 184320K->20416K(184320K), 0.0535824 secs] 2471985K->2329856K(3383488K)After GC:
Statistics for BinaryTreeDictionary:
------------------------------------
Total Free Space: 28284039
Max   Chunk Size: 18563879
Number of Blocks: 521
Av.  Block  Size: 54287
Tree      Height: 20
, 0.0542050 secs] [Times: user=0.39 sys=0.01, real=0.06 secs] 
2021-07-18T02:34:18.447+1000: 101.597: Total time for which application threads were stopped: 0.0560964 seconds, Stopping threads took: 0.0002892 seconds
2021-07-18T02:34:18.721+1000: 101.872: Application time: 0.2742613 seconds
2021-07-18T02:34:18.722+1000: 101.873: [GC (Allocation Failure) Before GC:
Statistics for BinaryTreeDictionary:
------------------------------------
Total Free Space: 28284039
Max   Chunk Size: 18563879
Number of Blocks: 521
Av.  Block  Size: 54287
Tree      Height: 20
2021-07-18T02:34:18.722+1000: 101.873: [ParNew
Desired survivor size 10452992 bytes, new threshold 1 (max 15)
- age   1:   20059312 bytes,   20059312 total
: 184320K->20416K(184320K), 0.0466337 secs] 2493760K->2352593K(3383488K)After GC:
Statistics for BinaryTreeDictionary:
------------------------------------
Total Free Space: 27322208
Max   Chunk Size: 18563879
Number of Blocks: 470
Av.  Block  Size: 58132
Tree      Height: 19
, 0.0471245 secs] [Times: user=0.35 sys=0.00, real=0.04 secs] 
2021-07-18T02:34:18.770+1000: 101.920: Total time for which application threads were stopped: 0.0487379 seconds, Stopping threads took: 0.0002725 seconds
2021-07-18T02:34:19.034+1000: 102.185: Application time: 0.2645534 seconds
2021-07-18T02:34:19.035+1000: 102.186: [GC (Allocation Failure) Before GC:
Statistics for BinaryTreeDictionary:
------------------------------------
Total Free Space: 27322208
Max   Chunk Size: 18563879
Number of Blocks: 470
Av.  Block  Size: 58132
Tree      Height: 19
2021-07-18T02:34:19.036+1000: 102.186: [ParNew
Desired survivor size 10452992 bytes, new threshold 1 (max 15)
- age   1:   18178272 bytes,   18178272 total
: 184320K->20416K(184320K), 0.0503721 secs] 2516497K->2373606K(3383488K)After GC:
Statistics for BinaryTreeDictionary:
------------------------------------
Total Free Space: 26278807
Max   Chunk Size: 18563879
Number of Blocks: 367
Av.  Block  Size: 71604
Tree      Height: 18
, 0.0508878 secs] [Times: user=0.36 sys=0.00, real=0.05 secs] 
2021-07-18T02:34:19.087+1000: 102.237: Total time for which application threads were stopped: 0.0525321 seconds, Stopping threads took: 0.0001831 seconds
2021-07-18T02:34:19.407+1000: 102.558: Application time: 0.3207119 seconds
2021-07-18T02:34:19.409+1000: 102.559: [GC (Allocation Failure) Before GC:
Statistics for BinaryTreeDictionary:
------------------------------------
Total Free Space: 26278807
Max   Chunk Size: 18563879
Number of Blocks: 367
Av.  Block  Size: 71604
Tree      Height: 18
2021-07-18T02:34:19.409+1000: 102.560: [ParNew
Desired survivor size 10452992 bytes, new threshold 1 (max 15)
- age   1:   17719856 bytes,   17719856 total
: 184320K->20416K(184320K), 0.0451872 secs] 2537510K->2393918K(3383488K)After GC:
Statistics for BinaryTreeDictionary:
------------------------------------
Total Free Space: 25261019
Max   Chunk Size: 18563879
Number of Blocks: 301
Av.  Block  Size: 83923
Tree      Height: 16
, 0.0457140 secs] [Times: user=0.34 sys=0.00, real=0.05 secs] 
2021-07-18T02:34:19.455+1000: 102.605: Total time for which application threads were stopped: 0.0472760 seconds, Stopping threads took: 0.0002098 seconds
2021-07-18T02:34:19.582+1000: 102.732: Application time: 0.1271092 seconds
2021-07-18T02:34:19.584+1000: 102.735: [GC (Allocation Failure) Before GC:
Statistics for BinaryTreeDictionary:
------------------------------------
Total Free Space: 25261019
Max   Chunk Size: 18563879
Number of Blocks: 301
Av.  Block  Size: 83923
Tree      Height: 16
2021-07-18T02:34:19.585+1000: 102.735: [ParNew
Desired survivor size 10452992 bytes, new threshold 15 (max 15)
- age   1:    6375192 bytes,    6375192 total
: 152870K->18584K(184320K), 0.2296803 secs] 2526372K->2474913K(3383488K)After GC:
Statistics for BinaryTreeDictionary:
------------------------------------
Total Free Space: 15870544
Max   Chunk Size: 10175263
Number of Blocks: 260
Av.  Block  Size: 61040
Tree      Height: 19
, 0.2301355 secs] [Times: user=3.13 sys=0.06, real=0.23 secs] 
2021-07-18T02:34:19.815+1000: 102.966: Total time for which application threads were stopped: 0.2331628 seconds, Stopping threads took: 0.0004657 seconds
2021-07-18T02:34:19.939+1000: 103.090: Application time: 0.1245033 seconds
2021-07-18T02:34:19.941+1000: 103.091: Total time for which application threads were stopped: 0.0012912 seconds, Stopping threads took: 0.0003262 seconds
2021-07-18T02:34:20.218+1000: 103.369: Application time: 0.2775967 seconds
2021-07-18T02:34:20.220+1000: 103.370: [GC (Allocation Failure) Before GC:
Statistics for BinaryTreeDictionary:
------------------------------------
Total Free Space: 15870544
Max   Chunk Size: 10175263
Number of Blocks: 260
Av.  Block  Size: 61040
Tree      Height: 19
2021-07-18T02:34:20.220+1000: 103.371: [ParNew
Desired survivor size 10452992 bytes, new threshold 15 (max 15)
- age   1:      66520 bytes,      66520 total
- age   2:    6300640 bytes,    6367160 total
: 182488K->8896K(184320K), 0.0497820 secs] 2638817K->2497992K(3383488K)After GC:
Statistics for BinaryTreeDictionary:
------------------------------------
Total Free Space: 11676236
Max   Chunk Size: 5980955
Number of Blocks: 260
Av.  Block  Size: 44908
Tree      Height: 19
, 0.0502103 secs] [Times: user=0.60 sys=0.01, real=0.05 secs] 
2021-07-18T02:34:20.270+1000: 103.421: Total time for which application threads were stopped: 0.0519509 seconds, Stopping threads took: 0.0003300 seconds
2021-07-18T02:34:20.754+1000: 103.905: Application time: 0.4838939 seconds
2021-07-18T02:34:20.756+1000: 103.906: [GC (Allocation Failure) Before GC:
Statistics for BinaryTreeDictionary:
------------------------------------
Total Free Space: 11676236
Max   Chunk Size: 5980955
Number of Blocks: 260
Av.  Block  Size: 44908
Tree      Height: 19
2021-07-18T02:34:20.756+1000: 103.906: [ParNew
Desired survivor size 10452992 bytes, new threshold 15 (max 15)
- age   1:      84168 bytes,      84168 total
- age   2:      47456 bytes,     131624 total
- age   3:    6300672 bytes,    6432296 total
: 172800K->8447K(184320K), 0.0329019 secs] 2661896K->2497544K(3383488K)After GC:
Statistics for BinaryTreeDictionary:
------------------------------------
Total Free Space: 11676236
Max   Chunk Size: 5980955
Number of Blocks: 260
Av.  Block  Size: 44908
Tree      Height: 19
, 0.0333431 secs] [Times: user=0.23 sys=0.00, real=0.03 secs] 
2021-07-18T02:34:20.789+1000: 103.940: Total time for which application threads were stopped: 0.0350090 seconds, Stopping threads took: 0.0002545 seconds
2021-07-18T02:34:21.222+1000: 104.372: Application time: 0.4324820 seconds
2021-07-18T02:34:21.223+1000: 104.374: [GC (Allocation Failure) Before GC:
Statistics for BinaryTreeDictionary:
------------------------------------
Total Free Space: 11676236
Max   Chunk Size: 5980955
Number of Blocks: 260
Av.  Block  Size: 44908
Tree      Height: 19
2021-07-18T02:34:21.223+1000: 104.374: [ParNew
Desired survivor size 10452992 bytes, new threshold 15 (max 15)
- age   1:     187032 bytes,     187032 total
- age   2:      71672 bytes,     258704 total
- age   3:      41800 bytes,     300504 total
- age   4:    6300432 bytes,    6600936 total
: 172351K->10933K(184320K), 0.0335429 secs] 2661448K->2500029K(3383488K)After GC:
Statistics for BinaryTreeDictionary:
------------------------------------
Total Free Space: 11676236
Max   Chunk Size: 5980955
Number of Blocks: 260
Av.  Block  Size: 44908
Tree      Height: 19
, 0.0340080 secs] [Times: user=0.24 sys=0.00, real=0.03 secs] 
2021-07-18T02:34:21.257+1000: 104.408: Total time for which application threads were stopped: 0.0356368 seconds, Stopping threads took: 0.0002628 seconds
2021-07-18T02:34:21.688+1000: 104.838: Application time: 0.4302041 seconds
2021-07-18T02:34:21.689+1000: 104.840: [GC (Allocation Failure) Before GC:
Statistics for BinaryTreeDictionary:
------------------------------------
Total Free Space: 11676236
Max   Chunk Size: 5980955
Number of Blocks: 260
Av.  Block  Size: 44908
Tree      Height: 19
2021-07-18T02:34:21.689+1000: 104.840: [ParNew
Desired survivor size 10452992 bytes, new threshold 1 (max 15)
- age   1:   13455128 bytes,   13455128 total
- age   2:     113936 bytes,   13569064 total
- age   3:      71672 bytes,   13640736 total
- age   4:      41480 bytes,   13682216 total
- age   5:    6300376 bytes,   19982592 total
: 174837K->20416K(184320K), 0.0252885 secs] 2663933K->2509662K(3383488K)After GC:
Statistics for BinaryTreeDictionary:
------------------------------------
Total Free Space: 11676236
Max   Chunk Size: 5980955
Number of Blocks: 260
Av.  Block  Size: 44908
Tree      Height: 19
, 0.0260098 secs] [Times: user=0.26 sys=0.00, real=0.03 secs] 
2021-07-18T02:34:21.716+1000: 104.867: Total time for which application threads were stopped: 0.0284883 seconds, Stopping threads took: 0.0002682 seconds
2021-07-18T02:34:21.939+1000: 105.090: Application time: 0.2230446 seconds
2021-07-18T02:34:21.941+1000: 105.092: Total time for which application threads were stopped: 0.0017632 seconds, Stopping threads took: 0.0004246 seconds
2021-07-18T02:34:22.120+1000: 105.270: Application time: 0.1787989 seconds
2021-07-18T02:34:22.121+1000: 105.272: [GC (Allocation Failure) Before GC:
Statistics for BinaryTreeDictionary:
------------------------------------
Total Free Space: 11676236
Max   Chunk Size: 5980955
Number of Blocks: 260
Av.  Block  Size: 44908
Tree      Height: 19
2021-07-18T02:34:22.121+1000: 105.272: [ParNew
Desired survivor size 10452992 bytes, new threshold 1 (max 15)
- age   1:   17721712 bytes,   17721712 total
: 184320K->20416K(184320K), 0.0652934 secs] 2673566K->2531434K(3383488K)After GC:
Statistics for BinaryTreeDictionary:
------------------------------------
Total Free Space: 10631435
Max   Chunk Size: 5980955
Number of Blocks: 198
Av.  Block  Size: 53694
Tree      Height: 17
, 0.0659638 secs] [Times: user=0.53 sys=0.02, real=0.07 secs] 
2021-07-18T02:34:22.188+1000: 105.338: Total time for which application threads were stopped: 0.0680727 seconds, Stopping threads took: 0.0003747 seconds
2021-07-18T02:34:22.484+1000: 105.635: Application time: 0.2961956 seconds
2021-07-18T02:34:22.485+1000: 105.636: [GC (Allocation Failure) Before GC:
Statistics for BinaryTreeDictionary:
------------------------------------
Total Free Space: 10631435
Max   Chunk Size: 5980955
Number of Blocks: 198
Av.  Block  Size: 53694
Tree      Height: 17
2021-07-18T02:34:22.485+1000: 105.636: [ParNew
Desired survivor size 10452992 bytes, new threshold 1 (max 15)
- age   1:   12130792 bytes,   12130792 total
: 184320K->20416K(184320K), 0.0416040 secs] 2695338K->2540803K(3383488K)After GC:
Statistics for BinaryTreeDictionary:
------------------------------------
Total Free Space: 9691216
Max   Chunk Size: 5980955
Number of Blocks: 163
Av.  Block  Size: 59455
Tree      Height: 16
, 0.0424625 secs] [Times: user=0.38 sys=0.00, real=0.04 secs] 
2021-07-18T02:34:22.528+1000: 105.679: Total time for which application threads were stopped: 0.0440998 seconds, Stopping threads took: 0.0002179 seconds
2021-07-18T02:34:22.547+1000: 105.697: Application time: 0.0187650 seconds
2021-07-18T02:34:22.548+1000: 105.699: Total time for which application threads were stopped: 0.0012747 seconds, Stopping threads took: 0.0002506 seconds
2021-07-18T02:34:22.882+1000: 106.033: Application time: 0.3339003 seconds
2021-07-18T02:34:22.889+1000: 106.040: [GC (Allocation Failure) Before GC:
Statistics for BinaryTreeDictionary:
------------------------------------
Total Free Space: 9691216
Max   Chunk Size: 5980955
Number of Blocks: 163
Av.  Block  Size: 59455
Tree      Height: 16
2021-07-18T02:34:22.889+1000: 106.040: [ParNew
Desired survivor size 10452992 bytes, new threshold 15 (max 15)
- age   1:    7884392 bytes,    7884392 total
: 184320K->14456K(184320K), 0.0448284 secs] 2704707K->2545816K(3383488K)After GC:
Statistics for BinaryTreeDictionary:
------------------------------------
Total Free Space: 8447904
Max   Chunk Size: 5980955
Number of Blocks: 124
Av.  Block  Size: 68128
Tree      Height: 15
, 0.0453318 secs] [Times: user=0.42 sys=0.02, real=0.05 secs] 
2021-07-18T02:34:22.935+1000: 106.085: Total time for which application threads were stopped: 0.0527783 seconds, Stopping threads took: 0.0056800 seconds
2021-07-18T02:34:23.169+1000: 106.320: Application time: 0.2340747 seconds
2021-07-18T02:34:23.175+1000: 106.326: [GC (Allocation Failure) Before GC:
Statistics for BinaryTreeDictionary:
------------------------------------
Total Free Space: 8447904
Max   Chunk Size: 5980955
Number of Blocks: 124
Av.  Block  Size: 68128
Tree      Height: 15
2021-07-18T02:34:23.175+1000: 106.326: [ParNew
Desired survivor size 10452992 bytes, new threshold 1 (max 15)
- age   1:   12984232 bytes,   12984232 total
- age   2:    7160120 bytes,   20144352 total
: 178360K->20416K(184320K), 0.0426050 secs] 2709720K->2552204K(3383488K)After GC:
Statistics for BinaryTreeDictionary:
------------------------------------
Total Free Space: 8442339
Max   Chunk Size: 5980955
Number of Blocks: 120
Av.  Block  Size: 70352
Tree      Height: 15
, 0.0429886 secs] [Times: user=0.52 sys=0.02, real=0.04 secs] 
2021-07-18T02:34:23.219+1000: 106.369: Total time for which application threads were stopped: 0.0496643 seconds, Stopping threads took: 0.0052866 seconds
2021-07-18T02:34:23.423+1000: 106.573: Application time: 0.2040643 seconds
2021-07-18T02:34:23.424+1000: 106.575: [GC (Allocation Failure) Before GC:
Statistics for BinaryTreeDictionary:
------------------------------------
Total Free Space: 8442339
Max   Chunk Size: 5980955
Number of Blocks: 120
Av.  Block  Size: 70352
Tree      Height: 15
2021-07-18T02:34:23.424+1000: 106.575: [ParNew
Desired survivor size 10452992 bytes, new threshold 1 (max 15)
- age   1:   17277672 bytes,   17277672 total
: 184320K->20416K(184320K), 0.0942443 secs] 2716108K->2571629K(3383488K)After GC:
Statistics for BinaryTreeDictionary:
------------------------------------
Total Free Space: 7433176
Max   Chunk Size: 5980955
Number of Blocks: 28
Av.  Block  Size: 265470
Tree      Height: 11
, 0.0946259 secs] [Times: user=1.02 sys=0.03, real=0.09 secs] 
2021-07-18T02:34:23.519+1000: 106.670: Total time for which application threads were stopped: 0.0965314 seconds, Stopping threads took: 0.0004808 seconds
2021-07-18T02:34:23.864+1000: 107.015: Application time: 0.3449879 seconds
2021-07-18T02:34:23.865+1000: 107.016: [GC (Allocation Failure) Before GC:
Statistics for BinaryTreeDictionary:
------------------------------------
Total Free Space: 7433176
Max   Chunk Size: 5980955
Number of Blocks: 28
Av.  Block  Size: 265470
Tree      Height: 11
2021-07-18T02:34:23.866+1000: 107.016: [ParNew
Desired survivor size 10452992 bytes, new threshold 15 (max 15)
- age   1:    5894040 bytes,    5894040 total
: 184320K->15645K(184320K), 0.1006040 secs] 2735533K->2582411K(3383488K)After GC:
Statistics for BinaryTreeDictionary:
------------------------------------
Total Free Space: 7063108
Max   Chunk Size: 5980955
Number of Blocks: 2
Av.  Block  Size: 3531554
Tree      Height: 2
, 0.1010304 secs] [Times: user=0.68 sys=0.00, real=0.10 secs] 
2021-07-18T02:34:23.967+1000: 107.117: Total time for which application threads were stopped: 0.1026653 seconds, Stopping threads took: 0.0003032 seconds
2021-07-18T02:34:23.970+1000: 107.120: Application time: 0.0027803 seconds
2021-07-18T02:34:23.971+1000: 107.122: Total time for which application threads were stopped: 0.0015673 seconds, Stopping threads took: 0.0003366 seconds
2021-07-18T02:34:24.302+1000: 107.452: Application time: 0.3304604 seconds
2021-07-18T02:34:24.314+1000: 107.464: [GC (Allocation Failure) Before GC:
Statistics for BinaryTreeDictionary:
------------------------------------
Total Free Space: 7063108
Max   Chunk Size: 5980955
Number of Blocks: 2
Av.  Block  Size: 3531554
Tree      Height: 2
2021-07-18T02:34:24.314+1000: 107.464: [ParNew
Desired survivor size 10452992 bytes, new threshold 1 (max 15)
- age   1:   15003608 bytes,   15003608 total
- age   2:    5875736 bytes,   20879344 total
: 179549K->20416K(184320K), 0.0537536 secs] 2746315K->2589529K(3383488K)After GC:
Statistics for BinaryTreeDictionary:
------------------------------------
Total Free Space: 7059182
Max   Chunk Size: 5980955
Number of Blocks: 2
Av.  Block  Size: 3529591
Tree      Height: 2
, 0.0541513 secs] [Times: user=0.40 sys=0.01, real=0.05 secs] 
2021-07-18T02:34:24.368+1000: 107.519: Total time for which application threads were stopped: 0.0664994 seconds, Stopping threads took: 0.0102632 seconds
2021-07-18T02:34:24.631+1000: 107.781: Application time: 0.2626441 seconds
2021-07-18T02:34:24.633+1000: 107.783: [GC (Allocation Failure) Before GC:
Statistics for BinaryTreeDictionary:
------------------------------------
Total Free Space: 7059182
Max   Chunk Size: 5980955
Number of Blocks: 2
Av.  Block  Size: 3529591
Tree      Height: 2
2021-07-18T02:34:24.633+1000: 107.783: [ParNew
Desired survivor size 10452992 bytes, new threshold 1 (max 15)
- age   1:   19944216 bytes,   19944216 total
: 184320K->20416K(184320K), 0.1419014 secs] 2753433K->2615232K(3383488K)After GC:
Statistics for BinaryTreeDictionary:
------------------------------------
Total Free Space: 6684250
Max   Chunk Size: 5980955
Number of Blocks: 2
Av.  Block  Size: 3342125
Tree      Height: 2
, 0.1422157 secs] [Times: user=0.99 sys=0.01, real=0.15 secs] 
2021-07-18T02:34:24.775+1000: 107.926: Total time for which application threads were stopped: 0.1444004 seconds, Stopping threads took: 0.0008618 seconds
2021-07-18T02:34:25.048+1000: 108.198: Application time: 0.2726131 seconds
2021-07-18T02:34:25.049+1000: 108.200: [GC (Allocation Failure) Before GC:
Statistics for BinaryTreeDictionary:
------------------------------------
Total Free Space: 6684250
Max   Chunk Size: 5980955
Number of Blocks: 2
Av.  Block  Size: 3342125
Tree      Height: 2
2021-07-18T02:34:25.049+1000: 108.200: [ParNew
Desired survivor size 10452992 bytes, new threshold 1 (max 15)
- age   1:   20906512 bytes,   20906512 total
: 184320K->20416K(184320K), 0.1491998 secs] 2779136K->2666238K(3383488K)After GC:
Statistics for BinaryTreeDictionary:
------------------------------------
Total Free Space: 1906080
Max   Chunk Size: 1906080
Number of Blocks: 1
Av.  Block  Size: 1906080
Tree      Height: 1
, 0.1495328 secs] [Times: user=1.31 sys=0.03, real=0.15 secs] 
2021-07-18T02:34:25.199+1000: 108.350: Total time for which application threads were stopped: 0.1512014 seconds, Stopping threads took: 0.0002595 seconds
2021-07-18T02:34:25.442+1000: 108.593: Application time: 0.2432842 seconds
2021-07-18T02:34:25.444+1000: 108.594: [GC (Allocation Failure) Before GC:
Statistics for BinaryTreeDictionary:
------------------------------------
Total Free Space: 1906080
Max   Chunk Size: 1906080
Number of Blocks: 1
Av.  Block  Size: 1906080
Tree      Height: 1
2021-07-18T02:34:25.444+1000: 108.594: [ParNew
Desired survivor size 10452992 bytes, new threshold 1 (max 15)
- age   1:   20315200 bytes,   20315200 total
: 184320K->20416K(184320K), 0.0415616 secs] 2830142K->2680821K(3383488K)After GC:
Statistics for BinaryTreeDictionary:
------------------------------------
Total Free Space: 24886
Max   Chunk Size: 24886
Number of Blocks: 1
Av.  Block  Size: 24886
Tree      Height: 1
, 0.0419245 secs] [Times: user=0.30 sys=0.00, real=0.04 secs] 
2021-07-18T02:34:25.486+1000: 108.637: Total time for which application threads were stopped: 0.0437226 seconds, Stopping threads took: 0.0003014 seconds
2021-07-18T02:34:25.710+1000: 108.860: Application time: 0.2238120 seconds
2021-07-18T02:34:25.711+1000: 108.862: [GC (Allocation Failure) Before GC:
Statistics for BinaryTreeDictionary:
------------------------------------
Total Free Space: 24886
Max   Chunk Size: 24886
Number of Blocks: 1
Av.  Block  Size: 24886
Tree      Height: 1
2021-07-18T02:34:25.711+1000: 108.862: [ParNew
Desired survivor size 10452992 bytes, new threshold 1 (max 15)
- age   1:   14879648 bytes,   14879648 total
: 184320K->20416K(184320K), 0.1769178 secs] 2844725K->2734225K(3436804K)After GC:
Statistics for BinaryTreeDictionary:
------------------------------------
Total Free Space: 9680
Max   Chunk Size: 9680
Number of Blocks: 1
Av.  Block  Size: 9680
Tree      Height: 1
, 0.1772622 secs] [Times: user=2.25 sys=0.03, real=0.18 secs] 
2021-07-18T02:34:25.889+1000: 109.039: Total time for which application threads were stopped: 0.1789671 seconds, Stopping threads took: 0.0002994 seconds
2021-07-18T02:34:25.940+1000: 109.091: Application time: 0.0510883 seconds
2021-07-18T02:34:25.943+1000: 109.093: Total time for which application threads were stopped: 0.0026469 seconds, Stopping threads took: 0.0016393 seconds
2021-07-18T02:34:26.303+1000: 109.454: Application time: 0.3603685 seconds
2021-07-18T02:34:26.304+1000: 109.455: [GC (Allocation Failure) Before GC:
Statistics for BinaryTreeDictionary:
------------------------------------
Total Free Space: 9680
Max   Chunk Size: 9680
Number of Blocks: 1
Av.  Block  Size: 9680
Tree      Height: 1
2021-07-18T02:34:26.306+1000: 109.457: [ParNew
Desired survivor size 10452992 bytes, new threshold 1 (max 15)
- age   1:   13550952 bytes,   13550952 total
: 184320K->20416K(184320K), 0.0693599 secs] 2898129K->2748686K(3451396K)After GC:
Statistics for BinaryTreeDictionary:
------------------------------------
Total Free Space: 16760
Max   Chunk Size: 16760
Number of Blocks: 1
Av.  Block  Size: 16760
Tree      Height: 1
, 0.0712103 secs] [Times: user=0.32 sys=0.01, real=0.07 secs] 
2021-07-18T02:34:26.376+1000: 109.526: Total time for which application threads were stopped: 0.0729081 seconds, Stopping threads took: 0.0003207 seconds
2021-07-18T02:34:26.795+1000: 109.946: Application time: 0.4195581 seconds
2021-07-18T02:34:26.797+1000: 109.947: [GC (Allocation Failure) Before GC:
Statistics for BinaryTreeDictionary:
------------------------------------
Total Free Space: 16760
Max   Chunk Size: 16760
Number of Blocks: 1
Av.  Block  Size: 16760
Tree      Height: 1
2021-07-18T02:34:26.797+1000: 109.948: [ParNew
Desired survivor size 10452992 bytes, new threshold 1 (max 15)
- age   1:   14097864 bytes,   14097864 total
: 184320K->16795K(184320K), 0.0452915 secs] 2912590K->2752223K(3456964K)After GC:
Statistics for BinaryTreeDictionary:
------------------------------------
Total Free Space: 12908
Max   Chunk Size: 12908
Number of Blocks: 1
Av.  Block  Size: 12908
Tree      Height: 1
, 0.0456350 secs] [Times: user=0.14 sys=0.02, real=0.05 secs] 
2021-07-18T02:34:26.843+1000: 109.993: Total time for which application threads were stopped: 0.0474047 seconds, Stopping threads took: 0.0002941 seconds
2021-07-18T02:34:27.141+1000: 110.292: Application time: 0.2983158 seconds
2021-07-18T02:34:27.142+1000: 110.293: [GC (Allocation Failure) Before GC:
Statistics for BinaryTreeDictionary:
------------------------------------
Total Free Space: 12908
Max   Chunk Size: 12908
Number of Blocks: 1
Av.  Block  Size: 12908
Tree      Height: 1
2021-07-18T02:34:27.143+1000: 110.293: [ParNew
Desired survivor size 10452992 bytes, new threshold 15 (max 15)
- age   1:    7914048 bytes,    7914048 total
: 180699K->11087K(184320K), 0.0327271 secs] 2916127K->2758733K(3469072K)After GC:
Statistics for BinaryTreeDictionary:
------------------------------------
Total Free Space: 20256
Max   Chunk Size: 20256
Number of Blocks: 1
Av.  Block  Size: 20256
Tree      Height: 1
, 0.0331105 secs] [Times: user=0.14 sys=0.01, real=0.03 secs] 
2021-07-18T02:34:27.176+1000: 110.327: Total time for which application threads were stopped: 0.0348333 seconds, Stopping threads took: 0.0003307 seconds
2021-07-18T02:34:27.515+1000: 110.665: Application time: 0.3386154 seconds
2021-07-18T02:34:27.517+1000: 110.667: [GC (Allocation Failure) Before GC:
Statistics for BinaryTreeDictionary:
------------------------------------
Total Free Space: 20256
Max   Chunk Size: 20256
Number of Blocks: 1
Av.  Block  Size: 20256
Tree      Height: 1
2021-07-18T02:34:27.517+1000: 110.667: [ParNew
Desired survivor size 10452992 bytes, new threshold 1 (max 15)
- age   1:   10860360 bytes,   10860360 total
- age   2:    7742312 bytes,   18602672 total
: 174991K->20416K(184320K), 0.0487529 secs] 2922637K->2776259K(3477272K)After GC:
Statistics for BinaryTreeDictionary:
------------------------------------
Total Free Space: 21272
Max   Chunk Size: 21272
Number of Blocks: 1
Av.  Block  Size: 21272
Tree      Height: 1
, 0.0492534 secs] [Times: user=0.45 sys=0.01, real=0.05 secs] 
2021-07-18T02:34:27.566+1000: 110.717: Total time for which application threads were stopped: 0.0517425 seconds, Stopping threads took: 0.0005035 seconds
2021-07-18T02:34:27.940+1000: 111.090: Application time: 0.3734606 seconds
2021-07-18T02:34:27.943+1000: 111.093: Total time for which application threads were stopped: 0.0029297 seconds, Stopping threads took: 0.0020015 seconds
2021-07-18T02:34:28.084+1000: 111.234: Application time: 0.1410957 seconds
2021-07-18T02:34:28.085+1000: 111.236: [GC (Allocation Failure) Before GC:
Statistics for BinaryTreeDictionary:
------------------------------------
Total Free Space: 21272
Max   Chunk Size: 21272
Number of Blocks: 1
Av.  Block  Size: 21272
Tree      Height: 1
2021-07-18T02:34:28.085+1000: 111.236: [ParNew
Desired survivor size 10452992 bytes, new threshold 1 (max 15)
- age   1:   16224224 bytes,   16224224 total
: 184320K->20416K(184320K), 0.0621706 secs] 2940163K->2791520K(3491560K)After GC:
Statistics for BinaryTreeDictionary:
------------------------------------
Total Free Space: 15288
Max   Chunk Size: 15288
Number of Blocks: 1
Av.  Block  Size: 15288
Tree      Height: 1
, 0.0625438 secs] [Times: user=0.23 sys=0.03, real=0.06 secs] 
2021-07-18T02:34:28.148+1000: 111.299: Total time for which application threads were stopped: 0.0643583 seconds, Stopping threads took: 0.0003137 seconds
2021-07-18T02:34:28.396+1000: 111.547: Application time: 0.2480186 seconds
2021-07-18T02:34:28.398+1000: 111.548: Total time for which application threads were stopped: 0.0014288 seconds, Stopping threads took: 0.0004295 seconds
2021-07-18T02:34:28.398+1000: 111.549: Application time: 0.0004189 seconds
2021-07-18T02:34:28.399+1000: 111.549: Total time for which application threads were stopped: 0.0007651 seconds, Stopping threads took: 0.0002826 seconds
2021-07-18T02:34:28.401+1000: 111.552: Application time: 0.0026644 seconds
2021-07-18T02:34:28.402+1000: 111.553: Total time for which application threads were stopped: 0.0006248 seconds, Stopping threads took: 0.0002534 seconds
2021-07-18T02:34:28.405+1000: 111.556: Application time: 0.0030922 seconds
2021-07-18T02:34:28.406+1000: 111.556: Total time for which application threads were stopped: 0.0005861 seconds, Stopping threads took: 0.0001816 seconds
2021-07-18T02:34:28.406+1000: 111.557: Application time: 0.0005480 seconds
2021-07-18T02:34:28.407+1000: 111.557: Total time for which application threads were stopped: 0.0004608 seconds, Stopping threads took: 0.0001018 seconds
2021-07-18T02:34:28.407+1000: 111.558: Application time: 0.0005505 seconds
2021-07-18T02:34:28.408+1000: 111.558: Total time for which application threads were stopped: 0.0004235 seconds, Stopping threads took: 0.0000765 seconds
2021-07-18T02:34:28.408+1000: 111.559: Application time: 0.0001210 seconds
2021-07-18T02:34:28.408+1000: 111.559: Total time for which application threads were stopped: 0.0004541 seconds, Stopping threads took: 0.0000862 seconds
2021-07-18T02:34:28.413+1000: 111.563: Application time: 0.0043136 seconds
2021-07-18T02:34:28.413+1000: 111.564: Total time for which application threads were stopped: 0.0006367 seconds, Stopping threads took: 0.0002208 seconds
2021-07-18T02:34:28.514+1000: 111.664: Application time: 0.1004158 seconds
2021-07-18T02:34:28.517+1000: 111.668: Total time for which application threads were stopped: 0.0033066 seconds, Stopping threads took: 0.0003397 seconds
2021-07-18T02:34:29.062+1000: 112.213: Application time: 0.5450817 seconds
2021-07-18T02:34:29.064+1000: 112.215: [GC (Allocation Failure) Before GC:
Statistics for BinaryTreeDictionary:
------------------------------------
Total Free Space: 15288
Max   Chunk Size: 15288
Number of Blocks: 1
Av.  Block  Size: 15288
Tree      Height: 1
2021-07-18T02:34:29.064+1000: 112.215: [ParNew
Desired survivor size 10452992 bytes, new threshold 1 (max 15)
- age   1:   19950920 bytes,   19950920 total
: 184320K->20416K(184320K), 0.0742853 secs] 2955424K->2827008K(3525764K)After GC:
Statistics for BinaryTreeDictionary:
------------------------------------
Total Free Space: 7687
Max   Chunk Size: 7687
Number of Blocks: 1
Av.  Block  Size: 7687
Tree      Height: 1
, 0.0746655 secs] [Times: user=0.43 sys=0.07, real=0.07 secs] 
2021-07-18T02:34:29.139+1000: 112.290: Total time for which application threads were stopped: 0.0768488 seconds, Stopping threads took: 0.0005920 seconds
2021-07-18T02:34:29.165+1000: 112.316: Application time: 0.0262984 seconds
2021-07-18T02:34:29.167+1000: 112.318: Total time for which application threads were stopped: 0.0016490 seconds, Stopping threads took: 0.0005037 seconds
2021-07-18T02:34:29.172+1000: 112.322: Application time: 0.0048346 seconds
2021-07-18T02:34:29.173+1000: 112.324: Total time for which application threads were stopped: 0.0014276 seconds, Stopping threads took: 0.0002904 seconds
2021-07-18T02:34:29.218+1000: 112.368: Application time: 0.0444178 seconds
2021-07-18T02:34:29.219+1000: 112.370: Total time for which application threads were stopped: 0.0015962 seconds, Stopping threads took: 0.0003732 seconds
2021-07-18T02:34:29.221+1000: 112.371: Application time: 0.0013554 seconds
2021-07-18T02:34:29.222+1000: 112.372: Total time for which application threads were stopped: 0.0010089 seconds, Stopping threads took: 0.0003082 seconds
2021-07-18T02:34:29.222+1000: 112.373: Application time: 0.0005061 seconds
2021-07-18T02:34:29.223+1000: 112.374: Total time for which application threads were stopped: 0.0009034 seconds, Stopping threads took: 0.0003847 seconds
2021-07-18T02:34:29.224+1000: 112.374: Application time: 0.0007999 seconds
2021-07-18T02:34:29.225+1000: 112.375: Total time for which application threads were stopped: 0.0010128 seconds, Stopping threads took: 0.0003833 seconds
2021-07-18T02:34:29.225+1000: 112.376: Application time: 0.0003620 seconds
2021-07-18T02:34:29.226+1000: 112.377: Total time for which application threads were stopped: 0.0012960 seconds, Stopping threads took: 0.0006032 seconds
2021-07-18T02:34:29.227+1000: 112.377: Application time: 0.0002046 seconds
2021-07-18T02:34:29.228+1000: 112.379: Total time for which application threads were stopped: 0.0014019 seconds, Stopping threads took: 0.0008245 seconds
2021-07-18T02:34:29.228+1000: 112.379: Application time: 0.0002178 seconds
2021-07-18T02:34:29.230+1000: 112.381: Total time for which application threads were stopped: 0.0017415 seconds, Stopping threads took: 0.0010869 seconds
2021-07-18T02:34:29.231+1000: 112.381: Application time: 0.0004920 seconds
2021-07-18T02:34:29.231+1000: 112.382: Total time for which application threads were stopped: 0.0008320 seconds, Stopping threads took: 0.0003422 seconds
2021-07-18T02:34:29.233+1000: 112.383: Application time: 0.0014510 seconds
2021-07-18T02:34:29.234+1000: 112.384: Total time for which application threads were stopped: 0.0009942 seconds, Stopping threads took: 0.0004187 seconds
2021-07-18T02:34:29.237+1000: 112.388: Application time: 0.0034941 seconds
2021-07-18T02:34:29.238+1000: 112.389: Total time for which application threads were stopped: 0.0011264 seconds, Stopping threads took: 0.0004439 seconds
2021-07-18T02:34:29.295+1000: 112.446: Application time: 0.0568230 seconds
2021-07-18T02:34:29.306+1000: 112.457: Total time for which application threads were stopped: 0.0107631 seconds, Stopping threads took: 0.0003346 seconds
2021-07-18T02:34:29.940+1000: 113.090: Application time: 0.6335614 seconds
2021-07-18T02:34:29.941+1000: 113.091: Total time for which application threads were stopped: 0.0012291 seconds, Stopping threads took: 0.0002749 seconds
2021-07-18T02:34:30.164+1000: 113.315: Application time: 0.2236482 seconds
2021-07-18T02:34:30.166+1000: 113.316: Total time for which application threads were stopped: 0.0012954 seconds, Stopping threads took: 0.0003597 seconds
2021-07-18T02:34:30.166+1000: 113.317: Application time: 0.0007062 seconds
2021-07-18T02:34:30.167+1000: 113.318: Total time for which application threads were stopped: 0.0007435 seconds, Stopping threads took: 0.0002528 seconds
2021-07-18T02:34:30.168+1000: 113.318: Application time: 0.0003229 seconds
2021-07-18T02:34:30.169+1000: 113.319: Total time for which application threads were stopped: 0.0012442 seconds, Stopping threads took: 0.0006758 seconds
2021-07-18T02:34:30.169+1000: 113.320: Application time: 0.0001944 seconds
2021-07-18T02:34:30.170+1000: 113.320: Total time for which application threads were stopped: 0.0007471 seconds, Stopping threads took: 0.0002963 seconds
2021-07-18T02:34:30.170+1000: 113.321: Application time: 0.0002067 seconds
2021-07-18T02:34:30.171+1000: 113.321: Total time for which application threads were stopped: 0.0004645 seconds, Stopping threads took: 0.0000863 seconds
2021-07-18T02:34:30.447+1000: 113.597: Application time: 0.2762827 seconds
2021-07-18T02:34:30.450+1000: 113.600: Total time for which application threads were stopped: 0.0028156 seconds, Stopping threads took: 0.0015498 seconds
2021-07-18T02:34:30.459+1000: 113.610: Application time: 0.0093696 seconds
2021-07-18T02:34:30.461+1000: 113.612: [GC (Allocation Failure) Before GC:
Statistics for BinaryTreeDictionary:
------------------------------------
Total Free Space: 7687
Max   Chunk Size: 7687
Number of Blocks: 1
Av.  Block  Size: 7687
Tree      Height: 1
2021-07-18T02:34:30.461+1000: 113.612: [ParNew
Desired survivor size 10452992 bytes, new threshold 1 (max 15)
- age   1:   20752968 bytes,   20752968 total
: 184320K->20416K(184320K), 0.4451442 secs] 2990912K->2923973K(3588352K)After GC:
Statistics for BinaryTreeDictionary:
------------------------------------
Total Free Space: 16283
Max   Chunk Size: 16283
Number of Blocks: 1
Av.  Block  Size: 16283
Tree      Height: 1
, 0.4455516 secs] [Times: user=0.84 sys=0.23, real=0.45 secs] 
2021-07-18T02:34:30.907+1000: 114.058: Total time for which application threads were stopped: 0.4482275 seconds, Stopping threads took: 0.0009271 seconds
2021-07-18T02:34:30.908+1000: 114.058: Application time: 0.0004715 seconds
2021-07-18T02:34:30.910+1000: 114.060: [GC (CMS Initial Mark) [1 CMS-initial-mark: 2903557K(3404032K)] 2924534K(3588352K), 0.0149657 secs] [Times: user=0.06 sys=0.01, real=0.02 secs] 
2021-07-18T02:34:30.925+1000: 114.076: Total time for which application threads were stopped: 0.0174267 seconds, Stopping threads took: 0.0005051 seconds
2021-07-18T02:34:30.929+1000: 114.079: [CMS-concurrent-mark-start]
2021-07-18T02:34:31.162+1000: 114.313: Application time: 0.2368227 seconds
2021-07-18T02:34:31.177+1000: 114.328: [GC (Allocation Failure) Before GC:
Statistics for BinaryTreeDictionary:
------------------------------------
Total Free Space: 16283
Max   Chunk Size: 16283
Number of Blocks: 1
Av.  Block  Size: 16283
Tree      Height: 1
2021-07-18T02:34:31.178+1000: 114.328: [ParNew
Desired survivor size 10452992 bytes, new threshold 1 (max 15)
- age   1:   20897616 bytes,   20897616 total
: 184320K->20416K(184320K), 0.2571677 secs] 3087877K->3028158K(3662752K)After GC:
Statistics for BinaryTreeDictionary:
------------------------------------
Total Free Space: 8928
Max   Chunk Size: 8928
Number of Blocks: 1
Av.  Block  Size: 8928
Tree      Height: 1
, 0.2576500 secs] [Times: user=0.88 sys=0.15, real=0.26 secs] 
2021-07-18T02:34:31.436+1000: 114.586: Total time for which application threads were stopped: 0.2736019 seconds, Stopping threads took: 0.0144068 seconds
2021-07-18T02:34:31.606+1000: 114.757: Application time: 0.1706036 seconds
2021-07-18T02:34:31.608+1000: 114.758: [GC (Allocation Failure) Before GC:
Statistics for BinaryTreeDictionary:
------------------------------------
Total Free Space: 8928
Max   Chunk Size: 8928
Number of Blocks: 1
Av.  Block  Size: 8928
Tree      Height: 1
2021-07-18T02:34:31.608+1000: 114.758: [ParNew
Desired survivor size 10452992 bytes, new threshold 1 (max 15)
- age   1:   20904552 bytes,   20904552 total
: 184320K->20416K(184320K), 0.2364252 secs] 3192062K->3145937K(3757628K)After GC:
Statistics for BinaryTreeDictionary:
------------------------------------
Total Free Space: 3106
Max   Chunk Size: 3106
Number of Blocks: 1
Av.  Block  Size: 3106
Tree      Height: 1
, 0.2367938 secs] [Times: user=1.04 sys=0.16, real=0.24 secs] 
2021-07-18T02:34:31.845+1000: 114.995: Total time for which application threads were stopped: 0.2385952 seconds, Stopping threads took: 0.0004715 seconds
2021-07-18T02:34:31.848+1000: 114.998: Application time: 0.0028296 seconds
2021-07-18T02:34:31.855+1000: 115.006: Total time for which application threads were stopped: 0.0078205 seconds, Stopping threads took: 0.0063400 seconds
2021-07-18T02:34:31.856+1000: 115.007: Application time: 0.0005204 seconds
2021-07-18T02:34:31.857+1000: 115.008: Total time for which application threads were stopped: 0.0009690 seconds, Stopping threads took: 0.0004348 seconds
2021-07-18T02:34:31.858+1000: 115.008: Application time: 0.0006311 seconds
2021-07-18T02:34:31.858+1000: 115.009: Total time for which application threads were stopped: 0.0004745 seconds, Stopping threads took: 0.0001022 seconds
2021-07-18T02:34:31.858+1000: 115.009: Application time: 0.0001114 seconds
2021-07-18T02:34:31.859+1000: 115.009: Total time for which application threads were stopped: 0.0004326 seconds, Stopping threads took: 0.0000624 seconds
2021-07-18T02:34:31.859+1000: 115.010: Application time: 0.0005049 seconds
2021-07-18T02:34:31.860+1000: 115.010: Total time for which application threads were stopped: 0.0004413 seconds, Stopping threads took: 0.0000833 seconds
2021-07-18T02:34:31.870+1000: 115.021: Application time: 0.0106260 seconds
2021-07-18T02:34:31.882+1000: 115.033: Total time for which application threads were stopped: 0.0120895 seconds, Stopping threads took: 0.0110597 seconds
2021-07-18T02:34:31.940+1000: 115.091: Application time: 0.0576470 seconds
2021-07-18T02:34:31.948+1000: 115.098: Total time for which application threads were stopped: 0.0076693 seconds, Stopping threads took: 0.0064097 seconds
2021-07-18T02:34:32.026+1000: 115.177: Application time: 0.0785786 seconds
2021-07-18T02:34:32.028+1000: 115.178: [GC (Allocation Failure) Before GC:
Statistics for BinaryTreeDictionary:
------------------------------------
Total Free Space: 3106
Max   Chunk Size: 3106
Number of Blocks: 1
Av.  Block  Size: 3106
Tree      Height: 1
2021-07-18T02:34:32.028+1000: 115.179: [ParNew
Desired survivor size 10452992 bytes, new threshold 1 (max 15)
- age   1:   20886408 bytes,   20886408 total
: 184320K->20416K(184320K), 0.2325632 secs] 3309841K->3254057K(3835884K)After GC:
Statistics for BinaryTreeDictionary:
------------------------------------
Total Free Space: 2631
Max   Chunk Size: 2631
Number of Blocks: 1
Av.  Block  Size: 2631
Tree      Height: 1
, 0.2329346 secs] [Times: user=1.05 sys=0.14, real=0.23 secs] 
2021-07-18T02:34:32.261+1000: 115.412: Total time for which application threads were stopped: 0.2350310 seconds, Stopping threads took: 0.0006959 seconds
2021-07-18T02:34:32.419+1000: 115.570: Application time: 0.1581757 seconds
2021-07-18T02:34:32.422+1000: 115.573: [GC (Allocation Failure) Before GC:
Statistics for BinaryTreeDictionary:
------------------------------------
Total Free Space: 2631
Max   Chunk Size: 2631
Number of Blocks: 1
Av.  Block  Size: 2631
Tree      Height: 1
2021-07-18T02:34:32.422+1000: 115.573: [ParNew
Desired survivor size 10452992 bytes, new threshold 1 (max 15)
- age   1:   20905768 bytes,   20905768 total
: 184320K->20416K(184320K), 0.2905614 secs] 3417961K->3393474K(3950716K)After GC:
Statistics for BinaryTreeDictionary:
------------------------------------
Total Free Space: 12782
Max   Chunk Size: 12782
Number of Blocks: 1
Av.  Block  Size: 12782
Tree      Height: 1
, 0.2909767 secs] [Times: user=1.81 sys=0.17, real=0.28 secs] 
2021-07-18T02:34:32.713+1000: 115.864: Total time for which application threads were stopped: 0.2940076 seconds, Stopping threads took: 0.0011047 seconds
2021-07-18T02:34:32.827+1000: 115.978: Application time: 0.1136653 seconds
2021-07-18T02:34:32.828+1000: 115.979: [GC (Allocation Failure) Before GC:
Statistics for BinaryTreeDictionary:
------------------------------------
Total Free Space: 12782
Max   Chunk Size: 12782
Number of Blocks: 1
Av.  Block  Size: 12782
Tree      Height: 1
2021-07-18T02:34:32.828+1000: 115.979: [ParNew
Desired survivor size 10452992 bytes, new threshold 1 (max 15)
- age   1:   20888784 bytes,   20888784 total
: 184320K->20416K(184320K), 0.4227599 secs] 3557378K->3499997K(4042340K)After GC:
Statistics for BinaryTreeDictionary:
------------------------------------
Total Free Space: 12672
Max   Chunk Size: 12672
Number of Blocks: 1
Av.  Block  Size: 12672
Tree      Height: 1
, 0.4231040 secs] [Times: user=1.07 sys=0.23, real=0.42 secs] 
2021-07-18T02:34:33.252+1000: 116.402: Total time for which application threads were stopped: 0.4247198 seconds, Stopping threads took: 0.0002376 seconds
2021-07-18T02:34:33.380+1000: 116.530: Application time: 0.1278707 seconds
2021-07-18T02:34:33.381+1000: 116.532: [GC (Allocation Failure) Before GC:
Statistics for BinaryTreeDictionary:
------------------------------------
Total Free Space: 12672
Max   Chunk Size: 12672
Number of Blocks: 1
Av.  Block  Size: 12672
Tree      Height: 1
2021-07-18T02:34:33.381+1000: 116.532: [ParNew
Desired survivor size 10452992 bytes, new threshold 1 (max 15)
- age   1:   20876056 bytes,   20876056 total
: 184320K->20416K(184320K), 0.2683293 secs] 3663901K->3628091K(4146328K)After GC:
Statistics for BinaryTreeDictionary:
------------------------------------
Total Free Space: 2687
Max   Chunk Size: 2687
Number of Blocks: 1
Av.  Block  Size: 2687
Tree      Height: 1
, 0.2686382 secs] [Times: user=0.92 sys=0.18, real=0.27 secs] 
2021-07-18T02:34:33.650+1000: 116.801: Total time for which application threads were stopped: 0.2705646 seconds, Stopping threads took: 0.0006144 seconds
2021-07-18T02:34:33.675+1000: 116.826: Application time: 0.0247600 seconds
2021-07-18T02:34:33.684+1000: 116.834: Total time for which application threads were stopped: 0.0087458 seconds, Stopping threads took: 0.0038809 seconds
2021-07-18T02:34:33.719+1000: 116.870: Application time: 0.0354488 seconds
2021-07-18T02:34:33.741+1000: 116.892: Total time for which application threads were stopped: 0.0220210 seconds, Stopping threads took: 0.0208735 seconds
2021-07-18T02:34:33.794+1000: 116.944: Application time: 0.0524028 seconds
2021-07-18T02:34:33.804+1000: 116.955: [GC (Allocation Failure) Before GC:
Statistics for BinaryTreeDictionary:
------------------------------------
Total Free Space: 2687
Max   Chunk Size: 2687
Number of Blocks: 1
Av.  Block  Size: 2687
Tree      Height: 1
2021-07-18T02:34:33.805+1000: 116.955: [ParNew
Desired survivor size 10452992 bytes, new threshold 1 (max 15)
- age   1:   20874480 bytes,   20874480 total
: 184320K->20416K(184320K), 0.3579199 secs] 3791995K->3760529K(4261656K)After GC:
Statistics for BinaryTreeDictionary:
------------------------------------
Total Free Space: 7717
Max   Chunk Size: 7717
Number of Blocks: 1
Av.  Block  Size: 7717
Tree      Height: 1
, 0.3584248 secs] [Times: user=1.00 sys=0.27, real=0.36 secs] 
2021-07-18T02:34:34.163+1000: 117.314: Total time for which application threads were stopped: 0.3696894 seconds, Stopping threads took: 0.0050261 seconds
2021-07-18T02:34:34.165+1000: 117.315: Application time: 0.0014710 seconds
2021-07-18T02:34:34.169+1000: 117.319: Total time for which application threads were stopped: 0.0038069 seconds, Stopping threads took: 0.0010152 seconds
2021-07-18T02:34:34.305+1000: 117.455: Application time: 0.1362187 seconds
2021-07-18T02:34:34.308+1000: 117.459: [GC (Allocation Failure) Before GC:
Statistics for BinaryTreeDictionary:
------------------------------------
Total Free Space: 7717
Max   Chunk Size: 7717
Number of Blocks: 1
Av.  Block  Size: 7717
Tree      Height: 1
2021-07-18T02:34:34.309+1000: 117.459: [ParNew
Desired survivor size 10452992 bytes, new threshold 1 (max 15)
- age   1:   20879520 bytes,   20879520 total
: 184320K->20416K(184320K), 0.2731672 secs] 3924433K->3891408K(4377612K)After GC:
Statistics for BinaryTreeDictionary:
------------------------------------
Total Free Space: 1672
Max   Chunk Size: 1672
Number of Blocks: 1
Av.  Block  Size: 1672
Tree      Height: 1
, 0.2738697 secs] [Times: user=0.88 sys=0.21, real=0.28 secs] 
2021-07-18T02:34:34.583+1000: 117.733: Total time for which application threads were stopped: 0.2777576 seconds, Stopping threads took: 0.0013344 seconds
2021-07-18T02:34:34.585+1000: 117.735: Application time: 0.0021105 seconds
2021-07-18T02:34:34.588+1000: 117.739: Total time for which application threads were stopped: 0.0032119 seconds, Stopping threads took: 0.0016201 seconds
2021-07-18T02:34:34.602+1000: 117.753: Application time: 0.0141205 seconds
2021-07-18T02:34:34.605+1000: 117.756: Total time for which application threads were stopped: 0.0031630 seconds, Stopping threads took: 0.0016520 seconds
2021-07-18T02:34:34.617+1000: 117.767: Application time: 0.0114884 seconds
2021-07-18T02:34:34.619+1000: 117.770: Total time for which application threads were stopped: 0.0025091 seconds, Stopping threads took: 0.0009649 seconds
2021-07-18T02:34:34.641+1000: 117.791: Application time: 0.0214695 seconds
2021-07-18T02:34:34.643+1000: 117.794: Total time for which application threads were stopped: 0.0023475 seconds, Stopping threads took: 0.0008914 seconds
2021-07-18T02:34:34.668+1000: 117.819: Application time: 0.0253461 seconds
2021-07-18T02:34:34.671+1000: 117.822: Total time for which application threads were stopped: 0.0025220 seconds, Stopping threads took: 0.0007801 seconds
2021-07-18T02:34:34.706+1000: 117.857: Application time: 0.0352678 seconds
2021-07-18T02:34:34.713+1000: 117.864: Total time for which application threads were stopped: 0.0068836 seconds, Stopping threads took: 0.0008096 seconds
2021-07-18T02:34:34.720+1000: 117.871: Application time: 0.0072779 seconds
2021-07-18T02:34:34.723+1000: 117.874: Total time for which application threads were stopped: 0.0026547 seconds, Stopping threads took: 0.0016852 seconds
2021-07-18T02:34:34.736+1000: 117.886: Application time: 0.0127528 seconds
2021-07-18T02:34:34.737+1000: 117.888: Total time for which application threads were stopped: 0.0016628 seconds, Stopping threads took: 0.0006363 seconds
2021-07-18T02:34:34.762+1000: 117.912: Application time: 0.0243595 seconds
2021-07-18T02:34:34.763+1000: 117.914: [GC (Allocation Failure) Before GC:
Statistics for BinaryTreeDictionary:
------------------------------------
Total Free Space: 1672
Max   Chunk Size: 1672
Number of Blocks: 1
Av.  Block  Size: 1672
Tree      Height: 1
2021-07-18T02:34:34.764+1000: 117.914: [ParNew
Desired survivor size 10452992 bytes, new threshold 1 (max 15)
- age   1:   20905128 bytes,   20905128 total
: 184320K->20416K(184320K), 0.3296076 secs] 4055312K->4015885K(4482008K)After GC:
Statistics for BinaryTreeDictionary:
------------------------------------
Total Free Space: 23067
Max   Chunk Size: 23067
Number of Blocks: 1
Av.  Block  Size: 23067
Tree      Height: 1
, 0.3301417 secs] [Times: user=1.00 sys=0.16, real=0.33 secs] 
2021-07-18T02:34:35.094+1000: 118.245: Total time for which application threads were stopped: 0.3322674 seconds, Stopping threads took: 0.0005061 seconds
2021-07-18T02:34:35.142+1000: 118.292: Application time: 0.0477149 seconds
2021-07-18T02:34:35.150+1000: 118.300: Total time for which application threads were stopped: 0.0080337 seconds, Stopping threads took: 0.0063591 seconds
2021-07-18T02:34:35.153+1000: 118.303: Application time: 0.0027727 seconds
2021-07-18T02:34:35.155+1000: 118.305: Total time for which application threads were stopped: 0.0020099 seconds, Stopping threads took: 0.0009611 seconds
2021-07-18T02:34:35.161+1000: 118.312: Application time: 0.0063821 seconds
2021-07-18T02:34:35.169+1000: 118.320: Total time for which application threads were stopped: 0.0080507 seconds, Stopping threads took: 0.0015101 seconds
2021-07-18T02:34:35.202+1000: 118.353: Application time: 0.0329153 seconds
2021-07-18T02:34:35.205+1000: 118.356: Total time for which application threads were stopped: 0.0035355 seconds, Stopping threads took: 0.0013540 seconds
2021-07-18T02:34:35.252+1000: 118.402: Application time: 0.0462625 seconds
2021-07-18T02:34:35.255+1000: 118.405: [GC (Allocation Failure) Before GC:
Statistics for BinaryTreeDictionary:
------------------------------------
Total Free Space: 23067
Max   Chunk Size: 23067
Number of Blocks: 1
Av.  Block  Size: 23067
Tree      Height: 1
2021-07-18T02:34:35.255+1000: 118.405: [ParNew
Desired survivor size 10452992 bytes, new threshold 1 (max 15)
- age   1:   20875416 bytes,   20875416 total
: 174012K->20416K(184320K), 0.4383899 secs] 4169482K->4135507K(4581420K)After GC:
Statistics for BinaryTreeDictionary:
------------------------------------
Total Free Space: 11629
Max   Chunk Size: 11629
Number of Blocks: 1
Av.  Block  Size: 11629
Tree      Height: 1
, 0.4388959 secs] [Times: user=1.09 sys=0.30, real=0.44 secs] 
2021-07-18T02:34:35.694+1000: 118.845: Total time for which application threads were stopped: 0.4421497 seconds, Stopping threads took: 0.0011583 seconds
2021-07-18T02:34:35.842+1000: 118.993: Application time: 0.1484821 seconds
2021-07-18T02:34:35.844+1000: 118.994: [GC (Allocation Failure) Before GC:
Statistics for BinaryTreeDictionary:
------------------------------------
Total Free Space: 11629
Max   Chunk Size: 11629
Number of Blocks: 1
Av.  Block  Size: 11629
Tree      Height: 1
2021-07-18T02:34:35.844+1000: 118.995: [ParNew
Desired survivor size 10452992 bytes, new threshold 1 (max 15)
- age   1:   20903632 bytes,   20903632 total
: 184320K->20416K(184320K), 0.3606203 secs] 4299411K->4270938K(4707676K)After GC:
Statistics for BinaryTreeDictionary:
------------------------------------
Total Free Space: 0
Max   Chunk Size: 0
Number of Blocks: 0
Tree      Height: 0
, 0.3609419 secs] [Times: user=1.56 sys=0.15, real=0.36 secs] 
2021-07-18T02:34:36.205+1000: 119.356: Total time for which application threads were stopped: 0.3626199 seconds, Stopping threads took: 0.0002627 seconds
2021-07-18T02:34:36.218+1000: 119.369: Application time: 0.0130355 seconds
2021-07-18T02:34:36.220+1000: 119.370: Total time for which application threads were stopped: 0.0016206 seconds, Stopping threads took: 0.0006305 seconds
2021-07-18T02:34:36.309+1000: 119.460: Application time: 0.0892372 seconds
2021-07-18T02:34:36.311+1000: 119.461: [GC (Allocation Failure) Before GC:
Statistics for BinaryTreeDictionary:
------------------------------------
Total Free Space: 0
Max   Chunk Size: 0
Number of Blocks: 0
Tree      Height: 0
2021-07-18T02:34:36.311+1000: 119.462: [ParNew
Desired survivor size 10452992 bytes, new threshold 1 (max 15)
- age   1:   20905120 bytes,   20905120 total
: 184320K->20416K(184320K), 0.2658259 secs] 4434842K->4406632K(4823972K)After GC:
Statistics for BinaryTreeDictionary:
------------------------------------
Total Free Space: 1265
Max   Chunk Size: 1265
Number of Blocks: 1
Av.  Block  Size: 1265
Tree      Height: 1
, 0.2663658 secs] [Times: user=0.93 sys=0.19, real=0.27 secs] 
2021-07-18T02:34:36.577+1000: 119.728: Total time for which application threads were stopped: 0.2683609 seconds, Stopping threads took: 0.0004135 seconds
2021-07-18T02:34:36.714+1000: 119.865: Application time: 0.1370968 seconds
2021-07-18T02:34:36.716+1000: 119.867: [GC (Allocation Failure) Before GC:
Statistics for BinaryTreeDictionary:
------------------------------------
Total Free Space: 1265
Max   Chunk Size: 1265
Number of Blocks: 1
Av.  Block  Size: 1265
Tree      Height: 1
2021-07-18T02:34:36.716+1000: 119.867: [ParNew
Desired survivor size 10452992 bytes, new threshold 1 (max 15)
- age   1:   20904528 bytes,   20904528 total
: 184320K->20416K(184320K), 0.3198014 secs] 4570536K->4523528K(4914328K)After GC:
Statistics for BinaryTreeDictionary:
------------------------------------
Total Free Space: 494
Max   Chunk Size: 494
Number of Blocks: 1
Av.  Block  Size: 494
Tree      Height: 1
, 0.3201394 secs] [Times: user=1.01 sys=0.17, real=0.32 secs] 
2021-07-18T02:34:37.036+1000: 120.187: Total time for which application threads were stopped: 0.3218863 seconds, Stopping threads took: 0.0004600 seconds
2021-07-18T02:34:37.177+1000: 120.328: Application time: 0.1408724 seconds
2021-07-18T02:34:37.178+1000: 120.329: [GC (Allocation Failure) Before GC:
Statistics for BinaryTreeDictionary:
------------------------------------
Total Free Space: 494
Max   Chunk Size: 494
Number of Blocks: 1
Av.  Block  Size: 494
Tree      Height: 1
2021-07-18T02:34:37.179+1000: 120.329: [ParNew
Desired survivor size 10452992 bytes, new threshold 1 (max 15)
- age   1:   20874520 bytes,   20874520 total
: 184320K->20416K(184320K), 0.3163013 secs] 4687432K->4664895K(5033560K)After GC:
Statistics for BinaryTreeDictionary:
------------------------------------
Total Free Space: 3828
Max   Chunk Size: 3828
Number of Blocks: 1
Av.  Block  Size: 3828
Tree      Height: 1
, 0.3166105 secs] [Times: user=0.76 sys=0.18, real=0.32 secs] 
2021-07-18T02:34:37.495+1000: 120.646: Total time for which application threads were stopped: 0.3182048 seconds, Stopping threads took: 0.0002527 seconds
2021-07-18T02:34:37.567+1000: 120.718: [CMS-concurrent-mark: 2.082/6.639 secs] [Times: user=35.16 sys=3.86, real=6.64 secs] 
2021-07-18T02:34:37.567+1000: 120.718: [CMS-concurrent-preclean-start]
2021-07-18T02:34:37.603+1000: 120.754: Application time: 0.1079883 seconds
2021-07-18T02:34:37.606+1000: 120.757: [GC (Allocation Failure) Before GC:
Statistics for BinaryTreeDictionary:
------------------------------------
Total Free Space: 3828
Max   Chunk Size: 3828
Number of Blocks: 1
Av.  Block  Size: 3828
Tree      Height: 1
2021-07-18T02:34:37.606+1000: 120.757: [ParNew
Desired survivor size 10452992 bytes, new threshold 1 (max 15)
- age   1:   20892960 bytes,   20892960 total
: 184320K->20416K(184320K), 0.2725618 secs] 4828799K->4794192K(5150732K)After GC:
Statistics for BinaryTreeDictionary:
------------------------------------
Total Free Space: 10718
Max   Chunk Size: 10718
Number of Blocks: 1
Av.  Block  Size: 10718
Tree      Height: 1
, 0.2728651 secs] [Times: user=0.64 sys=0.14, real=0.27 secs] 
2021-07-18T02:34:37.880+1000: 121.030: Total time for which application threads were stopped: 0.2760520 seconds, Stopping threads took: 0.0019210 seconds
2021-07-18T02:34:37.940+1000: 121.090: Application time: 0.0603090 seconds
2021-07-18T02:34:37.943+1000: 121.093: Total time for which application threads were stopped: 0.0029832 seconds, Stopping threads took: 0.0020071 seconds
2021-07-18T02:34:37.987+1000: 121.138: Application time: 0.0441972 seconds
2021-07-18T02:34:37.989+1000: 121.140: [GC (Allocation Failure) Before GC:
Statistics for BinaryTreeDictionary:
------------------------------------
Total Free Space: 10718
Max   Chunk Size: 10718
Number of Blocks: 1
Av.  Block  Size: 10718
Tree      Height: 1
2021-07-18T02:34:37.990+1000: 121.140: [ParNew
Desired survivor size 10452992 bytes, new threshold 1 (max 15)
- age   1:   20850512 bytes,   20850512 total
: 184320K->20416K(184320K), 0.3599089 secs] 4958096K->4930319K(5269228K)After GC:
Statistics for BinaryTreeDictionary:
------------------------------------
Total Free Space: 9511
Max   Chunk Size: 9511
Number of Blocks: 1
Av.  Block  Size: 9511
Tree      Height: 1
, 0.3603238 secs] [Times: user=0.83 sys=0.18, real=0.36 secs] 
2021-07-18T02:34:38.350+1000: 121.501: Total time for which application threads were stopped: 0.3630936 seconds, Stopping threads took: 0.0014383 seconds
2021-07-18T02:34:38.474+1000: 121.624: Application time: 0.1234755 seconds
2021-07-18T02:34:38.476+1000: 121.626: [GC (Allocation Failure) Before GC:
Statistics for BinaryTreeDictionary:
------------------------------------
Total Free Space: 9511
Max   Chunk Size: 9511
Number of Blocks: 1
Av.  Block  Size: 9511
Tree      Height: 1
2021-07-18T02:34:38.476+1000: 121.626: [ParNew
Desired survivor size 10452992 bytes, new threshold 1 (max 15)
- age   1:   20894880 bytes,   20894880 total
: 184320K->20416K(184320K), 0.3740929 secs] 5094223K->5062370K(5398920K)After GC:
Statistics for BinaryTreeDictionary:
------------------------------------
Total Free Space: 8778
Max   Chunk Size: 8778
Number of Blocks: 1
Av.  Block  Size: 8778
Tree      Height: 1
, 0.3744159 secs] [Times: user=0.80 sys=0.14, real=0.37 secs] 
2021-07-18T02:34:38.850+1000: 122.001: Total time for which application threads were stopped: 0.3768198 seconds, Stopping threads took: 0.0010311 seconds
2021-07-18T02:34:38.983+1000: 122.133: Application time: 0.1322265 seconds
2021-07-18T02:34:39.003+1000: 122.154: [GC (Allocation Failure) Before GC:
Statistics for BinaryTreeDictionary:
------------------------------------
Total Free Space: 8778
Max   Chunk Size: 8778
Number of Blocks: 1
Av.  Block  Size: 8778
Tree      Height: 1
2021-07-18T02:34:39.003+1000: 122.154: [ParNew
Desired survivor size 10452992 bytes, new threshold 1 (max 15)
- age   1:   20904400 bytes,   20904400 total
: 184320K->20416K(184320K), 0.3873106 secs] 5226274K->5198982K(5529196K)After GC:
Statistics for BinaryTreeDictionary:
------------------------------------
Total Free Space: 8449
Max   Chunk Size: 8449
Number of Blocks: 1
Av.  Block  Size: 8449
Tree      Height: 1
, 0.3876627 secs] [Times: user=0.87 sys=0.15, real=0.38 secs] 
2021-07-18T02:34:39.391+1000: 122.542: Total time for which application threads were stopped: 0.4087527 seconds, Stopping threads took: 0.0193825 seconds
2021-07-18T02:34:39.599+1000: 122.749: Application time: 0.2072255 seconds
2021-07-18T02:34:39.602+1000: 122.753: [GC (Allocation Failure) Before GC:
Statistics for BinaryTreeDictionary:
------------------------------------
Total Free Space: 8449
Max   Chunk Size: 8449
Number of Blocks: 1
Av.  Block  Size: 8449
Tree      Height: 1
2021-07-18T02:34:39.602+1000: 122.753: [ParNew
Desired survivor size 10452992 bytes, new threshold 1 (max 15)
- age   1:   20904848 bytes,   20904848 total
: 184320K->20416K(184320K), 0.3559469 secs] 5362886K->5321805K(5648380K)After GC:
Statistics for BinaryTreeDictionary:
------------------------------------
Total Free Space: 6608
Max   Chunk Size: 6608
Number of Blocks: 1
Av.  Block  Size: 6608
Tree      Height: 1
, 0.3562971 secs] [Times: user=0.90 sys=0.13, real=0.35 secs] 
2021-07-18T02:34:39.959+1000: 123.110: Total time for which application threads were stopped: 0.3603554 seconds, Stopping threads took: 0.0024683 seconds
2021-07-18T02:34:39.962+1000: 123.112: Application time: 0.0026642 seconds
2021-07-18T02:34:39.966+1000: 123.117: Total time for which application threads were stopped: 0.0048481 seconds, Stopping threads took: 0.0038664 seconds
2021-07-18T02:34:40.097+1000: 123.247: Application time: 0.1301948 seconds
2021-07-18T02:34:40.102+1000: 123.253: [GC (Allocation Failure) Before GC:
Statistics for BinaryTreeDictionary:
------------------------------------
Total Free Space: 6608
Max   Chunk Size: 6608
Number of Blocks: 1
Av.  Block  Size: 6608
Tree      Height: 1
2021-07-18T02:34:40.103+1000: 123.253: [ParNew
Desired survivor size 10452992 bytes, new threshold 1 (max 15)
- age   1:   20904232 bytes,   20904232 total
: 182370K->20416K(184320K), 0.3820114 secs] 5483759K->5464039K(5786432K)After GC:
Statistics for BinaryTreeDictionary:
------------------------------------
Total Free Space: 11638
Max   Chunk Size: 11638
Number of Blocks: 1
Av.  Block  Size: 11638
Tree      Height: 1
, 0.3823655 secs] [Times: user=0.84 sys=0.14, real=0.38 secs] 
2021-07-18T02:34:40.485+1000: 123.636: Total time for which application threads were stopped: 0.3883227 seconds, Stopping threads took: 0.0046649 seconds
2021-07-18T02:34:40.583+1000: 123.734: Application time: 0.0983237 seconds
2021-07-18T02:34:40.585+1000: 123.736: Total time for which application threads were stopped: 0.0020213 seconds, Stopping threads took: 0.0009101 seconds
2021-07-18T02:34:40.640+1000: 123.791: Application time: 0.0547026 seconds
2021-07-18T02:34:40.641+1000: 123.792: [GC (Allocation Failure) Before GC:
Statistics for BinaryTreeDictionary:
------------------------------------
Total Free Space: 11638
Max   Chunk Size: 11638
Number of Blocks: 1
Av.  Block  Size: 11638
Tree      Height: 1
2021-07-18T02:34:40.642+1000: 123.792: [ParNew
Desired survivor size 10452992 bytes, new threshold 1 (max 15)
- age   1:   20887680 bytes,   20887680 total
: 184320K->20416K(184320K), 0.4850143 secs] 5627943K->5582838K(5903080K)After GC:
Statistics for BinaryTreeDictionary:
------------------------------------
Total Free Space: 9445
Max   Chunk Size: 9445
Number of Blocks: 1
Av.  Block  Size: 9445
Tree      Height: 1
, 0.4854054 secs] [Times: user=0.89 sys=0.14, real=0.49 secs] 
2021-07-18T02:34:41.127+1000: 124.278: Total time for which application threads were stopped: 0.4871539 seconds, Stopping threads took: 0.0004640 seconds
2021-07-18T02:34:41.260+1000: 124.411: Application time: 0.1332349 seconds
2021-07-18T02:34:41.262+1000: 124.413: [GC (Allocation Failure) Before GC:
Statistics for BinaryTreeDictionary:
------------------------------------
Total Free Space: 9445
Max   Chunk Size: 9445
Number of Blocks: 1
Av.  Block  Size: 9445
Tree      Height: 1
2021-07-18T02:34:41.262+1000: 124.413: [ParNew
Desired survivor size 10452992 bytes, new threshold 1 (max 15)
- age   1:   20859848 bytes,   20859848 total
: 176349K->20416K(184320K), 0.3592340 secs] 5738771K->5708475K(6024556K)After GC:
Statistics for BinaryTreeDictionary:
------------------------------------
Total Free Space: 13803
Max   Chunk Size: 13803
Number of Blocks: 1
Av.  Block  Size: 13803
Tree      Height: 1
, 0.3595997 secs] [Times: user=0.94 sys=0.23, real=0.36 secs] 
2021-07-18T02:34:41.622+1000: 124.773: Total time for which application threads were stopped: 0.3617754 seconds, Stopping threads took: 0.0006023 seconds
2021-07-18T02:34:41.752+1000: 124.903: Application time: 0.1302185 seconds
2021-07-18T02:34:41.756+1000: 124.906: [GC (Allocation Failure) Before GC:
Statistics for BinaryTreeDictionary:
------------------------------------
Total Free Space: 13803
Max   Chunk Size: 13803
Number of Blocks: 1
Av.  Block  Size: 13803
Tree      Height: 1
2021-07-18T02:34:41.756+1000: 124.907: [ParNew
Desired survivor size 10452992 bytes, new threshold 1 (max 15)
- age   1:   20817688 bytes,   20817688 total
: 184320K->20416K(184320K), 0.3748913 secs] 5872379K->5851767K(6165672K)After GC:
Statistics for BinaryTreeDictionary:
------------------------------------
Total Free Space: 6162
Max   Chunk Size: 6162
Number of Blocks: 1
Av.  Block  Size: 6162
Tree      Height: 1
, 0.3752258 secs] [Times: user=4.72 sys=0.18, real=0.37 secs] 
2021-07-18T02:34:42.131+1000: 125.282: Total time for which application threads were stopped: 0.3788405 seconds, Stopping threads took: 0.0020585 seconds
2021-07-18T02:34:42.132+1000: 125.283: Application time: 0.0006842 seconds
2021-07-18T02:34:42.134+1000: 125.285: Total time for which application threads were stopped: 0.0023043 seconds, Stopping threads took: 0.0006468 seconds
2021-07-18T02:34:42.225+1000: 125.376: Application time: 0.0907065 seconds
2021-07-18T02:34:42.227+1000: 125.377: [GC (Allocation Failure) Before GC:
Statistics for BinaryTreeDictionary:
------------------------------------
Total Free Space: 6162
Max   Chunk Size: 6162
Number of Blocks: 1
Av.  Block  Size: 6162
Tree      Height: 1
2021-07-18T02:34:42.227+1000: 125.377: [ParNew
Desired survivor size 10452992 bytes, new threshold 1 (max 15)
- age   1:   20708576 bytes,   20708576 total
: 184320K->20416K(184320K), 0.3105831 secs] 6015671K->5959310K(6271612K)After GC:
Statistics for BinaryTreeDictionary:
------------------------------------
Total Free Space: 16900
Max   Chunk Size: 16900
Number of Blocks: 1
Av.  Block  Size: 16900
Tree      Height: 1
, 0.3109877 secs] [Times: user=0.95 sys=0.14, real=0.31 secs] 
2021-07-18T02:34:42.538+1000: 125.689: Total time for which application threads were stopped: 0.3130052 seconds, Stopping threads took: 0.0004770 seconds
2021-07-18T02:34:42.621+1000: 125.772: Application time: 0.0828645 seconds
2021-07-18T02:34:42.633+1000: 125.783: [GC (Allocation Failure) Before GC:
Statistics for BinaryTreeDictionary:
------------------------------------
Total Free Space: 16900
Max   Chunk Size: 16900
Number of Blocks: 1
Av.  Block  Size: 16900
Tree      Height: 1
2021-07-18T02:34:42.633+1000: 125.784: [ParNew
Desired survivor size 10452992 bytes, new threshold 1 (max 15)
- age   1:   20851176 bytes,   20851176 total
: 184320K->20416K(184320K), 0.3585839 secs] 6123214K->6064504K(6376524K)After GC:
Statistics for BinaryTreeDictionary:
------------------------------------
Total Free Space: 15765
Max   Chunk Size: 15765
Number of Blocks: 1
Av.  Block  Size: 15765
Tree      Height: 1
, 0.3595360 secs] [Times: user=0.69 sys=0.16, real=0.36 secs] 
2021-07-18T02:34:42.992+1000: 126.143: Total time for which application threads were stopped: 0.3715665 seconds, Stopping threads took: 0.0085584 seconds
2021-07-18T02:34:43.076+1000: 126.227: Application time: 0.0840123 seconds
2021-07-18T02:34:43.079+1000: 126.230: [GC (Allocation Failure) Before GC:
Statistics for BinaryTreeDictionary:
------------------------------------
Total Free Space: 15765
Max   Chunk Size: 15765
Number of Blocks: 1
Av.  Block  Size: 15765
Tree      Height: 1
2021-07-18T02:34:43.079+1000: 126.230: [ParNew
Desired survivor size 10452992 bytes, new threshold 1 (max 15)
- age   1:   20778416 bytes,   20778416 total
: 184320K->20416K(184320K), 0.2418115 secs] 6228408K->6181314K(6486352K)After GC:
Statistics for BinaryTreeDictionary:
------------------------------------
Total Free Space: 1044
Max   Chunk Size: 1044
Number of Blocks: 1
Av.  Block  Size: 1044
Tree      Height: 1
, 0.2421392 secs] [Times: user=0.74 sys=0.15, real=0.25 secs] 
2021-07-18T02:34:43.322+1000: 126.472: Total time for which application threads were stopped: 0.2452603 seconds, Stopping threads took: 0.0017153 seconds
2021-07-18T02:34:43.420+1000: 126.571: Application time: 0.0984025 seconds
2021-07-18T02:34:43.431+1000: 126.582: [GC (Allocation Failure) Before GC:
Statistics for BinaryTreeDictionary:
------------------------------------
Total Free Space: 1044
Max   Chunk Size: 1044
Number of Blocks: 1
Av.  Block  Size: 1044
Tree      Height: 1
2021-07-18T02:34:43.431+1000: 126.582: [ParNew
Desired survivor size 10452992 bytes, new threshold 1 (max 15)
- age   1:   20836968 bytes,   20836968 total
: 184320K->20416K(184320K), 0.3621652 secs] 6345218K->6285801K(6587732K)After GC:
Statistics for BinaryTreeDictionary:
------------------------------------
Total Free Space: 21076
Max   Chunk Size: 21076
Number of Blocks: 1
Av.  Block  Size: 21076
Tree      Height: 1
, 0.3624906 secs] [Times: user=0.73 sys=0.08, real=0.37 secs] 
2021-07-18T02:34:43.794+1000: 126.945: Total time for which application threads were stopped: 0.3739252 seconds, Stopping threads took: 0.0102031 seconds
2021-07-18T02:34:43.888+1000: 127.039: Application time: 0.0941397 seconds
2021-07-18T02:34:43.891+1000: 127.041: [GC (Allocation Failure) Before GC:
Statistics for BinaryTreeDictionary:
------------------------------------
Total Free Space: 21076
Max   Chunk Size: 21076
Number of Blocks: 1
Av.  Block  Size: 21076
Tree      Height: 1
2021-07-18T02:34:43.891+1000: 127.041: [ParNew
Desired survivor size 10452992 bytes, new threshold 1 (max 15)
- age   1:   20825488 bytes,   20825488 total
: 184320K->20416K(184320K), 0.3008931 secs] 6449705K->6397743K(6695600K)After GC:
Statistics for BinaryTreeDictionary:
------------------------------------
Total Free Space: 19776
Max   Chunk Size: 19776
Number of Blocks: 1
Av.  Block  Size: 19776
Tree      Height: 1
, 0.3012332 secs] [Times: user=0.74 sys=0.15, real=0.30 secs] 
2021-07-18T02:34:44.192+1000: 127.343: Total time for which application threads were stopped: 0.3038934 seconds, Stopping threads took: 0.0013802 seconds
2021-07-18T02:34:44.193+1000: 127.344: Application time: 0.0013462 seconds
2021-07-18T02:34:44.195+1000: 127.345: Total time for which application threads were stopped: 0.0013657 seconds, Stopping threads took: 0.0003865 seconds
2021-07-18T02:34:44.285+1000: 127.435: Application time: 0.0900107 seconds
2021-07-18T02:34:44.286+1000: 127.437: [GC (Allocation Failure) Before GC:
Statistics for BinaryTreeDictionary:
------------------------------------
Total Free Space: 19776
Max   Chunk Size: 19776
Number of Blocks: 1
Av.  Block  Size: 19776
Tree      Height: 1
2021-07-18T02:34:44.287+1000: 127.437: [ParNew
Desired survivor size 10452992 bytes, new threshold 1 (max 15)
- age   1:   20766264 bytes,   20766264 total
: 184320K->20416K(184320K), 0.2609774 secs] 6561647K->6507053K(6801876K)After GC:
Statistics for BinaryTreeDictionary:
------------------------------------
Total Free Space: 9051
Max   Chunk Size: 9051
Number of Blocks: 1
Av.  Block  Size: 9051
Tree      Height: 1
, 0.2613555 secs] [Times: user=0.96 sys=0.13, real=0.26 secs] 
2021-07-18T02:34:44.548+1000: 127.699: Total time for which application threads were stopped: 0.2632984 seconds, Stopping threads took: 0.0004421 seconds
2021-07-18T02:34:44.642+1000: 127.792: Application time: 0.0934077 seconds
2021-07-18T02:34:44.643+1000: 127.794: [GC (Allocation Failure) Before GC:
Statistics for BinaryTreeDictionary:
------------------------------------
Total Free Space: 9051
Max   Chunk Size: 9051
Number of Blocks: 1
Av.  Block  Size: 9051
Tree      Height: 1
2021-07-18T02:34:44.643+1000: 127.794: [ParNew
Desired survivor size 10452992 bytes, new threshold 1 (max 15)
- age   1:   20703352 bytes,   20703352 total
: 184320K->20416K(184320K), 0.2961140 secs] 6670957K->6622860K(6912780K)After GC:
Statistics for BinaryTreeDictionary:
------------------------------------
Total Free Space: 9950
Max   Chunk Size: 9950
Number of Blocks: 1
Av.  Block  Size: 9950
Tree      Height: 1
, 0.2965079 secs] [Times: user=0.86 sys=0.14, real=0.29 secs] 
2021-07-18T02:34:44.940+1000: 128.091: Total time for which application threads were stopped: 0.2985584 seconds, Stopping threads took: 0.0006214 seconds
2021-07-18T02:34:45.006+1000: 128.157: Application time: 0.0658275 seconds
2021-07-18T02:34:45.008+1000: 128.158: [GC (Allocation Failure) Before GC:
Statistics for BinaryTreeDictionary:
------------------------------------
Total Free Space: 9950
Max   Chunk Size: 9950
Number of Blocks: 1
Av.  Block  Size: 9950
Tree      Height: 1
2021-07-18T02:34:45.008+1000: 128.158: [ParNew
Desired survivor size 10452992 bytes, new threshold 1 (max 15)
- age   1:   20886832 bytes,   20886832 total
: 184320K->20416K(184320K), 0.2130579 secs] 6786764K->6748132K(7035604K)After GC:
Statistics for BinaryTreeDictionary:
------------------------------------
Total Free Space: 263
Max   Chunk Size: 263
Number of Blocks: 1
Av.  Block  Size: 263
Tree      Height: 1
, 0.2134218 secs] [Times: user=0.57 sys=0.15, real=0.21 secs] 
2021-07-18T02:34:45.221+1000: 128.372: Total time for which application threads were stopped: 0.2153590 seconds, Stopping threads took: 0.0004759 seconds
2021-07-18T02:34:45.309+1000: 128.459: Application time: 0.0873308 seconds
2021-07-18T02:34:45.310+1000: 128.461: [GC (Allocation Failure) Before GC:
Statistics for BinaryTreeDictionary:
------------------------------------
Total Free Space: 263
Max   Chunk Size: 263
Number of Blocks: 1
Av.  Block  Size: 263
Tree      Height: 1
2021-07-18T02:34:45.310+1000: 128.461: [ParNew
Desired survivor size 10452992 bytes, new threshold 1 (max 15)
- age   1:   20769680 bytes,   20769680 total
: 184265K->20416K(184320K), 0.2311277 secs] 6911982K->6857838K(7143896K)After GC:
Statistics for BinaryTreeDictionary:
------------------------------------
Total Free Space: 1731
Max   Chunk Size: 1731
Number of Blocks: 1
Av.  Block  Size: 1731
Tree      Height: 1
, 0.2315313 secs] [Times: user=0.68 sys=0.16, real=0.24 secs] 
2021-07-18T02:34:45.542+1000: 128.693: Total time for which application threads were stopped: 0.2334668 seconds, Stopping threads took: 0.0005003 seconds
2021-07-18T02:34:45.631+1000: 128.782: Application time: 0.0893386 seconds
2021-07-18T02:34:45.634+1000: 128.785: [GC (Allocation Failure) Before GC:
Statistics for BinaryTreeDictionary:
------------------------------------
Total Free Space: 1731
Max   Chunk Size: 1731
Number of Blocks: 1
Av.  Block  Size: 1731
Tree      Height: 1
2021-07-18T02:34:45.635+1000: 128.785: [ParNew
Desired survivor size 10452992 bytes, new threshold 1 (max 15)
- age   1:   20787432 bytes,   20787432 total
: 184320K->20416K(184320K), 0.2406960 secs] 7021742K->6964224K(7248272K)After GC:
Statistics for BinaryTreeDictionary:
------------------------------------
Total Free Space: 21246
Max   Chunk Size: 21246
Number of Blocks: 1
Av.  Block  Size: 21246
Tree      Height: 1
, 0.2411557 secs] [Times: user=0.71 sys=0.21, real=0.24 secs] 
2021-07-18T02:34:45.876+1000: 129.027: Total time for which application threads were stopped: 0.2444750 seconds, Stopping threads took: 0.0012300 seconds
2021-07-18T02:34:45.940+1000: 129.091: Application time: 0.0645350 seconds
2021-07-18T02:34:45.942+1000: 129.093: Total time for which application threads were stopped: 0.0017074 seconds, Stopping threads took: 0.0007304 seconds
2021-07-18T02:34:45.953+1000: 129.104: Application time: 0.0111178 seconds
2021-07-18T02:34:45.955+1000: 129.106: [GC (Allocation Failure) Before GC:
Statistics for BinaryTreeDictionary:
------------------------------------
Total Free Space: 21246
Max   Chunk Size: 21246
Number of Blocks: 1
Av.  Block  Size: 21246
Tree      Height: 1
2021-07-18T02:34:45.955+1000: 129.106: [ParNew
Desired survivor size 10452992 bytes, new threshold 1 (max 15)
- age   1:   20462472 bytes,   20462472 total
: 184267K->20416K(184320K), 0.2294441 secs] 7128075K->7088185K(7369236K)After GC:
Statistics for BinaryTreeDictionary:
------------------------------------
Total Free Space: 17486
Max   Chunk Size: 17486
Number of Blocks: 1
Av.  Block  Size: 17486
Tree      Height: 1
, 0.2297626 secs] [Times: user=0.69 sys=0.22, real=0.23 secs] 
2021-07-18T02:34:46.185+1000: 129.336: Total time for which application threads were stopped: 0.2317262 seconds, Stopping threads took: 0.0006958 seconds
2021-07-18T02:34:46.264+1000: 129.414: Application time: 0.0786928 seconds
2021-07-18T02:34:46.265+1000: 129.416: [GC (Allocation Failure) Before GC:
Statistics for BinaryTreeDictionary:
------------------------------------
Total Free Space: 17486
Max   Chunk Size: 17486
Number of Blocks: 1
Av.  Block  Size: 17486
Tree      Height: 1
2021-07-18T02:34:46.265+1000: 129.416: [ParNew
Desired survivor size 10452992 bytes, new threshold 1 (max 15)
- age   1:   20745392 bytes,   20745392 total
: 177275K->20416K(184320K), 0.2076487 secs] 7245045K->7195583K(7474072K)After GC:
Statistics for BinaryTreeDictionary:
------------------------------------
Total Free Space: 12942
Max   Chunk Size: 12942
Number of Blocks: 1
Av.  Block  Size: 12942
Tree      Height: 1
, 0.2079835 secs] [Times: user=0.73 sys=0.21, real=0.20 secs] 
2021-07-18T02:34:46.473+1000: 129.624: Total time for which application threads were stopped: 0.2097550 seconds, Stopping threads took: 0.0004839 seconds
2021-07-18T02:34:46.546+1000: 129.697: Application time: 0.0729956 seconds
2021-07-18T02:34:46.548+1000: 129.699: [GC (Allocation Failure) Before GC:
Statistics for BinaryTreeDictionary:
------------------------------------
Total Free Space: 12942
Max   Chunk Size: 12942
Number of Blocks: 1
Av.  Block  Size: 12942
Tree      Height: 1
2021-07-18T02:34:46.548+1000: 129.699: [ParNew
Desired survivor size 10452992 bytes, new threshold 1 (max 15)
- age   1:   20855360 bytes,   20855360 total
: 184320K->20416K(184320K), 0.2034940 secs] 7359487K->7302418K(7579996K)After GC:
Statistics for BinaryTreeDictionary:
------------------------------------
Total Free Space: 8208
Max   Chunk Size: 8208
Number of Blocks: 1
Av.  Block  Size: 8208
Tree      Height: 1
, 0.2038705 secs] [Times: user=0.76 sys=0.20, real=0.20 secs] 
2021-07-18T02:34:46.752+1000: 129.903: Total time for which application threads were stopped: 0.2059232 seconds, Stopping threads took: 0.0006978 seconds
2021-07-18T02:34:46.910+1000: 130.060: Application time: 0.1572290 seconds
2021-07-18T02:34:46.919+1000: 130.070: [GC (Allocation Failure) Before GC:
Statistics for BinaryTreeDictionary:
------------------------------------
Total Free Space: 8208
Max   Chunk Size: 8208
Number of Blocks: 1
Av.  Block  Size: 8208
Tree      Height: 1
2021-07-18T02:34:46.920+1000: 130.070: [ParNew
Desired survivor size 10452992 bytes, new threshold 1 (max 15)
- age   1:   20788264 bytes,   20788264 total
: 184320K->20416K(184320K), 0.3781294 secs] 7466322K->7419045K(7694028K)After GC:
Statistics for BinaryTreeDictionary:
------------------------------------
Total Free Space: 9272
Max   Chunk Size: 9272
Number of Blocks: 1
Av.  Block  Size: 9272
Tree      Height: 1
, 0.3786936 secs] [Times: user=1.12 sys=0.24, real=0.38 secs] 
2021-07-18T02:34:47.299+1000: 130.449: Total time for which application threads were stopped: 0.3888853 seconds, Stopping threads took: 0.0079183 seconds
2021-07-18T02:34:47.416+1000: 130.567: Application time: 0.1179337 seconds
2021-07-18T02:34:47.425+1000: 130.575: [GC (Allocation Failure) Before GC:
Statistics for BinaryTreeDictionary:
------------------------------------
Total Free Space: 9272
Max   Chunk Size: 9272
Number of Blocks: 1
Av.  Block  Size: 9272
Tree      Height: 1
2021-07-18T02:34:47.425+1000: 130.576: [ParNew
Desired survivor size 10452992 bytes, new threshold 1 (max 15)
- age   1:   20681856 bytes,   20681856 total
: 184320K->20416K(184320K), 0.3177697 secs] 7582949K->7510705K(7784232K)After GC:
Statistics for BinaryTreeDictionary:
------------------------------------
Total Free Space: 15006
Max   Chunk Size: 15006
Number of Blocks: 1
Av.  Block  Size: 15006
Tree      Height: 1
, 0.3181944 secs] [Times: user=1.12 sys=0.13, real=0.32 secs] 
2021-07-18T02:34:47.743+1000: 130.894: Total time for which application threads were stopped: 0.3270038 seconds, Stopping threads took: 0.0066317 seconds
2021-07-18T02:34:47.859+1000: 131.009: Application time: 0.1151596 seconds
2021-07-18T02:34:47.861+1000: 131.012: [GC (Allocation Failure) Before GC:
Statistics for BinaryTreeDictionary:
------------------------------------
Total Free Space: 15006
Max   Chunk Size: 15006
Number of Blocks: 1
Av.  Block  Size: 15006
Tree      Height: 1
2021-07-18T02:34:47.861+1000: 131.012: [ParNew
Desired survivor size 10452992 bytes, new threshold 1 (max 15)
- age   1:   20583512 bytes,   20583512 total
: 176375K->20416K(184320K), 0.2197885 secs] 7666664K->7599129K(7870340K)After GC:
Statistics for BinaryTreeDictionary:
------------------------------------
Total Free Space: 1331
Max   Chunk Size: 1331
Number of Blocks: 1
Av.  Block  Size: 1331
Tree      Height: 1
, 0.2201871 secs] [Times: user=0.78 sys=0.18, real=0.22 secs] 
2021-07-18T02:34:48.082+1000: 131.232: Total time for which application threads were stopped: 0.2228615 seconds, Stopping threads took: 0.0009573 seconds
2021-07-18T02:34:48.085+1000: 131.236: Application time: 0.0037271 seconds
2021-07-18T02:34:48.088+1000: 131.239: Total time for which application threads were stopped: 0.0026839 seconds, Stopping threads took: 0.0016131 seconds
2021-07-18T02:34:48.177+1000: 131.327: Application time: 0.0887665 seconds
2021-07-18T02:34:48.190+1000: 131.341: [GC (Allocation Failure) Before GC:
Statistics for BinaryTreeDictionary:
------------------------------------
Total Free Space: 1331
Max   Chunk Size: 1331
Number of Blocks: 1
Av.  Block  Size: 1331
Tree      Height: 1
2021-07-18T02:34:48.190+1000: 131.341: [ParNew
Desired survivor size 10452992 bytes, new threshold 1 (max 15)
- age   1:   20625440 bytes,   20625440 total
: 184320K->20416K(184320K), 0.2121141 secs] 7763033K->7701806K(7970968K)After GC:
Statistics for BinaryTreeDictionary:
------------------------------------
Total Free Space: 6939
Max   Chunk Size: 6939
Number of Blocks: 1
Av.  Block  Size: 6939
Tree      Height: 1
, 0.2126085 secs] [Times: user=0.77 sys=0.11, real=0.22 secs] 
2021-07-18T02:34:48.403+1000: 131.554: Total time for which application threads were stopped: 0.2265117 seconds, Stopping threads took: 0.0121629 seconds
2021-07-18T02:34:48.517+1000: 131.668: Application time: 0.1141300 seconds
2021-07-18T02:34:48.519+1000: 131.670: [GC (Allocation Failure) Before GC:
Statistics for BinaryTreeDictionary:
------------------------------------
Total Free Space: 6939
Max   Chunk Size: 6939
Number of Blocks: 1
Av.  Block  Size: 6939
Tree      Height: 1
2021-07-18T02:34:48.519+1000: 131.670: [ParNew
Desired survivor size 10452992 bytes, new threshold 1 (max 15)
- age   1:   20717064 bytes,   20717064 total
: 184320K->20416K(184320K), 0.1949395 secs] 7865710K->7809424K(8075408K)After GC:
Statistics for BinaryTreeDictionary:
------------------------------------
Total Free Space: 7593
Max   Chunk Size: 7593
Number of Blocks: 1
Av.  Block  Size: 7593
Tree      Height: 1
, 0.1952631 secs] [Times: user=0.67 sys=0.12, real=0.20 secs] 
2021-07-18T02:34:48.715+1000: 131.865: Total time for which application threads were stopped: 0.1972630 seconds, Stopping threads took: 0.0005228 seconds
2021-07-18T02:34:48.715+1000: 131.866: Application time: 0.0005727 seconds
2021-07-18T02:34:48.717+1000: 131.867: Total time for which application threads were stopped: 0.0015251 seconds, Stopping threads took: 0.0004221 seconds
2021-07-18T02:34:48.872+1000: 132.023: Application time: 0.1555561 seconds
2021-07-18T02:34:48.874+1000: 132.025: [GC (Allocation Failure) Before GC:
Statistics for BinaryTreeDictionary:
------------------------------------
Total Free Space: 7593
Max   Chunk Size: 7593
Number of Blocks: 1
Av.  Block  Size: 7593
Tree      Height: 1
2021-07-18T02:34:48.874+1000: 132.025: [ParNew
Desired survivor size 10452992 bytes, new threshold 1 (max 15)
- age   1:   20706736 bytes,   20706736 total
: 184320K->20416K(184320K), 0.2120902 secs] 7973328K->7907076K(8170616K)After GC:
Statistics for BinaryTreeDictionary:
------------------------------------
Total Free Space: 4715
Max   Chunk Size: 4715
Number of Blocks: 1
Av.  Block  Size: 4715
Tree      Height: 1
, 0.2124966 secs] [Times: user=0.99 sys=0.14, real=0.21 secs] 
2021-07-18T02:34:49.087+1000: 132.238: Total time for which application threads were stopped: 0.2147537 seconds, Stopping threads took: 0.0006740 seconds
2021-07-18T02:34:49.226+1000: 132.376: Application time: 0.1387093 seconds
2021-07-18T02:34:49.230+1000: 132.380: [GC (Allocation Failure) Before GC:
Statistics for BinaryTreeDictionary:
------------------------------------
Total Free Space: 4715
Max   Chunk Size: 4715
Number of Blocks: 1
Av.  Block  Size: 4715
Tree      Height: 1
2021-07-18T02:34:49.230+1000: 132.381: [ParNew
Desired survivor size 10452992 bytes, new threshold 1 (max 15)
- age   1:   20826896 bytes,   20826896 total
: 184320K->20416K(184320K), 0.1821167 secs] 8070980K->8016639K(8277408K)After GC:
Statistics for BinaryTreeDictionary:
------------------------------------
Total Free Space: 5828
Max   Chunk Size: 5828
Number of Blocks: 1
Av.  Block  Size: 5828
Tree      Height: 1
, 0.1824577 secs] [Times: user=0.84 sys=0.20, real=0.18 secs] 
2021-07-18T02:34:49.413+1000: 132.563: Total time for which application threads were stopped: 0.1868810 seconds, Stopping threads took: 0.0006262 seconds
2021-07-18T02:34:49.541+1000: 132.691: Application time: 0.1279789 seconds
2021-07-18T02:34:49.543+1000: 132.694: [GC (Allocation Failure) Before GC:
Statistics for BinaryTreeDictionary:
------------------------------------
Total Free Space: 5828
Max   Chunk Size: 5828
Number of Blocks: 1
Av.  Block  Size: 5828
Tree      Height: 1
2021-07-18T02:34:49.543+1000: 132.694: [ParNew
Desired survivor size 10452992 bytes, new threshold 1 (max 15)
- age   1:   20634136 bytes,   20634136 total
: 184320K->20416K(184320K), 0.3606227 secs] 8180543K->8117003K(8372756K)After GC:
Statistics for BinaryTreeDictionary:
------------------------------------
Total Free Space: 19512
Max   Chunk Size: 19512
Number of Blocks: 1
Av.  Block  Size: 19512
Tree      Height: 1
, 0.3612581 secs] [Times: user=1.27 sys=0.18, real=0.36 secs] 
2021-07-18T02:34:49.905+1000: 133.056: Total time for which application threads were stopped: 0.3644586 seconds, Stopping threads took: 0.0009979 seconds
2021-07-18T02:34:49.940+1000: 133.090: Application time: 0.0345408 seconds
2021-07-18T02:34:49.943+1000: 133.093: Total time for which application threads were stopped: 0.0030585 seconds, Stopping threads took: 0.0015165 seconds
2021-07-18T02:34:50.078+1000: 133.228: Application time: 0.1349931 seconds
2021-07-18T02:34:50.093+1000: 133.243: [GC (Allocation Failure) Before GC:
Statistics for BinaryTreeDictionary:
------------------------------------
Total Free Space: 19512
Max   Chunk Size: 19512
Number of Blocks: 1
Av.  Block  Size: 19512
Tree      Height: 1
2021-07-18T02:34:50.093+1000: 133.244: [ParNew
Desired survivor size 10452992 bytes, new threshold 1 (max 15)
- age   1:   20513800 bytes,   20513800 total
: 184320K->20416K(184320K), 0.3204513 secs] 8280907K->8210669K(8466220K)After GC:
Statistics for BinaryTreeDictionary:
------------------------------------
Total Free Space: 24016
Max   Chunk Size: 24016
Number of Blocks: 1
Av.  Block  Size: 24016
Tree      Height: 1
, 0.3209998 secs] [Times: user=0.96 sys=0.09, real=0.33 secs] 
2021-07-18T02:34:50.414+1000: 133.565: Total time for which application threads were stopped: 0.3365338 seconds, Stopping threads took: 0.0122911 seconds
2021-07-18T02:34:50.596+1000: 133.746: Application time: 0.1813616 seconds
2021-07-18T02:34:50.597+1000: 133.748: [GC (Allocation Failure) Before GC:
Statistics for BinaryTreeDictionary:
------------------------------------
Total Free Space: 24016
Max   Chunk Size: 24016
Number of Blocks: 1
Av.  Block  Size: 24016
Tree      Height: 1
2021-07-18T02:34:50.597+1000: 133.748: [ParNew
Desired survivor size 10452992 bytes, new threshold 1 (max 15)
- age   1:   20564864 bytes,   20564864 total
: 184320K->20416K(184320K), 0.2188564 secs] 8374573K->8306911K(8561508K)After GC:
Statistics for BinaryTreeDictionary:
------------------------------------
Total Free Space: 19476
Max   Chunk Size: 19476
Number of Blocks: 1
Av.  Block  Size: 19476
Tree      Height: 1
, 0.2192244 secs] [Times: user=0.94 sys=0.18, real=0.22 secs] 
2021-07-18T02:34:50.816+1000: 133.967: Total time for which application threads were stopped: 0.2209121 seconds, Stopping threads took: 0.0002986 seconds
2021-07-18T02:34:50.926+1000: 134.077: Application time: 0.1095205 seconds
2021-07-18T02:34:50.931+1000: 134.081: [GC (Allocation Failure) Before GC:
Statistics for BinaryTreeDictionary:
------------------------------------
Total Free Space: 19476
Max   Chunk Size: 19476
Number of Blocks: 1
Av.  Block  Size: 19476
Tree      Height: 1
2021-07-18T02:34:50.931+1000: 134.082: [ParNew
Desired survivor size 10452992 bytes, new threshold 1 (max 15)
- age   1:   20800992 bytes,   20800992 total
: 184320K->20416K(184320K), 0.3706954 secs] 8470815K->8402680K(8658164K)After GC:
Statistics for BinaryTreeDictionary:
------------------------------------
Total Free Space: 6958
Max   Chunk Size: 6958
Number of Blocks: 1
Av.  Block  Size: 6958
Tree      Height: 1
, 0.3711006 secs] [Times: user=1.07 sys=0.14, real=0.38 secs] 
2021-07-18T02:34:51.302+1000: 134.453: Total time for which application threads were stopped: 0.3762279 seconds, Stopping threads took: 0.0037192 seconds
2021-07-18T02:34:51.444+1000: 134.594: Application time: 0.1415370 seconds
2021-07-18T02:34:51.445+1000: 134.596: [GC (Allocation Failure) Before GC:
Statistics for BinaryTreeDictionary:
------------------------------------
Total Free Space: 6958
Max   Chunk Size: 6958
Number of Blocks: 1
Av.  Block  Size: 6958
Tree      Height: 1
2021-07-18T02:34:51.445+1000: 134.596: [ParNew
Desired survivor size 10452992 bytes, new threshold 1 (max 15)
- age   1:   20496560 bytes,   20496560 total
: 184320K->20416K(184320K), 0.2756299 secs] 8566584K->8500396K(8755820K)After GC:
Statistics for BinaryTreeDictionary:
------------------------------------
Total Free Space: 0
Max   Chunk Size: 0
Number of Blocks: 0
Tree      Height: 0
, 0.2759961 secs] [Times: user=0.97 sys=0.18, real=0.27 secs] 
2021-07-18T02:34:51.722+1000: 134.872: Total time for which application threads were stopped: 0.2778371 seconds, Stopping threads took: 0.0004824 seconds
2021-07-18T02:34:51.836+1000: 134.987: Application time: 0.1144513 seconds
2021-07-18T02:34:51.840+1000: 134.991: [GC (Allocation Failure) Before GC:
Statistics for BinaryTreeDictionary:
------------------------------------
Total Free Space: 0
Max   Chunk Size: 0
Number of Blocks: 0
Tree      Height: 0
2021-07-18T02:34:51.840+1000: 134.991: [ParNew
Desired survivor size 10452992 bytes, new threshold 1 (max 15)
- age   1:   20792568 bytes,   20792568 total
: 184320K->20416K(184320K), 0.2604094 secs] 8664300K->8586078K(8839932K)After GC:
Statistics for BinaryTreeDictionary:
------------------------------------
Total Free Space: 12718
Max   Chunk Size: 12718
Number of Blocks: 1
Av.  Block  Size: 12718
Tree      Height: 1
, 0.2608210 secs] [Times: user=1.05 sys=0.10, real=0.26 secs] 
2021-07-18T02:34:52.101+1000: 135.252: Total time for which application threads were stopped: 0.2650941 seconds, Stopping threads took: 0.0011041 seconds
2021-07-18T02:34:52.103+1000: 135.254: Application time: 0.0017577 seconds
2021-07-18T02:34:52.105+1000: 135.255: Total time for which application threads were stopped: 0.0016910 seconds, Stopping threads took: 0.0006491 seconds
2021-07-18T02:34:52.206+1000: 135.357: Application time: 0.1016209 seconds
2021-07-18T02:34:52.220+1000: 135.371: [GC (Allocation Failure) Before GC:
Statistics for BinaryTreeDictionary:
------------------------------------
Total Free Space: 12718
Max   Chunk Size: 12718
Number of Blocks: 1
Av.  Block  Size: 12718
Tree      Height: 1
2021-07-18T02:34:52.220+1000: 135.371: [ParNew
Desired survivor size 10452992 bytes, new threshold 1 (max 15)
- age   1:   20744440 bytes,   20744440 total
: 184320K->20416K(184320K), 0.2352161 secs] 8749982K->8707042K(8960280K)After GC:
Statistics for BinaryTreeDictionary:
------------------------------------
Total Free Space: 23283
Max   Chunk Size: 23283
Number of Blocks: 1
Av.  Block  Size: 23283
Tree      Height: 1
, 0.2359705 secs] [Times: user=0.99 sys=0.17, real=0.24 secs] 
2021-07-18T02:34:52.456+1000: 135.607: Total time for which application threads were stopped: 0.2499204 seconds, Stopping threads took: 0.0118124 seconds
2021-07-18T02:34:52.678+1000: 135.829: Application time: 0.2219008 seconds
2021-07-18T02:34:52.680+1000: 135.831: [GC (Allocation Failure) Before GC:
Statistics for BinaryTreeDictionary:
------------------------------------
Total Free Space: 23283
Max   Chunk Size: 23283
Number of Blocks: 1
Av.  Block  Size: 23283
Tree      Height: 1
2021-07-18T02:34:52.681+1000: 135.831: [ParNew
Desired survivor size 10452992 bytes, new threshold 1 (max 15)
- age   1:   20905008 bytes,   20905008 total
: 153800K->20416K(184320K), 0.2522572 secs] 8840426K->8785899K(9041108K)After GC:
Statistics for BinaryTreeDictionary:
------------------------------------
Total Free Space: 8188
Max   Chunk Size: 8188
Number of Blocks: 1
Av.  Block  Size: 8188
Tree      Height: 1
, 0.2527709 secs] [Times: user=1.27 sys=0.12, real=0.25 secs] 
2021-07-18T02:34:52.933+1000: 136.084: Total time for which application threads were stopped: 0.2553358 seconds, Stopping threads took: 0.0008274 seconds
2021-07-18T02:34:53.017+1000: 136.168: Application time: 0.0837026 seconds
2021-07-18T02:34:53.018+1000: 136.169: [GC (Allocation Failure) Before GC:
Statistics for BinaryTreeDictionary:
------------------------------------
Total Free Space: 8188
Max   Chunk Size: 8188
Number of Blocks: 1
Av.  Block  Size: 8188
Tree      Height: 1
2021-07-18T02:34:53.019+1000: 136.169: [ParNew
Desired survivor size 10452992 bytes, new threshold 1 (max 15)
- age   1:   19604528 bytes,   19604528 total
: 184320K->20416K(184320K), 0.2263253 secs] 8949803K->8919425K(9171884K)After GC:
Statistics for BinaryTreeDictionary:
------------------------------------
Total Free Space: 0
Max   Chunk Size: 0
Number of Blocks: 0
Tree      Height: 0
, 0.2267881 secs] [Times: user=1.79 sys=0.14, real=0.23 secs] 
2021-07-18T02:34:53.246+1000: 136.397: Total time for which application threads were stopped: 0.2289593 seconds, Stopping threads took: 0.0003418 seconds
2021-07-18T02:34:53.363+1000: 136.514: Application time: 0.1169666 seconds
2021-07-18T02:34:53.368+1000: 136.518: [GC (Allocation Failure) Before GC:
Statistics for BinaryTreeDictionary:
------------------------------------
Total Free Space: 0
Max   Chunk Size: 0
Number of Blocks: 0
Tree      Height: 0
2021-07-18T02:34:53.368+1000: 136.519: [ParNew
Desired survivor size 10452992 bytes, new threshold 1 (max 15)
- age   1:   20905432 bytes,   20905432 total
: 159858K->20416K(184320K), 0.2651661 secs] 9058867K->9007830K(9259012K)After GC:
Statistics for BinaryTreeDictionary:
------------------------------------
Total Free Space: 582
Max   Chunk Size: 582
Number of Blocks: 1
Av.  Block  Size: 582
Tree      Height: 1
, 0.2655761 secs] [Times: user=1.45 sys=0.18, real=0.26 secs] 
2021-07-18T02:34:53.634+1000: 136.784: Total time for which application threads were stopped: 0.2705579 seconds, Stopping threads took: 0.0031463 seconds
2021-07-18T02:34:53.671+1000: 136.822: Application time: 0.0375579 seconds
2021-07-18T02:34:53.695+1000: 136.845: [GC (Allocation Failure) Before GC:
Statistics for BinaryTreeDictionary:
------------------------------------
Total Free Space: 582
Max   Chunk Size: 582
Number of Blocks: 1
Av.  Block  Size: 582
Tree      Height: 1
2021-07-18T02:34:53.695+1000: 136.845: [ParNew
Desired survivor size 10452992 bytes, new threshold 1 (max 15)
- age   1:   16942016 bytes,   16942016 total
: 184320K->20416K(184320K), 0.7970946 secs] 9171734K->9168743K(9418960K)After GC:
Statistics for BinaryTreeDictionary:
------------------------------------
Total Free Space: 3737
Max   Chunk Size: 3737
Number of Blocks: 1
Av.  Block  Size: 3737
Tree      Height: 1
, 0.7974495 secs] [Times: user=10.72 sys=0.21, real=0.79 secs] 
2021-07-18T02:34:54.492+1000: 137.643: Total time for which application threads were stopped: 0.8211528 seconds, Stopping threads took: 0.0222493 seconds
2021-07-18T02:34:54.494+1000: 137.645: Application time: 0.0017997 seconds
2021-07-18T02:34:54.495+1000: 137.646: Total time for which application threads were stopped: 0.0012878 seconds, Stopping threads took: 0.0004217 seconds
2021-07-18T02:34:54.799+1000: 137.949: Application time: 0.3031480 seconds
2021-07-18T02:34:54.808+1000: 137.958: [GC (Allocation Failure) Before GC:
Statistics for BinaryTreeDictionary:
------------------------------------
Total Free Space: 3737
Max   Chunk Size: 3737
Number of Blocks: 1
Av.  Block  Size: 3737
Tree      Height: 1
2021-07-18T02:34:54.808+1000: 137.958: [ParNew
Desired survivor size 10452992 bytes, new threshold 1 (max 15)
- age   1:   20904792 bytes,   20904792 total
: 184320K->20416K(184320K), 0.3062311 secs] 9332647K->9277255K(9530584K)After GC:
Statistics for BinaryTreeDictionary:
------------------------------------
Total Free Space: 10634
Max   Chunk Size: 10634
Number of Blocks: 1
Av.  Block  Size: 10634
Tree      Height: 1
, 0.3065870 secs] [Times: user=1.52 sys=0.14, real=0.31 secs] 
2021-07-18T02:34:55.115+1000: 138.265: Total time for which application threads were stopped: 0.3159716 seconds, Stopping threads took: 0.0080966 seconds
2021-07-18T02:34:55.250+1000: 138.400: Application time: 0.1350892 seconds
2021-07-18T02:34:55.251+1000: 138.402: [GC (Allocation Failure) Before GC:
Statistics for BinaryTreeDictionary:
------------------------------------
Total Free Space: 10634
Max   Chunk Size: 10634
Number of Blocks: 1
Av.  Block  Size: 10634
Tree      Height: 1
2021-07-18T02:34:55.251+1000: 138.402: [ParNew
Desired survivor size 10452992 bytes, new threshold 1 (max 15)
- age   1:   20905496 bytes,   20905496 total
: 184320K->20416K(184320K), 0.3427478 secs] 9441159K->9395708K(9647648K)After GC:
Statistics for BinaryTreeDictionary:
------------------------------------
Total Free Space: 2769
Max   Chunk Size: 2769
Number of Blocks: 1
Av.  Block  Size: 2769
Tree      Height: 1
, 0.3431284 secs] [Times: user=1.26 sys=0.12, real=0.35 secs] 
2021-07-18T02:34:55.595+1000: 138.745: Total time for which application threads were stopped: 0.3450556 seconds, Stopping threads took: 0.0003778 seconds
2021-07-18T02:34:55.761+1000: 138.912: Application time: 0.1667607 seconds
2021-07-18T02:34:55.763+1000: 138.914: [GC (Allocation Failure) Before GC:
Statistics for BinaryTreeDictionary:
------------------------------------
Total Free Space: 2769
Max   Chunk Size: 2769
Number of Blocks: 1
Av.  Block  Size: 2769
Tree      Height: 1
2021-07-18T02:34:55.763+1000: 138.914: [ParNew
Desired survivor size 10452992 bytes, new threshold 1 (max 15)
- age   1:   20905256 bytes,   20905256 total
: 184320K->20416K(184320K), 0.3624364 secs] 9559612K->9497376K(9751888K)After GC:
Statistics for BinaryTreeDictionary:
------------------------------------
Total Free Space: 20484
Max   Chunk Size: 20484
Number of Blocks: 1
Av.  Block  Size: 20484
Tree      Height: 1
, 0.3627656 secs] [Times: user=1.25 sys=0.12, real=0.36 secs] 
2021-07-18T02:34:56.126+1000: 139.277: Total time for which application threads were stopped: 0.3647765 seconds, Stopping threads took: 0.0006269 seconds
2021-07-18T02:34:56.150+1000: 139.301: Application time: 0.0237453 seconds
2021-07-18T02:34:56.167+1000: 139.317: Total time for which application threads were stopped: 0.0167448 seconds, Stopping threads took: 0.0157225 seconds
2021-07-18T02:34:56.380+1000: 139.531: Application time: 0.2135887 seconds
2021-07-18T02:34:56.382+1000: 139.532: [GC (Allocation Failure) Before GC:
Statistics for BinaryTreeDictionary:
------------------------------------
Total Free Space: 20484
Max   Chunk Size: 20484
Number of Blocks: 1
Av.  Block  Size: 20484
Tree      Height: 1
2021-07-18T02:34:56.382+1000: 139.533: [ParNew
Desired survivor size 10452992 bytes, new threshold 1 (max 15)
- age   1:   20905328 bytes,   20905328 total
: 184320K->20416K(184320K), 0.2284125 secs] 9661280K->9606889K(9862256K)After GC:
Statistics for BinaryTreeDictionary:
------------------------------------
Total Free Space: 17732
Max   Chunk Size: 17732
Number of Blocks: 1
Av.  Block  Size: 17732
Tree      Height: 1
, 0.2287252 secs] [Times: user=1.40 sys=0.13, real=0.22 secs] 
2021-07-18T02:34:56.611+1000: 139.761: Total time for which application threads were stopped: 0.2304454 seconds, Stopping threads took: 0.0004373 seconds
2021-07-18T02:34:56.748+1000: 139.899: Application time: 0.1372123 seconds
2021-07-18T02:34:56.749+1000: 139.900: [GC (Allocation Failure) Before GC:
Statistics for BinaryTreeDictionary:
------------------------------------
Total Free Space: 17732
Max   Chunk Size: 17732
Number of Blocks: 1
Av.  Block  Size: 17732
Tree      Height: 1
2021-07-18T02:34:56.750+1000: 139.900: [ParNew
Desired survivor size 10452992 bytes, new threshold 1 (max 15)
- age   1:   20902352 bytes,   20902352 total
: 180860K->20416K(184320K), 0.3008062 secs] 9767333K->9716825K(9969488K)After GC:
Statistics for BinaryTreeDictionary:
------------------------------------
Total Free Space: 5694
Max   Chunk Size: 5694
Number of Blocks: 1
Av.  Block  Size: 5694
Tree      Height: 1
, 0.3011991 secs] [Times: user=1.44 sys=0.17, real=0.30 secs] 
2021-07-18T02:34:57.051+1000: 140.202: Total time for which application threads were stopped: 0.3028673 seconds, Stopping threads took: 0.0004336 seconds
2021-07-18T02:34:57.192+1000: 140.343: Application time: 0.1410645 seconds
2021-07-18T02:34:57.195+1000: 140.345: [GC (Allocation Failure) Before GC:
Statistics for BinaryTreeDictionary:
------------------------------------
Total Free Space: 5694
Max   Chunk Size: 5694
Number of Blocks: 1
Av.  Block  Size: 5694
Tree      Height: 1
2021-07-18T02:34:57.195+1000: 140.345: [ParNew
Desired survivor size 10452992 bytes, new threshold 1 (max 15)
- age   1:   20904424 bytes,   20904424 total
: 184320K->20416K(184320K), 0.3031346 secs] 9880729K->9821416K(10077284K)After GC:
Statistics for BinaryTreeDictionary:
------------------------------------
Total Free Space: 12030
Max   Chunk Size: 12030
Number of Blocks: 1
Av.  Block  Size: 12030
Tree      Height: 1
, 0.3035756 secs] [Times: user=1.28 sys=0.14, real=0.30 secs] 
2021-07-18T02:34:57.498+1000: 140.649: Total time for which application threads were stopped: 0.3064903 seconds, Stopping threads took: 0.0009629 seconds
2021-07-18T02:34:57.589+1000: 140.740: Application time: 0.0909157 seconds
2021-07-18T02:34:57.591+1000: 140.742: [GC (Allocation Failure) Before GC:
Statistics for BinaryTreeDictionary:
------------------------------------
Total Free Space: 12030
Max   Chunk Size: 12030
Number of Blocks: 1
Av.  Block  Size: 12030
Tree      Height: 1
2021-07-18T02:34:57.592+1000: 140.742: [ParNew
Desired survivor size 10452992 bytes, new threshold 1 (max 15)
- age   1:   20905240 bytes,   20905240 total
: 184320K->20416K(184320K), 0.1946213 secs] 9985320K->9947303K(10203664K)After GC:
Statistics for BinaryTreeDictionary:
------------------------------------
Total Free Space: 15953
Max   Chunk Size: 15953
Number of Blocks: 1
Av.  Block  Size: 15953
Tree      Height: 1
, 0.1949945 secs] [Times: user=1.06 sys=0.13, real=0.20 secs] 
2021-07-18T02:34:57.787+1000: 140.937: Total time for which application threads were stopped: 0.1973772 seconds, Stopping threads took: 0.0006855 seconds
2021-07-18T02:34:57.915+1000: 141.066: Application time: 0.1285961 seconds
2021-07-18T02:34:57.917+1000: 141.068: [GC (Allocation Failure) Before GC:
Statistics for BinaryTreeDictionary:
------------------------------------
Total Free Space: 15953
Max   Chunk Size: 15953
Number of Blocks: 1
Av.  Block  Size: 15953
Tree      Height: 1
2021-07-18T02:34:57.917+1000: 141.068: [ParNew
Desired survivor size 10452992 bytes, new threshold 1 (max 15)
- age   1:   20944648 bytes,   20944648 total
: 180969K->20416K(184320K), 0.2617099 secs] 10107856K->10069035K(10319768K)After GC:
Statistics for BinaryTreeDictionary:
------------------------------------
Total Free Space: 3370
Max   Chunk Size: 3370
Number of Blocks: 1
Av.  Block  Size: 3370
Tree      Height: 1
, 0.2620968 secs] [Times: user=1.11 sys=0.14, real=0.26 secs] 
2021-07-18T02:34:58.180+1000: 141.330: Total time for which application threads were stopped: 0.2641704 seconds, Stopping threads took: 0.0005554 seconds
2021-07-18T02:34:58.182+1000: 141.332: Application time: 0.0021735 seconds
2021-07-18T02:34:58.202+1000: 141.352: Total time for which application threads were stopped: 0.0201265 seconds, Stopping threads took: 0.0089370 seconds
2021-07-18T02:34:58.398+1000: 141.548: Application time: 0.1957174 seconds
2021-07-18T02:34:58.403+1000: 141.553: [GC (Allocation Failure) Before GC:
Statistics for BinaryTreeDictionary:
------------------------------------
Total Free Space: 3370
Max   Chunk Size: 3370
Number of Blocks: 1
Av.  Block  Size: 3370
Tree      Height: 1
2021-07-18T02:34:58.403+1000: 141.553: [ParNew
Desired survivor size 10452992 bytes, new threshold 1 (max 15)
- age   1:   20903824 bytes,   20903824 total
: 184320K->20416K(184320K), 0.3211075 secs] 10232939K->10174737K(10423536K)After GC:
Statistics for BinaryTreeDictionary:
------------------------------------
Total Free Space: 0
Max   Chunk Size: 0
Number of Blocks: 0
Tree      Height: 0
, 0.3214331 secs] [Times: user=1.25 sys=0.13, real=0.32 secs] 
2021-07-18T02:34:58.724+1000: 141.875: Total time for which application threads were stopped: 0.3266865 seconds, Stopping threads took: 0.0039518 seconds
2021-07-18T02:34:58.725+1000: 141.876: Application time: 0.0006881 seconds
2021-07-18T02:34:58.726+1000: 141.877: Total time for which application threads were stopped: 0.0012454 seconds, Stopping threads took: 0.0003757 seconds
2021-07-18T02:34:58.872+1000: 142.023: Application time: 0.1460706 seconds
2021-07-18T02:34:58.874+1000: 142.024: [GC (Allocation Failure) Before GC:
Statistics for BinaryTreeDictionary:
------------------------------------
Total Free Space: 0
Max   Chunk Size: 0
Number of Blocks: 0
Tree      Height: 0
2021-07-18T02:34:58.874+1000: 142.024: [ParNew
Desired survivor size 10452992 bytes, new threshold 1 (max 15)
- age   1:   20902416 bytes,   20902416 total
: 184320K->20416K(184320K), 0.3206881 secs] 10338641K->10271943K(10523060K)After GC:
Statistics for BinaryTreeDictionary:
------------------------------------
Total Free Space: 0
Max   Chunk Size: 0
Number of Blocks: 0
Tree      Height: 0
, 0.3210230 secs] [Times: user=1.09 sys=0.12, real=0.32 secs] 
2021-07-18T02:34:59.195+1000: 142.346: Total time for which application threads were stopped: 0.3225957 seconds, Stopping threads took: 0.0002989 seconds
2021-07-18T02:34:59.362+1000: 142.513: Application time: 0.1670163 seconds
2021-07-18T02:34:59.364+1000: 142.515: [GC (Allocation Failure) Before GC:
Statistics for BinaryTreeDictionary:
------------------------------------
Total Free Space: 0
Max   Chunk Size: 0
Number of Blocks: 0
Tree      Height: 0
2021-07-18T02:34:59.364+1000: 142.515: [ParNew
Desired survivor size 10452992 bytes, new threshold 1 (max 15)
- age   1:   20904672 bytes,   20904672 total
: 184320K->20416K(184320K), 0.3045909 secs] 10435847K->10371293K(10622708K)After GC:
Statistics for BinaryTreeDictionary:
------------------------------------
Total Free Space: 20151
Max   Chunk Size: 20151
Number of Blocks: 1
Av.  Block  Size: 20151
Tree      Height: 1
, 0.3050035 secs] [Times: user=1.35 sys=0.13, real=0.30 secs] 
2021-07-18T02:34:59.669+1000: 142.820: Total time for which application threads were stopped: 0.3074780 seconds, Stopping threads took: 0.0005713 seconds
2021-07-18T02:34:59.835+1000: 142.985: Application time: 0.1651342 seconds
2021-07-18T02:34:59.837+1000: 142.988: [GC (Allocation Failure) Before GC:
Statistics for BinaryTreeDictionary:
------------------------------------
Total Free Space: 20151
Max   Chunk Size: 20151
Number of Blocks: 1
Av.  Block  Size: 20151
Tree      Height: 1
2021-07-18T02:34:59.838+1000: 142.989: [ParNew
Desired survivor size 10452992 bytes, new threshold 1 (max 15)
- age   1:   20905008 bytes,   20905008 total
: 184320K->20416K(184320K), 0.4202308 secs] 10535197K->10488115K(10737408K)After GC:
Statistics for BinaryTreeDictionary:
------------------------------------
Total Free Space: 7251
Max   Chunk Size: 7251
Number of Blocks: 1
Av.  Block  Size: 7251
Tree      Height: 1
, 0.4211874 secs] [Times: user=1.22 sys=0.16, real=0.42 secs] 
2021-07-18T02:35:00.259+1000: 143.410: Total time for which application threads were stopped: 0.4243645 seconds, Stopping threads took: 0.0011551 seconds
2021-07-18T02:35:00.260+1000: 143.411: Application time: 0.0011777 seconds
2021-07-18T02:35:00.261+1000: 143.412: Total time for which application threads were stopped: 0.0012537 seconds, Stopping threads took: 0.0002374 seconds
2021-07-18T02:35:00.413+1000: 143.563: Application time: 0.1514281 seconds
2021-07-18T02:35:00.415+1000: 143.565: [GC (Allocation Failure) Before GC:
Statistics for BinaryTreeDictionary:
------------------------------------
Total Free Space: 7251
Max   Chunk Size: 7251
Number of Blocks: 1
Av.  Block  Size: 7251
Tree      Height: 1
2021-07-18T02:35:00.415+1000: 143.566: [ParNew
Desired survivor size 10452992 bytes, new threshold 1 (max 15)
- age   1:   20904608 bytes,   20904608 total
: 184320K->20416K(184320K), 0.3351086 secs] 10652019K->10611340K(10860168K)After GC:
Statistics for BinaryTreeDictionary:
------------------------------------
Total Free Space: 21176
Max   Chunk Size: 21176
Number of Blocks: 1
Av.  Block  Size: 21176
Tree      Height: 1
, 0.3355400 secs] [Times: user=1.40 sys=0.15, real=0.33 secs] 
2021-07-18T02:35:00.751+1000: 143.901: Total time for which application threads were stopped: 0.3379148 seconds, Stopping threads took: 0.0004705 seconds
2021-07-18T02:35:00.938+1000: 144.089: Application time: 0.1874116 seconds
2021-07-18T02:35:00.941+1000: 144.092: [GC (Allocation Failure) Before GC:
Statistics for BinaryTreeDictionary:
------------------------------------
Total Free Space: 21176
Max   Chunk Size: 21176
Number of Blocks: 1
Av.  Block  Size: 21176
Tree      Height: 1
2021-07-18T02:35:00.941+1000: 144.092: [ParNew
Desired survivor size 10452992 bytes, new threshold 1 (max 15)
- age   1:   20905288 bytes,   20905288 total
: 183271K->20416K(184320K), 0.2722420 secs] 10774195K->10721557K(10968340K)After GC:
Statistics for BinaryTreeDictionary:
------------------------------------
Total Free Space: 0
Max   Chunk Size: 0
Number of Blocks: 0
Tree      Height: 0
, 0.2725629 secs] [Times: user=1.21 sys=0.11, real=0.28 secs] 
2021-07-18T02:35:01.214+1000: 144.365: Total time for which application threads were stopped: 0.2758294 seconds, Stopping threads took: 0.0019569 seconds
2021-07-18T02:35:01.239+1000: 144.390: [CMS-concurrent-preclean: 6.715/23.672 secs] [Times: user=117.64 sys=10.55, real=23.67 secs] 
2021-07-18T02:35:01.240+1000: 144.390: [CMS-concurrent-abortable-preclean-start]
2021-07-18T02:35:01.349+1000: 144.500: Application time: 0.1355551 seconds
2021-07-18T02:35:01.351+1000: 144.502: [GC (Allocation Failure) Before GC:
Statistics for BinaryTreeDictionary:
------------------------------------
Total Free Space: 0
Max   Chunk Size: 0
Number of Blocks: 0
Tree      Height: 0
2021-07-18T02:35:01.351+1000: 144.502: [ParNew
Desired survivor size 10452992 bytes, new threshold 1 (max 15)
- age   1:   20905528 bytes,   20905528 total
: 184320K->20416K(184320K), 0.2745408 secs] 10885461K->10836561K(11094200K)After GC:
Statistics for BinaryTreeDictionary:
------------------------------------
Total Free Space: 14904
Max   Chunk Size: 14904
Number of Blocks: 1
Av.  Block  Size: 14904
Tree      Height: 1
, 0.2749818 secs] [Times: user=1.12 sys=0.16, real=0.28 secs] 
2021-07-18T02:35:01.627+1000: 144.777: Total time for which application threads were stopped: 0.2770473 seconds, Stopping threads took: 0.0005135 seconds
2021-07-18T02:35:01.804+1000: 144.955: Application time: 0.1774368 seconds
2021-07-18T02:35:01.805+1000: 144.956: [GC (Allocation Failure) Before GC:
Statistics for BinaryTreeDictionary:
------------------------------------
Total Free Space: 14904
Max   Chunk Size: 14904
Number of Blocks: 1
Av.  Block  Size: 14904
Tree      Height: 1
2021-07-18T02:35:01.806+1000: 144.956: [ParNew
Desired survivor size 10452992 bytes, new threshold 1 (max 15)
- age   1:   20901720 bytes,   20901720 total
: 184320K->20416K(184320K), 0.3974513 secs] 11000465K->10951129K(11203712K)After GC:
Statistics for BinaryTreeDictionary:
------------------------------------
Total Free Space: 9672
Max   Chunk Size: 9672
Number of Blocks: 1
Av.  Block  Size: 9672
Tree      Height: 1
, 0.3978796 secs] [Times: user=1.36 sys=0.14, real=0.40 secs] 
2021-07-18T02:35:02.204+1000: 145.354: Total time for which application threads were stopped: 0.3997193 seconds, Stopping threads took: 0.0004146 seconds
2021-07-18T02:35:02.205+1000: 145.355: Application time: 0.0010347 seconds
2021-07-18T02:35:02.207+1000: 145.358: Total time for which application threads were stopped: 0.0024113 seconds, Stopping threads took: 0.0011171 seconds
2021-07-18T02:35:02.383+1000: 145.533: Application time: 0.1756661 seconds
2021-07-18T02:35:02.399+1000: 145.550: [GC (Allocation Failure) Before GC:
Statistics for BinaryTreeDictionary:
------------------------------------
Total Free Space: 9672
Max   Chunk Size: 9672
Number of Blocks: 1
Av.  Block  Size: 9672
Tree      Height: 1
2021-07-18T02:35:02.399+1000: 145.550: [ParNew
Desired survivor size 10452992 bytes, new threshold 1 (max 15)
- age   1:   20892008 bytes,   20892008 total
: 184320K->20416K(184320K), 0.2791177 secs] 11115033K->11044620K(11291112K)After GC:
Statistics for BinaryTreeDictionary:
------------------------------------
Total Free Space: 18968
Max   Chunk Size: 18968
Number of Blocks: 1
Av.  Block  Size: 18968
Tree      Height: 1
, 0.2795035 secs] [Times: user=1.41 sys=0.12, real=0.28 secs] 
2021-07-18T02:35:02.679+1000: 145.829: Total time for which application threads were stopped: 0.2960076 seconds, Stopping threads took: 0.0150783 seconds
2021-07-18T02:35:02.679+1000: 145.830: [CMS-concurrent-abortable-preclean: 0.440/1.439 secs] [Times: user=7.25 sys=0.57, real=1.44 secs] 
2021-07-18T02:35:02.694+1000: 145.844: Application time: 0.0147778 seconds
2021-07-18T02:35:02.699+1000: 145.850: [GC (CMS Final Remark) [YG occupancy: 49119 K (184320 K)]2021-07-18T02:35:02.699+1000: 145.850: [GC (CMS Final Remark) Before GC:
Statistics for BinaryTreeDictionary:
------------------------------------
Total Free Space: 18968
Max   Chunk Size: 18968
Number of Blocks: 1
Av.  Block  Size: 18968
Tree      Height: 1
2021-07-18T02:35:02.699+1000: 145.850: [ParNew
Desired survivor size 10452992 bytes, new threshold 1 (max 15)
- age   1:   18156136 bytes,   18156136 total
: 49119K->20416K(184320K), 0.0816238 secs] 11073324K->11069665K(11313000K)After GC:
Statistics for BinaryTreeDictionary:
------------------------------------
Total Free Space: 19172
Max   Chunk Size: 19172
Number of Blocks: 1
Av.  Block  Size: 19172
Tree      Height: 1
, 0.0819062 secs] [Times: user=0.54 sys=0.05, real=0.08 secs] 
2021-07-18T02:35:02.781+1000: 145.932: [Rescan (parallel) , 0.1057843 secs]2021-07-18T02:35:02.887+1000: 146.038: [weak refs processing, 0.0045884 secs]2021-07-18T02:35:02.892+1000: 146.042: [class unloading, 0.0391162 secs]2021-07-18T02:35:02.931+1000: 146.082: [scrub symbol table, 0.0741007 secs]2021-07-18T02:35:03.005+1000: 146.156: [scrub string table, 0.0029432 secs][1 CMS-remark: 11049249K(11128680K)] 11069665K(11313000K), 0.3090466 secs] [Times: user=2.12 sys=0.05, real=0.31 secs] 
2021-07-18T02:35:03.008+1000: 146.159: Total time for which application threads were stopped: 0.3148302 seconds, Stopping threads took: 0.0045038 seconds
2021-07-18T02:35:03.009+1000: 146.160: [CMS-concurrent-sweep-start]
CMS: Large Block: 0x00007fe628bb48e0; Proximity: 0x00007fe43143d5b0 -> 0x00007fe621f07390
2021-07-18T02:35:03.102+1000: 146.253: Application time: 0.0940181 seconds
2021-07-18T02:35:03.115+1000: 146.265: [GC (Allocation Failure) Before GC:
Statistics for BinaryTreeDictionary:
------------------------------------
Total Free Space: 19172
Max   Chunk Size: 19172
Number of Blocks: 1
Av.  Block  Size: 19172
Tree      Height: 1
2021-07-18T02:35:03.115+1000: 146.266: [ParNew
Desired survivor size 10452992 bytes, new threshold 1 (max 15)
- age   1:   20840600 bytes,   20840600 total
: 184320K->20416K(184320K), 0.2766739 secs] 11231872K->11190405K(11427368K)After GC:
Statistics for BinaryTreeDictionary:
------------------------------------
Total Free Space: 8451
Max   Chunk Size: 8451
Number of Blocks: 1
Av.  Block  Size: 8451
Tree      Height: 1
, 0.2771520 secs] [Times: user=2.02 sys=0.15, real=0.27 secs] 
2021-07-18T02:35:03.392+1000: 146.543: Total time for which application threads were stopped: 0.2899945 seconds, Stopping threads took: 0.0107989 seconds
2021-07-18T02:35:03.590+1000: 146.740: Application time: 0.1971757 seconds
2021-07-18T02:35:03.596+1000: 146.747: [GC (Allocation Failure) Before GC:
Statistics for BinaryTreeDictionary:
------------------------------------
Total Free Space: 16371
Max   Chunk Size: 8451
Number of Blocks: 7
Av.  Block  Size: 2338
Tree      Height: 5
2021-07-18T02:35:03.596+1000: 146.747: [ParNew
Desired survivor size 10452992 bytes, new threshold 1 (max 15)
- age   1:   20905792 bytes,   20905792 total
: 184320K->20416K(184320K), 0.2676040 secs] 11323660K->11279677K(11518704K)After GC:
Statistics for BinaryTreeDictionary:
------------------------------------
Total Free Space: 9797
Max   Chunk Size: 9797
Number of Blocks: 1
Av.  Block  Size: 9797
Tree      Height: 1
, 0.2679660 secs] [Times: user=1.71 sys=0.16, real=0.27 secs] 
2021-07-18T02:35:03.864+1000: 147.015: Total time for which application threads were stopped: 0.2746483 seconds, Stopping threads took: 0.0047822 seconds
2021-07-18T02:35:03.941+1000: 147.091: Application time: 0.0765225 seconds
2021-07-18T02:35:03.943+1000: 147.093: Total time for which application threads were stopped: 0.0019800 seconds, Stopping threads took: 0.0008010 seconds
2021-07-18T02:35:04.097+1000: 147.248: Application time: 0.1546951 seconds
2021-07-18T02:35:04.100+1000: 147.250: [GC (Allocation Failure) Before GC:
Statistics for BinaryTreeDictionary:
------------------------------------
Total Free Space: 727769
Max   Chunk Size: 107427
Number of Blocks: 28
Av.  Block  Size: 25991
Tree      Height: 7
2021-07-18T02:35:04.100+1000: 147.251: [ParNew
Desired survivor size 10452992 bytes, new threshold 1 (max 15)
- age   1:   20905456 bytes,   20905456 total
: 184320K->20416K(184320K), 0.2247556 secs] 11358433K->11318272K(11586312K)After GC:
Statistics for BinaryTreeDictionary:
------------------------------------
Total Free Space: 23838
Max   Chunk Size: 23838
Number of Blocks: 1
Av.  Block  Size: 23838
Tree      Height: 1
, 0.2251428 secs] [Times: user=1.62 sys=0.07, real=0.23 secs] 
2021-07-18T02:35:04.325+1000: 147.476: Total time for which application threads were stopped: 0.2276514 seconds, Stopping threads took: 0.0009656 seconds
2021-07-18T02:35:04.473+1000: 147.624: Application time: 0.1482639 seconds
2021-07-18T02:35:04.479+1000: 147.630: [GC (Allocation Failure) Before GC:
Statistics for BinaryTreeDictionary:
------------------------------------
Total Free Space: 1366209
Max   Chunk Size: 131075
Number of Blocks: 21
Av.  Block  Size: 65057
Tree      Height: 8
2021-07-18T02:35:04.479+1000: 147.630: [ParNew
Desired survivor size 10452992 bytes, new threshold 1 (max 15)
- age   1:   20883712 bytes,   20883712 total
: 184320K->20416K(184320K), 0.1511124 secs] 11387683K->11340454K(11658464K)After GC:
Statistics for BinaryTreeDictionary:
------------------------------------
Total Free Space: 0
Max   Chunk Size: 0
Number of Blocks: 0
Tree      Height: 0
, 0.1514321 secs] [Times: user=1.59 sys=0.09, real=0.15 secs] 
2021-07-18T02:35:04.631+1000: 147.781: Total time for which application threads were stopped: 0.1573493 seconds, Stopping threads took: 0.0045411 seconds
2021-07-18T02:35:04.753+1000: 147.903: Application time: 0.1218971 seconds
2021-07-18T02:35:04.756+1000: 147.907: [GC (Allocation Failure) Before GC:
Statistics for BinaryTreeDictionary:
------------------------------------
Total Free Space: 2340397
Max   Chunk Size: 2097155
Number of Blocks: 10
Av.  Block  Size: 234039
Tree      Height: 7
2021-07-18T02:35:04.760+1000: 147.911: [ParNew
Desired survivor size 10452992 bytes, new threshold 1 (max 15)
- age   1:   20884728 bytes,   20884728 total
: 184320K->20416K(184320K), 0.1680999 secs] 11420581K->11355438K(11708452K)After GC:
Statistics for BinaryTreeDictionary:
------------------------------------
Total Free Space: 8256
Max   Chunk Size: 8256
Number of Blocks: 1
Av.  Block  Size: 8256
Tree      Height: 1
, 0.1718933 secs] [Times: user=1.51 sys=0.10, real=0.17 secs] 
2021-07-18T02:35:04.929+1000: 148.079: Total time for which application threads were stopped: 0.1759727 seconds, Stopping threads took: 0.0015559 seconds
2021-07-18T02:35:05.094+1000: 148.245: Application time: 0.1652980 seconds
2021-07-18T02:35:05.097+1000: 148.248: [GC (Allocation Failure) Before GC:
Statistics for BinaryTreeDictionary:
------------------------------------
Total Free Space: 622330
Max   Chunk Size: 131075
Number of Blocks: 12
Av.  Block  Size: 51860
Tree      Height: 5
2021-07-18T02:35:05.098+1000: 148.248: [ParNew
Desired survivor size 10452992 bytes, new threshold 1 (max 15)
- age   1:   20904112 bytes,   20904112 total
: 184320K->20416K(184320K), 0.1955543 secs] 11457050K->11394529K(11765104K)After GC:
Statistics for BinaryTreeDictionary:
------------------------------------
Total Free Space: 0
Max   Chunk Size: 0
Number of Blocks: 0
Tree      Height: 0
, 0.1961185 secs] [Times: user=1.77 sys=0.10, real=0.20 secs] 
2021-07-18T02:35:05.298+1000: 148.448: Total time for which application threads were stopped: 0.2036627 seconds, Stopping threads took: 0.0005619 seconds
2021-07-18T02:35:05.478+1000: 148.629: Application time: 0.1804202 seconds
2021-07-18T02:35:05.483+1000: 148.634: [GC (Allocation Failure) Before GC:
Statistics for BinaryTreeDictionary:
------------------------------------
Total Free Space: 4771760
Max   Chunk Size: 3646466
Number of Blocks: 12
Av.  Block  Size: 397646
Tree      Height: 7
2021-07-18T02:35:05.483+1000: 148.634: [ParNew
Desired survivor size 10452992 bytes, new threshold 1 (max 15)
- age   1:   20854984 bytes,   20854984 total
: 183954K->20416K(184320K), 0.1542713 secs] 11461020K->11397519K(11812588K)After GC:
Statistics for BinaryTreeDictionary:
------------------------------------
Total Free Space: 3192
Max   Chunk Size: 3192
Number of Blocks: 1
Av.  Block  Size: 3192
Tree      Height: 1
, 0.1546552 secs] [Times: user=1.51 sys=0.05, real=0.15 secs] 
2021-07-18T02:35:05.638+1000: 148.789: Total time for which application threads were stopped: 0.1602276 seconds, Stopping threads took: 0.0039919 seconds
2021-07-18T02:35:05.806+1000: 148.957: Application time: 0.1678270 seconds
2021-07-18T02:35:05.808+1000: 148.959: [GC (Allocation Failure) Before GC:
Statistics for BinaryTreeDictionary:
------------------------------------
Total Free Space: 4966397
Max   Chunk Size: 1048579
Number of Blocks: 13
Av.  Block  Size: 382030
Tree      Height: 4
2021-07-18T02:35:05.808+1000: 148.959: [ParNew
Desired survivor size 10452992 bytes, new threshold 1 (max 15)
- age   1:   20904064 bytes,   20904064 total
: 181591K->20416K(184320K), 0.1588679 secs] 11473809K->11407682K(11849776K)After GC:
Statistics for BinaryTreeDictionary:
------------------------------------
Total Free Space: 12300
Max   Chunk Size: 12300
Number of Blocks: 1
Av.  Block  Size: 12300
Tree      Height: 1
, 0.1592145 secs] [Times: user=1.61 sys=0.03, real=0.16 secs] 
2021-07-18T02:35:05.967+1000: 149.118: Total time for which application threads were stopped: 0.1613889 seconds, Stopping threads took: 0.0006968 seconds
2021-07-18T02:35:05.968+1000: 149.119: Application time: 0.0009480 seconds
2021-07-18T02:35:05.980+1000: 149.131: Total time for which application threads were stopped: 0.0117801 seconds, Stopping threads took: 0.0101114 seconds
2021-07-18T02:35:06.154+1000: 149.304: Application time: 0.1733868 seconds
2021-07-18T02:35:06.159+1000: 149.310: [GC (Allocation Failure) Before GC:
Statistics for BinaryTreeDictionary:
------------------------------------
Total Free Space: 9636137
Max   Chunk Size: 8405783
Number of Blocks: 17
Av.  Block  Size: 566831
Tree      Height: 8
2021-07-18T02:35:06.159+1000: 149.310: [ParNew
Desired survivor size 10452992 bytes, new threshold 1 (max 15)
- age   1:   20896712 bytes,   20896712 total
: 184320K->20416K(184320K), 0.1511702 secs] 11429408K->11370783K(11859760K)After GC:
Statistics for BinaryTreeDictionary:
------------------------------------
Total Free Space: 20484
Max   Chunk Size: 20484
Number of Blocks: 1
Av.  Block  Size: 20484
Tree      Height: 1
, 0.1515838 secs] [Times: user=1.55 sys=0.04, real=0.15 secs] 
2021-07-18T02:35:06.311+1000: 149.462: Total time for which application threads were stopped: 0.1572872 seconds, Stopping threads took: 0.0039740 seconds
2021-07-18T02:35:06.402+1000: 149.552: Application time: 0.0906842 seconds
2021-07-18T02:35:06.404+1000: 149.555: [GC (Allocation Failure) Before GC:
Statistics for BinaryTreeDictionary:
------------------------------------
Total Free Space: 427424
Max   Chunk Size: 320136
Number of Blocks: 6
Av.  Block  Size: 71237
Tree      Height: 3
2021-07-18T02:35:06.405+1000: 149.555: [ParNew
Desired survivor size 10452992 bytes, new threshold 1 (max 15)
- age   1:   20905808 bytes,   20905808 total
: 184320K->20416K(184320K), 0.1629127 secs] 11452954K->11421934K(11962804K)After GC:
Statistics for BinaryTreeDictionary:
------------------------------------
Total Free Space: 12082
Max   Chunk Size: 12082
Number of Blocks: 1
Av.  Block  Size: 12082
Tree      Height: 1
, 0.1633633 secs] [Times: user=1.40 sys=0.15, real=0.16 secs] 
2021-07-18T02:35:06.568+1000: 149.719: Total time for which application threads were stopped: 0.1665889 seconds, Stopping threads took: 0.0016817 seconds
2021-07-18T02:35:06.676+1000: 149.827: Application time: 0.1078036 seconds
2021-07-18T02:35:06.679+1000: 149.830: [GC (Allocation Failure) Before GC:
Statistics for BinaryTreeDictionary:
------------------------------------
Total Free Space: 3496979
Max   Chunk Size: 1053913
Number of Blocks: 5
Av.  Block  Size: 699395
Tree      Height: 3
2021-07-18T02:35:06.679+1000: 149.830: [ParNew
Desired survivor size 10452992 bytes, new threshold 1 (max 15)
- age   1:   20889584 bytes,   20889584 total
: 180744K->20416K(184320K), 0.1197469 secs] 11495488K->11455129K(12041216K)After GC:
Statistics for BinaryTreeDictionary:
------------------------------------
Total Free Space: 14366
Max   Chunk Size: 14366
Number of Blocks: 1
Av.  Block  Size: 14366
Tree      Height: 1
, 0.1202384 secs] [Times: user=1.32 sys=0.06, real=0.12 secs] 
2021-07-18T02:35:06.800+1000: 149.950: Total time for which application threads were stopped: 0.1237273 seconds, Stopping threads took: 0.0011589 seconds
2021-07-18T02:35:06.980+1000: 150.130: Application time: 0.1799189 seconds
2021-07-18T02:35:06.983+1000: 150.134: [GC (Allocation Failure) Before GC:
Statistics for BinaryTreeDictionary:
------------------------------------
Total Free Space: 35245764
Max   Chunk Size: 18600452
Number of Blocks: 377
Av.  Block  Size: 93490
Tree      Height: 17
2021-07-18T02:35:06.983+1000: 150.134: [ParNew
Desired survivor size 10452992 bytes, new threshold 1 (max 15)
- age   1:   20905000 bytes,   20905000 total
: 184320K->20416K(184320K), 0.1868767 secs] 11245495K->11186185K(12041216K)After GC:
Statistics for BinaryTreeDictionary:
------------------------------------
Total Free Space: 27679006
Max   Chunk Size: 18600452
Number of Blocks: 36
Av.  Block  Size: 768861
Tree      Height: 5
, 0.1872734 secs] [Times: user=1.84 sys=0.02, real=0.18 secs] 
2021-07-18T02:35:07.171+1000: 150.321: Total time for which application threads were stopped: 0.1908792 seconds, Stopping threads took: 0.0022070 seconds
CMS: Large block 0x00007fe4330a56a8
2021-07-18T02:35:07.199+1000: 150.350: [CMS-concurrent-sweep: 1.875/4.190 secs] [Times: user=33.06 sys=1.62, real=4.19 secs] 
2021-07-18T02:35:07.223+1000: 150.373: [CMS-concurrent-reset-start]
2021-07-18T02:35:07.368+1000: 150.519: Application time: 0.1975990 seconds
2021-07-18T02:35:07.371+1000: 150.521: [GC (Allocation Failure) Before GC:
Statistics for BinaryTreeDictionary:
------------------------------------
Total Free Space: 891079333
Max   Chunk Size: 862290944
Number of Blocks: 349
Av.  Block  Size: 2553235
Tree      Height: 15
2021-07-18T02:35:07.371+1000: 150.522: [ParNew
Desired survivor size 10452992 bytes, new threshold 1 (max 15)
- age   1:   20904488 bytes,   20904488 total
: 184295K->20416K(184320K), 0.1900509 secs] 11340420K->11273879K(18777864K)After GC:
Statistics for BinaryTreeDictionary:
------------------------------------
Total Free Space: 881501385
Max   Chunk Size: 862290944
Number of Blocks: 86
Av.  Block  Size: 10250016
Tree      Height: 4
, 0.1904587 secs] [Times: user=1.83 sys=0.03, real=0.19 secs] 
2021-07-18T02:35:07.562+1000: 150.712: Total time for which application threads were stopped: 0.1935505 seconds, Stopping threads took: 0.0015041 seconds
2021-07-18T02:35:07.750+1000: 150.900: Application time: 0.1878844 seconds
2021-07-18T02:35:07.751+1000: 150.902: [GC (Allocation Failure) Before GC:
Statistics for BinaryTreeDictionary:
------------------------------------
Total Free Space: 881501385
Max   Chunk Size: 862290944
Number of Blocks: 86
Av.  Block  Size: 10250016
Tree      Height: 4
2021-07-18T02:35:07.751+1000: 150.902: [ParNew
Desired survivor size 10452992 bytes, new threshold 1 (max 15)
- age   1:   20904480 bytes,   20904480 total
: 184320K->20416K(184320K), 0.2067185 secs] 11437783K->11385681K(18777864K)After GC:
Statistics for BinaryTreeDictionary:
------------------------------------
Total Free Space: 869296101
Max   Chunk Size: 862290944
Number of Blocks: 80
Av.  Block  Size: 10866201
Tree      Height: 3
, 0.2070729 secs] [Times: user=2.00 sys=0.02, real=0.21 secs] 
2021-07-18T02:35:07.958+1000: 151.109: Total time for which application threads were stopped: 0.2088639 seconds, Stopping threads took: 0.0004867 seconds
2021-07-18T02:35:07.962+1000: 151.113: Application time: 0.0034959 seconds
2021-07-18T02:35:07.965+1000: 151.116: Total time for which application threads were stopped: 0.0030055 seconds, Stopping threads took: 0.0018256 seconds
2021-07-18T02:35:08.098+1000: 151.248: [CMS-concurrent-reset: 0.469/0.875 secs] [Times: user=7.21 sys=0.22, real=0.87 secs] 
2021-07-18T02:35:08.117+1000: 151.267: Application time: 0.1517290 seconds
2021-07-18T02:35:08.118+1000: 151.269: [GC (Allocation Failure) Before GC:
Statistics for BinaryTreeDictionary:
------------------------------------
Total Free Space: 869296101
Max   Chunk Size: 862290944
Number of Blocks: 80
Av.  Block  Size: 10866201
Tree      Height: 3
2021-07-18T02:35:08.119+1000: 151.269: [ParNew
Desired survivor size 10452992 bytes, new threshold 1 (max 15)
- age   1:   20901888 bytes,   20901888 total
: 180450K->20416K(184320K), 0.1609688 secs] 11545716K->11481354K(18777864K)After GC:
Statistics for BinaryTreeDictionary:
------------------------------------
Total Free Space: 858821917
Max   Chunk Size: 858801637
Number of Blocks: 79
Av.  Block  Size: 10871163
Tree      Height: 2
, 0.1613036 secs] [Times: user=1.73 sys=0.04, real=0.16 secs] 
2021-07-18T02:35:08.280+1000: 151.431: Total time for which application threads were stopped: 0.1634987 seconds, Stopping threads took: 0.0006993 seconds
2021-07-18T02:35:08.459+1000: 151.609: Application time: 0.1783555 seconds
2021-07-18T02:35:08.464+1000: 151.614: [GC (Allocation Failure) Before GC:
Statistics for BinaryTreeDictionary:
------------------------------------
Total Free Space: 858821917
Max   Chunk Size: 858801637
Number of Blocks: 79
Av.  Block  Size: 10871163
Tree      Height: 2
2021-07-18T02:35:08.464+1000: 151.615: [ParNew
Desired survivor size 10452992 bytes, new threshold 1 (max 15)
- age   1:   20904464 bytes,   20904464 total
: 184320K->20416K(184320K), 0.2057295 secs] 11645258K->11585120K(18777864K)After GC:
Statistics for BinaryTreeDictionary:
------------------------------------
Total Free Space: 848263173
Max   Chunk Size: 848243673
Number of Blocks: 76
Av.  Block  Size: 11161357
Tree      Height: 2
, 0.2061725 secs] [Times: user=1.68 sys=0.11, real=0.20 secs] 
2021-07-18T02:35:08.670+1000: 151.821: Total time for which application threads were stopped: 0.2116973 seconds, Stopping threads took: 0.0035872 seconds
2021-07-18T02:35:08.832+1000: 151.983: Application time: 0.1618465 seconds
2021-07-18T02:35:08.834+1000: 151.984: [GC (Allocation Failure) Before GC:
Statistics for BinaryTreeDictionary:
------------------------------------
Total Free Space: 848263173
Max   Chunk Size: 848243673
Number of Blocks: 76
Av.  Block  Size: 11161357
Tree      Height: 2
2021-07-18T02:35:08.834+1000: 151.984: [ParNew
Desired survivor size 10452992 bytes, new threshold 1 (max 15)
- age   1:   20904320 bytes,   20904320 total
: 184320K->20416K(184320K), 0.1727428 secs] 11749024K->11677397K(18777864K)After GC:
Statistics for BinaryTreeDictionary:
------------------------------------
Total Free Space: 838758545
Max   Chunk Size: 838739305
Number of Blocks: 75
Av.  Block  Size: 11183447
Tree      Height: 2
, 0.1730949 secs] [Times: user=1.87 sys=0.07, real=0.17 secs] 
2021-07-18T02:35:09.007+1000: 152.158: Total time for which application threads were stopped: 0.1748734 seconds, Stopping threads took: 0.0005050 seconds
2021-07-18T02:35:09.251+1000: 152.402: Application time: 0.2440973 seconds
2021-07-18T02:35:09.268+1000: 152.418: [GC (Allocation Failure) Before GC:
Statistics for BinaryTreeDictionary:
------------------------------------
Total Free Space: 838758545
Max   Chunk Size: 838739305
Number of Blocks: 75
Av.  Block  Size: 11183447
Tree      Height: 2
2021-07-18T02:35:09.268+1000: 152.418: [ParNew
Desired survivor size 10452992 bytes, new threshold 1 (max 15)
- age   1:   20902624 bytes,   20902624 total
: 184320K->20416K(184320K), 0.2651566 secs] 11841301K->11774678K(18777864K)After GC:
Statistics for BinaryTreeDictionary:
------------------------------------
Total Free Space: 827010835
Max   Chunk Size: 826992375
Number of Blocks: 72
Av.  Block  Size: 11486261
Tree      Height: 2
, 0.2655465 secs] [Times: user=1.52 sys=0.12, real=0.26 secs] 
2021-07-18T02:35:09.533+1000: 152.684: Total time for which application threads were stopped: 0.2824286 seconds, Stopping threads took: 0.0153485 seconds
2021-07-18T02:35:09.687+1000: 152.837: Application time: 0.1530819 seconds
2021-07-18T02:35:09.799+1000: 152.950: [GC (Allocation Failure) Before GC:
Statistics for BinaryTreeDictionary:
------------------------------------
Total Free Space: 793456400
Max   Chunk Size: 793437940
Number of Blocks: 72
Av.  Block  Size: 11020227
Tree      Height: 2
2021-07-18T02:35:09.799+1000: 152.950: [ParNew
Desired survivor size 10452992 bytes, new threshold 1 (max 15)
- age   1:   20903136 bytes,   20903136 total
: 169058K->20416K(184320K), 0.2379825 secs] 12185465K->12126454K(18777864K)After GC:
Statistics for BinaryTreeDictionary:
------------------------------------
Total Free Space: 783216419
Max   Chunk Size: 783198739
Number of Blocks: 69
Av.  Block  Size: 11350962
Tree      Height: 2
, 0.2383790 secs] [Times: user=1.47 sys=0.09, real=0.24 secs] 
2021-07-18T02:35:10.038+1000: 153.188: Total time for which application threads were stopped: 0.3510721 seconds, Stopping threads took: 0.1109790 seconds
2021-07-18T02:35:10.039+1000: 153.189: Application time: 0.0008714 seconds
2021-07-18T02:35:10.045+1000: 153.196: Total time for which application threads were stopped: 0.0065674 seconds, Stopping threads took: 0.0054015 seconds
2021-07-18T02:35:10.449+1000: 153.599: Application time: 0.4034439 seconds
2021-07-18T02:35:10.452+1000: 153.602: [GC (Allocation Failure) Before GC:
Statistics for BinaryTreeDictionary:
------------------------------------
Total Free Space: 783216419
Max   Chunk Size: 783198739
Number of Blocks: 69
Av.  Block  Size: 11350962
Tree      Height: 2
2021-07-18T02:35:10.452+1000: 153.603: [ParNew
Desired survivor size 10452992 bytes, new threshold 1 (max 15)
- age   1:   20905176 bytes,   20905176 total
: 184320K->20416K(184320K), 0.2906635 secs] 12290358K->12285388K(18777864K)After GC:
Statistics for BinaryTreeDictionary:
------------------------------------
Total Free Space: 772809687
Max   Chunk Size: 772792007
Number of Blocks: 69
Av.  Block  Size: 11200140
Tree      Height: 2
, 0.2912138 secs] [Times: user=3.60 sys=0.09, real=0.30 secs] 
2021-07-18T02:35:10.743+1000: 153.894: Total time for which application threads were stopped: 0.2948440 seconds, Stopping threads took: 0.0008195 seconds
2021-07-18T02:35:10.744+1000: 153.895: Application time: 0.0005000 seconds
2021-07-18T02:35:10.745+1000: 153.896: Total time for which application threads were stopped: 0.0015104 seconds, Stopping threads took: 0.0006786 seconds
2021-07-18T02:35:10.950+1000: 154.101: Application time: 0.2045080 seconds
2021-07-18T02:35:10.960+1000: 154.111: [GC (Allocation Failure) Before GC:
Statistics for BinaryTreeDictionary:
------------------------------------
Total Free Space: 772809687
Max   Chunk Size: 772792007
Number of Blocks: 69
Av.  Block  Size: 11200140
Tree      Height: 2
2021-07-18T02:35:10.961+1000: 154.111: [ParNew
Desired survivor size 10452992 bytes, new threshold 1 (max 15)
- age   1:   20905120 bytes,   20905120 total
: 158979K->20416K(184320K), 0.1876685 secs] 12423951K->12383027K(18777864K)After GC:
Statistics for BinaryTreeDictionary:
------------------------------------
Total Free Space: 765062399
Max   Chunk Size: 765044719
Number of Blocks: 69
Av.  Block  Size: 11087860
Tree      Height: 2
, 0.1880435 secs] [Times: user=1.90 sys=0.07, real=0.19 secs] 
2021-07-18T02:35:11.149+1000: 154.299: Total time for which application threads were stopped: 0.1988636 seconds, Stopping threads took: 0.0092655 seconds
2021-07-18T02:35:11.244+1000: 154.395: Application time: 0.0951007 seconds
2021-07-18T02:35:11.246+1000: 154.397: [GC (Allocation Failure) Before GC:
Statistics for BinaryTreeDictionary:
------------------------------------
Total Free Space: 765062399
Max   Chunk Size: 765044719
Number of Blocks: 69
Av.  Block  Size: 11087860
Tree      Height: 2
2021-07-18T02:35:11.247+1000: 154.398: [ParNew
Desired survivor size 10452992 bytes, new threshold 1 (max 15)
- age   1:   20280208 bytes,   20280208 total
: 184320K->20416K(184320K), 0.2097570 secs] 12546931K->12519399K(18777864K)After GC:
Statistics for BinaryTreeDictionary:
------------------------------------
Total Free Space: 748054683
Max   Chunk Size: 748037003
Number of Blocks: 69
Av.  Block  Size: 10841372
Tree      Height: 2
, 0.2109802 secs] [Times: user=2.32 sys=0.12, real=0.21 secs] 
2021-07-18T02:35:11.458+1000: 154.608: Total time for which application threads were stopped: 0.2137772 seconds, Stopping threads took: 0.0006403 seconds
2021-07-18T02:35:11.671+1000: 154.821: Application time: 0.2131084 seconds
2021-07-18T02:35:11.674+1000: 154.825: [GC (Allocation Failure) Before GC:
Statistics for BinaryTreeDictionary:
------------------------------------
Total Free Space: 748054683
Max   Chunk Size: 748037003
Number of Blocks: 69
Av.  Block  Size: 10841372
Tree      Height: 2
2021-07-18T02:35:11.675+1000: 154.825: [ParNew
Desired survivor size 10452992 bytes, new threshold 1 (max 15)
- age   1:   20904712 bytes,   20904712 total
: 184320K->20416K(184320K), 0.4235510 secs] 12683303K->12616699K(18777864K)After GC:
Statistics for BinaryTreeDictionary:
------------------------------------
Total Free Space: 737242865
Max   Chunk Size: 737225445
Number of Blocks: 68
Av.  Block  Size: 10841806
Tree      Height: 2
, 0.4239014 secs] [Times: user=1.53 sys=0.09, real=0.42 secs] 
2021-07-18T02:35:12.099+1000: 155.249: Total time for which application threads were stopped: 0.4277268 seconds, Stopping threads took: 0.0010114 seconds
2021-07-18T02:35:12.101+1000: 155.252: Application time: 0.0029504 seconds
2021-07-18T02:35:12.106+1000: 155.257: Total time for which application threads were stopped: 0.0048194 seconds, Stopping threads took: 0.0038217 seconds
2021-07-18T02:35:12.259+1000: 155.409: Application time: 0.1523680 seconds
2021-07-18T02:35:12.261+1000: 155.412: [GC (Allocation Failure) Before GC:
Statistics for BinaryTreeDictionary:
------------------------------------
Total Free Space: 737242865
Max   Chunk Size: 737225445
Number of Blocks: 68
Av.  Block  Size: 10841806
Tree      Height: 2
2021-07-18T02:35:12.262+1000: 155.412: [ParNew
Desired survivor size 10452992 bytes, new threshold 1 (max 15)
- age   1:   20904808 bytes,   20904808 total
: 184320K->20416K(184320K), 0.2672057 secs] 12780603K->12738438K(18777864K)After GC:
Statistics for BinaryTreeDictionary:
------------------------------------
Total Free Space: 722674018
Max   Chunk Size: 722656858
Number of Blocks: 67
Av.  Block  Size: 10786179
Tree      Height: 2
, 0.2676251 secs] [Times: user=1.58 sys=0.11, real=0.27 secs] 
2021-07-18T02:35:12.529+1000: 155.680: Total time for which application threads were stopped: 0.2706759 seconds, Stopping threads took: 0.0005490 seconds
2021-07-18T02:35:12.621+1000: 155.771: Application time: 0.0913653 seconds
2021-07-18T02:35:12.622+1000: 155.773: [GC (Allocation Failure) Before GC:
Statistics for BinaryTreeDictionary:
------------------------------------
Total Free Space: 722674018
Max   Chunk Size: 722656858
Number of Blocks: 67
Av.  Block  Size: 10786179
Tree      Height: 2
2021-07-18T02:35:12.622+1000: 155.773: [ParNew
Desired survivor size 10452992 bytes, new threshold 1 (max 15)
- age   1:   20904968 bytes,   20904968 total
: 180969K->20416K(184320K), 0.2425572 secs] 12898992K->12859664K(18777864K)After GC:
Statistics for BinaryTreeDictionary:
------------------------------------
Total Free Space: 708665033
Max   Chunk Size: 708648133
Number of Blocks: 66
Av.  Block  Size: 10737348
Tree      Height: 2
, 0.2428811 secs] [Times: user=2.45 sys=0.09, real=0.24 secs] 
2021-07-18T02:35:12.865+1000: 156.016: Total time for which application threads were stopped: 0.2446489 seconds, Stopping threads took: 0.0004791 seconds
2021-07-18T02:35:13.006+1000: 156.157: Application time: 0.1411070 seconds
2021-07-18T02:35:13.023+1000: 156.174: [GC (Allocation Failure) Before GC:
Statistics for BinaryTreeDictionary:
------------------------------------
Total Free Space: 708665033
Max   Chunk Size: 708648133
Number of Blocks: 66
Av.  Block  Size: 10737348
Tree      Height: 2
2021-07-18T02:35:13.023+1000: 156.174: [ParNew
Desired survivor size 10452992 bytes, new threshold 1 (max 15)
- age   1:   20904184 bytes,   20904184 total
: 184320K->20416K(184320K), 0.2765878 secs] 13023568K->12968686K(18777864K)After GC:
Statistics for BinaryTreeDictionary:
------------------------------------
Total Free Space: 696341107
Max   Chunk Size: 696325247
Number of Blocks: 62
Av.  Block  Size: 11231308
Tree      Height: 2
, 0.2769371 secs] [Times: user=1.79 sys=0.10, real=0.27 secs] 
2021-07-18T02:35:13.300+1000: 156.451: Total time for which application threads were stopped: 0.2937999 seconds, Stopping threads took: 0.0155701 seconds
2021-07-18T02:35:13.455+1000: 156.606: Application time: 0.1551819 seconds
2021-07-18T02:35:13.458+1000: 156.608: [GC (Allocation Failure) Before GC:
Statistics for BinaryTreeDictionary:
------------------------------------
Total Free Space: 696341107
Max   Chunk Size: 696325247
Number of Blocks: 62
Av.  Block  Size: 11231308
Tree      Height: 2
2021-07-18T02:35:13.458+1000: 156.608: [ParNew
Desired survivor size 10452992 bytes, new threshold 1 (max 15)
- age   1:   20904792 bytes,   20904792 total
: 184320K->20416K(184320K), 0.2026010 secs] 13132590K->13082620K(18777864K)After GC:
Statistics for BinaryTreeDictionary:
------------------------------------
Total Free Space: 683049434
Max   Chunk Size: 683034354
Number of Blocks: 59
Av.  Block  Size: 11577109
Tree      Height: 2
, 0.2029499 secs] [Times: user=1.52 sys=0.16, real=0.20 secs] 
2021-07-18T02:35:13.661+1000: 156.812: Total time for which application threads were stopped: 0.2055321 seconds, Stopping threads took: 0.0009234 seconds
2021-07-18T02:35:13.772+1000: 156.923: Application time: 0.1110321 seconds
2021-07-18T02:35:13.775+1000: 156.925: [GC (Allocation Failure) Before GC:
Statistics for BinaryTreeDictionary:
------------------------------------
Total Free Space: 683049434
Max   Chunk Size: 683034354
Number of Blocks: 59
Av.  Block  Size: 11577109
Tree      Height: 2
2021-07-18T02:35:13.775+1000: 156.925: [ParNew
Desired survivor size 10452992 bytes, new threshold 1 (max 15)
- age   1:   20905712 bytes,   20905712 total
: 184320K->20416K(184320K), 0.2255717 secs] 13246524K->13203315K(18777864K)After GC:
Statistics for BinaryTreeDictionary:
------------------------------------
Total Free Space: 669491278
Max   Chunk Size: 669476718
Number of Blocks: 57
Av.  Block  Size: 11745461
Tree      Height: 2
, 0.2259078 secs] [Times: user=1.44 sys=0.19, real=0.22 secs] 
2021-07-18T02:35:14.001+1000: 157.152: Total time for which application threads were stopped: 0.2288610 seconds, Stopping threads took: 0.0016812 seconds
2021-07-18T02:35:14.003+1000: 157.153: Application time: 0.0017344 seconds
2021-07-18T02:35:14.004+1000: 157.155: Total time for which application threads were stopped: 0.0016683 seconds, Stopping threads took: 0.0004782 seconds
2021-07-18T02:35:14.235+1000: 157.386: Application time: 0.2307608 seconds
2021-07-18T02:35:14.237+1000: 157.387: [GC (Allocation Failure) Before GC:
Statistics for BinaryTreeDictionary:
------------------------------------
Total Free Space: 669491278
Max   Chunk Size: 669476718
Number of Blocks: 57
Av.  Block  Size: 11745461
Tree      Height: 2
2021-07-18T02:35:14.237+1000: 157.388: [ParNew
Desired survivor size 10452992 bytes, new threshold 1 (max 15)
- age   1:   20901000 bytes,   20901000 total
: 184320K->20416K(184320K), 0.2792974 secs] 13367219K->13293524K(18777864K)After GC:
Statistics for BinaryTreeDictionary:
------------------------------------
Total Free Space: 658936417
Max   Chunk Size: 658922117
Number of Blocks: 56
Av.  Block  Size: 11766721
Tree      Height: 2
, 0.2796918 secs] [Times: user=1.40 sys=0.09, real=0.28 secs] 
2021-07-18T02:35:14.517+1000: 157.667: Total time for which application threads were stopped: 0.2817045 seconds, Stopping threads took: 0.0005843 seconds
2021-07-18T02:35:14.715+1000: 157.866: Application time: 0.1985832 seconds
2021-07-18T02:35:14.718+1000: 157.869: [GC (Allocation Failure) Before GC:
Statistics for BinaryTreeDictionary:
------------------------------------
Total Free Space: 658936417
Max   Chunk Size: 658922117
Number of Blocks: 56
Av.  Block  Size: 11766721
Tree      Height: 2
2021-07-18T02:35:14.718+1000: 157.869: [ParNew
Desired survivor size 10452992 bytes, new threshold 1 (max 15)
- age   1:   20904440 bytes,   20904440 total
: 184320K->20416K(184320K), 0.1980219 secs] 13457428K->13376478K(18777864K)After GC:
Statistics for BinaryTreeDictionary:
------------------------------------
Total Free Space: 650222578
Max   Chunk Size: 650209058
Number of Blocks: 53
Av.  Block  Size: 12268350
Tree      Height: 2
, 0.1983803 secs] [Times: user=1.69 sys=0.12, real=0.20 secs] 
2021-07-18T02:35:14.917+1000: 158.068: Total time for which application threads were stopped: 0.2014732 seconds, Stopping threads took: 0.0016105 seconds
2021-07-18T02:35:15.122+1000: 158.272: Application time: 0.2048846 seconds
2021-07-18T02:35:15.126+1000: 158.277: [GC (Allocation Failure) Before GC:
Statistics for BinaryTreeDictionary:
------------------------------------
Total Free Space: 650222578
Max   Chunk Size: 650209058
Number of Blocks: 53
Av.  Block  Size: 12268350
Tree      Height: 2
2021-07-18T02:35:15.127+1000: 158.277: [ParNew
Desired survivor size 10452992 bytes, new threshold 1 (max 15)
- age   1:   20905600 bytes,   20905600 total
: 184320K->20416K(184320K), 0.2855831 secs] 13540382K->13504365K(18777864K)After GC:
Statistics for BinaryTreeDictionary:
------------------------------------
Total Free Space: 635389840
Max   Chunk Size: 635377100
Number of Blocks: 50
Av.  Block  Size: 12707796
Tree      Height: 2
, 0.2859866 secs] [Times: user=1.48 sys=0.17, real=0.28 secs] 
2021-07-18T02:35:15.413+1000: 158.563: Total time for which application threads were stopped: 0.2910116 seconds, Stopping threads took: 0.0033636 seconds
2021-07-18T02:35:15.625+1000: 158.775: Application time: 0.2118423 seconds
2021-07-18T02:35:15.627+1000: 158.778: [GC (Allocation Failure) Before GC:
Statistics for BinaryTreeDictionary:
------------------------------------
Total Free Space: 635389840
Max   Chunk Size: 635377100
Number of Blocks: 50
Av.  Block  Size: 12707796
Tree      Height: 2
2021-07-18T02:35:15.628+1000: 158.778: [ParNew
Desired survivor size 10452992 bytes, new threshold 1 (max 15)
- age   1:   20903400 bytes,   20903400 total
: 184320K->20416K(184320K), 0.2214273 secs] 13668269K->13597394K(18777864K)After GC:
Statistics for BinaryTreeDictionary:
------------------------------------
Total Free Space: 626359408
Max   Chunk Size: 626346668
Number of Blocks: 50
Av.  Block  Size: 12527188
Tree      Height: 2
, 0.2217318 secs] [Times: user=1.83 sys=0.12, real=0.22 secs] 
2021-07-18T02:35:15.850+1000: 159.000: Total time for which application threads were stopped: 0.2248576 seconds, Stopping threads took: 0.0018861 seconds
2021-07-18T02:35:15.940+1000: 159.091: Application time: 0.0906349 seconds
2021-07-18T02:35:15.942+1000: 159.093: Total time for which application threads were stopped: 0.0017935 seconds, Stopping threads took: 0.0007222 seconds
2021-07-18T02:35:15.992+1000: 159.142: Application time: 0.0496074 seconds
2021-07-18T02:35:15.993+1000: 159.144: [GC (Allocation Failure) Before GC:
Statistics for BinaryTreeDictionary:
------------------------------------
Total Free Space: 626359408
Max   Chunk Size: 626346668
Number of Blocks: 50
Av.  Block  Size: 12527188
Tree      Height: 2
2021-07-18T02:35:15.993+1000: 159.144: [ParNew
Desired survivor size 10452992 bytes, new threshold 1 (max 15)
- age   1:   20904528 bytes,   20904528 total
: 184320K->20416K(184320K), 0.2256709 secs] 13761298K->13722791K(18777864K)After GC:
Statistics for BinaryTreeDictionary:
------------------------------------
Total Free Space: 611862512
Max   Chunk Size: 611849772
Number of Blocks: 50
Av.  Block  Size: 12237250
Tree      Height: 2
, 0.2259990 secs] [Times: user=2.64 sys=0.12, real=0.23 secs] 
2021-07-18T02:35:16.219+1000: 159.370: Total time for which application threads were stopped: 0.2278282 seconds, Stopping threads took: 0.0005540 seconds
2021-07-18T02:35:16.379+1000: 159.529: Application time: 0.1592524 seconds
2021-07-18T02:35:16.386+1000: 159.537: [GC (Allocation Failure) Before GC:
Statistics for BinaryTreeDictionary:
------------------------------------
Total Free Space: 611862512
Max   Chunk Size: 611849772
Number of Blocks: 50
Av.  Block  Size: 12237250
Tree      Height: 2
2021-07-18T02:35:16.386+1000: 159.537: [ParNew
Desired survivor size 10452992 bytes, new threshold 1 (max 15)
- age   1:   20904760 bytes,   20904760 total
: 184320K->20416K(184320K), 0.2900686 secs] 13886695K->13824953K(18777864K)After GC:
Statistics for BinaryTreeDictionary:
------------------------------------
Total Free Space: 599706324
Max   Chunk Size: 599693584
Number of Blocks: 50
Av.  Block  Size: 11994126
Tree      Height: 2
, 0.2904441 secs] [Times: user=1.88 sys=0.11, real=0.29 secs] 
2021-07-18T02:35:16.677+1000: 159.827: Total time for which application threads were stopped: 0.2981868 seconds, Stopping threads took: 0.0062082 seconds
2021-07-18T02:35:16.857+1000: 160.007: Application time: 0.1798727 seconds
2021-07-18T02:35:16.859+1000: 160.010: [GC (Allocation Failure) Before GC:
Statistics for BinaryTreeDictionary:
------------------------------------
Total Free Space: 599706324
Max   Chunk Size: 599693584
Number of Blocks: 50
Av.  Block  Size: 11994126
Tree      Height: 2
2021-07-18T02:35:16.860+1000: 160.010: [ParNew
Desired survivor size 10452992 bytes, new threshold 1 (max 15)
- age   1:   20904800 bytes,   20904800 total
: 184320K->20416K(184320K), 0.2920698 secs] 13988857K->13925437K(18777864K)After GC:
Statistics for BinaryTreeDictionary:
------------------------------------
Total Free Space: 587085576
Max   Chunk Size: 587072836
Number of Blocks: 50
Av.  Block  Size: 11741711
Tree      Height: 2
, 0.2926014 secs] [Times: user=1.65 sys=0.10, real=0.29 secs] 
2021-07-18T02:35:17.152+1000: 160.303: Total time for which application threads were stopped: 0.2956038 seconds, Stopping threads took: 0.0008131 seconds
2021-07-18T02:35:17.268+1000: 160.419: Application time: 0.1160915 seconds
2021-07-18T02:35:17.270+1000: 160.421: [GC (Allocation Failure) Before GC:
Statistics for BinaryTreeDictionary:
------------------------------------
Total Free Space: 587085576
Max   Chunk Size: 587072836
Number of Blocks: 50
Av.  Block  Size: 11741711
Tree      Height: 2
2021-07-18T02:35:17.271+1000: 160.421: [ParNew
Desired survivor size 10452992 bytes, new threshold 1 (max 15)
- age   1:   20905760 bytes,   20905760 total
: 184320K->20416K(184320K), 0.2964571 secs] 14089341K->14042678K(18777864K)After GC:
Statistics for BinaryTreeDictionary:
------------------------------------
Total Free Space: 571919301
Max   Chunk Size: 571906821
Number of Blocks: 49
Av.  Block  Size: 11671822
Tree      Height: 2
, 0.2968149 secs] [Times: user=2.10 sys=0.12, real=0.30 secs] 
2021-07-18T02:35:17.567+1000: 160.718: Total time for which application threads were stopped: 0.2990649 seconds, Stopping threads took: 0.0008055 seconds
2021-07-18T02:35:17.660+1000: 160.811: Application time: 0.0927600 seconds
2021-07-18T02:35:17.664+1000: 160.814: [GC (Allocation Failure) Before GC:
Statistics for BinaryTreeDictionary:
------------------------------------
Total Free Space: 571919301
Max   Chunk Size: 571906821
Number of Blocks: 49
Av.  Block  Size: 11671822
Tree      Height: 2
2021-07-18T02:35:17.664+1000: 160.815: [ParNew
Desired survivor size 10452992 bytes, new threshold 1 (max 15)
- age   1:   20903768 bytes,   20903768 total
: 184320K->20416K(184320K), 0.3264508 secs] 14206582K->14180570K(18777864K)After GC:
Statistics for BinaryTreeDictionary:
------------------------------------
Total Free Space: 554222456
Max   Chunk Size: 554210236
Number of Blocks: 48
Av.  Block  Size: 11546301
Tree      Height: 2
, 0.3267746 secs] [Times: user=4.26 sys=0.15, real=0.32 secs] 
2021-07-18T02:35:17.991+1000: 161.142: Total time for which application threads were stopped: 0.3306703 seconds, Stopping threads took: 0.0025014 seconds
2021-07-18T02:35:17.992+1000: 161.142: Application time: 0.0005839 seconds
2021-07-18T02:35:17.993+1000: 161.143: Total time for which application threads were stopped: 0.0012612 seconds, Stopping threads took: 0.0004169 seconds
2021-07-18T02:35:18.098+1000: 161.248: Application time: 0.1048016 seconds
2021-07-18T02:35:18.099+1000: 161.250: [GC (Allocation Failure) Before GC:
Statistics for BinaryTreeDictionary:
------------------------------------
Total Free Space: 554222456
Max   Chunk Size: 554210236
Number of Blocks: 48
Av.  Block  Size: 11546301
Tree      Height: 2
2021-07-18T02:35:18.100+1000: 161.251: [ParNew
Desired survivor size 10452992 bytes, new threshold 1 (max 15)
- age   1:   20904360 bytes,   20904360 total
: 184320K->20416K(184320K), 0.1739275 secs] 14344474K->14300906K(18777864K)After GC:
Statistics for BinaryTreeDictionary:
------------------------------------
Total Free Space: 539427286
Max   Chunk Size: 539415066
Number of Blocks: 48
Av.  Block  Size: 11238068
Tree      Height: 2
, 0.1748649 secs] [Times: user=1.45 sys=0.09, real=0.18 secs] 
2021-07-18T02:35:18.275+1000: 161.425: Total time for which application threads were stopped: 0.1770954 seconds, Stopping threads took: 0.0006141 seconds
2021-07-18T02:35:18.424+1000: 161.575: Application time: 0.1492596 seconds
2021-07-18T02:35:18.425+1000: 161.576: [GC (Allocation Failure) Before GC:
Statistics for BinaryTreeDictionary:
------------------------------------
Total Free Space: 539427286
Max   Chunk Size: 539415066
Number of Blocks: 48
Av.  Block  Size: 11238068
Tree      Height: 2
2021-07-18T02:35:18.426+1000: 161.576: [ParNew
Desired survivor size 10452992 bytes, new threshold 1 (max 15)
- age   1:   20904752 bytes,   20904752 total
: 184320K->20416K(184320K), 0.1897606 secs] 14464810K->14409810K(18777864K)After GC:
Statistics for BinaryTreeDictionary:
------------------------------------
Total Free Space: 525842811
Max   Chunk Size: 525831111
Number of Blocks: 46
Av.  Block  Size: 11431365
Tree      Height: 2
, 0.1900765 secs] [Times: user=1.96 sys=0.13, real=0.19 secs] 
2021-07-18T02:35:18.616+1000: 161.766: Total time for which application threads were stopped: 0.1918060 seconds, Stopping threads took: 0.0005331 seconds
2021-07-18T02:35:18.795+1000: 161.946: Application time: 0.1796660 seconds
2021-07-18T02:35:18.797+1000: 161.948: [GC (Allocation Failure) Before GC:
Statistics for BinaryTreeDictionary:
------------------------------------
Total Free Space: 525842811
Max   Chunk Size: 525831111
Number of Blocks: 46
Av.  Block  Size: 11431365
Tree      Height: 2
2021-07-18T02:35:18.797+1000: 161.948: [ParNew
Desired survivor size 10452992 bytes, new threshold 1 (max 15)
- age   1:   20904792 bytes,   20904792 total
: 184320K->20416K(184320K), 0.3096331 secs] 14573714K->14488853K(18777864K)After GC:
Statistics for BinaryTreeDictionary:
------------------------------------
Total Free Space: 516402875
Max   Chunk Size: 516391435
Number of Blocks: 45
Av.  Block  Size: 11475619
Tree      Height: 2
, 0.3099898 secs] [Times: user=1.35 sys=0.09, real=0.31 secs] 
2021-07-18T02:35:19.107+1000: 162.258: Total time for which application threads were stopped: 0.3118297 seconds, Stopping threads took: 0.0005506 seconds
2021-07-18T02:35:19.258+1000: 162.409: Application time: 0.1508971 seconds
2021-07-18T02:35:19.263+1000: 162.413: [GC (Allocation Failure) Before GC:
Statistics for BinaryTreeDictionary:
------------------------------------
Total Free Space: 516402875
Max   Chunk Size: 516391435
Number of Blocks: 45
Av.  Block  Size: 11475619
Tree      Height: 2
2021-07-18T02:35:19.263+1000: 162.414: [ParNew
Desired survivor size 10452992 bytes, new threshold 1 (max 15)
- age   1:   20904752 bytes,   20904752 total
: 183002K->20416K(184320K), 0.2111234 secs] 14651440K->14589495K(18777864K)After GC:
Statistics for BinaryTreeDictionary:
------------------------------------
Total Free Space: 504634242
Max   Chunk Size: 504622802
Number of Blocks: 45
Av.  Block  Size: 11214094
Tree      Height: 2
, 0.2114931 secs] [Times: user=1.51 sys=0.08, real=0.21 secs] 
2021-07-18T02:35:19.475+1000: 162.625: Total time for which application threads were stopped: 0.2164661 seconds, Stopping threads took: 0.0036318 seconds
2021-07-18T02:35:19.622+1000: 162.773: Application time: 0.1478491 seconds
2021-07-18T02:35:19.624+1000: 162.775: [GC (Allocation Failure) Before GC:
Statistics for BinaryTreeDictionary:
------------------------------------
Total Free Space: 504634242
Max   Chunk Size: 504622802
Number of Blocks: 45
Av.  Block  Size: 11214094
Tree      Height: 2
2021-07-18T02:35:19.625+1000: 162.775: [ParNew
Desired survivor size 10452992 bytes, new threshold 1 (max 15)
- age   1:   20905656 bytes,   20905656 total
: 184320K->20416K(184320K), 0.2165236 secs] 14753399K->14683034K(18777864K)After GC:
Statistics for BinaryTreeDictionary:
------------------------------------
Total Free Space: 492338153
Max   Chunk Size: 492327233
Number of Blocks: 43
Av.  Block  Size: 11449724
Tree      Height: 2
, 0.2168572 secs] [Times: user=1.26 sys=0.10, real=0.21 secs] 
2021-07-18T02:35:19.842+1000: 162.992: Total time for which application threads were stopped: 0.2191684 seconds, Stopping threads took: 0.0010287 seconds
2021-07-18T02:35:19.940+1000: 163.090: Application time: 0.0981880 seconds
2021-07-18T02:35:19.942+1000: 163.093: Total time for which application threads were stopped: 0.0021768 seconds, Stopping threads took: 0.0012404 seconds
2021-07-18T02:35:19.972+1000: 163.122: Application time: 0.0295382 seconds
2021-07-18T02:35:19.975+1000: 163.126: [GC (Allocation Failure) Before GC:
Statistics for BinaryTreeDictionary:
------------------------------------
Total Free Space: 492338153
Max   Chunk Size: 492327233
Number of Blocks: 43
Av.  Block  Size: 11449724
Tree      Height: 2
2021-07-18T02:35:19.975+1000: 163.126: [ParNew
Desired survivor size 10452992 bytes, new threshold 1 (max 15)
- age   1:   20902536 bytes,   20902536 total
: 184320K->20416K(184320K), 0.2314272 secs] 14846938K->14780643K(18777864K)After GC:
Statistics for BinaryTreeDictionary:
------------------------------------
Total Free Space: 480132169
Max   Chunk Size: 480122029
Number of Blocks: 40
Av.  Block  Size: 12003304
Tree      Height: 2
, 0.2318199 secs] [Times: user=1.54 sys=0.11, real=0.23 secs] 
2021-07-18T02:35:20.207+1000: 163.358: Total time for which application threads were stopped: 0.2356575 seconds, Stopping threads took: 0.0024041 seconds
2021-07-18T02:35:20.374+1000: 163.525: Application time: 0.1668605 seconds
2021-07-18T02:35:20.376+1000: 163.526: [GC (Allocation Failure) Before GC:
Statistics for BinaryTreeDictionary:
------------------------------------
Total Free Space: 480132169
Max   Chunk Size: 480122029
Number of Blocks: 40
Av.  Block  Size: 12003304
Tree      Height: 2
2021-07-18T02:35:20.376+1000: 163.526: [ParNew
Desired survivor size 10452992 bytes, new threshold 1 (max 15)
- age   1:   20904088 bytes,   20904088 total
: 184320K->20416K(184320K), 0.1735971 secs] 14944547K->14863130K(18777864K)After GC:
Statistics for BinaryTreeDictionary:
------------------------------------
Total Free Space: 469044948
Max   Chunk Size: 469035328
Number of Blocks: 38
Av.  Block  Size: 12343288
Tree      Height: 2
, 0.1739835 secs] [Times: user=1.41 sys=0.06, real=0.17 secs] 
2021-07-18T02:35:20.550+1000: 163.701: Total time for which application threads were stopped: 0.1760457 seconds, Stopping threads took: 0.0005471 seconds
2021-07-18T02:35:20.792+1000: 163.943: Application time: 0.2420967 seconds
2021-07-18T02:35:20.794+1000: 163.945: [GC (Allocation Failure) Before GC:
Statistics for BinaryTreeDictionary:
------------------------------------
Total Free Space: 469044948
Max   Chunk Size: 469035328
Number of Blocks: 38
Av.  Block  Size: 12343288
Tree      Height: 2
2021-07-18T02:35:20.794+1000: 163.945: [ParNew
Desired survivor size 10452992 bytes, new threshold 1 (max 15)
- age   1:   20903656 bytes,   20903656 total
: 184320K->20416K(184320K), 0.2223430 secs] 15027034K->14957199K(18777864K)After GC:
Statistics for BinaryTreeDictionary:
------------------------------------
Total Free Space: 458388938
Max   Chunk Size: 458380358
Number of Blocks: 34
Av.  Block  Size: 13482027
Tree      Height: 2
, 0.2227330 secs] [Times: user=2.05 sys=0.14, real=0.22 secs] 
2021-07-18T02:35:21.017+1000: 164.168: Total time for which application threads were stopped: 0.2249702 seconds, Stopping threads took: 0.0006384 seconds
2021-07-18T02:35:21.149+1000: 164.300: Application time: 0.1318727 seconds
2021-07-18T02:35:21.151+1000: 164.302: [GC (Allocation Failure) Before GC:
Statistics for BinaryTreeDictionary:
------------------------------------
Total Free Space: 458388938
Max   Chunk Size: 458380358
Number of Blocks: 34
Av.  Block  Size: 13482027
Tree      Height: 2
2021-07-18T02:35:21.151+1000: 164.302: [ParNew
Desired survivor size 10452992 bytes, new threshold 1 (max 15)
- age   1:   20904560 bytes,   20904560 total
: 184320K->20416K(184320K), 0.2632010 secs] 15121103K->15046039K(18777864K)After GC:
Statistics for BinaryTreeDictionary:
------------------------------------
Total Free Space: 447190165
Max   Chunk Size: 447182625
Number of Blocks: 30
Av.  Block  Size: 14906338
Tree      Height: 2
, 0.2635372 secs] [Times: user=1.79 sys=0.15, real=0.27 secs] 
2021-07-18T02:35:21.415+1000: 164.565: Total time for which application threads were stopped: 0.2657235 seconds, Stopping threads took: 0.0008295 seconds
2021-07-18T02:35:21.595+1000: 164.745: Application time: 0.1798225 seconds
2021-07-18T02:35:21.597+1000: 164.747: [GC (Allocation Failure) Before GC:
Statistics for BinaryTreeDictionary:
------------------------------------
Total Free Space: 447190165
Max   Chunk Size: 447182625
Number of Blocks: 30
Av.  Block  Size: 14906338
Tree      Height: 2
2021-07-18T02:35:21.597+1000: 164.747: [ParNew
Desired survivor size 10452992 bytes, new threshold 1 (max 15)
- age   1:   20904928 bytes,   20904928 total
: 184320K->20416K(184320K), 0.2097969 secs] 15209943K->15137476K(18777864K)After GC:
Statistics for BinaryTreeDictionary:
------------------------------------
Total Free Space: 436315487
Max   Chunk Size: 436308207
Number of Blocks: 29
Av.  Block  Size: 15045361
Tree      Height: 2
, 0.2101075 secs] [Times: user=1.49 sys=0.08, real=0.21 secs] 
2021-07-18T02:35:21.807+1000: 164.958: Total time for which application threads were stopped: 0.2123399 seconds, Stopping threads took: 0.0009957 seconds
2021-07-18T02:35:21.940+1000: 165.090: Application time: 0.1327826 seconds
2021-07-18T02:35:21.942+1000: 165.092: Total time for which application threads were stopped: 0.0020459 seconds, Stopping threads took: 0.0008576 seconds
2021-07-18T02:35:21.995+1000: 165.146: Application time: 0.0531544 seconds
2021-07-18T02:35:22.001+1000: 165.152: [GC (Allocation Failure) Before GC:
Statistics for BinaryTreeDictionary:
------------------------------------
Total Free Space: 436315487
Max   Chunk Size: 436308207
Number of Blocks: 29
Av.  Block  Size: 15045361
Tree      Height: 2
2021-07-18T02:35:22.002+1000: 165.152: [ParNew
Desired survivor size 10452992 bytes, new threshold 1 (max 15)
- age   1:   20904736 bytes,   20904736 total
: 183877K->20416K(184320K), 0.2134238 secs] 15300938K->15225709K(18777864K)After GC:
Statistics for BinaryTreeDictionary:
------------------------------------
Total Free Space: 425648422
Max   Chunk Size: 425641142
Number of Blocks: 29
Av.  Block  Size: 14677531
Tree      Height: 2
, 0.2139538 secs] [Times: user=1.48 sys=0.10, real=0.22 secs] 
2021-07-18T02:35:22.216+1000: 165.366: Total time for which application threads were stopped: 0.2207132 seconds, Stopping threads took: 0.0051851 seconds
2021-07-18T02:35:22.430+1000: 165.581: Application time: 0.2145366 seconds
2021-07-18T02:35:22.432+1000: 165.583: [GC (Allocation Failure) Before GC:
Statistics for BinaryTreeDictionary:
------------------------------------
Total Free Space: 425648422
Max   Chunk Size: 425641142
Number of Blocks: 29
Av.  Block  Size: 14677531
Tree      Height: 2
2021-07-18T02:35:22.432+1000: 165.583: [ParNew
Desired survivor size 10452992 bytes, new threshold 1 (max 15)
- age   1:   20904520 bytes,   20904520 total
: 184320K->20416K(184320K), 0.2154764 secs] 15389613K->15319159K(18777864K)After GC:
Statistics for BinaryTreeDictionary:
------------------------------------
Total Free Space: 414545353
Max   Chunk Size: 414538333
Number of Blocks: 28
Av.  Block  Size: 14805191
Tree      Height: 2
, 0.2158354 secs] [Times: user=1.33 sys=0.08, real=0.22 secs] 
2021-07-18T02:35:22.648+1000: 165.799: Total time for which application threads were stopped: 0.2180208 seconds, Stopping threads took: 0.0005353 seconds
2021-07-18T02:35:22.824+1000: 165.975: Application time: 0.1760299 seconds
2021-07-18T02:35:22.841+1000: 165.992: [GC (Allocation Failure) Before GC:
Statistics for BinaryTreeDictionary:
------------------------------------
Total Free Space: 414545353
Max   Chunk Size: 414538333
Number of Blocks: 28
Av.  Block  Size: 14805191
Tree      Height: 2
2021-07-18T02:35:22.841+1000: 165.992: [ParNew
Desired survivor size 10452992 bytes, new threshold 1 (max 15)
- age   1:   20904936 bytes,   20904936 total
: 184320K->20416K(184320K), 0.2625019 secs] 15483063K->15404571K(18777864K)After GC:
Statistics for BinaryTreeDictionary:
------------------------------------
Total Free Space: 403570786
Max   Chunk Size: 403564286
Number of Blocks: 26
Av.  Block  Size: 15521953
Tree      Height: 2
, 0.2628577 secs] [Times: user=1.30 sys=0.12, real=0.27 secs] 
2021-07-18T02:35:23.104+1000: 166.255: Total time for which application threads were stopped: 0.2800162 seconds, Stopping threads took: 0.0158367 seconds
2021-07-18T02:35:23.226+1000: 166.377: Application time: 0.1220269 seconds
2021-07-18T02:35:23.229+1000: 166.379: [GC (Allocation Failure) Before GC:
Statistics for BinaryTreeDictionary:
------------------------------------
Total Free Space: 403570786
Max   Chunk Size: 403564286
Number of Blocks: 26
Av.  Block  Size: 15521953
Tree      Height: 2
2021-07-18T02:35:23.229+1000: 166.380: [ParNew
Desired survivor size 10452992 bytes, new threshold 1 (max 15)
- age   1:   20904480 bytes,   20904480 total
: 173039K->20416K(184320K), 0.2085703 secs] 15557195K->15479182K(18777864K)After GC:
Statistics for BinaryTreeDictionary:
------------------------------------
Total Free Space: 394272638
Max   Chunk Size: 394267178
Number of Blocks: 22
Av.  Block  Size: 17921483
Tree      Height: 2
, 0.2089247 secs] [Times: user=1.42 sys=0.08, real=0.21 secs] 
2021-07-18T02:35:23.438+1000: 166.589: Total time for which application threads were stopped: 0.2117326 seconds, Stopping threads took: 0.0012019 seconds
2021-07-18T02:35:23.477+1000: 166.627: Application time: 0.0387874 seconds
2021-07-18T02:35:23.480+1000: 166.631: [GC (Allocation Failure) Before GC:
Statistics for BinaryTreeDictionary:
------------------------------------
Total Free Space: 394272638
Max   Chunk Size: 394267178
Number of Blocks: 22
Av.  Block  Size: 17921483
Tree      Height: 2
2021-07-18T02:35:23.480+1000: 166.631: [ParNew
Desired survivor size 10452992 bytes, new threshold 1 (max 15)
- age   1:   19731232 bytes,   19731232 total
: 184320K->20416K(184320K), 0.2364085 secs] 15643086K->15628673K(18777864K)After GC:
Statistics for BinaryTreeDictionary:
------------------------------------
Total Free Space: 374945639
Max   Chunk Size: 374940439
Number of Blocks: 21
Av.  Block  Size: 17854554
Tree      Height: 2
, 0.2367376 secs] [Times: user=2.82 sys=0.14, real=0.24 secs] 
2021-07-18T02:35:23.717+1000: 166.868: Total time for which application threads were stopped: 0.2403528 seconds, Stopping threads took: 0.0019815 seconds
2021-07-18T02:35:23.853+1000: 167.003: Application time: 0.1355084 seconds
2021-07-18T02:35:23.863+1000: 167.014: [GC (Allocation Failure) Before GC:
Statistics for BinaryTreeDictionary:
------------------------------------
Total Free Space: 374945639
Max   Chunk Size: 374940439
Number of Blocks: 21
Av.  Block  Size: 17854554
Tree      Height: 2
2021-07-18T02:35:23.863+1000: 167.014: [ParNew
Desired survivor size 10452992 bytes, new threshold 1 (max 15)
- age   1:   20904424 bytes,   20904424 total
: 184320K->20416K(184320K), 0.2136539 secs] 15792577K->15704438K(18777864K)After GC:
Statistics for BinaryTreeDictionary:
------------------------------------
Total Free Space: 365434008
Max   Chunk Size: 365429068
Number of Blocks: 20
Av.  Block  Size: 18271700
Tree      Height: 2
, 0.2140832 secs] [Times: user=1.56 sys=0.11, real=0.21 secs] 
2021-07-18T02:35:24.078+1000: 167.228: Total time for which application threads were stopped: 0.2249475 seconds, Stopping threads took: 0.0093638 seconds
2021-07-18T02:35:24.080+1000: 167.230: Application time: 0.0020810 seconds
2021-07-18T02:35:24.081+1000: 167.232: Total time for which application threads were stopped: 0.0017504 seconds, Stopping threads took: 0.0004837 seconds
2021-07-18T02:35:24.233+1000: 167.384: Application time: 0.1514535 seconds
2021-07-18T02:35:24.234+1000: 167.385: [GC (Allocation Failure) Before GC:
Statistics for BinaryTreeDictionary:
------------------------------------
Total Free Space: 365434008
Max   Chunk Size: 365429068
Number of Blocks: 20
Av.  Block  Size: 18271700
Tree      Height: 2
2021-07-18T02:35:24.235+1000: 167.385: [ParNew
Desired survivor size 10452992 bytes, new threshold 1 (max 15)
- age   1:   20904752 bytes,   20904752 total
: 184320K->20416K(184320K), 0.2630693 secs] 15868342K->15801012K(18777864K)After GC:
Statistics for BinaryTreeDictionary:
------------------------------------
Total Free Space: 352679441
Max   Chunk Size: 352674761
Number of Blocks: 19
Av.  Block  Size: 18562075
Tree      Height: 2
, 0.2633767 secs] [Times: user=1.39 sys=0.08, real=0.26 secs] 
2021-07-18T02:35:24.498+1000: 167.649: Total time for which application threads were stopped: 0.2651784 seconds, Stopping threads took: 0.0005356 seconds
2021-07-18T02:35:24.628+1000: 167.779: Application time: 0.1297832 seconds
2021-07-18T02:35:24.645+1000: 167.795: [GC (Allocation Failure) Before GC:
Statistics for BinaryTreeDictionary:
------------------------------------
Total Free Space: 352679441
Max   Chunk Size: 352674761
Number of Blocks: 19
Av.  Block  Size: 18562075
Tree      Height: 2
2021-07-18T02:35:24.645+1000: 167.796: [ParNew
Desired survivor size 10452992 bytes, new threshold 1 (max 15)
- age   1:   20904920 bytes,   20904920 total
: 184320K->20416K(184320K), 0.3471189 secs] 15964916K->15909253K(18777864K)After GC:
Statistics for BinaryTreeDictionary:
------------------------------------
Total Free Space: 338980693
Max   Chunk Size: 338976793
Number of Blocks: 16
Av.  Block  Size: 21186293
Tree      Height: 2
, 0.3477110 secs] [Times: user=1.50 sys=0.08, real=0.34 secs] 
2021-07-18T02:35:24.993+1000: 168.143: Total time for which application threads were stopped: 0.3647632 seconds, Stopping threads took: 0.0155082 seconds
2021-07-18T02:35:24.993+1000: 168.144: Application time: 0.0002973 seconds
2021-07-18T02:35:24.995+1000: 168.146: Total time for which application threads were stopped: 0.0024223 seconds, Stopping threads took: 0.0015859 seconds
2021-07-18T02:35:24.996+1000: 168.147: Application time: 0.0010704 seconds
2021-07-18T02:35:24.997+1000: 168.148: [GC (CMS Initial Mark) [1 CMS-initial-mark: 15888837K(18593544K)] 15910752K(18777864K), 0.0265735 secs] [Times: user=0.03 sys=0.00, real=0.03 secs] 
2021-07-18T02:35:25.024+1000: 168.175: Total time for which application threads were stopped: 0.0279489 seconds, Stopping threads took: 0.0003108 seconds
2021-07-18T02:35:25.025+1000: 168.175: [CMS-concurrent-mark-start]
2021-07-18T02:35:25.184+1000: 168.335: Application time: 0.1600132 seconds
2021-07-18T02:35:25.189+1000: 168.339: [GC (Allocation Failure) Before GC:
Statistics for BinaryTreeDictionary:
------------------------------------
Total Free Space: 338980693
Max   Chunk Size: 338976793
Number of Blocks: 16
Av.  Block  Size: 21186293
Tree      Height: 2
2021-07-18T02:35:25.189+1000: 168.339: [ParNew
Desired survivor size 10452992 bytes, new threshold 1 (max 15)
- age   1:   20879776 bytes,   20879776 total
: 184320K->20416K(184320K), 0.2395380 secs] 16073157K->15995198K(18777864K)After GC:
Statistics for BinaryTreeDictionary:
------------------------------------
Total Free Space: 328249851
Max   Chunk Size: 328245951
Number of Blocks: 16
Av.  Block  Size: 20515615
Tree      Height: 2
, 0.2399580 secs] [Times: user=1.69 sys=0.05, real=0.24 secs] 
2021-07-18T02:35:25.429+1000: 168.579: Total time for which application threads were stopped: 0.2443436 seconds, Stopping threads took: 0.0027932 seconds
2021-07-18T02:35:25.578+1000: 168.728: Application time: 0.1489675 seconds
2021-07-18T02:35:25.579+1000: 168.730: [GC (Allocation Failure) Before GC:
Statistics for BinaryTreeDictionary:
------------------------------------
Total Free Space: 328249851
Max   Chunk Size: 328245951
Number of Blocks: 16
Av.  Block  Size: 20515615
Tree      Height: 2
2021-07-18T02:35:25.580+1000: 168.730: [ParNew
Desired survivor size 10452992 bytes, new threshold 1 (max 15)
- age   1:   20904824 bytes,   20904824 total
: 184320K->20416K(184320K), 0.3765860 secs] 16159102K->16101248K(18777864K)After GC:
Statistics for BinaryTreeDictionary:
------------------------------------
Total Free Space: 314267448
Max   Chunk Size: 314263808
Number of Blocks: 15
Av.  Block  Size: 20951163
Tree      Height: 2
, 0.3769233 secs] [Times: user=1.55 sys=0.12, real=0.38 secs] 
2021-07-18T02:35:25.957+1000: 169.107: Total time for which application threads were stopped: 0.3787973 seconds, Stopping threads took: 0.0006232 seconds
2021-07-18T02:35:25.964+1000: 169.115: Application time: 0.0074011 seconds
2021-07-18T02:35:25.966+1000: 169.116: Total time for which application threads were stopped: 0.0016413 seconds, Stopping threads took: 0.0006364 seconds
2021-07-18T02:35:26.074+1000: 169.224: Application time: 0.1081251 seconds
2021-07-18T02:35:26.077+1000: 169.228: [GC (Allocation Failure) Before GC:
Statistics for BinaryTreeDictionary:
------------------------------------
Total Free Space: 314267448
Max   Chunk Size: 314263808
Number of Blocks: 15
Av.  Block  Size: 20951163
Tree      Height: 2
2021-07-18T02:35:26.077+1000: 169.228: [ParNew
Desired survivor size 10452992 bytes, new threshold 1 (max 15)
- age   1:   20905424 bytes,   20905424 total
: 184320K->20416K(184320K), 0.1942613 secs] 16265152K->16200682K(18777864K)After GC:
Statistics for BinaryTreeDictionary:
------------------------------------
Total Free Space: 301487015
Max   Chunk Size: 301483375
Number of Blocks: 15
Av.  Block  Size: 20099134
Tree      Height: 2
, 0.1946342 secs] [Times: user=1.30 sys=0.09, real=0.19 secs] 
2021-07-18T02:35:26.272+1000: 169.423: Total time for which application threads were stopped: 0.1984826 seconds, Stopping threads took: 0.0016616 seconds
2021-07-18T02:35:26.539+1000: 169.689: Application time: 0.2662933 seconds
2021-07-18T02:35:26.540+1000: 169.691: [GC (Allocation Failure) Before GC:
Statistics for BinaryTreeDictionary:
------------------------------------
Total Free Space: 301487015
Max   Chunk Size: 301483375
Number of Blocks: 15
Av.  Block  Size: 20099134
Tree      Height: 2
2021-07-18T02:35:26.540+1000: 169.691: [ParNew
Desired survivor size 10452992 bytes, new threshold 1 (max 15)
- age   1:   20890848 bytes,   20890848 total
: 184320K->20416K(184320K), 0.1729733 secs] 16364586K->16295079K(18777864K)After GC:
Statistics for BinaryTreeDictionary:
------------------------------------
Total Free Space: 290166914
Max   Chunk Size: 290163274
Number of Blocks: 15
Av.  Block  Size: 19344460
Tree      Height: 2
, 0.1733842 secs] [Times: user=1.68 sys=0.11, real=0.18 secs] 
2021-07-18T02:35:26.714+1000: 169.865: Total time for which application threads were stopped: 0.1755796 seconds, Stopping threads took: 0.0005614 seconds
2021-07-18T02:35:26.898+1000: 170.048: Application time: 0.1835008 seconds
2021-07-18T02:35:26.912+1000: 170.063: [GC (Allocation Failure) Before GC:
Statistics for BinaryTreeDictionary:
------------------------------------
Total Free Space: 290166914
Max   Chunk Size: 290163274
Number of Blocks: 15
Av.  Block  Size: 19344460
Tree      Height: 2
2021-07-18T02:35:26.912+1000: 170.063: [ParNew
Desired survivor size 10452992 bytes, new threshold 1 (max 15)
- age   1:   20904888 bytes,   20904888 total
: 184320K->20416K(184320K), 0.3007808 secs] 16458983K->16386886K(18777864K)After GC:
Statistics for BinaryTreeDictionary:
------------------------------------
Total Free Space: 277533227
Max   Chunk Size: 277530107
Number of Blocks: 13
Av.  Block  Size: 21348709
Tree      Height: 2
, 0.3012139 secs] [Times: user=1.48 sys=0.07, real=0.30 secs] 
2021-07-18T02:35:27.213+1000: 170.364: Total time for which application threads were stopped: 0.3158121 seconds, Stopping threads took: 0.0129970 seconds
2021-07-18T02:35:27.405+1000: 170.555: Application time: 0.1912054 seconds
2021-07-18T02:35:27.409+1000: 170.559: [GC (Allocation Failure) Before GC:
Statistics for BinaryTreeDictionary:
------------------------------------
Total Free Space: 277533227
Max   Chunk Size: 277530107
Number of Blocks: 13
Av.  Block  Size: 21348709
Tree      Height: 2
2021-07-18T02:35:27.409+1000: 170.560: [ParNew
Desired survivor size 10452992 bytes, new threshold 1 (max 15)
- age   1:   20889432 bytes,   20889432 total
: 184320K->20416K(184320K), 0.2401505 secs] 16550790K->16492241K(18777864K)After GC:
Statistics for BinaryTreeDictionary:
------------------------------------
Total Free Space: 264698158
Max   Chunk Size: 264695038
Number of Blocks: 13
Av.  Block  Size: 20361396
Tree      Height: 2
, 0.2405999 secs] [Times: user=1.85 sys=0.10, real=0.24 secs] 
2021-07-18T02:35:27.650+1000: 170.800: Total time for which application threads were stopped: 0.2450091 seconds, Stopping threads took: 0.0025808 seconds
2021-07-18T02:35:27.787+1000: 170.938: Application time: 0.1377826 seconds
2021-07-18T02:35:27.791+1000: 170.942: [GC (Allocation Failure) Before GC:
Statistics for BinaryTreeDictionary:
------------------------------------
Total Free Space: 264698158
Max   Chunk Size: 264695038
Number of Blocks: 13
Av.  Block  Size: 20361396
Tree      Height: 2
2021-07-18T02:35:27.791+1000: 170.942: [ParNew
Desired survivor size 10452992 bytes, new threshold 1 (max 15)
- age   1:   20903992 bytes,   20903992 total
: 183975K->20416K(184320K), 0.1625700 secs] 16655800K->16586919K(18777864K)After GC:
Statistics for BinaryTreeDictionary:
------------------------------------
Total Free Space: 252778237
Max   Chunk Size: 252775637
Number of Blocks: 11
Av.  Block  Size: 22979839
Tree      Height: 2
, 0.1629198 secs] [Times: user=1.81 sys=0.09, real=0.17 secs] 
2021-07-18T02:35:27.954+1000: 171.105: Total time for which application threads were stopped: 0.1667579 seconds, Stopping threads took: 0.0024599 seconds
2021-07-18T02:35:27.955+1000: 171.106: Application time: 0.0008930 seconds
2021-07-18T02:35:27.956+1000: 171.107: Total time for which application threads were stopped: 0.0012221 seconds, Stopping threads took: 0.0002687 seconds
2021-07-18T02:35:28.112+1000: 171.263: Application time: 0.1558056 seconds
2021-07-18T02:35:28.114+1000: 171.264: [GC (Allocation Failure) Before GC:
Statistics for BinaryTreeDictionary:
------------------------------------
Total Free Space: 252778237
Max   Chunk Size: 252775637
Number of Blocks: 11
Av.  Block  Size: 22979839
Tree      Height: 2
2021-07-18T02:35:28.114+1000: 171.265: [ParNew
Desired survivor size 10452992 bytes, new threshold 1 (max 15)
- age   1:   20904672 bytes,   20904672 total
: 184320K->20416K(184320K), 0.1950671 secs] 16750823K->16680979K(18777864K)After GC:
Statistics for BinaryTreeDictionary:
------------------------------------
Total Free Space: 240869697
Max   Chunk Size: 240867357
Number of Blocks: 10
Av.  Block  Size: 24086969
Tree      Height: 2
, 0.1954751 secs] [Times: user=1.89 sys=0.11, real=0.19 secs] 
2021-07-18T02:35:28.310+1000: 171.460: Total time for which application threads were stopped: 0.1975124 seconds, Stopping threads took: 0.0005025 seconds
2021-07-18T02:35:28.500+1000: 171.650: Application time: 0.1899962 seconds
2021-07-18T02:35:28.502+1000: 171.653: [GC (Allocation Failure) Before GC:
Statistics for BinaryTreeDictionary:
------------------------------------
Total Free Space: 240869697
Max   Chunk Size: 240867357
Number of Blocks: 10
Av.  Block  Size: 24086969
Tree      Height: 2
2021-07-18T02:35:28.502+1000: 171.653: [ParNew
Desired survivor size 10452992 bytes, new threshold 1 (max 15)
- age   1:   20904592 bytes,   20904592 total
: 184320K->20416K(184320K), 0.2040719 secs] 16844883K->16771679K(18777864K)After GC:
Statistics for BinaryTreeDictionary:
------------------------------------
Total Free Space: 229151240
Max   Chunk Size: 229149160
Number of Blocks: 9
Av.  Block  Size: 25461248
Tree      Height: 2
, 0.2044285 secs] [Times: user=1.72 sys=0.11, real=0.20 secs] 
2021-07-18T02:35:28.707+1000: 171.858: Total time for which application threads were stopped: 0.2073806 seconds, Stopping threads took: 0.0014087 seconds
2021-07-18T02:35:28.828+1000: 171.979: Application time: 0.1215760 seconds
2021-07-18T02:35:28.831+1000: 171.982: [GC (Allocation Failure) Before GC:
Statistics for BinaryTreeDictionary:
------------------------------------
Total Free Space: 229151240
Max   Chunk Size: 229149160
Number of Blocks: 9
Av.  Block  Size: 25461248
Tree      Height: 2
2021-07-18T02:35:28.831+1000: 171.982: [ParNew
Desired survivor size 10452992 bytes, new threshold 1 (max 15)
- age   1:   20904496 bytes,   20904496 total
: 184320K->20416K(184320K), 0.2521031 secs] 16935583K->16864250K(18777864K)After GC:
Statistics for BinaryTreeDictionary:
------------------------------------
Total Free Space: 217402308
Max   Chunk Size: 217400488
Number of Blocks: 8
Av.  Block  Size: 27175288
Tree      Height: 2
, 0.2524802 secs] [Times: user=2.01 sys=0.11, real=0.26 secs] 
2021-07-18T02:35:29.084+1000: 172.234: Total time for which application threads were stopped: 0.2552206 seconds, Stopping threads took: 0.0007271 seconds
2021-07-18T02:35:29.236+1000: 172.387: Application time: 0.1525315 seconds
2021-07-18T02:35:29.238+1000: 172.388: [GC (Allocation Failure) Before GC:
Statistics for BinaryTreeDictionary:
------------------------------------
Total Free Space: 217402308
Max   Chunk Size: 217400488
Number of Blocks: 8
Av.  Block  Size: 27175288
Tree      Height: 2
2021-07-18T02:35:29.238+1000: 172.389: [ParNew
Desired survivor size 10452992 bytes, new threshold 1 (max 15)
- age   1:   20904952 bytes,   20904952 total
: 184320K->20416K(184320K), 0.1823360 secs] 17028154K->16950804K(18777864K)After GC:
Statistics for BinaryTreeDictionary:
------------------------------------
Total Free Space: 205516389
Max   Chunk Size: 205514829
Number of Blocks: 7
Av.  Block  Size: 29359484
Tree      Height: 2
, 0.1826671 secs] [Times: user=1.76 sys=0.07, real=0.18 secs] 
2021-07-18T02:35:29.421+1000: 172.571: Total time for which application threads were stopped: 0.1843782 seconds, Stopping threads took: 0.0003973 seconds
2021-07-18T02:35:29.582+1000: 172.732: Application time: 0.1607964 seconds
2021-07-18T02:35:29.583+1000: 172.734: [GC (Allocation Failure) Before GC:
Statistics for BinaryTreeDictionary:
------------------------------------
Total Free Space: 205516389
Max   Chunk Size: 205514829
Number of Blocks: 7
Av.  Block  Size: 29359484
Tree      Height: 2
2021-07-18T02:35:29.584+1000: 172.734: [ParNew
Desired survivor size 10452992 bytes, new threshold 1 (max 15)
- age   1:   20904200 bytes,   20904200 total
: 184320K->20416K(184320K), 0.2568128 secs] 17114708K->17040081K(18777864K)After GC:
Statistics for BinaryTreeDictionary:
------------------------------------
Total Free Space: 194306859
Max   Chunk Size: 194306339
Number of Blocks: 3
Av.  Block  Size: 64768953
Tree      Height: 2
, 0.2572590 secs] [Times: user=1.71 sys=0.22, real=0.25 secs] 
2021-07-18T02:35:29.841+1000: 172.992: Total time for which application threads were stopped: 0.2595379 seconds, Stopping threads took: 0.0005532 seconds
2021-07-18T02:35:29.941+1000: 173.091: Application time: 0.0997623 seconds
2021-07-18T02:35:29.960+1000: 173.110: Total time for which application threads were stopped: 0.0189808 seconds, Stopping threads took: 0.0177637 seconds
2021-07-18T02:35:30.022+1000: 173.172: Application time: 0.0618020 seconds
2021-07-18T02:35:30.027+1000: 173.178: [GC (Allocation Failure) Before GC:
Statistics for BinaryTreeDictionary:
------------------------------------
Total Free Space: 194306859
Max   Chunk Size: 194306339
Number of Blocks: 3
Av.  Block  Size: 64768953
Tree      Height: 2
2021-07-18T02:35:30.027+1000: 173.178: [ParNew
Desired survivor size 10452992 bytes, new threshold 1 (max 15)
- age   1:   20904080 bytes,   20904080 total
: 177953K->20416K(184320K), 0.2169236 secs] 17197619K->17138890K(18777864K)After GC:
Statistics for BinaryTreeDictionary:
------------------------------------
Total Free Space: 181919497
Max   Chunk Size: 181919497
Number of Blocks: 1
Av.  Block  Size: 181919497
Tree      Height: 1
, 0.2173063 secs] [Times: user=2.09 sys=0.17, real=0.22 secs] 
2021-07-18T02:35:30.245+1000: 173.396: Total time for which application threads were stopped: 0.2232130 seconds, Stopping threads took: 0.0044227 seconds
2021-07-18T02:35:30.383+1000: 173.533: Application time: 0.1379725 seconds
2021-07-18T02:35:30.385+1000: 173.535: [GC (Allocation Failure) Before GC:
Statistics for BinaryTreeDictionary:
------------------------------------
Total Free Space: 181919497
Max   Chunk Size: 181919497
Number of Blocks: 1
Av.  Block  Size: 181919497
Tree      Height: 1
2021-07-18T02:35:30.385+1000: 173.535: [ParNew
Desired survivor size 10452992 bytes, new threshold 1 (max 15)
- age   1:   20904176 bytes,   20904176 total
: 184320K->20416K(184320K), 0.2150805 secs] 17302794K->17249184K(18777864K)After GC:
Statistics for BinaryTreeDictionary:
------------------------------------
Total Free Space: 167365327
Max   Chunk Size: 167365327
Number of Blocks: 1
Av.  Block  Size: 167365327
Tree      Height: 1
, 0.2154711 secs] [Times: user=2.11 sys=0.11, real=0.21 secs] 
2021-07-18T02:35:30.600+1000: 173.751: Total time for which application threads were stopped: 0.2176239 seconds, Stopping threads took: 0.0005647 seconds
2021-07-18T02:35:30.762+1000: 173.912: Application time: 0.1611196 seconds
2021-07-18T02:35:30.763+1000: 173.914: [GC (Allocation Failure) Before GC:
Statistics for BinaryTreeDictionary:
------------------------------------
Total Free Space: 167365327
Max   Chunk Size: 167365327
Number of Blocks: 1
Av.  Block  Size: 167365327
Tree      Height: 1
2021-07-18T02:35:30.763+1000: 173.914: [ParNew
Desired survivor size 10452992 bytes, new threshold 1 (max 15)
- age   1:   20904560 bytes,   20904560 total
: 184320K->20416K(184320K), 0.2652750 secs] 17413088K->17345108K(18777864K)After GC:
Statistics for BinaryTreeDictionary:
------------------------------------
Total Free Space: 155736747
Max   Chunk Size: 155736747
Number of Blocks: 1
Av.  Block  Size: 155736747
Tree      Height: 1
, 0.2656104 secs] [Times: user=1.88 sys=0.06, real=0.26 secs] 
2021-07-18T02:35:31.029+1000: 174.180: Total time for which application threads were stopped: 0.2672839 seconds, Stopping threads took: 0.0002708 seconds
2021-07-18T02:35:31.044+1000: 174.195: Application time: 0.0156277 seconds
2021-07-18T02:35:31.055+1000: 174.206: Total time for which application threads were stopped: 0.0104020 seconds, Stopping threads took: 0.0094581 seconds
2021-07-18T02:35:31.143+1000: 174.294: Application time: 0.0884646 seconds
2021-07-18T02:35:31.145+1000: 174.296: [GC (Allocation Failure) Before GC:
Statistics for BinaryTreeDictionary:
------------------------------------
Total Free Space: 155736747
Max   Chunk Size: 155736747
Number of Blocks: 1
Av.  Block  Size: 155736747
Tree      Height: 1
2021-07-18T02:35:31.145+1000: 174.296: [ParNew
Desired survivor size 10452992 bytes, new threshold 1 (max 15)
- age   1:   20800608 bytes,   20800608 total
: 184320K->20414K(184320K), 0.1475334 secs] 17509012K->17427302K(18777864K)After GC:
Statistics for BinaryTreeDictionary:
------------------------------------
Total Free Space: 144947348
Max   Chunk Size: 144947348
Number of Blocks: 1
Av.  Block  Size: 144947348
Tree      Height: 1
, 0.1478760 secs] [Times: user=1.48 sys=0.10, real=0.14 secs] 
2021-07-18T02:35:31.293+1000: 174.444: Total time for which application threads were stopped: 0.1500008 seconds, Stopping threads took: 0.0006596 seconds
2021-07-18T02:35:31.447+1000: 174.598: Application time: 0.1536921 seconds
2021-07-18T02:35:31.451+1000: 174.602: [GC (Allocation Failure) Before GC:
Statistics for BinaryTreeDictionary:
------------------------------------
Total Free Space: 144947348
Max   Chunk Size: 144947348
Number of Blocks: 1
Av.  Block  Size: 144947348
Tree      Height: 1
2021-07-18T02:35:31.451+1000: 174.602: [ParNew
Desired survivor size 10452992 bytes, new threshold 1 (max 15)
- age   1:   20904520 bytes,   20904520 total
: 184318K->20416K(184320K), 0.2505232 secs] 17591206K->17530353K(18777864K)After GC:
Statistics for BinaryTreeDictionary:
------------------------------------
Total Free Space: 131793680
Max   Chunk Size: 131793680
Number of Blocks: 1
Av.  Block  Size: 131793680
Tree      Height: 1
, 0.2508955 secs] [Times: user=1.52 sys=0.12, real=0.26 secs] 
2021-07-18T02:35:31.702+1000: 174.853: Total time for which application threads were stopped: 0.2553077 seconds, Stopping threads took: 0.0030060 seconds
2021-07-18T02:35:31.829+1000: 174.980: Application time: 0.1266797 seconds
2021-07-18T02:35:31.830+1000: 174.981: [GC (Allocation Failure) Before GC:
Statistics for BinaryTreeDictionary:
------------------------------------
Total Free Space: 131793680
Max   Chunk Size: 131793680
Number of Blocks: 1
Av.  Block  Size: 131793680
Tree      Height: 1
2021-07-18T02:35:31.831+1000: 174.981: [ParNew
Desired survivor size 10452992 bytes, new threshold 1 (max 15)
- age   1:   20903392 bytes,   20903392 total
: 184320K->20416K(184320K), 0.2073858 secs] 17694257K->17637352K(18777864K)After GC:
Statistics for BinaryTreeDictionary:
------------------------------------
Total Free Space: 118417402
Max   Chunk Size: 118417402
Number of Blocks: 1
Av.  Block  Size: 118417402
Tree      Height: 1
, 0.2077204 secs] [Times: user=1.39 sys=0.08, real=0.21 secs] 
2021-07-18T02:35:32.039+1000: 175.189: Total time for which application threads were stopped: 0.2094884 seconds, Stopping threads took: 0.0004522 seconds
2021-07-18T02:35:32.057+1000: 175.208: Application time: 0.0187826 seconds
2021-07-18T02:35:32.073+1000: 175.224: Total time for which application threads were stopped: 0.0156758 seconds, Stopping threads took: 0.0147529 seconds
2021-07-18T02:35:32.201+1000: 175.352: Application time: 0.1280701 seconds
2021-07-18T02:35:32.203+1000: 175.353: [GC (Allocation Failure) Before GC:
Statistics for BinaryTreeDictionary:
------------------------------------
Total Free Space: 118417402
Max   Chunk Size: 118417402
Number of Blocks: 1
Av.  Block  Size: 118417402
Tree      Height: 1
2021-07-18T02:35:32.203+1000: 175.353: [ParNew
Desired survivor size 10452992 bytes, new threshold 1 (max 15)
- age   1:   20904592 bytes,   20904592 total
: 184320K->20416K(184320K), 0.2026832 secs] 17801256K->17731245K(18777864K)After GC:
Statistics for BinaryTreeDictionary:
------------------------------------
Total Free Space: 106161134
Max   Chunk Size: 106161134
Number of Blocks: 1
Av.  Block  Size: 106161134
Tree      Height: 1
, 0.2030712 secs] [Times: user=1.82 sys=0.10, real=0.20 secs] 
2021-07-18T02:35:32.406+1000: 175.557: Total time for which application threads were stopped: 0.2048639 seconds, Stopping threads took: 0.0003573 seconds
2021-07-18T02:35:32.466+1000: 175.617: Application time: 0.0604820 seconds
2021-07-18T02:35:32.471+1000: 175.622: [GC (Allocation Failure) Before GC:
Statistics for BinaryTreeDictionary:
------------------------------------
Total Free Space: 106161134
Max   Chunk Size: 106161134
Number of Blocks: 1
Av.  Block  Size: 106161134
Tree      Height: 1
2021-07-18T02:35:32.471+1000: 175.622: [ParNew
Desired survivor size 10452992 bytes, new threshold 1 (max 15)
- age   1:   20469296 bytes,   20469296 total
: 184320K->20416K(184320K), 0.2690633 secs] 17895149K->17864615K(18777864K)After GC:
Statistics for BinaryTreeDictionary:
------------------------------------
Total Free Space: 89598272
Max   Chunk Size: 89598272
Number of Blocks: 1
Av.  Block  Size: 89598272
Tree      Height: 1
, 0.2693817 secs] [Times: user=3.54 sys=0.13, real=0.27 secs] 
2021-07-18T02:35:32.741+1000: 175.891: Total time for which application threads were stopped: 0.2742822 seconds, Stopping threads took: 0.0032881 seconds
2021-07-18T02:35:32.803+1000: 175.953: Application time: 0.0620575 seconds
2021-07-18T02:35:32.807+1000: 175.957: [GC (Allocation Failure) Before GC:
Statistics for BinaryTreeDictionary:
------------------------------------
Total Free Space: 89598272
Max   Chunk Size: 89598272
Number of Blocks: 1
Av.  Block  Size: 89598272
Tree      Height: 1
2021-07-18T02:35:32.807+1000: 175.958: [ParNew
Desired survivor size 10452992 bytes, new threshold 1 (max 15)
- age   1:   20905176 bytes,   20905176 total
: 153202K->20416K(184320K), 0.2396971 secs] 17997401K->17971349K(18777864K)After GC:
Statistics for BinaryTreeDictionary:
------------------------------------
Total Free Space: 76065337
Max   Chunk Size: 76065337
Number of Blocks: 1
Av.  Block  Size: 76065337
Tree      Height: 1
, 0.2400081 secs] [Times: user=2.16 sys=0.11, real=0.24 secs] 
2021-07-18T02:35:33.047+1000: 176.198: Total time for which application threads were stopped: 0.2442919 seconds, Stopping threads took: 0.0030350 seconds
2021-07-18T02:35:33.098+1000: 176.248: Application time: 0.0504554 seconds
2021-07-18T02:35:33.099+1000: 176.250: [GC (Allocation Failure) Before GC:
Statistics for BinaryTreeDictionary:
------------------------------------
Total Free Space: 76065337
Max   Chunk Size: 76065337
Number of Blocks: 1
Av.  Block  Size: 76065337
Tree      Height: 1
2021-07-18T02:35:33.099+1000: 176.250: [ParNew
Desired survivor size 10452992 bytes, new threshold 1 (max 15)
- age   1:   15458488 bytes,   15458488 total
: 179796K->20416K(184320K), 0.3476645 secs] 18130729K->18114139K(18777864K)After GC:
Statistics for BinaryTreeDictionary:
------------------------------------
Total Free Space: 57970129
Max   Chunk Size: 57970129
Number of Blocks: 1
Av.  Block  Size: 57970129
Tree      Height: 1
, 0.3479567 secs] [Times: user=4.75 sys=0.13, real=0.35 secs] 
2021-07-18T02:35:33.448+1000: 176.598: Total time for which application threads were stopped: 0.3499993 seconds, Stopping threads took: 0.0007573 seconds
2021-07-18T02:35:33.538+1000: 176.689: Application time: 0.0904919 seconds
2021-07-18T02:35:33.540+1000: 176.690: [GC (Allocation Failure) Before GC:
Statistics for BinaryTreeDictionary:
------------------------------------
Total Free Space: 57970129
Max   Chunk Size: 57970129
Number of Blocks: 1
Av.  Block  Size: 57970129
Tree      Height: 1
2021-07-18T02:35:33.540+1000: 176.691: [ParNew
Desired survivor size 10452992 bytes, new threshold 1 (max 15)
- age   1:   20499464 bytes,   20499464 total
: 184320K->20416K(184320K), 0.1825567 secs] 18278043K->18219794K(18777864K)After GC:
Statistics for BinaryTreeDictionary:
------------------------------------
Total Free Space: 44396324
Max   Chunk Size: 44396324
Number of Blocks: 1
Av.  Block  Size: 44396324
Tree      Height: 1
, 0.1829044 secs] [Times: user=1.80 sys=0.12, real=0.19 secs] 
2021-07-18T02:35:33.723+1000: 176.874: Total time for which application threads were stopped: 0.1849971 seconds, Stopping threads took: 0.0006855 seconds
2021-07-18T02:35:33.882+1000: 177.032: Application time: 0.1586732 seconds
2021-07-18T02:35:33.883+1000: 177.034: [GC (Allocation Failure) Before GC:
Statistics for BinaryTreeDictionary:
------------------------------------
Total Free Space: 44396324
Max   Chunk Size: 44396324
Number of Blocks: 1
Av.  Block  Size: 44396324
Tree      Height: 1
2021-07-18T02:35:33.883+1000: 177.034: [ParNew
Desired survivor size 10452992 bytes, new threshold 1 (max 15)
- age   1:   20903936 bytes,   20903936 total
: 184320K->20416K(184320K), 0.3413771 secs] 18383698K->18326463K(18777864K)After GC:
Statistics for BinaryTreeDictionary:
------------------------------------
Total Free Space: 30270898
Max   Chunk Size: 30270898
Number of Blocks: 1
Av.  Block  Size: 30270898
Tree      Height: 1
, 0.3417236 secs] [Times: user=1.66 sys=0.13, real=0.34 secs] 
2021-07-18T02:35:34.225+1000: 177.376: Total time for which application threads were stopped: 0.3435562 seconds, Stopping threads took: 0.0003173 seconds
2021-07-18T02:35:34.242+1000: 177.392: Application time: 0.0163265 seconds
2021-07-18T02:35:34.249+1000: 177.399: Total time for which application threads were stopped: 0.0069696 seconds, Stopping threads took: 0.0060502 seconds
2021-07-18T02:35:34.276+1000: 177.426: Application time: 0.0269431 seconds
2021-07-18T02:35:34.277+1000: 177.428: [GC (Allocation Failure) Before GC:
Statistics for BinaryTreeDictionary:
------------------------------------
Total Free Space: 30270898
Max   Chunk Size: 30270898
Number of Blocks: 1
Av.  Block  Size: 30270898
Tree      Height: 1
2021-07-18T02:35:34.277+1000: 177.428: [ParNew
Desired survivor size 10452992 bytes, new threshold 1 (max 15)
- age   1:   18040880 bytes,   18040880 total
: 150684K->20416K(184320K), 0.2222421 secs] 18456731K->18441960K(18777864K)After GC:
Statistics for BinaryTreeDictionary:
------------------------------------
Total Free Space: 15633954
Max   Chunk Size: 15633954
Number of Blocks: 1
Av.  Block  Size: 15633954
Tree      Height: 1
, 0.2225840 secs] [Times: user=1.38 sys=0.10, real=0.22 secs] 
2021-07-18T02:35:34.500+1000: 177.651: Total time for which application threads were stopped: 0.2245164 seconds, Stopping threads took: 0.0005923 seconds
2021-07-18T02:35:34.581+1000: 177.732: Application time: 0.0812263 seconds
2021-07-18T02:35:34.583+1000: 177.733: [GC (Allocation Failure) Before GC:
Statistics for BinaryTreeDictionary:
------------------------------------
Total Free Space: 15633954
Max   Chunk Size: 15633954
Number of Blocks: 1
Av.  Block  Size: 15633954
Tree      Height: 1
2021-07-18T02:35:34.583+1000: 177.734: [ParNew
Desired survivor size 10452992 bytes, new threshold 1 (max 15)
- age   1:   20754360 bytes,   20754360 total
: 184320K->20416K(184320K), 0.2135769 secs] 18605864K->18567108K(18780744K)After GC:
Statistics for BinaryTreeDictionary:
------------------------------------
Total Free Space: 16392
Max   Chunk Size: 16392
Number of Blocks: 1
Av.  Block  Size: 16392
Tree      Height: 1
, 0.2139126 secs] [Times: user=2.23 sys=0.10, real=0.21 secs] 
2021-07-18T02:35:34.797+1000: 177.948: Total time for which application threads were stopped: 0.2156874 seconds, Stopping threads took: 0.0003515 seconds
2021-07-18T02:35:34.962+1000: 178.113: Application time: 0.1652902 seconds
2021-07-18T02:35:34.965+1000: 178.116: [GC (Allocation Failure) Before GC:
Statistics for BinaryTreeDictionary:
------------------------------------
Total Free Space: 16392
Max   Chunk Size: 16392
Number of Blocks: 1
Av.  Block  Size: 16392
Tree      Height: 1
2021-07-18T02:35:34.966+1000: 178.117: [ParNew
Desired survivor size 10452992 bytes, new threshold 1 (max 15)
- age   1:   20904800 bytes,   20904800 total
: 184320K->20416K(184320K), 0.4214246 secs] 18731012K->18659377K(18875592K)After GC:
Statistics for BinaryTreeDictionary:
------------------------------------
Total Free Space: 10851
Max   Chunk Size: 10851
Number of Blocks: 1
Av.  Block  Size: 10851
Tree      Height: 1
, 0.4221882 secs] [Times: user=1.74 sys=0.09, real=0.42 secs] 
2021-07-18T02:35:35.388+1000: 178.538: Total time for which application threads were stopped: 0.4255634 seconds, Stopping threads took: 0.0005641 seconds
2021-07-18T02:35:35.547+1000: 178.698: Application time: 0.1593426 seconds
2021-07-18T02:35:35.551+1000: 178.701: [GC (Allocation Failure) Before GC:
Statistics for BinaryTreeDictionary:
------------------------------------
Total Free Space: 10851
Max   Chunk Size: 10851
Number of Blocks: 1
Av.  Block  Size: 10851
Tree      Height: 1
2021-07-18T02:35:35.551+1000: 178.701: [ParNew
Desired survivor size 10452992 bytes, new threshold 1 (max 15)
- age   1:   20903624 bytes,   20903624 total
: 184320K->20416K(184320K), 0.3769331 secs] 18823281K->18752203K(18966984K)After GC:
Statistics for BinaryTreeDictionary:
------------------------------------
Total Free Space: 6380
Max   Chunk Size: 6380
Number of Blocks: 1
Av.  Block  Size: 6380
Tree      Height: 1
, 0.3772396 secs] [Times: user=1.47 sys=0.08, real=0.38 secs] 
2021-07-18T02:35:35.928+1000: 179.079: Total time for which application threads were stopped: 0.3809471 seconds, Stopping threads took: 0.0008613 seconds
2021-07-18T02:35:35.941+1000: 179.092: Application time: 0.0131732 seconds
2021-07-18T02:35:35.948+1000: 179.098: Total time for which application threads were stopped: 0.0064033 seconds, Stopping threads took: 0.0053651 seconds
2021-07-18T02:35:36.118+1000: 179.268: Application time: 0.1701000 seconds
2021-07-18T02:35:36.119+1000: 179.270: [GC (Allocation Failure) Before GC:
Statistics for BinaryTreeDictionary:
------------------------------------
Total Free Space: 6380
Max   Chunk Size: 6380
Number of Blocks: 1
Av.  Block  Size: 6380
Tree      Height: 1
2021-07-18T02:35:36.120+1000: 179.270: [ParNew
Desired survivor size 10452992 bytes, new threshold 1 (max 15)
- age   1:   20901904 bytes,   20901904 total
: 184320K->20416K(184320K), 0.3000287 secs] 18916107K->18844348K(19061680K)After GC:
Statistics for BinaryTreeDictionary:
------------------------------------
Total Free Space: 19169
Max   Chunk Size: 19169
Number of Blocks: 1
Av.  Block  Size: 19169
Tree      Height: 1
, 0.3003871 secs] [Times: user=1.39 sys=0.10, real=0.30 secs] 
2021-07-18T02:35:36.420+1000: 179.571: Total time for which application threads were stopped: 0.3022670 seconds, Stopping threads took: 0.0006548 seconds
2021-07-18T02:35:36.594+1000: 179.745: Application time: 0.1739930 seconds
2021-07-18T02:35:36.598+1000: 179.748: [GC (Allocation Failure) Before GC:
Statistics for BinaryTreeDictionary:
------------------------------------
Total Free Space: 19169
Max   Chunk Size: 19169
Number of Blocks: 1
Av.  Block  Size: 19169
Tree      Height: 1
2021-07-18T02:35:36.598+1000: 179.748: [ParNew
Desired survivor size 10452992 bytes, new threshold 1 (max 15)
- age   1:   20904568 bytes,   20904568 total
: 184320K->20416K(184320K), 0.3920887 secs] 19008252K->18944577K(19160812K)After GC:
Statistics for BinaryTreeDictionary:
------------------------------------
Total Free Space: 8180
Max   Chunk Size: 8180
Number of Blocks: 1
Av.  Block  Size: 8180
Tree      Height: 1
, 0.3924003 secs] [Times: user=1.38 sys=0.14, real=0.39 secs] 
2021-07-18T02:35:36.990+1000: 180.141: Total time for which application threads were stopped: 0.3961884 seconds, Stopping threads took: 0.0023309 seconds
2021-07-18T02:35:37.134+1000: 180.285: Application time: 0.1439950 seconds
2021-07-18T02:35:37.136+1000: 180.287: [GC (Allocation Failure) Before GC:
Statistics for BinaryTreeDictionary:
------------------------------------
Total Free Space: 8180
Max   Chunk Size: 8180
Number of Blocks: 1
Av.  Block  Size: 8180
Tree      Height: 1
2021-07-18T02:35:37.136+1000: 180.287: [ParNew
Desired survivor size 10452992 bytes, new threshold 1 (max 15)
- age   1:   20905264 bytes,   20905264 total
: 184320K->20416K(184320K), 0.4521944 secs] 19108481K->19049160K(19265596K)After GC:
Statistics for BinaryTreeDictionary:
------------------------------------
Total Free Space: 15696
Max   Chunk Size: 15696
Number of Blocks: 1
Av.  Block  Size: 15696
Tree      Height: 1
, 0.4526885 secs] [Times: user=1.42 sys=0.08, real=0.45 secs] 
2021-07-18T02:35:37.589+1000: 180.740: Total time for which application threads were stopped: 0.4547381 seconds, Stopping threads took: 0.0006272 seconds
2021-07-18T02:35:37.808+1000: 180.959: Application time: 0.2193848 seconds
2021-07-18T02:35:37.810+1000: 180.961: [GC (Allocation Failure) Before GC:
Statistics for BinaryTreeDictionary:
------------------------------------
Total Free Space: 15696
Max   Chunk Size: 15696
Number of Blocks: 1
Av.  Block  Size: 15696
Tree      Height: 1
2021-07-18T02:35:37.810+1000: 180.961: [ParNew
Desired survivor size 10452992 bytes, new threshold 1 (max 15)
- age   1:   20904128 bytes,   20904128 total
: 184320K->20416K(184320K), 0.3771144 secs] 19213064K->19142065K(19356352K)After GC:
Statistics for BinaryTreeDictionary:
------------------------------------
Total Free Space: 8688
Max   Chunk Size: 8688
Number of Blocks: 1
Av.  Block  Size: 8688
Tree      Height: 1
, 0.3775028 secs] [Times: user=1.55 sys=0.09, real=0.38 secs] 
2021-07-18T02:35:38.188+1000: 181.338: Total time for which application threads were stopped: 0.3794181 seconds, Stopping threads took: 0.0006470 seconds
2021-07-18T02:35:38.193+1000: 181.343: Application time: 0.0050314 seconds
2021-07-18T02:35:38.194+1000: 181.345: Total time for which application threads were stopped: 0.0014568 seconds, Stopping threads took: 0.0005573 seconds
2021-07-18T02:35:38.352+1000: 181.503: Application time: 0.1580939 seconds
2021-07-18T02:35:38.359+1000: 181.510: [GC (Allocation Failure) Before GC:
Statistics for BinaryTreeDictionary:
------------------------------------
Total Free Space: 8688
Max   Chunk Size: 8688
Number of Blocks: 1
Av.  Block  Size: 8688
Tree      Height: 1
2021-07-18T02:35:38.359+1000: 181.510: [ParNew
Desired survivor size 10452992 bytes, new threshold 1 (max 15)
- age   1:   20904808 bytes,   20904808 total
: 184320K->20416K(184320K), 0.4267504 secs] 19305969K->19266055K(19482132K)After GC:
Statistics for BinaryTreeDictionary:
------------------------------------
Total Free Space: 10377
Max   Chunk Size: 10377
Number of Blocks: 1
Av.  Block  Size: 10377
Tree      Height: 1
, 0.4271295 secs] [Times: user=1.32 sys=0.10, real=0.43 secs] 
2021-07-18T02:35:38.787+1000: 181.937: Total time for which application threads were stopped: 0.4343494 seconds, Stopping threads took: 0.0055334 seconds
2021-07-18T02:35:38.900+1000: 182.051: Application time: 0.1132365 seconds
2021-07-18T02:35:38.902+1000: 182.052: [GC (Allocation Failure) Before GC:
Statistics for BinaryTreeDictionary:
------------------------------------
Total Free Space: 10377
Max   Chunk Size: 10377
Number of Blocks: 1
Av.  Block  Size: 10377
Tree      Height: 1
2021-07-18T02:35:38.902+1000: 182.053: [ParNew
Desired survivor size 10452992 bytes, new threshold 1 (max 15)
- age   1:   20904312 bytes,   20904312 total
: 184320K->20416K(184320K), 0.3644742 secs] 19429959K->19392785K(19605468K)After GC:
Statistics for BinaryTreeDictionary:
------------------------------------
Total Free Space: 8946
Max   Chunk Size: 8946
Number of Blocks: 1
Av.  Block  Size: 8946
Tree      Height: 1
, 0.3647924 secs] [Times: user=1.26 sys=0.10, real=0.36 secs] 
2021-07-18T02:35:39.267+1000: 182.418: Total time for which application threads were stopped: 0.3669045 seconds, Stopping threads took: 0.0006888 seconds
2021-07-18T02:35:39.471+1000: 182.622: Application time: 0.2041244 seconds
2021-07-18T02:35:39.487+1000: 182.638: [GC (Allocation Failure) Before GC:
Statistics for BinaryTreeDictionary:
------------------------------------
Total Free Space: 8946
Max   Chunk Size: 8946
Number of Blocks: 1
Av.  Block  Size: 8946
Tree      Height: 1
2021-07-18T02:35:39.487+1000: 182.638: [ParNew
Desired survivor size 10452992 bytes, new threshold 1 (max 15)
- age   1:   20904496 bytes,   20904496 total
: 184320K->20416K(184320K), 0.3471349 secs] 19556689K->19475687K(19691376K)After GC:
Statistics for BinaryTreeDictionary:
------------------------------------
Total Free Space: 18108
Max   Chunk Size: 18108
Number of Blocks: 1
Av.  Block  Size: 18108
Tree      Height: 1
, 0.3475233 secs] [Times: user=1.70 sys=0.17, real=0.35 secs] 
2021-07-18T02:35:39.835+1000: 182.986: Total time for which application threads were stopped: 0.3638293 seconds, Stopping threads took: 0.0148417 seconds
2021-07-18T02:35:39.858+1000: 183.009: Application time: 0.0234503 seconds
2021-07-18T02:35:39.870+1000: 183.021: Total time for which application threads were stopped: 0.0120475 seconds, Stopping threads took: 0.0102802 seconds
2021-07-18T02:35:39.871+1000: 183.022: Application time: 0.0006117 seconds
2021-07-18T02:35:39.873+1000: 183.024: Total time for which application threads were stopped: 0.0019133 seconds, Stopping threads took: 0.0008491 seconds
2021-07-18T02:35:39.879+1000: 183.030: Application time: 0.0065418 seconds
2021-07-18T02:35:39.890+1000: 183.041: Total time for which application threads were stopped: 0.0110663 seconds, Stopping threads took: 0.0076862 seconds
2021-07-18T02:35:39.940+1000: 183.091: Application time: 0.0494500 seconds
2021-07-18T02:35:39.945+1000: 183.096: Total time for which application threads were stopped: 0.0050262 seconds, Stopping threads took: 0.0014812 seconds
2021-07-18T02:35:40.084+1000: 183.235: Application time: 0.1393654 seconds
2021-07-18T02:35:40.089+1000: 183.240: [GC (Allocation Failure) Before GC:
Statistics for BinaryTreeDictionary:
------------------------------------
Total Free Space: 18108
Max   Chunk Size: 18108
Number of Blocks: 1
Av.  Block  Size: 18108
Tree      Height: 1
2021-07-18T02:35:40.089+1000: 183.240: [ParNew
Desired survivor size 10452992 bytes, new threshold 1 (max 15)
- age   1:   20904856 bytes,   20904856 total
: 184320K->20416K(184320K), 0.3141413 secs] 19639591K->19568920K(19784300K)After GC:
Statistics for BinaryTreeDictionary:
------------------------------------
Total Free Space: 20484
Max   Chunk Size: 20484
Number of Blocks: 1
Av.  Block  Size: 20484
Tree      Height: 1
, 0.3145508 secs] [Times: user=1.60 sys=0.16, real=0.32 secs] 
2021-07-18T02:35:40.404+1000: 183.554: Total time for which application threads were stopped: 0.3193572 seconds, Stopping threads took: 0.0032840 seconds
2021-07-18T02:35:40.574+1000: 183.724: Application time: 0.1698901 seconds
2021-07-18T02:35:40.576+1000: 183.727: [GC (Allocation Failure) Before GC:
Statistics for BinaryTreeDictionary:
------------------------------------
Total Free Space: 20484
Max   Chunk Size: 20484
Number of Blocks: 1
Av.  Block  Size: 20484
Tree      Height: 1
2021-07-18T02:35:40.576+1000: 183.727: [ParNew
Desired survivor size 10452992 bytes, new threshold 1 (max 15)
- age   1:   20904592 bytes,   20904592 total
: 184320K->20416K(184320K), 0.4210006 secs] 19732824K->19668743K(19886864K)After GC:
Statistics for BinaryTreeDictionary:
------------------------------------
Total Free Space: 2790
Max   Chunk Size: 2790
Number of Blocks: 1
Av.  Block  Size: 2790
Tree      Height: 1
, 0.4213407 secs] [Times: user=1.46 sys=0.13, real=0.42 secs] 
2021-07-18T02:35:40.998+1000: 184.148: Total time for which application threads were stopped: 0.4241139 seconds, Stopping threads took: 0.0013015 seconds
2021-07-18T02:35:41.006+1000: 184.157: Application time: 0.0081258 seconds
2021-07-18T02:35:41.023+1000: 184.174: Total time for which application threads were stopped: 0.0172890 seconds, Stopping threads took: 0.0162189 seconds
2021-07-18T02:35:41.198+1000: 184.349: Application time: 0.1749090 seconds
2021-07-18T02:35:41.203+1000: 184.354: [GC (Allocation Failure) Before GC:
Statistics for BinaryTreeDictionary:
------------------------------------
Total Free Space: 2790
Max   Chunk Size: 2790
Number of Blocks: 1
Av.  Block  Size: 2790
Tree      Height: 1
2021-07-18T02:35:41.203+1000: 184.354: [ParNew
Desired survivor size 10452992 bytes, new threshold 1 (max 15)
- age   1:   20904744 bytes,   20904744 total
: 184320K->20416K(184320K), 0.4538169 secs] 19832647K->19775650K(19991888K)After GC:
Statistics for BinaryTreeDictionary:
------------------------------------
Total Free Space: 6736
Max   Chunk Size: 6736
Number of Blocks: 1
Av.  Block  Size: 6736
Tree      Height: 1
, 0.4541568 secs] [Times: user=1.54 sys=0.11, real=0.45 secs] 
2021-07-18T02:35:41.658+1000: 184.808: Total time for which application threads were stopped: 0.4596829 seconds, Stopping threads took: 0.0042112 seconds
2021-07-18T02:35:41.836+1000: 184.987: Application time: 0.1781832 seconds
2021-07-18T02:35:41.842+1000: 184.992: [GC (Allocation Failure) Before GC:
Statistics for BinaryTreeDictionary:
------------------------------------
Total Free Space: 6736
Max   Chunk Size: 6736
Number of Blocks: 1
Av.  Block  Size: 6736
Tree      Height: 1
2021-07-18T02:35:41.842+1000: 184.992: [ParNew
Desired survivor size 10452992 bytes, new threshold 1 (max 15)
- age   1:   20903568 bytes,   20903568 total
: 184320K->20416K(184320K), 0.3808700 secs] 19939554K->19870532K(20085856K)After GC:
Statistics for BinaryTreeDictionary:
------------------------------------
Total Free Space: 3381
Max   Chunk Size: 3381
Number of Blocks: 1
Av.  Block  Size: 3381
Tree      Height: 1
, 0.3812063 secs] [Times: user=1.55 sys=0.13, real=0.38 secs] 
2021-07-18T02:35:42.223+1000: 185.374: Total time for which application threads were stopped: 0.3872065 seconds, Stopping threads took: 0.0046051 seconds
2021-07-18T02:35:42.234+1000: 185.384: Application time: 0.0104288 seconds
2021-07-18T02:35:42.254+1000: 185.405: Total time for which application threads were stopped: 0.0202798 seconds, Stopping threads took: 0.0190447 seconds
2021-07-18T02:35:42.390+1000: 185.541: Application time: 0.1363182 seconds
2021-07-18T02:35:42.395+1000: 185.545: [GC (Allocation Failure) Before GC:
Statistics for BinaryTreeDictionary:
------------------------------------
Total Free Space: 3381
Max   Chunk Size: 3381
Number of Blocks: 1
Av.  Block  Size: 3381
Tree      Height: 1
2021-07-18T02:35:42.395+1000: 185.546: [ParNew
Desired survivor size 10452992 bytes, new threshold 1 (max 15)
- age   1:   20904888 bytes,   20904888 total
: 184320K->20416K(184320K), 0.3865789 secs] 20034436K->19971587K(20186624K)After GC:
Statistics for BinaryTreeDictionary:
------------------------------------
Total Free Space: 2328
Max   Chunk Size: 2328
Number of Blocks: 1
Av.  Block  Size: 2328
Tree      Height: 1
, 0.3870706 secs] [Times: user=2.12 sys=0.15, real=0.39 secs] 
2021-07-18T02:35:42.782+1000: 185.933: Total time for which application threads were stopped: 0.3919960 seconds, Stopping threads took: 0.0028401 seconds
2021-07-18T02:35:43.000+1000: 186.150: Application time: 0.2174029 seconds
2021-07-18T02:35:43.003+1000: 186.153: [GC (Allocation Failure) Before GC:
Statistics for BinaryTreeDictionary:
------------------------------------
Total Free Space: 2328
Max   Chunk Size: 2328
Number of Blocks: 1
Av.  Block  Size: 2328
Tree      Height: 1
2021-07-18T02:35:43.003+1000: 186.153: [ParNew
Desired survivor size 10452992 bytes, new threshold 1 (max 15)
- age   1:   20905032 bytes,   20905032 total
: 184320K->20416K(184320K), 0.5808343 secs] 20135491K->20069222K(20283008K)After GC:
Statistics for BinaryTreeDictionary:
------------------------------------
Total Free Space: 21586
Max   Chunk Size: 21586
Number of Blocks: 1
Av.  Block  Size: 21586
Tree      Height: 1
, 0.5811872 secs] [Times: user=2.39 sys=0.22, real=0.58 secs] 
2021-07-18T02:35:43.584+1000: 186.735: Total time for which application threads were stopped: 0.5844922 seconds, Stopping threads took: 0.0014519 seconds
2021-07-18T02:35:43.702+1000: 186.853: Application time: 0.1182267 seconds
2021-07-18T02:35:43.704+1000: 186.855: [GC (Allocation Failure) Before GC:
Statistics for BinaryTreeDictionary:
------------------------------------
Total Free Space: 21586
Max   Chunk Size: 21586
Number of Blocks: 1
Av.  Block  Size: 21586
Tree      Height: 1
2021-07-18T02:35:43.704+1000: 186.855: [ParNew
Desired survivor size 10452992 bytes, new threshold 1 (max 15)
- age   1:   20904432 bytes,   20904432 total
: 175875K->20416K(184320K), 0.3327732 secs] 20224681K->20169072K(20383556K)After GC:
Statistics for BinaryTreeDictionary:
------------------------------------
Total Free Space: 8691
Max   Chunk Size: 8691
Number of Blocks: 1
Av.  Block  Size: 8691
Tree      Height: 1
, 0.3331106 secs] [Times: user=1.72 sys=0.09, real=0.33 secs] 
2021-07-18T02:35:44.037+1000: 187.188: Total time for which application threads were stopped: 0.3351435 seconds, Stopping threads took: 0.0006869 seconds
2021-07-18T02:35:44.051+1000: 187.202: Application time: 0.0138932 seconds
2021-07-18T02:35:44.057+1000: 187.208: Total time for which application threads were stopped: 0.0058591 seconds, Stopping threads took: 0.0046920 seconds
2021-07-18T02:35:44.188+1000: 187.339: Application time: 0.1308514 seconds
2021-07-18T02:35:44.190+1000: 187.341: [GC (Allocation Failure) Before GC:
Statistics for BinaryTreeDictionary:
------------------------------------
Total Free Space: 8691
Max   Chunk Size: 8691
Number of Blocks: 1
Av.  Block  Size: 8691
Tree      Height: 1
2021-07-18T02:35:44.191+1000: 187.341: [ParNew
Desired survivor size 10452992 bytes, new threshold 1 (max 15)
- age   1:   20902952 bytes,   20902952 total
: 184320K->20414K(184320K), 0.1732159 secs] 20332976K->20296353K(20507024K)After GC:
Statistics for BinaryTreeDictionary:
------------------------------------
Total Free Space: 23832
Max   Chunk Size: 23832
Number of Blocks: 1
Av.  Block  Size: 23832
Tree      Height: 1
, 0.1736605 secs] [Times: user=1.35 sys=0.11, real=0.18 secs] 
2021-07-18T02:35:44.364+1000: 187.515: Total time for which application threads were stopped: 0.1762680 seconds, Stopping threads took: 0.0007253 seconds
2021-07-18T02:35:44.512+1000: 187.663: Application time: 0.1478832 seconds
2021-07-18T02:35:44.515+1000: 187.665: [GC (Allocation Failure) Before GC:
Statistics for BinaryTreeDictionary:
------------------------------------
Total Free Space: 23832
Max   Chunk Size: 23832
Number of Blocks: 1
Av.  Block  Size: 23832
Tree      Height: 1
2021-07-18T02:35:44.515+1000: 187.665: [ParNew
Desired survivor size 10452992 bytes, new threshold 1 (max 15)
- age   1:   20905584 bytes,   20905584 total
: 184318K->20416K(184320K), 0.4020696 secs] 20460257K->20405102K(20615108K)After GC:
Statistics for BinaryTreeDictionary:
------------------------------------
Total Free Space: 22956
Max   Chunk Size: 22956
Number of Blocks: 1
Av.  Block  Size: 22956
Tree      Height: 1
, 0.4024667 secs] [Times: user=1.50 sys=0.13, real=0.40 secs] 
2021-07-18T02:35:44.918+1000: 188.068: Total time for which application threads were stopped: 0.4054088 seconds, Stopping threads took: 0.0015350 seconds
2021-07-18T02:35:45.169+1000: 188.319: Application time: 0.2509157 seconds
2021-07-18T02:35:45.171+1000: 188.321: [GC (Allocation Failure) Before GC:
Statistics for BinaryTreeDictionary:
------------------------------------
Total Free Space: 22956
Max   Chunk Size: 22956
Number of Blocks: 1
Av.  Block  Size: 22956
Tree      Height: 1
2021-07-18T02:35:45.171+1000: 188.321: [ParNew
Desired survivor size 10452992 bytes, new threshold 1 (max 15)
- age   1:   20903744 bytes,   20903744 total
: 184320K->20416K(184320K), 0.3572109 secs] 20569006K->20500991K(20710544K)After GC:
Statistics for BinaryTreeDictionary:
------------------------------------
Total Free Space: 11870
Max   Chunk Size: 11870
Number of Blocks: 1
Av.  Block  Size: 11870
Tree      Height: 1
, 0.3575226 secs] [Times: user=1.54 sys=0.18, real=0.36 secs] 
2021-07-18T02:35:45.528+1000: 188.679: Total time for which application threads were stopped: 0.3598365 seconds, Stopping threads took: 0.0005903 seconds
2021-07-18T02:35:45.681+1000: 188.831: Application time: 0.1522543 seconds
2021-07-18T02:35:45.683+1000: 188.834: [GC (Allocation Failure) Before GC:
Statistics for BinaryTreeDictionary:
------------------------------------
Total Free Space: 11870
Max   Chunk Size: 11870
Number of Blocks: 1
Av.  Block  Size: 11870
Tree      Height: 1
2021-07-18T02:35:45.684+1000: 188.834: [ParNew
Desired survivor size 10452992 bytes, new threshold 1 (max 15)
- age   1:   20904680 bytes,   20904680 total
: 184320K->20416K(184320K), 0.2461000 secs] 20664895K->20586026K(20794720K)After GC:
Statistics for BinaryTreeDictionary:
------------------------------------
Total Free Space: 7722
Max   Chunk Size: 7722
Number of Blocks: 1
Av.  Block  Size: 7722
Tree      Height: 1
, 0.2465452 secs] [Times: user=1.60 sys=0.14, real=0.24 secs] 
2021-07-18T02:35:45.930+1000: 189.081: Total time for which application threads were stopped: 0.2495994 seconds, Stopping threads took: 0.0015295 seconds
2021-07-18T02:35:45.940+1000: 189.091: Application time: 0.0101607 seconds
2021-07-18T02:35:45.943+1000: 189.093: Total time for which application threads were stopped: 0.0023277 seconds, Stopping threads took: 0.0009430 seconds
2021-07-18T02:35:46.153+1000: 189.304: Application time: 0.2102038 seconds
2021-07-18T02:35:46.157+1000: 189.308: [GC (Allocation Failure) Before GC:
Statistics for BinaryTreeDictionary:
------------------------------------
Total Free Space: 7722
Max   Chunk Size: 7722
Number of Blocks: 1
Av.  Block  Size: 7722
Tree      Height: 1
2021-07-18T02:35:46.157+1000: 189.308: [ParNew
Desired survivor size 10452992 bytes, new threshold 1 (max 15)
- age   1:   20904720 bytes,   20904720 total
: 184320K->20416K(184320K), 0.4819888 secs] 20749930K->20684158K(20893204K)After GC:
Statistics for BinaryTreeDictionary:
------------------------------------
Total Free Space: 20484
Max   Chunk Size: 20484
Number of Blocks: 1
Av.  Block  Size: 20484
Tree      Height: 1
, 0.4823736 secs] [Times: user=1.95 sys=0.24, real=0.48 secs] 
2021-07-18T02:35:46.640+1000: 189.790: Total time for which application threads were stopped: 0.4868569 seconds, Stopping threads took: 0.0016049 seconds
2021-07-18T02:35:46.795+1000: 189.946: Application time: 0.1555060 seconds
2021-07-18T02:35:46.798+1000: 189.948: [GC (Allocation Failure) Before GC:
Statistics for BinaryTreeDictionary:
------------------------------------
Total Free Space: 20484
Max   Chunk Size: 20484
Number of Blocks: 1
Av.  Block  Size: 20484
Tree      Height: 1
2021-07-18T02:35:46.798+1000: 189.948: [ParNew
Desired survivor size 10452992 bytes, new threshold 1 (max 15)
- age   1:   20904288 bytes,   20904288 total
: 178450K->20416K(184320K), 0.3481993 secs] 20842192K->20779283K(20987948K)After GC:
Statistics for BinaryTreeDictionary:
------------------------------------
Total Free Space: 10128
Max   Chunk Size: 10128
Number of Blocks: 1
Av.  Block  Size: 10128
Tree      Height: 1
, 0.3485353 secs] [Times: user=1.65 sys=0.15, real=0.35 secs] 
2021-07-18T02:35:47.147+1000: 190.297: Total time for which application threads were stopped: 0.3512475 seconds, Stopping threads took: 0.0010954 seconds
2021-07-18T02:35:47.345+1000: 190.495: Application time: 0.1980837 seconds
2021-07-18T02:35:47.347+1000: 190.497: [GC (Allocation Failure) Before GC:
Statistics for BinaryTreeDictionary:
------------------------------------
Total Free Space: 10128
Max   Chunk Size: 10128
Number of Blocks: 1
Av.  Block  Size: 10128
Tree      Height: 1
2021-07-18T02:35:47.347+1000: 190.497: [ParNew
Desired survivor size 10452992 bytes, new threshold 1 (max 15)
- age   1:   20905672 bytes,   20905672 total
: 184320K->20416K(184320K), 0.3795043 secs] 20943187K->20894052K(21104720K)After GC:
Statistics for BinaryTreeDictionary:
------------------------------------
Total Free Space: 13844
Max   Chunk Size: 13844
Number of Blocks: 1
Av.  Block  Size: 13844
Tree      Height: 1
, 0.3798405 secs] [Times: user=1.58 sys=0.12, real=0.38 secs] 
2021-07-18T02:35:47.727+1000: 190.877: Total time for which application threads were stopped: 0.3820699 seconds, Stopping threads took: 0.0009554 seconds
2021-07-18T02:35:47.850+1000: 191.000: Application time: 0.1228165 seconds
2021-07-18T02:35:47.857+1000: 191.008: [GC (Allocation Failure) Before GC:
Statistics for BinaryTreeDictionary:
------------------------------------
Total Free Space: 13844
Max   Chunk Size: 13844
Number of Blocks: 1
Av.  Block  Size: 13844
Tree      Height: 1
2021-07-18T02:35:47.857+1000: 191.008: [ParNew
Desired survivor size 10452992 bytes, new threshold 1 (max 15)
- age   1:   20902864 bytes,   20902864 total
: 153221K->20416K(184320K), 0.1881737 secs]2021-07-18T02:35:48.046+1000: 191.196: [CMSbailing out to foreground collection
2021-07-18T02:35:50.583+1000: 193.733: [CMS-concurrent-mark: 10.143/25.558 secs] [Times: user=170.82 sys=10.40, real=25.56 secs] 
 (concurrent mode failure)CMS: Large block 0x00007fe621adc348
: 20951948K->11012848K(21002448K), 54.3691050 secs] 21026858K->11012848K(21186768K), [Metaspace: 160103K->160103K(169984K)]After GC:
Statistics for BinaryTreeDictionary:
------------------------------------
Total Free Space: 1268150167
Max   Chunk Size: 1268150167
Number of Blocks: 1
Av.  Block  Size: 1268150167
Tree      Height: 1
, 54.5903519 secs] [Times: user=61.52 sys=0.76, real=54.59 secs] 
2021-07-18T02:36:42.448+1000: 245.599: Total time for which application threads were stopped: 54.5984569 seconds, Stopping threads took: 0.0066812 seconds
2021-07-18T02:36:42.454+1000: 245.605: Application time: 0.0060043 seconds
2021-07-18T02:36:42.752+1000: 245.903: Total time for which application threads were stopped: 0.2978115 seconds, Stopping threads took: 0.2968104 seconds
2021-07-18T02:36:42.760+1000: 245.910: Application time: 0.0079639 seconds
2021-07-18T02:36:42.762+1000: 245.913: Total time for which application threads were stopped: 0.0021646 seconds, Stopping threads took: 0.0012870 seconds
2021-07-18T02:36:43.534+1000: 246.685: Application time: 0.7721853 seconds
2021-07-18T02:36:43.540+1000: 246.690: Total time for which application threads were stopped: 0.0054655 seconds, Stopping threads took: 0.0043103 seconds
2021-07-18T02:36:43.546+1000: 246.697: Application time: 0.0063524 seconds
2021-07-18T02:36:43.548+1000: 246.699: Total time for which application threads were stopped: 0.0020599 seconds, Stopping threads took: 0.0011278 seconds
2021-07-18T02:36:44.548+1000: 247.699: Application time: 1.0002297 seconds
2021-07-18T02:36:44.550+1000: 247.701: Total time for which application threads were stopped: 0.0018106 seconds, Stopping threads took: 0.0008300 seconds
2021-07-18T02:36:45.550+1000: 248.701: Application time: 1.0001549 seconds
2021-07-18T02:36:45.555+1000: 248.705: Total time for which application threads were stopped: 0.0045184 seconds, Stopping threads took: 0.0036000 seconds
2021-07-18T02:36:46.555+1000: 249.706: Application time: 1.0001532 seconds
2021-07-18T02:36:46.573+1000: 249.723: Total time for which application threads were stopped: 0.0176074 seconds, Stopping threads took: 0.0165763 seconds
2021-07-18T02:36:48.573+1000: 251.723: Application time: 2.0002391 seconds
2021-07-18T02:36:48.575+1000: 251.725: Total time for which application threads were stopped: 0.0018709 seconds, Stopping threads took: 0.0005937 seconds
2021-07-18T02:36:49.575+1000: 252.726: Application time: 1.0001760 seconds
2021-07-18T02:36:49.582+1000: 252.733: Total time for which application threads were stopped: 0.0074429 seconds, Stopping threads took: 0.0062614 seconds
2021-07-18T02:36:49.997+1000: 253.148: Application time: 0.4145572 seconds
2021-07-18T02:36:49.999+1000: 253.149: Total time for which application threads were stopped: 0.0019346 seconds, Stopping threads took: 0.0008381 seconds
2021-07-18T02:36:50.999+1000: 254.150: Application time: 1.0002122 seconds
2021-07-18T02:36:51.001+1000: 254.152: Total time for which application threads were stopped: 0.0022132 seconds, Stopping threads took: 0.0010501 seconds
2021-07-18T02:36:52.002+1000: 255.152: Application time: 1.0004193 seconds
2021-07-18T02:36:52.003+1000: 255.154: Total time for which application threads were stopped: 0.0016748 seconds, Stopping threads took: 0.0007950 seconds
2021-07-18T02:36:52.342+1000: 255.492: Application time: 0.3381812 seconds
2021-07-18T02:36:52.348+1000: 255.498: [GC (Allocation Failure) Before GC:
Statistics for BinaryTreeDictionary:
------------------------------------
Total Free Space: 1268150167
Max   Chunk Size: 1268150167
Number of Blocks: 1
Av.  Block  Size: 1268150167
Tree      Height: 1
2021-07-18T02:36:52.348+1000: 255.498: [ParNew
Desired survivor size 535592960 bytes, new threshold 1 (max 15)
- age   1: 1070390568 bytes, 1070390568 total
: 8369088K->1046079K(9415168K), 4.7343888 secs] 19381936K->15159271K(30335568K)After GC:
Statistics for BinaryTreeDictionary:
------------------------------------
Total Free Space: 866160054
Max   Chunk Size: 866160054
Number of Blocks: 1
Av.  Block  Size: 866160054
Tree      Height: 1
, 4.7347605 secs] [Times: user=47.79 sys=1.30, real=4.74 secs] 
2021-07-18T02:36:57.083+1000: 260.233: Total time for which application threads were stopped: 4.7411003 seconds, Stopping threads took: 0.0050560 seconds
2021-07-18T02:36:57.113+1000: 260.264: Application time: 0.0305062 seconds
2021-07-18T02:36:57.116+1000: 260.267: Total time for which application threads were stopped: 0.0028157 seconds, Stopping threads took: 0.0010383 seconds
2021-07-18T02:36:57.137+1000: 260.288: Application time: 0.0213640 seconds
2021-07-18T02:36:57.140+1000: 260.291: Total time for which application threads were stopped: 0.0027135 seconds, Stopping threads took: 0.0008728 seconds
2021-07-18T02:36:58.140+1000: 261.291: Application time: 1.0002498 seconds
2021-07-18T02:36:58.142+1000: 261.292: Total time for which application threads were stopped: 0.0014605 seconds, Stopping threads took: 0.0005234 seconds
2021-07-18T02:36:59.142+1000: 262.293: Application time: 1.0001418 seconds
2021-07-18T02:36:59.144+1000: 262.294: Total time for which application threads were stopped: 0.0018753 seconds, Stopping threads took: 0.0006159 seconds
2021-07-18T02:37:00.144+1000: 263.295: Application time: 1.0001988 seconds
2021-07-18T02:37:00.145+1000: 263.296: Total time for which application threads were stopped: 0.0014340 seconds, Stopping threads took: 0.0005186 seconds
2021-07-18T02:37:01.146+1000: 264.296: Application time: 1.0002069 seconds
2021-07-18T02:37:01.147+1000: 264.298: Total time for which application threads were stopped: 0.0016884 seconds, Stopping threads took: 0.0006051 seconds
2021-07-18T02:37:02.115+1000: 265.265: Application time: 0.9673477 seconds
2021-07-18T02:37:02.116+1000: 265.267: Total time for which application threads were stopped: 0.0015055 seconds, Stopping threads took: 0.0005732 seconds
2021-07-18T02:37:03.116+1000: 266.267: Application time: 1.0001979 seconds
2021-07-18T02:37:03.119+1000: 266.270: Total time for which application threads were stopped: 0.0025624 seconds, Stopping threads took: 0.0014363 seconds
2021-07-18T02:37:04.119+1000: 267.270: Application time: 1.0001534 seconds
2021-07-18T02:37:04.127+1000: 267.278: Total time for which application threads were stopped: 0.0080434 seconds, Stopping threads took: 0.0069805 seconds
2021-07-18T02:37:04.270+1000: 267.421: Application time: 0.1429113 seconds
2021-07-18T02:37:04.297+1000: 267.447: [GC (Allocation Failure) Before GC:
Statistics for BinaryTreeDictionary:
------------------------------------
Total Free Space: 866160054
Max   Chunk Size: 866160054
Number of Blocks: 1
Av.  Block  Size: 866160054
Tree      Height: 1
2021-07-18T02:37:04.297+1000: 267.447: [ParNew
Desired survivor size 535592960 bytes, new threshold 1 (max 15)
- age   1: 1070033848 bytes, 1070033848 total
: 9415167K->1046080K(9415168K), 2.5919236 secs] 23528359K->18032059K(30335568K)After GC:
Statistics for BinaryTreeDictionary:
------------------------------------
Total Free Space: 496402162
Max   Chunk Size: 496402162
Number of Blocks: 1
Av.  Block  Size: 496402162
Tree      Height: 1
, 2.5923137 secs] [Times: user=23.00 sys=1.14, real=2.59 secs] 
2021-07-18T02:37:06.889+1000: 270.040: Total time for which application threads were stopped: 2.6188893 seconds, Stopping threads took: 0.0252886 seconds
2021-07-18T02:37:07.889+1000: 271.040: Application time: 1.0001722 seconds
2021-07-18T02:37:07.891+1000: 271.042: Total time for which application threads were stopped: 0.0019420 seconds, Stopping threads took: 0.0006202 seconds
2021-07-18T02:37:08.891+1000: 272.042: Application time: 1.0001781 seconds
2021-07-18T02:37:08.894+1000: 272.044: Total time for which application threads were stopped: 0.0022217 seconds, Stopping threads took: 0.0007632 seconds
2021-07-18T02:37:10.898+1000: 274.048: Application time: 2.0039249 seconds
2021-07-18T02:37:10.907+1000: 274.057: Total time for which application threads were stopped: 0.0090147 seconds, Stopping threads took: 0.0079787 seconds
2021-07-18T02:37:11.907+1000: 275.057: Application time: 1.0002432 seconds
2021-07-18T02:37:11.908+1000: 275.059: Total time for which application threads were stopped: 0.0014099 seconds, Stopping threads took: 0.0005521 seconds
2021-07-18T02:37:12.909+1000: 276.059: Application time: 1.0002758 seconds
2021-07-18T02:37:12.913+1000: 276.064: Total time for which application threads were stopped: 0.0046002 seconds, Stopping threads took: 0.0036663 seconds
2021-07-18T02:37:13.936+1000: 277.087: Application time: 1.0228198 seconds
2021-07-18T02:37:13.938+1000: 277.088: Total time for which application threads were stopped: 0.0018559 seconds, Stopping threads took: 0.0006560 seconds
2021-07-18T02:37:14.158+1000: 277.308: Application time: 0.2199076 seconds
2021-07-18T02:37:14.178+1000: 277.328: [GC (Allocation Failure) Before GC:
Statistics for BinaryTreeDictionary:
------------------------------------
Total Free Space: 496402162
Max   Chunk Size: 496402162
Number of Blocks: 1
Av.  Block  Size: 496402162
Tree      Height: 1
2021-07-18T02:37:14.178+1000: 277.329: [ParNew
Desired survivor size 535592960 bytes, new threshold 1 (max 15)
- age   1: 1071139920 bytes, 1071139920 total
: 9415168K->1046080K(9415168K), 3.6808412 secs] 26401147K->21482097K(30335568K)After GC:
Statistics for BinaryTreeDictionary:
------------------------------------
Total Free Space: 54184511
Max   Chunk Size: 54184511
Number of Blocks: 1
Av.  Block  Size: 54184511
Tree      Height: 1
, 3.6811922 secs] [Times: user=28.20 sys=0.53, real=3.68 secs] 
2021-07-18T02:37:17.859+1000: 281.010: Total time for which application threads were stopped: 3.7015232 seconds, Stopping threads took: 0.0188032 seconds
2021-07-18T02:37:17.859+1000: 281.010: Application time: 0.0001962 seconds
2021-07-18T02:37:17.861+1000: 281.011: [GC (CMS Initial Mark) [1 CMS-initial-mark: 20436017K(20920400K)] 21503957K(30335568K), 0.0489348 secs] [Times: user=0.40 sys=0.02, real=0.05 secs] 
2021-07-18T02:37:17.910+1000: 281.061: Total time for which application threads were stopped: 0.0504853 seconds, Stopping threads took: 0.0002497 seconds
2021-07-18T02:37:17.910+1000: 281.061: [CMS-concurrent-mark-start]
2021-07-18T02:37:17.949+1000: 281.099: Application time: 0.0388613 seconds
2021-07-18T02:37:17.951+1000: 281.102: Total time for which application threads were stopped: 0.0025563 seconds, Stopping threads took: 0.0013863 seconds
2021-07-18T02:37:18.952+1000: 282.102: Application time: 1.0002915 seconds
2021-07-18T02:37:18.953+1000: 282.104: Total time for which application threads were stopped: 0.0012884 seconds, Stopping threads took: 0.0004474 seconds
2021-07-18T02:37:19.218+1000: 282.368: Application time: 0.2647229 seconds
2021-07-18T02:37:19.219+1000: 282.370: Total time for which application threads were stopped: 0.0017217 seconds, Stopping threads took: 0.0008343 seconds
2021-07-18T02:37:20.221+1000: 283.371: Application time: 1.0011894 seconds
2021-07-18T02:37:20.222+1000: 283.373: Total time for which application threads were stopped: 0.0018544 seconds, Stopping threads took: 0.0010072 seconds
2021-07-18T02:37:21.224+1000: 284.375: Application time: 1.0020065 seconds
2021-07-18T02:37:21.227+1000: 284.377: Total time for which application threads were stopped: 0.0021582 seconds, Stopping threads took: 0.0013128 seconds
2021-07-18T02:37:22.227+1000: 285.378: Application time: 1.0002712 seconds
2021-07-18T02:37:22.233+1000: 285.383: Total time for which application threads were stopped: 0.0056623 seconds, Stopping threads took: 0.0048213 seconds
2021-07-18T02:37:23.932+1000: 287.083: Application time: 1.6993249 seconds
2021-07-18T02:37:23.941+1000: 287.092: Total time for which application threads were stopped: 0.0080567 seconds, Stopping threads took: 0.0070822 seconds
2021-07-18T02:37:23.942+1000: 287.092: Application time: 0.0004452 seconds
2021-07-18T02:37:23.955+1000: 287.106: Total time for which application threads were stopped: 0.0134688 seconds, Stopping threads took: 0.0122597 seconds
2021-07-18T02:37:23.975+1000: 287.125: Application time: 0.0192354 seconds
2021-07-18T02:37:23.978+1000: 287.129: Total time for which application threads were stopped: 0.0036492 seconds, Stopping threads took: 0.0027483 seconds
2021-07-18T02:37:23.993+1000: 287.144: Application time: 0.0149562 seconds
2021-07-18T02:37:23.995+1000: 287.145: Total time for which application threads were stopped: 0.0016991 seconds, Stopping threads took: 0.0008095 seconds
2021-07-18T02:37:23.995+1000: 287.146: Application time: 0.0005681 seconds
2021-07-18T02:37:23.997+1000: 287.148: Total time for which application threads were stopped: 0.0020082 seconds, Stopping threads took: 0.0003476 seconds
2021-07-18T02:37:25.000+1000: 288.151: Application time: 1.0028379 seconds
2021-07-18T02:37:25.006+1000: 288.157: Total time for which application threads were stopped: 0.0059262 seconds, Stopping threads took: 0.0047452 seconds
2021-07-18T02:37:25.008+1000: 288.159: Application time: 0.0022047 seconds
2021-07-18T02:37:25.010+1000: 288.160: Total time for which application threads were stopped: 0.0012989 seconds, Stopping threads took: 0.0004756 seconds
2021-07-18T02:37:25.035+1000: 288.186: Application time: 0.0254911 seconds
2021-07-18T02:37:25.038+1000: 288.189: [GC (Allocation Failure) Before GC:
Statistics for BinaryTreeDictionary:
------------------------------------
Total Free Space: 54184511
Max   Chunk Size: 54184511
Number of Blocks: 1
Av.  Block  Size: 54184511
Tree      Height: 1
2021-07-18T02:37:25.039+1000: 288.190: [ParNew
Desired survivor size 535592960 bytes, new threshold 1 (max 15)
- age   1: 1071106120 bytes, 1071106120 total
: 9410159K->1046080K(9415168K), 4.8980186 secs] 29846177K->23785323K(32220180K)After GC:
Statistics for BinaryTreeDictionary:
------------------------------------
Total Free Space: 15341
Max   Chunk Size: 15341
Number of Blocks: 1
Av.  Block  Size: 15341
Tree      Height: 1
, 4.8992699 secs] [Times: user=21.93 sys=2.17, real=4.90 secs] 
2021-07-18T02:37:29.938+1000: 293.088: Total time for which application threads were stopped: 4.9025032 seconds, Stopping threads took: 0.0010206 seconds
2021-07-18T02:37:29.958+1000: 293.108: Application time: 0.0199407 seconds
2021-07-18T02:37:29.960+1000: 293.110: Total time for which application threads were stopped: 0.0019699 seconds, Stopping threads took: 0.0007557 seconds
2021-07-18T02:37:30.002+1000: 293.152: Application time: 0.0421921 seconds
2021-07-18T02:37:30.003+1000: 293.154: Total time for which application threads were stopped: 0.0015986 seconds, Stopping threads took: 0.0007143 seconds
2021-07-18T02:37:30.062+1000: 293.212: Application time: 0.0581699 seconds
2021-07-18T02:37:30.068+1000: 293.219: Total time for which application threads were stopped: 0.0065272 seconds, Stopping threads took: 0.0053919 seconds
2021-07-18T02:37:30.106+1000: 293.257: Application time: 0.0379514 seconds
2021-07-18T02:37:30.119+1000: 293.270: Total time for which application threads were stopped: 0.0129076 seconds, Stopping threads took: 0.0119379 seconds
2021-07-18T02:37:30.151+1000: 293.301: Application time: 0.0317851 seconds
2021-07-18T02:37:30.154+1000: 293.305: Total time for which application threads were stopped: 0.0032771 seconds, Stopping threads took: 0.0010969 seconds
2021-07-18T02:37:30.184+1000: 293.335: Application time: 0.0298933 seconds
2021-07-18T02:37:30.193+1000: 293.343: Total time for which application threads were stopped: 0.0086270 seconds, Stopping threads took: 0.0076192 seconds
2021-07-18T02:37:30.230+1000: 293.380: Application time: 0.0370880 seconds
2021-07-18T02:37:30.232+1000: 293.383: Total time for which application threads were stopped: 0.0021994 seconds, Stopping threads took: 0.0007718 seconds
2021-07-18T02:37:30.270+1000: 293.421: Application time: 0.0385568 seconds
2021-07-18T02:37:30.286+1000: 293.437: Total time for which application threads were stopped: 0.0158824 seconds, Stopping threads took: 0.0144015 seconds
2021-07-18T02:37:30.344+1000: 293.495: Application time: 0.0576684 seconds
2021-07-18T02:37:30.347+1000: 293.497: Total time for which application threads were stopped: 0.0026196 seconds, Stopping threads took: 0.0015935 seconds
2021-07-18T02:37:30.387+1000: 293.538: Application time: 0.0402691 seconds
2021-07-18T02:37:30.390+1000: 293.541: Total time for which application threads were stopped: 0.0032897 seconds, Stopping threads took: 0.0013158 seconds
2021-07-18T02:37:30.430+1000: 293.581: Application time: 0.0400839 seconds
2021-07-18T02:37:30.439+1000: 293.589: Total time for which application threads were stopped: 0.0082823 seconds, Stopping threads took: 0.0067830 seconds
2021-07-18T02:37:30.478+1000: 293.629: Application time: 0.0391782 seconds
2021-07-18T02:37:30.496+1000: 293.647: Total time for which application threads were stopped: 0.0183421 seconds, Stopping threads took: 0.0172299 seconds
2021-07-18T02:37:30.557+1000: 293.708: Application time: 0.0611844 seconds
2021-07-18T02:37:30.562+1000: 293.713: Total time for which application threads were stopped: 0.0048167 seconds, Stopping threads took: 0.0038258 seconds
2021-07-18T02:37:30.612+1000: 293.763: Application time: 0.0496647 seconds
2021-07-18T02:37:30.614+1000: 293.764: Total time for which application threads were stopped: 0.0019101 seconds, Stopping threads took: 0.0009847 seconds
2021-07-18T02:37:30.651+1000: 293.802: Application time: 0.0376103 seconds
2021-07-18T02:37:30.654+1000: 293.804: Total time for which application threads were stopped: 0.0021298 seconds, Stopping threads took: 0.0006200 seconds
2021-07-18T02:37:30.687+1000: 293.838: Application time: 0.0337858 seconds
2021-07-18T02:37:30.689+1000: 293.840: Total time for which application threads were stopped: 0.0017606 seconds, Stopping threads took: 0.0006258 seconds
2021-07-18T02:37:30.726+1000: 293.877: Application time: 0.0370193 seconds
2021-07-18T02:37:30.728+1000: 293.879: Total time for which application threads were stopped: 0.0018500 seconds, Stopping threads took: 0.0007346 seconds
2021-07-18T02:37:30.766+1000: 293.917: Application time: 0.0381418 seconds
2021-07-18T02:37:30.768+1000: 293.919: Total time for which application threads were stopped: 0.0016944 seconds, Stopping threads took: 0.0007778 seconds
2021-07-18T02:37:30.805+1000: 293.956: Application time: 0.0375267 seconds
2021-07-18T02:37:30.807+1000: 293.958: Total time for which application threads were stopped: 0.0016390 seconds, Stopping threads took: 0.0007142 seconds
2021-07-18T02:37:30.850+1000: 294.001: Application time: 0.0428404 seconds
2021-07-18T02:37:30.851+1000: 294.002: Total time for which application threads were stopped: 0.0014776 seconds, Stopping threads took: 0.0005410 seconds
2021-07-18T02:37:30.886+1000: 294.037: Application time: 0.0345163 seconds
2021-07-18T02:37:30.888+1000: 294.038: Total time for which application threads were stopped: 0.0016103 seconds, Stopping threads took: 0.0005672 seconds
2021-07-18T02:37:30.932+1000: 294.083: Application time: 0.0445432 seconds
2021-07-18T02:37:30.937+1000: 294.087: Total time for which application threads were stopped: 0.0046578 seconds, Stopping threads took: 0.0034218 seconds
2021-07-18T02:37:30.978+1000: 294.128: Application time: 0.0409780 seconds
2021-07-18T02:37:30.979+1000: 294.130: Total time for which application threads were stopped: 0.0017247 seconds, Stopping threads took: 0.0007255 seconds
2021-07-18T02:37:31.016+1000: 294.167: Application time: 0.0365484 seconds
2021-07-18T02:37:31.017+1000: 294.168: Total time for which application threads were stopped: 0.0014537 seconds, Stopping threads took: 0.0005534 seconds
2021-07-18T02:37:31.055+1000: 294.205: Application time: 0.0372584 seconds
2021-07-18T02:37:31.057+1000: 294.207: Total time for which application threads were stopped: 0.0018032 seconds, Stopping threads took: 0.0008513 seconds
2021-07-18T02:37:31.101+1000: 294.251: Application time: 0.0443177 seconds
2021-07-18T02:37:31.117+1000: 294.268: Total time for which application threads were stopped: 0.0162105 seconds, Stopping threads took: 0.0150789 seconds
2021-07-18T02:37:31.153+1000: 294.304: Application time: 0.0360374 seconds
2021-07-18T02:37:31.158+1000: 294.309: Total time for which application threads were stopped: 0.0048567 seconds, Stopping threads took: 0.0039079 seconds
2021-07-18T02:37:31.210+1000: 294.360: Application time: 0.0518268 seconds
2021-07-18T02:37:31.215+1000: 294.366: Total time for which application threads were stopped: 0.0054785 seconds, Stopping threads took: 0.0043096 seconds
2021-07-18T02:37:31.256+1000: 294.407: Application time: 0.0411849 seconds
2021-07-18T02:37:31.258+1000: 294.409: Total time for which application threads were stopped: 0.0015359 seconds, Stopping threads took: 0.0006573 seconds
2021-07-18T02:37:31.296+1000: 294.447: Application time: 0.0378479 seconds
2021-07-18T02:37:31.299+1000: 294.450: Total time for which application threads were stopped: 0.0033331 seconds, Stopping threads took: 0.0011198 seconds
2021-07-18T02:37:31.336+1000: 294.487: Application time: 0.0370606 seconds
2021-07-18T02:37:31.342+1000: 294.492: Total time for which application threads were stopped: 0.0053345 seconds, Stopping threads took: 0.0042276 seconds
2021-07-18T02:37:31.395+1000: 294.545: Application time: 0.0529198 seconds
2021-07-18T02:37:31.402+1000: 294.552: Total time for which application threads were stopped: 0.0072955 seconds, Stopping threads took: 0.0063507 seconds
2021-07-18T02:37:31.444+1000: 294.595: Application time: 0.0425338 seconds
2021-07-18T02:37:31.446+1000: 294.597: Total time for which application threads were stopped: 0.0015564 seconds, Stopping threads took: 0.0006300 seconds
2021-07-18T02:37:31.492+1000: 294.643: Application time: 0.0461919 seconds
2021-07-18T02:37:31.496+1000: 294.647: Total time for which application threads were stopped: 0.0043148 seconds, Stopping threads took: 0.0028473 seconds
2021-07-18T02:37:31.537+1000: 294.687: Application time: 0.0402560 seconds
2021-07-18T02:37:31.541+1000: 294.692: Total time for which application threads were stopped: 0.0041749 seconds, Stopping threads took: 0.0020430 seconds
2021-07-18T02:37:31.580+1000: 294.731: Application time: 0.0392343 seconds
2021-07-18T02:37:31.584+1000: 294.734: Total time for which application threads were stopped: 0.0037072 seconds, Stopping threads took: 0.0017415 seconds
2021-07-18T02:37:31.642+1000: 294.792: Application time: 0.0578882 seconds
2021-07-18T02:37:31.643+1000: 294.794: Total time for which application threads were stopped: 0.0016901 seconds, Stopping threads took: 0.0007139 seconds
2021-07-18T02:37:31.682+1000: 294.833: Application time: 0.0389901 seconds
2021-07-18T02:37:31.685+1000: 294.835: Total time for which application threads were stopped: 0.0023346 seconds, Stopping threads took: 0.0008849 seconds
2021-07-18T02:37:31.724+1000: 294.875: Application time: 0.0396698 seconds
2021-07-18T02:37:31.729+1000: 294.879: Total time for which application threads were stopped: 0.0041575 seconds, Stopping threads took: 0.0032507 seconds
2021-07-18T02:37:31.767+1000: 294.917: Application time: 0.0380702 seconds
2021-07-18T02:37:31.768+1000: 294.919: Total time for which application threads were stopped: 0.0015450 seconds, Stopping threads took: 0.0006636 seconds
2021-07-18T02:37:31.809+1000: 294.959: Application time: 0.0403699 seconds
2021-07-18T02:37:31.810+1000: 294.961: Total time for which application threads were stopped: 0.0017264 seconds, Stopping threads took: 0.0007410 seconds
2021-07-18T02:37:31.851+1000: 295.002: Application time: 0.0408061 seconds
2021-07-18T02:37:31.853+1000: 295.004: Total time for which application threads were stopped: 0.0017556 seconds, Stopping threads took: 0.0008757 seconds
2021-07-18T02:37:31.898+1000: 295.049: Application time: 0.0450942 seconds
2021-07-18T02:37:31.900+1000: 295.050: Total time for which application threads were stopped: 0.0016974 seconds, Stopping threads took: 0.0008093 seconds
2021-07-18T02:37:31.936+1000: 295.086: Application time: 0.0360723 seconds
2021-07-18T02:37:31.947+1000: 295.097: Total time for which application threads were stopped: 0.0108394 seconds, Stopping threads took: 0.0098783 seconds
2021-07-18T02:37:31.989+1000: 295.139: Application time: 0.0421504 seconds
2021-07-18T02:37:31.990+1000: 295.141: Total time for which application threads were stopped: 0.0015194 seconds, Stopping threads took: 0.0005619 seconds
2021-07-18T02:37:32.038+1000: 295.189: Application time: 0.0479829 seconds
2021-07-18T02:37:32.043+1000: 295.194: Total time for which application threads were stopped: 0.0048811 seconds, Stopping threads took: 0.0039571 seconds
2021-07-18T02:37:32.082+1000: 295.232: Application time: 0.0385126 seconds
2021-07-18T02:37:32.083+1000: 295.234: Total time for which application threads were stopped: 0.0017272 seconds, Stopping threads took: 0.0005906 seconds
2021-07-18T02:37:32.121+1000: 295.272: Application time: 0.0378278 seconds
2021-07-18T02:37:32.131+1000: 295.282: Total time for which application threads were stopped: 0.0097437 seconds, Stopping threads took: 0.0088128 seconds
2021-07-18T02:37:32.180+1000: 295.330: Application time: 0.0485333 seconds
2021-07-18T02:37:32.181+1000: 295.332: Total time for which application threads were stopped: 0.0016001 seconds, Stopping threads took: 0.0006859 seconds
2021-07-18T02:37:32.220+1000: 295.371: Application time: 0.0389554 seconds
2021-07-18T02:37:32.222+1000: 295.373: Total time for which application threads were stopped: 0.0019127 seconds, Stopping threads took: 0.0006384 seconds
2021-07-18T02:37:33.941+1000: 297.091: Application time: 1.7185336 seconds
2021-07-18T02:37:33.943+1000: 297.093: Total time for which application threads were stopped: 0.0020823 seconds, Stopping threads took: 0.0006895 seconds
2021-07-18T02:37:34.943+1000: 298.094: Application time: 1.0004255 seconds
2021-07-18T02:37:35.082+1000: 298.233: Total time for which application threads were stopped: 0.1388704 seconds, Stopping threads took: 0.1376925 seconds
2021-07-18T02:37:35.940+1000: 299.090: Application time: 0.8577685 seconds
2021-07-18T02:37:35.942+1000: 299.093: Total time for which application threads were stopped: 0.0022153 seconds, Stopping threads took: 0.0010383 seconds
2021-07-18T02:37:36.942+1000: 300.093: Application time: 1.0003880 seconds
2021-07-18T02:37:36.944+1000: 300.094: Total time for which application threads were stopped: 0.0013758 seconds, Stopping threads took: 0.0005231 seconds
2021-07-18T02:37:37.710+1000: 300.861: Application time: 0.7662393 seconds
2021-07-18T02:37:37.712+1000: 300.863: [GC (Allocation Failure) Before GC:
Statistics for BinaryTreeDictionary:
------------------------------------
Total Free Space: 15341
Max   Chunk Size: 15341
Number of Blocks: 1
Av.  Block  Size: 15341
Tree      Height: 1
2021-07-18T02:37:37.712+1000: 300.863: [ParNew
Desired survivor size 535592960 bytes, new threshold 1 (max 15)
- age   1: 1071191688 bytes, 1071191688 total
: 9415168K->1046080K(9415168K), 7.1976954 secs] 32154411K->27708111K(36138812K)After GC:
Statistics for BinaryTreeDictionary:
------------------------------------
Total Free Space: 18438
Max   Chunk Size: 18438
Number of Blocks: 1
Av.  Block  Size: 18438
Tree      Height: 1
, 7.1980976 secs] [Times: user=86.47 sys=3.44, real=7.20 secs] 
2021-07-18T02:37:44.911+1000: 308.061: Total time for which application threads were stopped: 7.2006096 seconds, Stopping threads took: 0.0006793 seconds
2021-07-18T02:37:44.922+1000: 308.073: Application time: 0.0118095 seconds
2021-07-18T02:37:44.924+1000: 308.075: Total time for which application threads were stopped: 0.0020105 seconds, Stopping threads took: 0.0007655 seconds
2021-07-18T02:37:44.946+1000: 308.097: Application time: 0.0214727 seconds
2021-07-18T02:37:44.951+1000: 308.102: Total time for which application threads were stopped: 0.0049492 seconds, Stopping threads took: 0.0036357 seconds
2021-07-18T02:37:44.962+1000: 308.112: Application time: 0.0107080 seconds
2021-07-18T02:37:44.977+1000: 308.127: Total time for which application threads were stopped: 0.0149914 seconds, Stopping threads took: 0.0138159 seconds
2021-07-18T02:37:45.026+1000: 308.176: Application time: 0.0489807 seconds
2021-07-18T02:37:45.045+1000: 308.195: Total time for which application threads were stopped: 0.0191173 seconds, Stopping threads took: 0.0180477 seconds
2021-07-18T02:37:45.056+1000: 308.207: Application time: 0.0111780 seconds
2021-07-18T02:37:45.063+1000: 308.213: Total time for which application threads were stopped: 0.0067116 seconds, Stopping threads took: 0.0056168 seconds
2021-07-18T02:37:45.085+1000: 308.236: Application time: 0.0227329 seconds
2021-07-18T02:37:45.089+1000: 308.240: Total time for which application threads were stopped: 0.0040748 seconds, Stopping threads took: 0.0027217 seconds
2021-07-18T02:37:45.151+1000: 308.302: Application time: 0.0614423 seconds
2021-07-18T02:37:45.156+1000: 308.307: Total time for which application threads were stopped: 0.0050755 seconds, Stopping threads took: 0.0040560 seconds
2021-07-18T02:37:45.216+1000: 308.366: Application time: 0.0598414 seconds
2021-07-18T02:37:45.222+1000: 308.372: Total time for which application threads were stopped: 0.0059247 seconds, Stopping threads took: 0.0035595 seconds
2021-07-18T02:37:45.940+1000: 309.090: Application time: 0.7179399 seconds
2021-07-18T02:37:45.945+1000: 309.096: Total time for which application threads were stopped: 0.0056244 seconds, Stopping threads took: 0.0009551 seconds
2021-07-18T02:37:46.948+1000: 310.099: Application time: 1.0028867 seconds
2021-07-18T02:37:46.974+1000: 310.125: Total time for which application threads were stopped: 0.0259667 seconds, Stopping threads took: 0.0229686 seconds
2021-07-18T02:37:46.993+1000: 310.144: Application time: 0.0191042 seconds
2021-07-18T02:37:46.995+1000: 310.146: Total time for which application threads were stopped: 0.0016661 seconds, Stopping threads took: 0.0006897 seconds
2021-07-18T02:37:47.940+1000: 311.090: Application time: 0.9447095 seconds
2021-07-18T02:37:47.946+1000: 311.096: Total time for which application threads were stopped: 0.0059454 seconds, Stopping threads took: 0.0048987 seconds
2021-07-18T02:37:49.946+1000: 313.096: Application time: 2.0001460 seconds
2021-07-18T02:37:49.948+1000: 313.099: Total time for which application threads were stopped: 0.0022098 seconds, Stopping threads took: 0.0011565 seconds
2021-07-18T02:37:50.948+1000: 314.099: Application time: 1.0003011 seconds
2021-07-18T02:37:50.950+1000: 314.100: Total time for which application threads were stopped: 0.0016240 seconds, Stopping threads took: 0.0005888 seconds
2021-07-18T02:37:52.325+1000: 315.475: Application time: 1.3747885 seconds
2021-07-18T02:37:52.326+1000: 315.477: Total time for which application threads were stopped: 0.0016319 seconds, Stopping threads took: 0.0004779 seconds
2021-07-18T02:37:52.400+1000: 315.551: Application time: 0.0738398 seconds
2021-07-18T02:37:52.402+1000: 315.553: [GC (Allocation Failure) Before GC:
Statistics for BinaryTreeDictionary:
------------------------------------
Total Free Space: 18438
Max   Chunk Size: 18438
Number of Blocks: 1
Av.  Block  Size: 18438
Tree      Height: 1
2021-07-18T02:37:52.402+1000: 315.553: [ParNew
Desired survivor size 535592960 bytes, new threshold 1 (max 15)
- age   1: 1071179664 bytes, 1071179664 total
: 9398850K->1046080K(9415168K), 4.3282899 secs] 36060881K->29836288K(38265964K)After GC:
Statistics for BinaryTreeDictionary:
------------------------------------
Total Free Space: 18442
Max   Chunk Size: 18442
Number of Blocks: 1
Av.  Block  Size: 18442
Tree      Height: 1
, 4.3286498 secs] [Times: user=28.43 sys=2.76, real=4.32 secs] 
2021-07-18T02:37:56.731+1000: 319.882: Total time for which application threads were stopped: 4.3306972 seconds, Stopping threads took: 0.0006393 seconds
2021-07-18T02:37:56.749+1000: 319.900: Application time: 0.0180356 seconds
2021-07-18T02:37:56.752+1000: 319.902: Total time for which application threads were stopped: 0.0029019 seconds, Stopping threads took: 0.0019218 seconds
2021-07-18T02:37:56.788+1000: 319.939: Application time: 0.0366530 seconds
2021-07-18T02:37:56.803+1000: 319.954: Total time for which application threads were stopped: 0.0145494 seconds, Stopping threads took: 0.0132874 seconds
2021-07-18T02:37:57.979+1000: 321.130: Application time: 1.1761627 seconds
2021-07-18T02:37:57.981+1000: 321.131: Total time for which application threads were stopped: 0.0014938 seconds, Stopping threads took: 0.0005412 seconds
2021-07-18T02:37:59.131+1000: 322.282: Application time: 1.1502556 seconds
2021-07-18T02:37:59.147+1000: 322.297: Total time for which application threads were stopped: 0.0156935 seconds, Stopping threads took: 0.0148104 seconds
2021-07-18T02:37:59.984+1000: 323.135: Application time: 0.8376181 seconds
2021-07-18T02:37:59.986+1000: 323.137: Total time for which application threads were stopped: 0.0016224 seconds, Stopping threads took: 0.0005975 seconds
2021-07-18T02:38:02.343+1000: 325.494: Application time: 2.3573131 seconds
2021-07-18T02:38:02.345+1000: 325.496: Total time for which application threads were stopped: 0.0017944 seconds, Stopping threads took: 0.0005328 seconds
2021-07-18T02:38:03.055+1000: 326.206: [CMS-concurrent-mark: 28.075/45.145 secs] [Times: user=395.23 sys=21.03, real=45.15 secs] 
2021-07-18T02:38:03.055+1000: 326.206: [CMS-concurrent-preclean-start]
2021-07-18T02:38:03.941+1000: 327.092: Application time: 1.5962471 seconds
2021-07-18T02:38:03.943+1000: 327.094: Total time for which application threads were stopped: 0.0019327 seconds, Stopping threads took: 0.0006788 seconds
2021-07-18T02:38:04.971+1000: 328.121: Application time: 1.0275417 seconds
2021-07-18T02:38:04.973+1000: 328.124: Total time for which application threads were stopped: 0.0021435 seconds, Stopping threads took: 0.0007438 seconds
2021-07-18T02:38:05.940+1000: 329.091: Application time: 0.9672926 seconds
2021-07-18T02:38:05.945+1000: 329.096: Total time for which application threads were stopped: 0.0049304 seconds, Stopping threads took: 0.0034858 seconds
2021-07-18T02:38:06.067+1000: 329.217: Application time: 0.1215195 seconds
2021-07-18T02:38:06.068+1000: 329.219: [GC (Allocation Failure) Before GC:
Statistics for BinaryTreeDictionary:
------------------------------------
Total Free Space: 18442
Max   Chunk Size: 18442
Number of Blocks: 1
Av.  Block  Size: 18442
Tree      Height: 1
2021-07-18T02:38:06.069+1000: 329.219: [ParNew
Desired survivor size 535592960 bytes, new threshold 1 (max 15)
- age   1: 1060751376 bytes, 1060751376 total
: 9415168K->1046080K(9415168K), 4.9730369 secs] 38205376K->32811156K(41236504K)After GC:
Statistics for BinaryTreeDictionary:
------------------------------------
Total Free Space: 2070
Max   Chunk Size: 2070
Number of Blocks: 1
Av.  Block  Size: 2070
Tree      Height: 1
, 4.9733520 secs] [Times: user=31.70 sys=3.33, real=4.98 secs] 
2021-07-18T02:38:11.042+1000: 334.193: Total time for which application threads were stopped: 4.9754370 seconds, Stopping threads took: 0.0007520 seconds
2021-07-18T02:38:11.043+1000: 334.194: Application time: 0.0012564 seconds
2021-07-18T02:38:11.045+1000: 334.195: Total time for which application threads were stopped: 0.0011731 seconds, Stopping threads took: 0.0003351 seconds
2021-07-18T02:38:11.047+1000: 334.197: Application time: 0.0022700 seconds
2021-07-18T02:38:11.055+1000: 334.205: Total time for which application threads were stopped: 0.0079593 seconds, Stopping threads took: 0.0071221 seconds
2021-07-18T02:38:11.058+1000: 334.209: Application time: 0.0033959 seconds
2021-07-18T02:38:11.067+1000: 334.218: Total time for which application threads were stopped: 0.0087382 seconds, Stopping threads took: 0.0078410 seconds
2021-07-18T02:38:11.097+1000: 334.248: Application time: 0.0304791 seconds
2021-07-18T02:38:11.104+1000: 334.255: Total time for which application threads were stopped: 0.0066914 seconds, Stopping threads took: 0.0057355 seconds
2021-07-18T02:38:11.941+1000: 335.092: Application time: 0.8371435 seconds
2021-07-18T02:38:11.946+1000: 335.096: Total time for which application threads were stopped: 0.0043782 seconds, Stopping threads took: 0.0031862 seconds
2021-07-18T02:38:12.946+1000: 336.097: Application time: 1.0004510 seconds
2021-07-18T02:38:12.951+1000: 336.101: Total time for which application threads were stopped: 0.0046382 seconds, Stopping threads took: 0.0037299 seconds
2021-07-18T02:38:13.941+1000: 337.091: Application time: 0.9900917 seconds
2021-07-18T02:38:13.943+1000: 337.093: Total time for which application threads were stopped: 0.0019547 seconds, Stopping threads took: 0.0010331 seconds
2021-07-18T02:38:14.943+1000: 338.094: Application time: 1.0002159 seconds
2021-07-18T02:38:14.945+1000: 338.095: Total time for which application threads were stopped: 0.0017820 seconds, Stopping threads took: 0.0006474 seconds
2021-07-18T02:38:16.998+1000: 340.149: Application time: 2.0535325 seconds
2021-07-18T02:38:17.000+1000: 340.151: Total time for which application threads were stopped: 0.0017271 seconds, Stopping threads took: 0.0007724 seconds
2021-07-18T02:38:17.994+1000: 341.145: Application time: 0.9943791 seconds
2021-07-18T02:38:17.996+1000: 341.147: Total time for which application threads were stopped: 0.0016527 seconds, Stopping threads took: 0.0005030 seconds
2021-07-18T02:38:18.996+1000: 342.147: Application time: 1.0002726 seconds
2021-07-18T02:38:18.998+1000: 342.149: Total time for which application threads were stopped: 0.0017276 seconds, Stopping threads took: 0.0008541 seconds
2021-07-18T02:38:19.476+1000: 342.627: Application time: 0.4782912 seconds
2021-07-18T02:38:19.482+1000: 342.632: [GC (Allocation Failure) Before GC:
Statistics for BinaryTreeDictionary:
------------------------------------
Total Free Space: 2070
Max   Chunk Size: 2070
Number of Blocks: 1
Av.  Block  Size: 2070
Tree      Height: 1
2021-07-18T02:38:19.482+1000: 342.633: [ParNew
Desired survivor size 535592960 bytes, new threshold 1 (max 15)
- age   1: 1071189896 bytes, 1071189896 total
: 9405064K->1046080K(9415168K), 5.0291419 secs] 41170141K->35985728K(44412640K)After GC:
Statistics for BinaryTreeDictionary:
------------------------------------
Total Free Space: 12271
Max   Chunk Size: 12271
Number of Blocks: 1
Av.  Block  Size: 12271
Tree      Height: 1
, 5.0294730 secs] [Times: user=28.11 sys=3.29, real=5.02 secs] 
2021-07-18T02:38:24.512+1000: 347.662: Total time for which application threads were stopped: 5.0351580 seconds, Stopping threads took: 0.0044937 seconds
2021-07-18T02:38:24.538+1000: 347.688: Application time: 0.0262118 seconds
2021-07-18T02:38:24.551+1000: 347.702: Total time for which application threads were stopped: 0.0131480 seconds, Stopping threads took: 0.0121499 seconds
2021-07-18T02:38:24.574+1000: 347.725: Application time: 0.0230062 seconds
2021-07-18T02:38:24.586+1000: 347.737: Total time for which application threads were stopped: 0.0123548 seconds, Stopping threads took: 0.0112812 seconds
2021-07-18T02:38:24.614+1000: 347.764: Application time: 0.0279693 seconds
2021-07-18T02:38:24.617+1000: 347.768: Total time for which application threads were stopped: 0.0029211 seconds, Stopping threads took: 0.0006184 seconds
2021-07-18T02:38:24.659+1000: 347.809: Application time: 0.0416905 seconds
2021-07-18T02:38:24.662+1000: 347.812: Total time for which application threads were stopped: 0.0028086 seconds, Stopping threads took: 0.0010024 seconds
2021-07-18T02:38:25.662+1000: 348.813: Application time: 1.0002567 seconds
2021-07-18T02:38:25.663+1000: 348.814: Total time for which application threads were stopped: 0.0015732 seconds, Stopping threads took: 0.0007307 seconds
2021-07-18T02:38:25.716+1000: 348.867: Application time: 0.0526083 seconds
2021-07-18T02:38:25.718+1000: 348.869: Total time for which application threads were stopped: 0.0018031 seconds, Stopping threads took: 0.0008066 seconds
2021-07-18T02:38:25.941+1000: 349.092: Application time: 0.2232617 seconds
2021-07-18T02:38:25.943+1000: 349.094: Total time for which application threads were stopped: 0.0019766 seconds, Stopping threads took: 0.0009897 seconds
2021-07-18T02:38:28.070+1000: 351.220: Application time: 2.1264261 seconds
2021-07-18T02:38:28.076+1000: 351.226: Total time for which application threads were stopped: 0.0059608 seconds, Stopping threads took: 0.0047135 seconds
2021-07-18T02:38:29.960+1000: 353.110: Application time: 1.8840187 seconds
2021-07-18T02:38:29.983+1000: 353.134: Total time for which application threads were stopped: 0.0233060 seconds, Stopping threads took: 0.0222878 seconds
2021-07-18T02:38:31.135+1000: 354.286: Application time: 1.1524808 seconds
2021-07-18T02:38:31.137+1000: 354.288: Total time for which application threads were stopped: 0.0016395 seconds, Stopping threads took: 0.0006258 seconds
2021-07-18T02:38:31.973+1000: 355.124: Application time: 0.8362500 seconds
2021-07-18T02:38:31.975+1000: 355.125: Total time for which application threads were stopped: 0.0015908 seconds, Stopping threads took: 0.0006130 seconds
2021-07-18T02:38:32.975+1000: 356.126: Application time: 1.0002024 seconds
2021-07-18T02:38:32.977+1000: 356.128: Total time for which application threads were stopped: 0.0024079 seconds, Stopping threads took: 0.0015652 seconds
2021-07-18T02:38:33.940+1000: 357.090: Application time: 0.9621779 seconds
2021-07-18T02:38:33.943+1000: 357.093: Total time for which application threads were stopped: 0.0030967 seconds, Stopping threads took: 0.0021568 seconds
2021-07-18T02:38:34.943+1000: 358.094: Application time: 1.0002244 seconds
2021-07-18T02:38:34.944+1000: 358.095: Total time for which application threads were stopped: 0.0012913 seconds, Stopping threads took: 0.0004168 seconds
2021-07-18T02:38:34.996+1000: 358.147: Application time: 0.0521036 seconds
2021-07-18T02:38:34.998+1000: 358.149: Total time for which application threads were stopped: 0.0015691 seconds, Stopping threads took: 0.0005542 seconds
2021-07-18T02:38:35.183+1000: 358.334: Application time: 0.1852373 seconds
2021-07-18T02:38:35.185+1000: 358.335: [GC (Allocation Failure) Before GC:
Statistics for BinaryTreeDictionary:
------------------------------------
Total Free Space: 12271
Max   Chunk Size: 12271
Number of Blocks: 1
Av.  Block  Size: 12271
Tree      Height: 1
2021-07-18T02:38:35.185+1000: 358.335: [ParNew
Desired survivor size 535592960 bytes, new threshold 1 (max 15)
- age   1: 1071185640 bytes, 1071185640 total
: 9415168K->1046080K(9415168K), 4.1914502 secs] 44354816K->38260563K(46679788K)After GC:
Statistics for BinaryTreeDictionary:
------------------------------------
Total Free Space: 8713
Max   Chunk Size: 8713
Number of Blocks: 1
Av.  Block  Size: 8713
Tree      Height: 1
, 4.1918163 secs] [Times: user=26.70 sys=2.18, real=4.19 secs] 
2021-07-18T02:38:39.377+1000: 362.527: Total time for which application threads were stopped: 4.1934950 seconds, Stopping threads took: 0.0004454 seconds
2021-07-18T02:38:39.380+1000: 362.531: Application time: 0.0036851 seconds
2021-07-18T02:38:39.382+1000: 362.533: Total time for which application threads were stopped: 0.0018117 seconds, Stopping threads took: 0.0008707 seconds
2021-07-18T02:38:39.438+1000: 362.589: Application time: 0.0557792 seconds
2021-07-18T02:38:39.444+1000: 362.595: Total time for which application threads were stopped: 0.0061096 seconds, Stopping threads took: 0.0047659 seconds
2021-07-18T02:38:39.940+1000: 363.091: Application time: 0.4961290 seconds
2021-07-18T02:38:39.942+1000: 363.093: Total time for which application threads were stopped: 0.0018930 seconds, Stopping threads took: 0.0006445 seconds
2021-07-18T02:38:41.940+1000: 365.091: Application time: 1.9978028 seconds
2021-07-18T02:38:41.942+1000: 365.093: Total time for which application threads were stopped: 0.0024142 seconds, Stopping threads took: 0.0011264 seconds
2021-07-18T02:38:42.948+1000: 366.099: Application time: 1.0060392 seconds
2021-07-18T02:38:42.950+1000: 366.101: Total time for which application threads were stopped: 0.0015137 seconds, Stopping threads took: 0.0003209 seconds
2021-07-18T02:38:43.945+1000: 367.095: Application time: 0.9948503 seconds
2021-07-18T02:38:43.947+1000: 367.098: Total time for which application threads were stopped: 0.0023256 seconds, Stopping threads took: 0.0012449 seconds
2021-07-18T02:38:44.947+1000: 368.098: Application time: 1.0001803 seconds
2021-07-18T02:38:44.951+1000: 368.102: Total time for which application threads were stopped: 0.0037487 seconds, Stopping threads took: 0.0025612 seconds
2021-07-18T02:38:46.074+1000: 369.225: Application time: 1.1231958 seconds
2021-07-18T02:38:46.079+1000: 369.230: Total time for which application threads were stopped: 0.0050537 seconds, Stopping threads took: 0.0036770 seconds
2021-07-18T02:38:47.079+1000: 370.230: Application time: 1.0001819 seconds
2021-07-18T02:38:47.089+1000: 370.239: Total time for which application threads were stopped: 0.0092744 seconds, Stopping threads took: 0.0080974 seconds
2021-07-18T02:38:47.940+1000: 371.090: Application time: 0.8510721 seconds
2021-07-18T02:38:47.943+1000: 371.094: Total time for which application threads were stopped: 0.0031233 seconds, Stopping threads took: 0.0020357 seconds
2021-07-18T02:38:49.946+1000: 373.096: Application time: 2.0026363 seconds
2021-07-18T02:38:49.955+1000: 373.105: Total time for which application threads were stopped: 0.0091753 seconds, Stopping threads took: 0.0079668 seconds
2021-07-18T02:38:50.129+1000: 373.280: Application time: 0.1745147 seconds
2021-07-18T02:38:50.131+1000: 373.282: [GC (Allocation Failure) Before GC:
Statistics for BinaryTreeDictionary:
------------------------------------
Total Free Space: 8713
Max   Chunk Size: 8713
Number of Blocks: 1
Av.  Block  Size: 8713
Tree      Height: 1
2021-07-18T02:38:50.131+1000: 373.282: [ParNew
Desired survivor size 535592960 bytes, new threshold 1 (max 15)
- age   1: 1071109696 bytes, 1071109696 total
: 9415168K->1046080K(9415168K), 6.2261374 secs] 46629651K->40907007K(49329864K)After GC:
Statistics for BinaryTreeDictionary:
------------------------------------
Total Free Space: 0
Max   Chunk Size: 0
Number of Blocks: 0
Tree      Height: 0
, 6.2264976 secs] [Times: user=25.40 sys=2.40, real=6.23 secs] 
2021-07-18T02:38:56.358+1000: 379.508: Total time for which application threads were stopped: 6.2284323 seconds, Stopping threads took: 0.0005397 seconds
2021-07-18T02:38:56.364+1000: 379.514: Application time: 0.0058358 seconds
2021-07-18T02:38:56.367+1000: 379.518: Total time for which application threads were stopped: 0.0033857 seconds, Stopping threads took: 0.0021313 seconds
2021-07-18T02:38:56.389+1000: 379.540: Application time: 0.0219138 seconds
2021-07-18T02:38:56.390+1000: 379.541: Total time for which application threads were stopped: 0.0016276 seconds, Stopping threads took: 0.0007611 seconds
2021-07-18T02:38:56.398+1000: 379.549: [CMS-concurrent-preclean: 31.947/53.343 secs] [Times: user=292.83 sys=20.07, real=53.34 secs] 
2021-07-18T02:38:56.399+1000: 379.549: [CMS-concurrent-abortable-preclean-start]
2021-07-18T02:38:56.407+1000: 379.557: Application time: 0.0162482 seconds
2021-07-18T02:38:56.408+1000: 379.559: Total time for which application threads were stopped: 0.0016842 seconds, Stopping threads took: 0.0006206 seconds
2021-07-18T02:38:56.442+1000: 379.593: Application time: 0.0338793 seconds
2021-07-18T02:38:56.444+1000: 379.595: Total time for which application threads were stopped: 0.0016930 seconds, Stopping threads took: 0.0005366 seconds
2021-07-18T02:38:57.444+1000: 380.595: Application time: 1.0004168 seconds
2021-07-18T02:38:57.446+1000: 380.597: Total time for which application threads were stopped: 0.0016542 seconds, Stopping threads took: 0.0005971 seconds
2021-07-18T02:38:57.522+1000: 380.672: Application time: 0.0755208 seconds
2021-07-18T02:38:57.523+1000: 380.674: Total time for which application threads were stopped: 0.0017164 seconds, Stopping threads took: 0.0006187 seconds
2021-07-18T02:38:57.940+1000: 381.090: Application time: 0.4163539 seconds
2021-07-18T02:38:57.942+1000: 381.092: Total time for which application threads were stopped: 0.0019396 seconds, Stopping threads took: 0.0004144 seconds
2021-07-18T02:38:59.940+1000: 383.091: Application time: 1.9983345 seconds
2021-07-18T02:38:59.943+1000: 383.094: Total time for which application threads were stopped: 0.0034063 seconds, Stopping threads took: 0.0004858 seconds
2021-07-18T02:39:01.940+1000: 385.090: Application time: 1.9963801 seconds
2021-07-18T02:39:01.942+1000: 385.092: Total time for which application threads were stopped: 0.0016557 seconds, Stopping threads took: 0.0004515 seconds
2021-07-18T02:39:03.939+1000: 387.090: Application time: 1.9978813 seconds
2021-07-18T02:39:03.941+1000: 387.092: Total time for which application threads were stopped: 0.0017073 seconds, Stopping threads took: 0.0005214 seconds
2021-07-18T02:39:04.943+1000: 388.093: Application time: 1.0017002 seconds
2021-07-18T02:39:04.945+1000: 388.095: Total time for which application threads were stopped: 0.0019473 seconds, Stopping threads took: 0.0011031 seconds
2021-07-18T02:39:05.945+1000: 389.096: Application time: 1.0001683 seconds
2021-07-18T02:39:05.947+1000: 389.097: Total time for which application threads were stopped: 0.0018804 seconds, Stopping threads took: 0.0007021 seconds
2021-07-18T02:39:06.948+1000: 390.099: Application time: 1.0012153 seconds
2021-07-18T02:39:06.949+1000: 390.100: Total time for which application threads were stopped: 0.0014593 seconds, Stopping threads took: 0.0005982 seconds
 CMS: abort preclean due to time 2021-07-18T02:39:06.950+1000: 390.100: [CMS-concurrent-abortable-preclean: 10.225/10.551 secs] [Times: user=52.54 sys=2.27, real=10.55 secs] 
2021-07-18T02:39:06.950+1000: 390.101: Application time: 0.0005025 seconds
2021-07-18T02:39:06.951+1000: 390.102: [GC (CMS Final Remark) [YG occupancy: 8408646 K (9415168 K)]2021-07-18T02:39:06.951+1000: 390.102: [GC (CMS Final Remark) Before GC:
Statistics for BinaryTreeDictionary:
------------------------------------
Total Free Space: 0
Max   Chunk Size: 0
Number of Blocks: 0
Tree      Height: 0
2021-07-18T02:39:06.951+1000: 390.102: [ParNew
Desired survivor size 535592960 bytes, new threshold 1 (max 15)
- age   1: 1071182584 bytes, 1071182584 total
: 8408646K->1046080K(9415168K), 6.0357288 secs] 48269573K->43669326K(52090772K)After GC:
Statistics for BinaryTreeDictionary:
------------------------------------
Total Free Space: 21507
Max   Chunk Size: 21507
Number of Blocks: 1
Av.  Block  Size: 21507
Tree      Height: 1
, 6.0360301 secs] [Times: user=42.18 sys=2.48, real=6.04 secs] 
2021-07-18T02:39:12.987+1000: 396.138: [Rescan (parallel) , 0.6563962 secs]2021-07-18T02:39:13.644+1000: 396.794: [weak refs processing, 0.0046162 secs]2021-07-18T02:39:13.648+1000: 396.799: [class unloading, 0.0461213 secs]2021-07-18T02:39:13.695+1000: 396.845: [scrub symbol table, 0.0902591 secs]2021-07-18T02:39:13.785+1000: 396.936: [scrub string table, 0.0029753 secs][1 CMS-remark: 42623246K(42675604K)] 43669326K(52090772K), 6.8371085 secs] [Times: user=52.16 sys=2.51, real=6.84 secs] 
2021-07-18T02:39:13.788+1000: 396.939: Total time for which application threads were stopped: 6.8382533 seconds, Stopping threads took: 0.0003555 seconds
2021-07-18T02:39:13.789+1000: 396.940: [CMS-concurrent-sweep-start]
CMS: Large Block: 0x00007fedae33afe8; Proximity: 0x00007fe621f07390 -> 0x00007fed9427a658
2021-07-18T02:39:13.790+1000: 396.940: Application time: 0.0014744 seconds
2021-07-18T02:39:13.791+1000: 396.941: Total time for which application threads were stopped: 0.0011139 seconds, Stopping threads took: 0.0002425 seconds
2021-07-18T02:39:13.793+1000: 396.944: Application time: 0.0020933 seconds
2021-07-18T02:39:13.795+1000: 396.946: Total time for which application threads were stopped: 0.0024266 seconds, Stopping threads took: 0.0015774 seconds
2021-07-18T02:39:13.803+1000: 396.954: Application time: 0.0075285 seconds
2021-07-18T02:39:13.805+1000: 396.956: Total time for which application threads were stopped: 0.0021091 seconds, Stopping threads took: 0.0007715 seconds
2021-07-18T02:39:13.850+1000: 397.001: Application time: 0.0452737 seconds
2021-07-18T02:39:13.854+1000: 397.005: Total time for which application threads were stopped: 0.0041437 seconds, Stopping threads took: 0.0004791 seconds
2021-07-18T02:39:13.913+1000: 397.064: Application time: 0.0589598 seconds
2021-07-18T02:39:13.915+1000: 397.066: Total time for which application threads were stopped: 0.0019941 seconds, Stopping threads took: 0.0008319 seconds
2021-07-18T02:39:13.955+1000: 397.105: Application time: 0.0392579 seconds
2021-07-18T02:39:13.956+1000: 397.107: Total time for which application threads were stopped: 0.0012609 seconds, Stopping threads took: 0.0003907 seconds
2021-07-18T02:39:14.956+1000: 398.107: Application time: 1.0003841 seconds
2021-07-18T02:39:14.964+1000: 398.114: Total time for which application threads were stopped: 0.0072145 seconds, Stopping threads took: 0.0008332 seconds
2021-07-18T02:39:15.939+1000: 399.090: Application time: 0.9758712 seconds
2021-07-18T02:39:15.941+1000: 399.092: Total time for which application threads were stopped: 0.0016049 seconds, Stopping threads took: 0.0004631 seconds
2021-07-18T02:39:17.941+1000: 401.091: Application time: 1.9996078 seconds
2021-07-18T02:39:17.942+1000: 401.093: Total time for which application threads were stopped: 0.0015909 seconds, Stopping threads took: 0.0004801 seconds
2021-07-18T02:39:19.942+1000: 403.092: Application time: 1.9994020 seconds
2021-07-18T02:39:19.945+1000: 403.096: Total time for which application threads were stopped: 0.0034004 seconds, Stopping threads took: 0.0022887 seconds
CMS: Large block 0x00007fe4fb7295b8
2021-07-18T02:39:20.217+1000: 403.367: [CMS-concurrent-sweep: 6.406/6.428 secs] [Times: user=27.31 sys=1.31, real=6.43 secs] 
2021-07-18T02:39:21.240+1000: 404.390: [CMS-concurrent-reset-start]
2021-07-18T02:39:22.045+1000: 405.195: Application time: 2.0997775 seconds
2021-07-18T02:39:22.048+1000: 405.199: Total time for which application threads were stopped: 0.0032844 seconds, Stopping threads took: 0.0011716 seconds
2021-07-18T02:39:22.086+1000: 405.236: [CMS-concurrent-reset: 0.843/0.846 secs] [Times: user=2.83 sys=0.15, real=0.90 secs] 
2021-07-18T02:39:23.940+1000: 407.091: Application time: 1.8917874 seconds
2021-07-18T02:39:23.945+1000: 407.095: Total time for which application threads were stopped: 0.0047647 seconds, Stopping threads took: 0.0036165 seconds
2021-07-18T02:39:24.998+1000: 408.148: Application time: 1.0531809 seconds
2021-07-18T02:39:25.005+1000: 408.155: Total time for which application threads were stopped: 0.0068625 seconds, Stopping threads took: 0.0060010 seconds
2021-07-18T02:39:25.940+1000: 409.091: Application time: 0.9351834 seconds
2021-07-18T02:39:25.942+1000: 409.093: Total time for which application threads were stopped: 0.0021414 seconds, Stopping threads took: 0.0005317 seconds
2021-07-18T02:39:26.942+1000: 410.093: Application time: 1.0002636 seconds
2021-07-18T02:39:26.945+1000: 410.096: Total time for which application threads were stopped: 0.0026792 seconds, Stopping threads took: 0.0017877 seconds
2021-07-18T02:39:27.939+1000: 411.090: Application time: 0.9944461 seconds
2021-07-18T02:39:27.941+1000: 411.092: Total time for which application threads were stopped: 0.0015123 seconds, Stopping threads took: 0.0005049 seconds
2021-07-18T02:39:29.941+1000: 413.092: Application time: 2.0003426 seconds
2021-07-18T02:39:29.944+1000: 413.094: Total time for which application threads were stopped: 0.0021998 seconds, Stopping threads took: 0.0012705 seconds
2021-07-18T02:39:29.945+1000: 413.095: Application time: 0.0011982 seconds
2021-07-18T02:39:29.946+1000: 413.096: Total time for which application threads were stopped: 0.0011447 seconds, Stopping threads took: 0.0004456 seconds
2021-07-18T02:39:30.175+1000: 413.325: Application time: 0.2289579 seconds
2021-07-18T02:39:30.177+1000: 413.328: [GC (Allocation Failure) Before GC:
Statistics for BinaryTreeDictionary:
------------------------------------
Total Free Space: 3362655657
Max   Chunk Size: 3114346496
Number of Blocks: 11725
Av.  Block  Size: 286793
Tree      Height: 26
2021-07-18T02:39:30.178+1000: 413.329: [ParNew
Desired survivor size 535592960 bytes, new threshold 1 (max 15)
- age   1: 1071184960 bytes, 1071184960 total
: 9415168K->1046080K(9415168K), 4.5176039 secs] 49619027K->43883370K(76421604K)After GC:
Statistics for BinaryTreeDictionary:
------------------------------------
Total Free Space: 3073707113
Max   Chunk Size: 3008634224
Number of Blocks: 2162
Av.  Block  Size: 1421696
Tree      Height: 120
, 4.5190387 secs] [Times: user=32.63 sys=0.95, real=4.52 secs] 
2021-07-18T02:39:34.696+1000: 417.847: Total time for which application threads were stopped: 4.5215465 seconds, Stopping threads took: 0.0011871 seconds
2021-07-18T02:39:34.701+1000: 417.851: Application time: 0.0042510 seconds
2021-07-18T02:39:34.714+1000: 417.865: Total time for which application threads were stopped: 0.0134237 seconds, Stopping threads took: 0.0113941 seconds
2021-07-18T02:39:34.778+1000: 417.929: Application time: 0.0642422 seconds
2021-07-18T02:39:34.788+1000: 417.939: Total time for which application threads were stopped: 0.0097568 seconds, Stopping threads took: 0.0074567 seconds
2021-07-18T02:39:35.942+1000: 419.093: Application time: 1.1541342 seconds
2021-07-18T02:39:35.944+1000: 419.094: Total time for which application threads were stopped: 0.0013548 seconds, Stopping threads took: 0.0004687 seconds
2021-07-18T02:39:37.940+1000: 421.091: Application time: 1.9964396 seconds
2021-07-18T02:39:37.942+1000: 421.092: Total time for which application threads were stopped: 0.0016791 seconds, Stopping threads took: 0.0004689 seconds
2021-07-18T02:39:39.940+1000: 423.091: Application time: 1.9984068 seconds
2021-07-18T02:39:39.943+1000: 423.093: Total time for which application threads were stopped: 0.0027010 seconds, Stopping threads took: 0.0018104 seconds
2021-07-18T02:39:39.997+1000: 423.148: Application time: 0.0544013 seconds
2021-07-18T02:39:40.001+1000: 423.151: Total time for which application threads were stopped: 0.0036554 seconds, Stopping threads took: 0.0004792 seconds
2021-07-18T02:39:41.001+1000: 424.152: Application time: 1.0001751 seconds
2021-07-18T02:39:41.009+1000: 424.160: Total time for which application threads were stopped: 0.0079134 seconds, Stopping threads took: 0.0066356 seconds
2021-07-18T02:39:41.940+1000: 425.090: Application time: 0.9306125 seconds
2021-07-18T02:39:41.942+1000: 425.093: Total time for which application threads were stopped: 0.0023754 seconds, Stopping threads took: 0.0006131 seconds
2021-07-18T02:39:43.940+1000: 427.091: Application time: 1.9983200 seconds
2021-07-18T02:39:43.942+1000: 427.093: Total time for which application threads were stopped: 0.0016984 seconds, Stopping threads took: 0.0004973 seconds
2021-07-18T02:39:45.940+1000: 429.090: Application time: 1.9977458 seconds
2021-07-18T02:39:45.941+1000: 429.092: Total time for which application threads were stopped: 0.0015579 seconds, Stopping threads took: 0.0004409 seconds
2021-07-18T02:39:47.940+1000: 431.091: Application time: 1.9990489 seconds
2021-07-18T02:39:47.942+1000: 431.092: Total time for which application threads were stopped: 0.0014104 seconds, Stopping threads took: 0.0003896 seconds
2021-07-18T02:39:49.940+1000: 433.091: Application time: 1.9985091 seconds
2021-07-18T02:39:49.943+1000: 433.093: Total time for which application threads were stopped: 0.0025690 seconds, Stopping threads took: 0.0016206 seconds
2021-07-18T02:39:50.943+1000: 434.094: Application time: 1.0001848 seconds
2021-07-18T02:39:50.944+1000: 434.095: Total time for which application threads were stopped: 0.0014712 seconds, Stopping threads took: 0.0004698 seconds
2021-07-18T02:39:51.942+1000: 435.092: Application time: 0.9972362 seconds
2021-07-18T02:39:51.945+1000: 435.095: Total time for which application threads were stopped: 0.0028232 seconds, Stopping threads took: 0.0014801 seconds
2021-07-18T02:39:52.163+1000: 435.314: Application time: 0.2186999 seconds
2021-07-18T02:39:52.165+1000: 435.315: [GC (Allocation Failure) Before GC:
Statistics for BinaryTreeDictionary:
------------------------------------
Total Free Space: 3073707113
Max   Chunk Size: 3008634224
Number of Blocks: 2162
Av.  Block  Size: 1421696
Tree      Height: 120
2021-07-18T02:39:52.165+1000: 435.316: [ParNew
Desired survivor size 535592960 bytes, new threshold 1 (max 15)
- age   1: 1071185136 bytes, 1071185136 total
: 9415168K->1046080K(9415168K), 2.9134002 secs] 52252458K->45839555K(76421604K)After GC:
Statistics for BinaryTreeDictionary:
------------------------------------
Total Free Space: 2832293382
Max   Chunk Size: 2832293382
Number of Blocks: 1
Av.  Block  Size: 2832293382
Tree      Height: 1
, 2.9140923 secs] [Times: user=32.90 sys=1.27, real=2.91 secs] 
2021-07-18T02:39:55.079+1000: 438.230: Total time for which application threads were stopped: 2.9158277 seconds, Stopping threads took: 0.0003460 seconds
2021-07-18T02:39:55.080+1000: 438.231: Application time: 0.0009037 seconds
2021-07-18T02:39:55.082+1000: 438.233: Total time for which application threads were stopped: 0.0020451 seconds, Stopping threads took: 0.0005087 seconds
2021-07-18T02:39:55.940+1000: 439.091: Application time: 0.8580115 seconds
2021-07-18T02:39:55.941+1000: 439.092: Total time for which application threads were stopped: 0.0012955 seconds, Stopping threads took: 0.0004102 seconds
2021-07-18T02:39:57.940+1000: 441.090: Application time: 1.9984030 seconds
2021-07-18T02:39:57.941+1000: 441.092: Total time for which application threads were stopped: 0.0012713 seconds, Stopping threads took: 0.0003748 seconds
2021-07-18T02:39:59.940+1000: 443.091: Application time: 1.9989259 seconds
2021-07-18T02:39:59.942+1000: 443.093: Total time for which application threads were stopped: 0.0020639 seconds, Stopping threads took: 0.0006338 seconds
2021-07-18T02:40:00.946+1000: 444.096: Application time: 1.0035327 seconds
2021-07-18T02:40:00.952+1000: 444.102: Total time for which application threads were stopped: 0.0062004 seconds, Stopping threads took: 0.0050307 seconds
2021-07-18T02:40:01.940+1000: 445.090: Application time: 0.9878210 seconds
2021-07-18T02:40:02.151+1000: 445.302: Total time for which application threads were stopped: 0.2116194 seconds, Stopping threads took: 0.2102119 seconds
2021-07-18T02:40:03.154+1000: 446.305: Application time: 1.0030254 seconds
2021-07-18T02:40:03.160+1000: 446.310: Total time for which application threads were stopped: 0.0053180 seconds, Stopping threads took: 0.0042825 seconds
2021-07-18T02:40:03.940+1000: 447.090: Application time: 0.7799855 seconds
2021-07-18T02:40:03.941+1000: 447.092: Total time for which application threads were stopped: 0.0014790 seconds, Stopping threads took: 0.0006126 seconds
2021-07-18T02:40:05.939+1000: 449.090: Application time: 1.9982951 seconds
2021-07-18T02:40:05.941+1000: 449.092: Total time for which application threads were stopped: 0.0016344 seconds, Stopping threads took: 0.0006811 seconds
2021-07-18T02:40:07.185+1000: 450.336: Application time: 1.2440311 seconds
2021-07-18T02:40:07.187+1000: 450.338: [GC (Allocation Failure) Before GC:
Statistics for BinaryTreeDictionary:
------------------------------------
Total Free Space: 2832293382
Max   Chunk Size: 2832293382
Number of Blocks: 1
Av.  Block  Size: 2832293382
Tree      Height: 1
2021-07-18T02:40:07.187+1000: 450.338: [ParNew
Desired survivor size 535592960 bytes, new threshold 1 (max 15)
- age   1: 1071185600 bytes, 1071185600 total
: 9294822K->1046080K(9415168K), 4.5128899 secs] 54088298K->49770348K(76421604K)After GC:
Statistics for BinaryTreeDictionary:
------------------------------------
Total Free Space: 2330850047
Max   Chunk Size: 2330850047
Number of Blocks: 1
Av.  Block  Size: 2330850047
Tree      Height: 1
, 4.5132900 secs] [Times: user=54.23 sys=2.88, real=4.51 secs] 
2021-07-18T02:40:11.701+1000: 454.851: Total time for which application threads were stopped: 4.5154596 seconds, Stopping threads took: 0.0005513 seconds
2021-07-18T02:40:11.715+1000: 454.865: Application time: 0.0140330 seconds
2021-07-18T02:40:11.772+1000: 454.922: Total time for which application threads were stopped: 0.0571061 seconds, Stopping threads took: 0.0558857 seconds
2021-07-18T02:40:11.812+1000: 454.963: Application time: 0.0404651 seconds
2021-07-18T02:40:11.841+1000: 454.992: Total time for which application threads were stopped: 0.0288328 seconds, Stopping threads took: 0.0277064 seconds
2021-07-18T02:40:11.939+1000: 455.090: Application time: 0.0981806 seconds
2021-07-18T02:40:11.941+1000: 455.092: Total time for which application threads were stopped: 0.0018999 seconds, Stopping threads took: 0.0007949 seconds
2021-07-18T02:40:13.939+1000: 457.090: Application time: 1.9981207 seconds
2021-07-18T02:40:13.941+1000: 457.092: Total time for which application threads were stopped: 0.0022191 seconds, Stopping threads took: 0.0011794 seconds
2021-07-18T02:40:15.940+1000: 459.090: Application time: 1.9982855 seconds
2021-07-18T02:40:15.941+1000: 459.092: Total time for which application threads were stopped: 0.0018092 seconds, Stopping threads took: 0.0009474 seconds
2021-07-18T02:40:17.939+1000: 461.090: Application time: 1.9978686 seconds
2021-07-18T02:40:17.941+1000: 461.091: Total time for which application threads were stopped: 0.0013006 seconds, Stopping threads took: 0.0004388 seconds
2021-07-18T02:40:19.939+1000: 463.090: Application time: 1.9984979 seconds
2021-07-18T02:40:19.941+1000: 463.091: Total time for which application threads were stopped: 0.0013502 seconds, Stopping threads took: 0.0004281 seconds
2021-07-18T02:40:21.939+1000: 465.090: Application time: 1.9988889 seconds
2021-07-18T02:40:21.941+1000: 465.091: Total time for which application threads were stopped: 0.0013080 seconds, Stopping threads took: 0.0004504 seconds
2021-07-18T02:40:23.939+1000: 467.090: Application time: 1.9985834 seconds
2021-07-18T02:40:23.942+1000: 467.093: Total time for which application threads were stopped: 0.0026839 seconds, Stopping threads took: 0.0005391 seconds
2021-07-18T02:40:25.939+1000: 469.090: Application time: 1.9972855 seconds
2021-07-18T02:40:25.941+1000: 469.092: Total time for which application threads were stopped: 0.0015719 seconds, Stopping threads took: 0.0004456 seconds
2021-07-18T02:40:26.941+1000: 470.092: Application time: 1.0003634 seconds
2021-07-18T02:40:26.943+1000: 470.094: Total time for which application threads were stopped: 0.0017087 seconds, Stopping threads took: 0.0007790 seconds
2021-07-18T02:40:27.940+1000: 471.090: Application time: 0.9966879 seconds
2021-07-18T02:40:27.941+1000: 471.092: Total time for which application threads were stopped: 0.0012191 seconds, Stopping threads took: 0.0003713 seconds
2021-07-18T02:40:29.939+1000: 473.090: Application time: 1.9985331 seconds
2021-07-18T02:40:29.943+1000: 473.093: Total time for which application threads were stopped: 0.0032764 seconds, Stopping threads took: 0.0024044 seconds
2021-07-18T02:40:30.943+1000: 474.093: Application time: 1.0001621 seconds
2021-07-18T02:40:30.947+1000: 474.097: Total time for which application threads were stopped: 0.0038328 seconds, Stopping threads took: 0.0029498 seconds
2021-07-18T02:40:31.870+1000: 475.021: Application time: 0.9237411 seconds
2021-07-18T02:40:31.872+1000: 475.022: [GC (Allocation Failure) Before GC:
Statistics for BinaryTreeDictionary:
------------------------------------
Total Free Space: 2330850047
Max   Chunk Size: 2330850047
Number of Blocks: 1
Av.  Block  Size: 2330850047
Tree      Height: 1
2021-07-18T02:40:31.872+1000: 475.023: [ParNew
Desired survivor size 535592960 bytes, new threshold 1 (max 15)
- age   1: 1071174040 bytes, 1071174040 total
: 9415168K->1046080K(9415168K), 2.5590169 secs] 58139436K->52286939K(76421604K)After GC:
Statistics for BinaryTreeDictionary:
------------------------------------
Total Free Space: 2008671227
Max   Chunk Size: 2008671227
Number of Blocks: 1
Av.  Block  Size: 2008671227
Tree      Height: 1
, 2.5595394 secs] [Times: user=31.35 sys=1.77, real=2.56 secs] 
2021-07-18T02:40:34.432+1000: 477.583: Total time for which application threads were stopped: 2.5614566 seconds, Stopping threads took: 0.0004840 seconds
2021-07-18T02:40:34.433+1000: 477.584: Application time: 0.0016062 seconds
2021-07-18T02:40:34.518+1000: 477.669: Total time for which application threads were stopped: 0.0844606 seconds, Stopping threads took: 0.0835119 seconds
2021-07-18T02:40:34.566+1000: 477.717: Application time: 0.0482902 seconds
2021-07-18T02:40:34.568+1000: 477.718: Total time for which application threads were stopped: 0.0015870 seconds, Stopping threads took: 0.0007129 seconds
2021-07-18T02:40:35.568+1000: 478.719: Application time: 1.0002179 seconds
2021-07-18T02:40:35.569+1000: 478.720: Total time for which application threads were stopped: 0.0012984 seconds, Stopping threads took: 0.0004241 seconds
2021-07-18T02:40:35.940+1000: 479.091: Application time: 0.3710588 seconds
2021-07-18T02:40:35.942+1000: 479.093: Total time for which application threads were stopped: 0.0014813 seconds, Stopping threads took: 0.0003711 seconds
2021-07-18T02:40:37.942+1000: 481.092: Application time: 1.9997186 seconds
2021-07-18T02:40:37.947+1000: 481.098: Total time for which application threads were stopped: 0.0053893 seconds, Stopping threads took: 0.0039156 seconds
2021-07-18T02:40:39.940+1000: 483.091: Application time: 1.9930051 seconds
2021-07-18T02:40:39.943+1000: 483.094: Total time for which application threads were stopped: 0.0034225 seconds, Stopping threads took: 0.0013264 seconds
2021-07-18T02:40:41.963+1000: 485.114: Application time: 2.0197885 seconds
2021-07-18T02:40:43.003+1000: 486.153: Total time for which application threads were stopped: 1.0393668 seconds, Stopping threads took: 1.0377156 seconds
2021-07-18T02:40:43.940+1000: 487.091: Application time: 0.9375829 seconds
2021-07-18T02:40:43.945+1000: 487.096: Total time for which application threads were stopped: 0.0048993 seconds, Stopping threads took: 0.0036392 seconds
2021-07-18T02:40:45.940+1000: 489.090: Application time: 1.9945389 seconds
2021-07-18T02:40:45.943+1000: 489.094: Total time for which application threads were stopped: 0.0035802 seconds, Stopping threads took: 0.0021642 seconds
2021-07-18T02:40:47.942+1000: 491.093: Application time: 1.9988925 seconds
2021-07-18T02:40:47.943+1000: 491.094: Total time for which application threads were stopped: 0.0013087 seconds, Stopping threads took: 0.0004092 seconds
2021-07-18T02:40:48.498+1000: 491.648: Application time: 0.5542304 seconds
2021-07-18T02:40:48.503+1000: 491.653: Total time for which application threads were stopped: 0.0048749 seconds, Stopping threads took: 0.0006450 seconds
2021-07-18T02:40:49.939+1000: 493.090: Application time: 1.4368756 seconds
2021-07-18T02:40:49.941+1000: 493.091: Total time for which application threads were stopped: 0.0013963 seconds, Stopping threads took: 0.0003769 seconds
2021-07-18T02:40:51.370+1000: 494.521: Application time: 1.4295306 seconds
2021-07-18T02:40:51.372+1000: 494.522: [GC (Allocation Failure) Before GC:
Statistics for BinaryTreeDictionary:
------------------------------------
Total Free Space: 2008671227
Max   Chunk Size: 2008671227
Number of Blocks: 1
Av.  Block  Size: 2008671227
Tree      Height: 1
2021-07-18T02:40:51.372+1000: 494.522: [ParNew
Desired survivor size 535592960 bytes, new threshold 1 (max 15)
- age   1: 1071166952 bytes, 1071166952 total
: 9411240K->1046080K(9415168K), 11.4618304 secs] 60652099K->56920313K(76421604K)After GC:
Statistics for BinaryTreeDictionary:
------------------------------------
Total Free Space: 1416320235
Max   Chunk Size: 1416320235
Number of Blocks: 1
Av.  Block  Size: 1416320235
Tree      Height: 1
, 11.4621967 secs] [Times: user=164.01 sys=4.74, real=11.47 secs] 
2021-07-18T02:41:02.834+1000: 505.985: Total time for which application threads were stopped: 11.4636760 seconds, Stopping threads took: 0.0002634 seconds
2021-07-18T02:41:02.837+1000: 505.988: Application time: 0.0034349 seconds
2021-07-18T02:41:02.918+1000: 506.069: Total time for which application threads were stopped: 0.0806672 seconds, Stopping threads took: 0.0795569 seconds
2021-07-18T02:41:02.919+1000: 506.070: Application time: 0.0008265 seconds
2021-07-18T02:41:02.997+1000: 506.147: Total time for which application threads were stopped: 0.0777622 seconds, Stopping threads took: 0.0766797 seconds
2021-07-18T02:41:03.046+1000: 506.196: Application time: 0.0488614 seconds
2021-07-18T02:41:03.083+1000: 506.234: Total time for which application threads were stopped: 0.0374752 seconds, Stopping threads took: 0.0364507 seconds
2021-07-18T02:41:03.116+1000: 506.267: Application time: 0.0329143 seconds
2021-07-18T02:41:03.119+1000: 506.269: Total time for which application threads were stopped: 0.0026312 seconds, Stopping threads took: 0.0017683 seconds
2021-07-18T02:41:03.157+1000: 506.307: Application time: 0.0379387 seconds
2021-07-18T02:41:03.158+1000: 506.309: Total time for which application threads were stopped: 0.0014754 seconds, Stopping threads took: 0.0004432 seconds
2021-07-18T02:41:03.191+1000: 506.341: Application time: 0.0324807 seconds
2021-07-18T02:41:03.192+1000: 506.342: Total time for which application threads were stopped: 0.0011677 seconds, Stopping threads took: 0.0003517 seconds
2021-07-18T02:41:03.223+1000: 506.374: Application time: 0.0313793 seconds
2021-07-18T02:41:03.224+1000: 506.375: Total time for which application threads were stopped: 0.0012224 seconds, Stopping threads took: 0.0003892 seconds
2021-07-18T02:41:03.942+1000: 507.093: Application time: 0.7176879 seconds
2021-07-18T02:41:03.943+1000: 507.094: Total time for which application threads were stopped: 0.0012903 seconds, Stopping threads took: 0.0003380 seconds
2021-07-18T02:41:05.943+1000: 509.093: Application time: 1.9992917 seconds
2021-07-18T02:41:05.944+1000: 509.095: Total time for which application threads were stopped: 0.0015051 seconds, Stopping threads took: 0.0003502 seconds
2021-07-18T02:41:07.940+1000: 511.090: Application time: 1.9954759 seconds
2021-07-18T02:41:07.941+1000: 511.092: Total time for which application threads were stopped: 0.0014802 seconds, Stopping threads took: 0.0003610 seconds
2021-07-18T02:41:09.940+1000: 513.090: Application time: 1.9985653 seconds
2021-07-18T02:41:09.942+1000: 513.093: Total time for which application threads were stopped: 0.0023725 seconds, Stopping threads took: 0.0013862 seconds
2021-07-18T02:41:11.941+1000: 515.092: Application time: 1.9993492 seconds
2021-07-18T02:41:11.944+1000: 515.094: Total time for which application threads were stopped: 0.0023679 seconds, Stopping threads took: 0.0007287 seconds
2021-07-18T02:41:13.940+1000: 517.091: Application time: 1.9963434 seconds
2021-07-18T02:41:13.942+1000: 517.092: Total time for which application threads were stopped: 0.0015564 seconds, Stopping threads took: 0.0004297 seconds
2021-07-18T02:41:15.000+1000: 518.151: Application time: 1.0584055 seconds
2021-07-18T02:41:15.001+1000: 518.152: Total time for which application threads were stopped: 0.0012462 seconds, Stopping threads took: 0.0003497 seconds
2021-07-18T02:41:15.940+1000: 519.090: Application time: 0.9384797 seconds
2021-07-18T02:41:15.941+1000: 519.092: Total time for which application threads were stopped: 0.0014122 seconds, Stopping threads took: 0.0004408 seconds
2021-07-18T02:41:17.940+1000: 521.090: Application time: 1.9985837 seconds
2021-07-18T02:41:17.941+1000: 521.092: Total time for which application threads were stopped: 0.0012770 seconds, Stopping threads took: 0.0003929 seconds
2021-07-18T02:41:19.939+1000: 523.090: Application time: 1.9983657 seconds
2021-07-18T02:41:19.943+1000: 523.094: Total time for which application threads were stopped: 0.0036046 seconds, Stopping threads took: 0.0023671 seconds
2021-07-18T02:41:20.943+1000: 524.094: Application time: 1.0002059 seconds
2021-07-18T02:41:20.944+1000: 524.095: Total time for which application threads were stopped: 0.0011403 seconds, Stopping threads took: 0.0003175 seconds
2021-07-18T02:41:21.939+1000: 525.090: Application time: 0.9949291 seconds
2021-07-18T02:41:21.940+1000: 525.091: Total time for which application threads were stopped: 0.0011122 seconds, Stopping threads took: 0.0002406 seconds
2021-07-18T02:41:22.941+1000: 526.091: Application time: 1.0001830 seconds
2021-07-18T02:41:22.943+1000: 526.094: Total time for which application threads were stopped: 0.0024394 seconds, Stopping threads took: 0.0016263 seconds
2021-07-18T02:41:23.939+1000: 527.090: Application time: 0.9963501 seconds
2021-07-18T02:41:23.941+1000: 527.091: Total time for which application threads were stopped: 0.0011522 seconds, Stopping threads took: 0.0002679 seconds
2021-07-18T02:41:25.330+1000: 528.481: Application time: 1.3893111 seconds
2021-07-18T02:41:25.452+1000: 528.603: [GC (Allocation Failure) Before GC:
Statistics for BinaryTreeDictionary:
------------------------------------
Total Free Space: 1416320235
Max   Chunk Size: 1416320235
Number of Blocks: 1
Av.  Block  Size: 1416320235
Tree      Height: 1
2021-07-18T02:41:25.452+1000: 528.603: [ParNew
Desired survivor size 535592960 bytes, new threshold 1 (max 15)
- age   1: 1070276648 bytes, 1070276648 total
: 9412669K->1046080K(9415168K), 4.3928058 secs] 65286903K->59833116K(76421604K)After GC:
Statistics for BinaryTreeDictionary:
------------------------------------
Total Free Space: 1045215325
Max   Chunk Size: 1045215325
Number of Blocks: 1
Av.  Block  Size: 1045215325
Tree      Height: 1
, 4.3933815 secs] [Times: user=49.23 sys=3.46, real=4.40 secs] 
2021-07-18T02:41:29.846+1000: 532.997: Total time for which application threads were stopped: 4.5167595 seconds, Stopping threads took: 0.1210883 seconds
2021-07-18T02:41:29.847+1000: 532.998: Application time: 0.0001792 seconds
2021-07-18T02:41:29.906+1000: 533.057: [GC (CMS Initial Mark) [1 CMS-initial-mark: 58787036K(67006436K)] 60076488K(76421604K), 0.1755904 secs] [Times: user=0.93 sys=0.04, real=0.18 secs] 
2021-07-18T02:41:30.082+1000: 533.233: Total time for which application threads were stopped: 0.2354652 seconds, Stopping threads took: 0.0582868 seconds
2021-07-18T02:41:30.085+1000: 533.235: [CMS-concurrent-mark-start]
2021-07-18T02:41:30.087+1000: 533.238: Application time: 0.0048622 seconds
2021-07-18T02:41:30.162+1000: 533.313: Total time for which application threads were stopped: 0.0749429 seconds, Stopping threads took: 0.0736506 seconds
2021-07-18T02:41:30.222+1000: 533.372: Application time: 0.0595093 seconds
2021-07-18T02:41:30.223+1000: 533.374: Total time for which application threads were stopped: 0.0012163 seconds, Stopping threads took: 0.0003642 seconds
2021-07-18T02:41:30.264+1000: 533.415: Application time: 0.0413323 seconds
2021-07-18T02:41:30.266+1000: 533.416: Total time for which application threads were stopped: 0.0013971 seconds, Stopping threads took: 0.0003763 seconds
2021-07-18T02:41:31.950+1000: 535.101: Application time: 1.6845769 seconds
2021-07-18T02:41:31.952+1000: 535.102: Total time for which application threads were stopped: 0.0012961 seconds, Stopping threads took: 0.0003996 seconds
2021-07-18T02:41:32.952+1000: 536.102: Application time: 1.0002886 seconds
2021-07-18T02:41:32.953+1000: 536.104: Total time for which application threads were stopped: 0.0011816 seconds, Stopping threads took: 0.0003376 seconds
2021-07-18T02:41:33.940+1000: 537.090: Application time: 0.9868574 seconds
2021-07-18T02:41:34.029+1000: 537.179: Total time for which application threads were stopped: 0.0887576 seconds, Stopping threads took: 0.0877432 seconds
2021-07-18T02:41:35.029+1000: 538.180: Application time: 1.0002619 seconds
2021-07-18T02:41:35.030+1000: 538.181: Total time for which application threads were stopped: 0.0012624 seconds, Stopping threads took: 0.0003707 seconds
2021-07-18T02:41:35.942+1000: 539.092: Application time: 0.9115396 seconds
2021-07-18T02:41:35.943+1000: 539.094: Total time for which application threads were stopped: 0.0016015 seconds, Stopping threads took: 0.0004692 seconds
2021-07-18T02:41:37.940+1000: 541.091: Application time: 1.9967750 seconds
2021-07-18T02:41:37.942+1000: 541.092: Total time for which application threads were stopped: 0.0015807 seconds, Stopping threads took: 0.0004208 seconds
2021-07-18T02:41:39.944+1000: 543.095: Application time: 2.0022470 seconds
2021-07-18T02:41:39.947+1000: 543.097: Total time for which application threads were stopped: 0.0026849 seconds, Stopping threads took: 0.0010442 seconds
2021-07-18T02:41:40.100+1000: 543.251: Application time: 0.1539015 seconds
2021-07-18T02:41:40.102+1000: 543.252: Total time for which application threads were stopped: 0.0012700 seconds, Stopping threads took: 0.0003367 seconds
2021-07-18T02:41:41.104+1000: 544.255: Application time: 1.0026893 seconds
2021-07-18T02:41:41.322+1000: 544.473: Total time for which application threads were stopped: 0.2179447 seconds, Stopping threads took: 0.2167785 seconds
2021-07-18T02:41:41.939+1000: 545.090: Application time: 0.6169948 seconds
2021-07-18T02:41:41.956+1000: 545.106: Total time for which application threads were stopped: 0.0161820 seconds, Stopping threads took: 0.0148340 seconds
2021-07-18T02:41:43.940+1000: 547.091: Application time: 1.9843935 seconds
2021-07-18T02:41:43.955+1000: 547.106: Total time for which application threads were stopped: 0.0153637 seconds, Stopping threads took: 0.0139216 seconds
2021-07-18T02:41:44.956+1000: 548.106: Application time: 1.0004188 seconds
2021-07-18T02:41:44.958+1000: 548.109: Total time for which application threads were stopped: 0.0021873 seconds, Stopping threads took: 0.0008798 seconds
2021-07-18T02:41:45.958+1000: 549.109: Application time: 1.0003156 seconds
2021-07-18T02:41:45.971+1000: 549.122: Total time for which application threads were stopped: 0.0129258 seconds, Stopping threads took: 0.0118882 seconds
2021-07-18T02:41:45.973+1000: 549.123: Application time: 0.0013068 seconds
2021-07-18T02:41:45.974+1000: 549.124: Total time for which application threads were stopped: 0.0012881 seconds, Stopping threads took: 0.0002626 seconds
2021-07-18T02:41:48.290+1000: 551.707: Application time: 2.5822084 seconds
2021-07-18T02:41:48.809+1000: 551.960: Total time for which application threads were stopped: 0.2530952 seconds, Stopping threads took: 0.1529541 seconds
2021-07-18T02:41:49.939+1000: 553.090: Application time: 1.1825512 seconds
2021-07-18T02:41:50.626+1000: 553.777: Total time for which application threads were stopped: 0.6341538 seconds, Stopping threads took: 0.6327579 seconds
2021-07-18T02:41:51.940+1000: 555.091: Application time: 1.3141853 seconds
2021-07-18T02:41:51.941+1000: 555.092: Total time for which application threads were stopped: 0.0013509 seconds, Stopping threads took: 0.0004005 seconds
2021-07-18T02:41:53.770+1000: 556.920: Application time: 1.8281923 seconds
2021-07-18T02:41:54.129+1000: 557.279: [GC (Allocation Failure) Before GC:
Statistics for BinaryTreeDictionary:
------------------------------------
Total Free Space: 1045215325
Max   Chunk Size: 1045215325
Number of Blocks: 1
Av.  Block  Size: 1045215325
Tree      Height: 1
2021-07-18T02:41:54.130+1000: 557.281: [ParNew
Desired survivor size 535592960 bytes, new threshold 1 (max 15)
- age   1: 1030832984 bytes, 1030832984 total
: 9415168K->1046080K(9415168K), 7.3178863 secs] 68202204K->63247691K(76421604K)After GC:
Statistics for BinaryTreeDictionary:
------------------------------------
Total Free Space: 607134528
Max   Chunk Size: 607134528
Number of Blocks: 1
Av.  Block  Size: 607134528
Tree      Height: 1
, 7.3425549 secs] [Times: user=78.83 sys=4.77, real=7.34 secs] 
2021-07-18T02:42:01.473+1000: 564.625: Total time for which application threads were stopped: 7.7042212 seconds, Stopping threads took: 0.1581268 seconds
2021-07-18T02:42:01.744+1000: 564.894: Application time: 0.2697940 seconds
2021-07-18T02:42:01.764+1000: 564.914: Total time for which application threads were stopped: 0.0199906 seconds, Stopping threads took: 0.0189698 seconds
2021-07-18T02:42:01.837+1000: 564.987: Application time: 0.0730654 seconds
2021-07-18T02:42:01.887+1000: 565.037: Total time for which application threads were stopped: 0.0498845 seconds, Stopping threads took: 0.0487984 seconds
2021-07-18T02:42:01.972+1000: 565.123: Application time: 0.0852253 seconds
2021-07-18T02:42:01.973+1000: 565.124: Total time for which application threads were stopped: 0.0015908 seconds, Stopping threads took: 0.0007270 seconds
2021-07-18T02:42:02.069+1000: 565.219: Application time: 0.0952274 seconds
2021-07-18T02:42:02.091+1000: 565.241: Total time for which application threads were stopped: 0.0220899 seconds, Stopping threads took: 0.0208603 seconds
2021-07-18T02:42:02.174+1000: 565.324: Application time: 0.0828544 seconds
2021-07-18T02:42:02.175+1000: 565.326: Total time for which application threads were stopped: 0.0016832 seconds, Stopping threads took: 0.0003538 seconds
2021-07-18T02:42:02.228+1000: 565.379: Application time: 0.0526768 seconds
2021-07-18T02:42:02.229+1000: 565.380: Total time for which application threads were stopped: 0.0013168 seconds, Stopping threads took: 0.0004511 seconds
2021-07-18T02:42:03.954+1000: 567.104: Application time: 1.7242443 seconds
2021-07-18T02:42:03.958+1000: 567.109: Total time for which application threads were stopped: 0.0048450 seconds, Stopping threads took: 0.0030286 seconds
2021-07-18T02:42:05.940+1000: 569.091: Application time: 1.9815544 seconds
2021-07-18T02:42:05.942+1000: 569.092: Total time for which application threads were stopped: 0.0015292 seconds, Stopping threads took: 0.0004101 seconds
2021-07-18T02:42:07.955+1000: 571.106: Application time: 2.0133437 seconds
2021-07-18T02:42:07.962+1000: 571.113: Total time for which application threads were stopped: 0.0072934 seconds, Stopping threads took: 0.0056483 seconds
2021-07-18T02:42:09.940+1000: 573.090: Application time: 1.9776765 seconds
2021-07-18T02:42:09.941+1000: 573.092: Total time for which application threads were stopped: 0.0014871 seconds, Stopping threads took: 0.0005318 seconds
2021-07-18T02:42:10.942+1000: 574.092: Application time: 1.0003908 seconds
2021-07-18T02:42:10.943+1000: 574.094: Total time for which application threads were stopped: 0.0011963 seconds, Stopping threads took: 0.0003369 seconds
2021-07-18T02:42:11.940+1000: 575.091: Application time: 0.9971217 seconds
2021-07-18T02:42:11.943+1000: 575.094: Total time for which application threads were stopped: 0.0028533 seconds, Stopping threads took: 0.0018739 seconds
2021-07-18T02:42:13.942+1000: 577.093: Application time: 1.9991998 seconds
2021-07-18T02:42:13.944+1000: 577.094: Total time for which application threads were stopped: 0.0014372 seconds, Stopping threads took: 0.0002409 seconds
2021-07-18T02:42:15.940+1000: 579.090: Application time: 1.9962260 seconds
2021-07-18T02:42:15.941+1000: 579.092: Total time for which application threads were stopped: 0.0013149 seconds, Stopping threads took: 0.0003197 seconds
2021-07-18T02:42:17.940+1000: 581.090: Application time: 1.9986453 seconds
2021-07-18T02:42:17.942+1000: 581.093: Total time for which application threads were stopped: 0.0021745 seconds, Stopping threads took: 0.0005052 seconds
2021-07-18T02:42:19.940+1000: 583.090: Application time: 1.9977941 seconds
2021-07-18T02:42:19.941+1000: 583.092: Total time for which application threads were stopped: 0.0012639 seconds, Stopping threads took: 0.0003793 seconds
2021-07-18T02:42:21.939+1000: 585.090: Application time: 1.9983958 seconds
2021-07-18T02:42:21.941+1000: 585.091: Total time for which application threads were stopped: 0.0012612 seconds, Stopping threads took: 0.0003776 seconds
2021-07-18T02:42:22.941+1000: 586.092: Application time: 1.0003714 seconds
2021-07-18T02:42:22.943+1000: 586.093: Total time for which application threads were stopped: 0.0017602 seconds, Stopping threads took: 0.0007252 seconds
2021-07-18T02:42:23.940+1000: 587.091: Application time: 0.9973595 seconds
2021-07-18T02:42:23.941+1000: 587.092: Total time for which application threads were stopped: 0.0012381 seconds, Stopping threads took: 0.0003609 seconds
2021-07-18T02:42:25.942+1000: 589.093: Application time: 2.0004826 seconds
2021-07-18T02:42:25.944+1000: 589.095: Total time for which application threads were stopped: 0.0023812 seconds, Stopping threads took: 0.0006838 seconds
2021-07-18T02:42:27.940+1000: 591.091: Application time: 1.9958388 seconds
2021-07-18T02:42:27.942+1000: 591.092: Total time for which application threads were stopped: 0.0013025 seconds, Stopping threads took: 0.0003940 seconds
2021-07-18T02:42:29.940+1000: 593.091: Application time: 1.9988310 seconds
2021-07-18T02:42:29.951+1000: 593.101: Total time for which application threads were stopped: 0.0103787 seconds, Stopping threads took: 0.0093186 seconds
2021-07-18T02:42:30.779+1000: 593.929: Application time: 0.8280373 seconds
2021-07-18T02:42:30.780+1000: 593.931: [GC (Allocation Failure) Before GC:
Statistics for BinaryTreeDictionary:
------------------------------------
Total Free Space: 607134528
Max   Chunk Size: 607134528
Number of Blocks: 1
Av.  Block  Size: 607134528
Tree      Height: 1
2021-07-18T02:42:30.780+1000: 593.931: [ParNew
Desired survivor size 535592960 bytes, new threshold 1 (max 15)
- age   1: 1071184688 bytes, 1071184688 total
: 9415168K->1046080K(9415168K), 4.1133945 secs] 71616779K->65338528K(76421604K)After GC:
Statistics for BinaryTreeDictionary:
------------------------------------
Total Free Space: 342709301
Max   Chunk Size: 342709301
Number of Blocks: 1
Av.  Block  Size: 342709301
Tree      Height: 1
, 4.1138151 secs] [Times: user=42.90 sys=2.78, real=4.12 secs] 
2021-07-18T02:42:34.894+1000: 598.045: Total time for which application threads were stopped: 4.1155695 seconds, Stopping threads took: 0.0003320 seconds
2021-07-18T02:42:34.922+1000: 598.072: Application time: 0.0272494 seconds
2021-07-18T02:42:34.929+1000: 598.079: Total time for which application threads were stopped: 0.0071886 seconds, Stopping threads took: 0.0060966 seconds
2021-07-18T02:42:35.286+1000: 598.436: Application time: 0.3568681 seconds
2021-07-18T02:42:35.290+1000: 598.441: Total time for which application threads were stopped: 0.0046243 seconds, Stopping threads took: 0.0034996 seconds
2021-07-18T02:42:36.401+1000: 599.551: Application time: 1.1104146 seconds
2021-07-18T02:42:36.403+1000: 599.554: Total time for which application threads were stopped: 0.0021064 seconds, Stopping threads took: 0.0005356 seconds
2021-07-18T02:42:36.880+1000: 600.031: [CMS-concurrent-mark: 52.918/66.796 secs] [Times: user=379.00 sys=37.36, real=66.79 secs] 
2021-07-18T02:42:36.881+1000: 600.031: [CMS-concurrent-preclean-start]
2021-07-18T02:42:37.983+1000: 601.134: Application time: 1.5805016 seconds
2021-07-18T02:42:37.985+1000: 601.136: Total time for which application threads were stopped: 0.0017821 seconds, Stopping threads took: 0.0003251 seconds
2021-07-18T02:42:39.940+1000: 603.090: Application time: 1.9545697 seconds
2021-07-18T02:42:39.941+1000: 603.092: Total time for which application threads were stopped: 0.0011722 seconds, Stopping threads took: 0.0003047 seconds
2021-07-18T02:42:40.941+1000: 604.092: Application time: 1.0002068 seconds
2021-07-18T02:42:40.943+1000: 604.094: Total time for which application threads were stopped: 0.0016902 seconds, Stopping threads took: 0.0006851 seconds
2021-07-18T02:42:41.940+1000: 605.091: Application time: 0.9973167 seconds
2021-07-18T02:42:41.948+1000: 605.099: Total time for which application threads were stopped: 0.0081063 seconds, Stopping threads took: 0.0008655 seconds
2021-07-18T02:42:43.940+1000: 607.091: Application time: 1.9918424 seconds
2021-07-18T02:42:43.942+1000: 607.093: Total time for which application threads were stopped: 0.0021495 seconds, Stopping threads took: 0.0004813 seconds
2021-07-18T02:42:46.085+1000: 609.235: Application time: 2.1425615 seconds
2021-07-18T02:42:46.087+1000: 609.237: Total time for which application threads were stopped: 0.0018043 seconds, Stopping threads took: 0.0005744 seconds
2021-07-18T02:42:47.940+1000: 611.090: Application time: 1.8528707 seconds
2021-07-18T02:42:47.941+1000: 611.092: Total time for which application threads were stopped: 0.0017697 seconds, Stopping threads took: 0.0005642 seconds
2021-07-18T02:42:49.940+1000: 613.090: Application time: 1.9983164 seconds
2021-07-18T02:42:49.941+1000: 613.092: Total time for which application threads were stopped: 0.0015671 seconds, Stopping threads took: 0.0004372 seconds
2021-07-18T02:42:51.940+1000: 615.091: Application time: 1.9990268 seconds
2021-07-18T02:42:51.942+1000: 615.093: Total time for which application threads were stopped: 0.0018449 seconds, Stopping threads took: 0.0006388 seconds
2021-07-18T02:42:53.939+1000: 617.090: Application time: 1.9971887 seconds
2021-07-18T02:42:54.236+1000: 617.386: Total time for which application threads were stopped: 0.2965314 seconds, Stopping threads took: 0.2952088 seconds
2021-07-18T02:42:54.467+1000: 617.618: Application time: 0.2313073 seconds
2021-07-18T02:42:54.468+1000: 617.619: [GC (Allocation Failure) Before GC:
Statistics for BinaryTreeDictionary:
------------------------------------
Total Free Space: 342709301
Max   Chunk Size: 342709301
Number of Blocks: 1
Av.  Block  Size: 342709301
Tree      Height: 1
2021-07-18T02:42:54.468+1000: 617.619: [ParNew
Desired survivor size 535592960 bytes, new threshold 1 (max 15)
- age   1: 1024821360 bytes, 1024821360 total
: 9410583K->1046080K(9415168K), 9.5131581 secs] 73703031K->69281883K(78064364K)After GC:
Statistics for BinaryTreeDictionary:
------------------------------------
Total Free Space: 48739635
Max   Chunk Size: 48739635
Number of Blocks: 1
Av.  Block  Size: 48739635
Tree      Height: 1
, 9.5135266 secs] [Times: user=114.27 sys=7.63, real=9.52 secs] 
2021-07-18T02:43:03.982+1000: 627.133: Total time for which application threads were stopped: 9.5150372 seconds, Stopping threads took: 0.0002076 seconds
2021-07-18T02:43:03.989+1000: 627.139: Application time: 0.0064876 seconds
2021-07-18T02:43:04.197+1000: 627.348: Total time for which application threads were stopped: 0.2088137 seconds, Stopping threads took: 0.2077505 seconds
2021-07-18T02:43:04.215+1000: 627.365: [CMS-concurrent-preclean: 16.681/27.334 secs] [Times: user=157.21 sys=10.24, real=27.34 secs] 
2021-07-18T02:43:04.215+1000: 627.366: [CMS-concurrent-abortable-preclean-start]
2021-07-18T02:43:04.235+1000: 627.385: Application time: 0.0372422 seconds
2021-07-18T02:43:04.428+1000: 627.579: Total time for which application threads were stopped: 0.1936706 seconds, Stopping threads took: 0.1927050 seconds
2021-07-18T02:43:04.468+1000: 627.618: Application time: 0.0391994 seconds
2021-07-18T02:43:04.469+1000: 627.620: Total time for which application threads were stopped: 0.0015475 seconds, Stopping threads took: 0.0004163 seconds
2021-07-18T02:43:04.503+1000: 627.653: Application time: 0.0334433 seconds
2021-07-18T02:43:04.504+1000: 627.654: Total time for which application threads were stopped: 0.0012447 seconds, Stopping threads took: 0.0003967 seconds
2021-07-18T02:43:04.548+1000: 627.699: Application time: 0.0444461 seconds
2021-07-18T02:43:04.550+1000: 627.700: Total time for which application threads were stopped: 0.0015194 seconds, Stopping threads took: 0.0003716 seconds
2021-07-18T02:43:05.940+1000: 629.091: Application time: 1.3900528 seconds
2021-07-18T02:43:05.941+1000: 629.092: Total time for which application threads were stopped: 0.0011381 seconds, Stopping threads took: 0.0002724 seconds
2021-07-18T02:43:07.940+1000: 631.091: Application time: 1.9990492 seconds
2021-07-18T02:43:07.941+1000: 631.092: Total time for which application threads were stopped: 0.0013069 seconds, Stopping threads took: 0.0004287 seconds
2021-07-18T02:43:09.940+1000: 633.091: Application time: 1.9985208 seconds
2021-07-18T02:43:09.942+1000: 633.092: Total time for which application threads were stopped: 0.0016887 seconds, Stopping threads took: 0.0004610 seconds
2021-07-18T02:43:11.940+1000: 635.091: Application time: 1.9985975 seconds
2021-07-18T02:43:11.941+1000: 635.092: Total time for which application threads were stopped: 0.0012618 seconds, Stopping threads took: 0.0003653 seconds
2021-07-18T02:43:13.963+1000: 637.114: Application time: 2.0218173 seconds
2021-07-18T02:43:13.967+1000: 637.117: Total time for which application threads were stopped: 0.0033688 seconds, Stopping threads took: 0.0022856 seconds
2021-07-18T02:43:15.977+1000: 639.128: Application time: 2.0104413 seconds
2021-07-18T02:43:15.978+1000: 639.129: Total time for which application threads were stopped: 0.0012661 seconds, Stopping threads took: 0.0003427 seconds
2021-07-18T02:43:17.946+1000: 641.096: Application time: 1.9674668 seconds
2021-07-18T02:43:17.951+1000: 641.101: Total time for which application threads were stopped: 0.0047146 seconds, Stopping threads took: 0.0037270 seconds
2021-07-18T02:43:19.941+1000: 643.092: Application time: 1.9905077 seconds
2021-07-18T02:43:19.943+1000: 643.093: Total time for which application threads were stopped: 0.0015540 seconds, Stopping threads took: 0.0004125 seconds
2021-07-18T02:43:21.091+1000: 644.242: Application time: 1.1485996 seconds
2021-07-18T02:43:21.093+1000: 644.243: Total time for which application threads were stopped: 0.0014027 seconds, Stopping threads took: 0.0003823 seconds
2021-07-18T02:43:21.940+1000: 645.091: Application time: 0.8472305 seconds
2021-07-18T02:43:21.941+1000: 645.092: Total time for which application threads were stopped: 0.0011409 seconds, Stopping threads took: 0.0002653 seconds
 CMS: abort preclean due to time 2021-07-18T02:43:21.941+1000: 645.092: [CMS-concurrent-abortable-preclean: 17.018/17.726 secs] [Times: user=46.06 sys=3.20, real=17.72 secs] 
2021-07-18T02:43:21.942+1000: 645.092: Application time: 0.0006723 seconds
2021-07-18T02:43:21.963+1000: 645.114: [GC (CMS Final Remark) [YG occupancy: 8025467 K (9415168 K)]2021-07-18T02:43:21.963+1000: 645.114: [GC (CMS Final Remark) Before GC:
Statistics for BinaryTreeDictionary:
------------------------------------
Total Free Space: 48739635
Max   Chunk Size: 48739635
Number of Blocks: 1
Av.  Block  Size: 48739635
Tree      Height: 1
2021-07-18T02:43:21.963+1000: 645.114: [ParNew
Desired survivor size 535592960 bytes, new threshold 1 (max 15)
- age   1: 1070755584 bytes, 1070755584 total
: 8025467K->1046080K(9415168K), 6.3690775 secs] 76261271K->71271521K(79670448K)After GC:
Statistics for BinaryTreeDictionary:
------------------------------------
Total Free Space: 2070
Max   Chunk Size: 2070
Number of Blocks: 1
Av.  Block  Size: 2070
Tree      Height: 1
, 6.3694164 secs] [Times: user=64.92 sys=2.55, real=6.36 secs] 
2021-07-18T02:43:28.333+1000: 651.483: [Rescan (parallel) , 0.5663075 secs]2021-07-18T02:43:28.899+1000: 652.050: [weak refs processing, 0.0048791 secs]2021-07-18T02:43:28.904+1000: 652.055: [class unloading, 0.0470972 secs]2021-07-18T02:43:28.951+1000: 652.102: [scrub symbol table, 0.0953430 secs]2021-07-18T02:43:29.047+1000: 652.197: [scrub string table, 0.0035719 secs][1 CMS-remark: 70225441K(70255280K)] 71271521K(79670448K), 7.0873660 secs] [Times: user=73.62 sys=2.76, real=7.08 secs] 
2021-07-18T02:43:29.051+1000: 652.201: Total time for which application threads were stopped: 7.1088267 seconds, Stopping threads took: 0.0200998 seconds
2021-07-18T02:43:29.052+1000: 652.203: Application time: 0.0016217 seconds
2021-07-18T02:43:29.054+1000: 652.204: Total time for which application threads were stopped: 0.0014485 seconds, Stopping threads took: 0.0003585 seconds
2021-07-18T02:43:29.054+1000: 652.205: [CMS-concurrent-sweep-start]
CMS: Large Block: 0x00007ff4418a7f50; Proximity: 0x00007fed9427a658 -> 0x00007ff416a91ca8
2021-07-18T02:43:29.087+1000: 652.238: Application time: 0.0336793 seconds
2021-07-18T02:43:29.089+1000: 652.239: Total time for which application threads were stopped: 0.0015027 seconds, Stopping threads took: 0.0004166 seconds
2021-07-18T02:43:29.142+1000: 652.292: Application time: 0.0530676 seconds
2021-07-18T02:43:29.147+1000: 652.298: Total time for which application threads were stopped: 0.0056209 seconds, Stopping threads took: 0.0045430 seconds
2021-07-18T02:43:29.210+1000: 652.360: Application time: 0.0622999 seconds
2021-07-18T02:43:29.215+1000: 652.366: Total time for which application threads were stopped: 0.0052144 seconds, Stopping threads took: 0.0038075 seconds
2021-07-18T02:43:29.940+1000: 653.090: Application time: 0.7245100 seconds
2021-07-18T02:43:29.942+1000: 653.093: Total time for which application threads were stopped: 0.0023541 seconds, Stopping threads took: 0.0014572 seconds
2021-07-18T02:43:30.942+1000: 654.093: Application time: 1.0002259 seconds
2021-07-18T02:43:30.944+1000: 654.094: Total time for which application threads were stopped: 0.0014094 seconds, Stopping threads took: 0.0004003 seconds
2021-07-18T02:43:31.940+1000: 655.091: Application time: 0.9964889 seconds
2021-07-18T02:43:31.941+1000: 655.092: Total time for which application threads were stopped: 0.0014580 seconds, Stopping threads took: 0.0004422 seconds
2021-07-18T02:43:32.942+1000: 656.092: Application time: 1.0002628 seconds
2021-07-18T02:43:32.943+1000: 656.094: Total time for which application threads were stopped: 0.0016361 seconds, Stopping threads took: 0.0004469 seconds
2021-07-18T02:43:33.941+1000: 657.092: Application time: 0.9975651 seconds
2021-07-18T02:43:33.943+1000: 657.094: Total time for which application threads were stopped: 0.0019639 seconds, Stopping threads took: 0.0010459 seconds
2021-07-18T02:43:35.940+1000: 659.090: Application time: 1.9967502 seconds
2021-07-18T02:43:35.941+1000: 659.092: Total time for which application threads were stopped: 0.0012002 seconds, Stopping threads took: 0.0003044 seconds
2021-07-18T02:43:37.940+1000: 661.091: Application time: 1.9991582 seconds
2021-07-18T02:43:37.941+1000: 661.092: Total time for which application threads were stopped: 0.0012426 seconds, Stopping threads took: 0.0003900 seconds
2021-07-18T02:43:39.940+1000: 663.090: Application time: 1.9982516 seconds
2021-07-18T02:43:39.941+1000: 663.091: Total time for which application threads were stopped: 0.0012843 seconds, Stopping threads took: 0.0003641 seconds
2021-07-18T02:43:39.997+1000: 663.147: Application time: 0.0558361 seconds
2021-07-18T02:43:39.998+1000: 663.149: Total time for which application threads were stopped: 0.0013265 seconds, Stopping threads took: 0.0004172 seconds
2021-07-18T02:43:41.944+1000: 665.095: Application time: 1.9460929 seconds
2021-07-18T02:43:41.946+1000: 665.097: Total time for which application threads were stopped: 0.0018225 seconds, Stopping threads took: 0.0005583 seconds
2021-07-18T02:43:43.940+1000: 667.091: Application time: 1.9942071 seconds
2021-07-18T02:43:43.942+1000: 667.093: Total time for which application threads were stopped: 0.0018694 seconds, Stopping threads took: 0.0008264 seconds
2021-07-18T02:43:44.943+1000: 668.094: Application time: 1.0011744 seconds
2021-07-18T02:43:44.944+1000: 668.095: Total time for which application threads were stopped: 0.0011920 seconds, Stopping threads took: 0.0003809 seconds
2021-07-18T02:43:45.943+1000: 669.093: Application time: 0.9983081 seconds
2021-07-18T02:43:45.961+1000: 669.112: Total time for which application threads were stopped: 0.0185709 seconds, Stopping threads took: 0.0175776 seconds
CMS: Large block 0x00007fe8f1667098
2021-07-18T02:43:46.300+1000: 669.451: [CMS-concurrent-sweep: 17.190/17.246 secs] [Times: user=48.02 sys=3.48, real=17.24 secs] 
2021-07-18T02:43:46.369+1000: 669.519: [CMS-concurrent-reset-start]
2021-07-18T02:43:46.773+1000: 669.924: [CMS-concurrent-reset: 0.404/0.404 secs] [Times: user=1.00 sys=0.10, real=0.40 secs] 
2021-07-18T02:43:47.939+1000: 671.090: Application time: 1.9781478 seconds
2021-07-18T02:43:47.941+1000: 671.091: Total time for which application threads were stopped: 0.0011700 seconds, Stopping threads took: 0.0002740 seconds
2021-07-18T02:43:49.939+1000: 673.090: Application time: 1.9986864 seconds
2021-07-18T02:43:49.941+1000: 673.091: Total time for which application threads were stopped: 0.0013458 seconds, Stopping threads took: 0.0004168 seconds
2021-07-18T02:43:50.299+1000: 673.449: Application time: 0.3580091 seconds
2021-07-18T02:43:50.300+1000: 673.451: [GC (Allocation Failure) Before GC:
Statistics for BinaryTreeDictionary:
------------------------------------
Total Free Space: 4131948211
Max   Chunk Size: 2622400512
Number of Blocks: 2060
Av.  Block  Size: 2005800
Tree      Height: 21
2021-07-18T02:43:50.300+1000: 673.451: [ParNew
Desired survivor size 535592960 bytes, new threshold 1 (max 15)
- age   1: 1071184976 bytes, 1071184976 total
: 9066761K->1046080K(9415168K), 3.6764733 secs] 65973978K->59526166K(100157952K)After GC:
Statistics for BinaryTreeDictionary:
------------------------------------
Total Free Space: 4006631435
Max   Chunk Size: 2622400512
Number of Blocks: 162
Av.  Block  Size: 24732292
Tree      Height: 10
, 3.6771480 secs] [Times: user=28.11 sys=0.96, real=3.68 secs] 
2021-07-18T02:43:53.978+1000: 677.128: Total time for which application threads were stopped: 3.6788645 seconds, Stopping threads took: 0.0002798 seconds
2021-07-18T02:43:53.978+1000: 677.129: Application time: 0.0005278 seconds
2021-07-18T02:43:54.091+1000: 677.242: Total time for which application threads were stopped: 0.1132734 seconds, Stopping threads took: 0.1122624 seconds
2021-07-18T02:43:54.141+1000: 677.292: Application time: 0.0499254 seconds
2021-07-18T02:43:54.290+1000: 677.440: Total time for which application threads were stopped: 0.1484503 seconds, Stopping threads took: 0.1468595 seconds
2021-07-18T02:43:55.940+1000: 679.091: Application time: 1.6503326 seconds
2021-07-18T02:43:55.942+1000: 679.092: Total time for which application threads were stopped: 0.0016395 seconds, Stopping threads took: 0.0003484 seconds
2021-07-18T02:43:57.940+1000: 681.091: Application time: 1.9982017 seconds
2021-07-18T02:43:57.941+1000: 681.092: Total time for which application threads were stopped: 0.0010767 seconds, Stopping threads took: 0.0002320 seconds
2021-07-18T02:43:59.939+1000: 683.090: Application time: 1.9981674 seconds
2021-07-18T02:43:59.943+1000: 683.094: Total time for which application threads were stopped: 0.0038512 seconds, Stopping threads took: 0.0029240 seconds
2021-07-18T02:44:01.940+1000: 685.091: Application time: 1.9968105 seconds
2021-07-18T02:44:01.942+1000: 685.092: Total time for which application threads were stopped: 0.0019057 seconds, Stopping threads took: 0.0005013 seconds
2021-07-18T02:44:03.939+1000: 687.090: Application time: 1.9973690 seconds
2021-07-18T02:44:03.943+1000: 687.093: Total time for which application threads were stopped: 0.0035434 seconds, Stopping threads took: 0.0025955 seconds
2021-07-18T02:44:05.940+1000: 689.090: Application time: 1.9968915 seconds
2021-07-18T02:44:05.941+1000: 689.091: Total time for which application threads were stopped: 0.0010973 seconds, Stopping threads took: 0.0002544 seconds
2021-07-18T02:44:06.941+1000: 690.092: Application time: 1.0001985 seconds
2021-07-18T02:44:06.942+1000: 690.093: Total time for which application threads were stopped: 0.0014772 seconds, Stopping threads took: 0.0003332 seconds
2021-07-18T02:44:07.939+1000: 691.090: Application time: 0.9968055 seconds
2021-07-18T02:44:07.941+1000: 691.092: Total time for which application threads were stopped: 0.0018101 seconds, Stopping threads took: 0.0004380 seconds
2021-07-18T02:44:09.939+1000: 693.090: Application time: 1.9981471 seconds
2021-07-18T02:44:09.941+1000: 693.091: Total time for which application threads were stopped: 0.0014453 seconds, Stopping threads took: 0.0004058 seconds
2021-07-18T02:44:11.939+1000: 695.090: Application time: 1.9986306 seconds
2021-07-18T02:44:11.940+1000: 695.091: Total time for which application threads were stopped: 0.0012144 seconds, Stopping threads took: 0.0002922 seconds
2021-07-18T02:44:13.940+1000: 697.091: Application time: 1.9995263 seconds
2021-07-18T02:44:13.941+1000: 697.092: Total time for which application threads were stopped: 0.0011460 seconds, Stopping threads took: 0.0002775 seconds
2021-07-18T02:44:15.940+1000: 699.090: Application time: 1.9987181 seconds
2021-07-18T02:44:15.942+1000: 699.093: Total time for which application threads were stopped: 0.0020423 seconds, Stopping threads took: 0.0003998 seconds
2021-07-18T02:44:17.940+1000: 701.090: Application time: 1.9977270 seconds
2021-07-18T02:44:17.941+1000: 701.091: Total time for which application threads were stopped: 0.0010288 seconds, Stopping threads took: 0.0002414 seconds
2021-07-18T02:44:19.940+1000: 703.090: Application time: 1.9991351 seconds
2021-07-18T02:44:19.941+1000: 703.092: Total time for which application threads were stopped: 0.0010994 seconds, Stopping threads took: 0.0002480 seconds
2021-07-18T02:44:20.941+1000: 704.092: Application time: 1.0001805 seconds
2021-07-18T02:44:20.942+1000: 704.093: Total time for which application threads were stopped: 0.0013946 seconds, Stopping threads took: 0.0003100 seconds
2021-07-18T02:44:21.940+1000: 705.090: Application time: 0.9970976 seconds
2021-07-18T02:44:21.941+1000: 705.091: Total time for which application threads were stopped: 0.0012034 seconds, Stopping threads took: 0.0002570 seconds
2021-07-18T02:44:23.940+1000: 707.090: Application time: 1.9987239 seconds
2021-07-18T02:44:23.941+1000: 707.092: Total time for which application threads were stopped: 0.0018347 seconds, Stopping threads took: 0.0005452 seconds
2021-07-18T02:44:25.940+1000: 709.090: Application time: 1.9982641 seconds
2021-07-18T02:44:25.941+1000: 709.091: Total time for which application threads were stopped: 0.0011615 seconds, Stopping threads took: 0.0002971 seconds
2021-07-18T02:44:27.939+1000: 711.090: Application time: 1.9982352 seconds
2021-07-18T02:44:27.940+1000: 711.091: Total time for which application threads were stopped: 0.0010729 seconds, Stopping threads took: 0.0002638 seconds
2021-07-18T02:44:29.939+1000: 713.090: Application time: 1.9988865 seconds
2021-07-18T02:44:29.940+1000: 713.091: Total time for which application threads were stopped: 0.0013088 seconds, Stopping threads took: 0.0002920 seconds
2021-07-18T02:44:31.939+1000: 715.090: Application time: 1.9990406 seconds
2021-07-18T02:44:31.941+1000: 715.091: Total time for which application threads were stopped: 0.0011126 seconds, Stopping threads took: 0.0002732 seconds
2021-07-18T02:44:33.939+1000: 717.090: Application time: 1.9987204 seconds
2021-07-18T02:44:33.940+1000: 717.091: Total time for which application threads were stopped: 0.0012052 seconds, Stopping threads took: 0.0002639 seconds
2021-07-18T02:44:35.940+1000: 719.090: Application time: 1.9993841 seconds
2021-07-18T02:44:35.941+1000: 719.092: Total time for which application threads were stopped: 0.0016088 seconds, Stopping threads took: 0.0004187 seconds
2021-07-18T02:44:37.940+1000: 721.091: Application time: 1.9984594 seconds
2021-07-18T02:44:37.941+1000: 721.092: Total time for which application threads were stopped: 0.0011027 seconds, Stopping threads took: 0.0002941 seconds
2021-07-18T02:44:39.940+1000: 723.091: Application time: 1.9988691 seconds
2021-07-18T02:44:39.941+1000: 723.092: Total time for which application threads were stopped: 0.0012125 seconds, Stopping threads took: 0.0002074 seconds
2021-07-18T02:44:41.939+1000: 725.090: Application time: 1.9982043 seconds
2021-07-18T02:44:41.940+1000: 725.091: Total time for which application threads were stopped: 0.0010672 seconds, Stopping threads took: 0.0002675 seconds
2021-07-18T02:44:43.939+1000: 727.090: Application time: 1.9989181 seconds
2021-07-18T02:44:43.940+1000: 727.091: Total time for which application threads were stopped: 0.0010707 seconds, Stopping threads took: 0.0002546 seconds
2021-07-18T02:44:45.939+1000: 729.090: Application time: 1.9987542 seconds
2021-07-18T02:44:45.940+1000: 729.091: Total time for which application threads were stopped: 0.0012296 seconds, Stopping threads took: 0.0003132 seconds
2021-07-18T02:44:47.939+1000: 731.090: Application time: 1.9989418 seconds
2021-07-18T02:44:47.941+1000: 731.091: Total time for which application threads were stopped: 0.0012352 seconds, Stopping threads took: 0.0003089 seconds
2021-07-18T02:44:49.940+1000: 733.090: Application time: 1.9990893 seconds
2021-07-18T02:44:49.941+1000: 733.092: Total time for which application threads were stopped: 0.0016503 seconds, Stopping threads took: 0.0004194 seconds
2021-07-18T02:44:51.939+1000: 735.090: Application time: 1.9981024 seconds
2021-07-18T02:44:51.941+1000: 735.092: Total time for which application threads were stopped: 0.0014882 seconds, Stopping threads took: 0.0003567 seconds
2021-07-18T02:44:53.939+1000: 737.090: Application time: 1.9982610 seconds
2021-07-18T02:44:53.941+1000: 737.091: Total time for which application threads were stopped: 0.0014429 seconds, Stopping threads took: 0.0003046 seconds
2021-07-18T02:44:55.940+1000: 739.091: Application time: 1.9995471 seconds
2021-07-18T02:44:55.942+1000: 739.092: Total time for which application threads were stopped: 0.0013869 seconds, Stopping threads took: 0.0002398 seconds
2021-07-18T02:44:57.940+1000: 741.091: Application time: 1.9988365 seconds
2021-07-18T02:44:57.942+1000: 741.092: Total time for which application threads were stopped: 0.0014294 seconds, Stopping threads took: 0.0003096 seconds
2021-07-18T02:44:59.940+1000: 743.090: Application time: 1.9978259 seconds
2021-07-18T02:44:59.941+1000: 743.091: Total time for which application threads were stopped: 0.0011048 seconds, Stopping threads took: 0.0002499 seconds
2021-07-18T02:45:00.396+1000: 743.546: Application time: 0.4549980 seconds
2021-07-18T02:45:00.397+1000: 743.548: [GC (Allocation Failure) Before GC:
Statistics for BinaryTreeDictionary:
------------------------------------
Total Free Space: 4006631435
Max   Chunk Size: 2622400512
Number of Blocks: 162
Av.  Block  Size: 24732292
Tree      Height: 10
2021-07-18T02:45:00.398+1000: 743.548: [ParNew
Desired survivor size 535592960 bytes, new threshold 1 (max 15)
- age   1:  888369744 bytes,  888369744 total
: 9415168K->1042220K(9415168K), 3.9933673 secs] 67895254K->63223636K(100157952K)After GC:
Statistics for BinaryTreeDictionary:
------------------------------------
Total Free Space: 3566102211
Max   Chunk Size: 2555291644
Number of Blocks: 141
Av.  Block  Size: 25291505
Tree      Height: 10
, 3.9938320 secs] [Times: user=44.97 sys=1.32, real=3.99 secs] 
2021-07-18T02:45:04.391+1000: 747.542: Total time for which application threads were stopped: 3.9957171 seconds, Stopping threads took: 0.0007350 seconds
2021-07-18T02:45:04.393+1000: 747.543: Application time: 0.0012601 seconds
2021-07-18T02:45:04.394+1000: 747.544: Total time for which application threads were stopped: 0.0008697 seconds, Stopping threads took: 0.0001020 seconds
2021-07-18T02:45:04.433+1000: 747.584: Application time: 0.0393029 seconds
2021-07-18T02:45:04.434+1000: 747.585: Total time for which application threads were stopped: 0.0012774 seconds, Stopping threads took: 0.0002528 seconds
2021-07-18T02:45:05.939+1000: 749.090: Application time: 1.5051410 seconds
2021-07-18T02:45:05.941+1000: 749.091: Total time for which application threads were stopped: 0.0012058 seconds, Stopping threads took: 0.0003015 seconds
2021-07-18T02:45:07.939+1000: 751.090: Application time: 1.9989008 seconds
2021-07-18T02:45:07.941+1000: 751.092: Total time for which application threads were stopped: 0.0014024 seconds, Stopping threads took: 0.0003133 seconds
2021-07-18T02:45:09.940+1000: 753.091: Application time: 1.9991610 seconds
2021-07-18T02:45:09.941+1000: 753.092: Total time for which application threads were stopped: 0.0012431 seconds, Stopping threads took: 0.0002890 seconds
2021-07-18T02:45:11.940+1000: 755.090: Application time: 1.9982645 seconds
2021-07-18T02:45:11.941+1000: 755.092: Total time for which application threads were stopped: 0.0013234 seconds, Stopping threads took: 0.0002039 seconds
2021-07-18T02:45:13.939+1000: 757.090: Application time: 1.9983190 seconds
2021-07-18T02:45:13.941+1000: 757.091: Total time for which application threads were stopped: 0.0014760 seconds, Stopping threads took: 0.0002782 seconds
2021-07-18T02:45:15.939+1000: 759.090: Application time: 1.9986339 seconds
2021-07-18T02:45:15.941+1000: 759.092: Total time for which application threads were stopped: 0.0016008 seconds, Stopping threads took: 0.0004168 seconds
2021-07-18T02:45:17.939+1000: 761.090: Application time: 1.9983002 seconds
2021-07-18T02:45:17.941+1000: 761.091: Total time for which application threads were stopped: 0.0013321 seconds, Stopping threads took: 0.0002909 seconds
2021-07-18T02:45:19.940+1000: 763.091: Application time: 1.9995871 seconds
2021-07-18T02:45:19.942+1000: 763.092: Total time for which application threads were stopped: 0.0016736 seconds, Stopping threads took: 0.0004297 seconds
2021-07-18T02:45:21.939+1000: 765.090: Application time: 1.9974183 seconds
2021-07-18T02:45:21.941+1000: 765.091: Total time for which application threads were stopped: 0.0013005 seconds, Stopping threads took: 0.0003077 seconds
2021-07-18T02:45:23.940+1000: 767.090: Application time: 1.9991753 seconds
2021-07-18T02:45:23.941+1000: 767.092: Total time for which application threads were stopped: 0.0016681 seconds, Stopping threads took: 0.0008004 seconds
2021-07-18T02:45:25.940+1000: 769.090: Application time: 1.9983027 seconds
2021-07-18T02:45:25.941+1000: 769.091: Total time for which application threads were stopped: 0.0011333 seconds, Stopping threads took: 0.0003138 seconds
2021-07-18T02:45:27.940+1000: 771.090: Application time: 1.9989172 seconds
2021-07-18T02:45:27.941+1000: 771.092: Total time for which application threads were stopped: 0.0013145 seconds, Stopping threads took: 0.0003373 seconds
2021-07-18T02:45:29.940+1000: 773.090: Application time: 1.9986151 seconds
2021-07-18T02:45:29.942+1000: 773.092: Total time for which application threads were stopped: 0.0020194 seconds, Stopping threads took: 0.0005248 seconds
2021-07-18T02:45:31.940+1000: 775.090: Application time: 1.9981094 seconds
2021-07-18T02:45:31.941+1000: 775.092: Total time for which application threads were stopped: 0.0014119 seconds, Stopping threads took: 0.0004728 seconds
2021-07-18T02:45:33.940+1000: 777.091: Application time: 1.9989098 seconds
2021-07-18T02:45:33.943+1000: 777.094: Total time for which application threads were stopped: 0.0031969 seconds, Stopping threads took: 0.0002041 seconds
2021-07-18T02:45:35.940+1000: 779.091: Application time: 1.9968159 seconds
2021-07-18T02:45:36.081+1000: 779.231: Total time for which application threads were stopped: 0.1404890 seconds, Stopping threads took: 0.1390551 seconds
2021-07-18T02:45:37.939+1000: 781.090: Application time: 1.8583582 seconds
2021-07-18T02:45:37.941+1000: 781.091: Total time for which application threads were stopped: 0.0014655 seconds, Stopping threads took: 0.0003694 seconds
2021-07-18T02:45:39.940+1000: 783.091: Application time: 1.9992574 seconds
2021-07-18T02:45:39.941+1000: 783.092: Total time for which application threads were stopped: 0.0011991 seconds, Stopping threads took: 0.0001816 seconds
2021-07-18T02:45:41.167+1000: 784.318: Application time: 1.2258774 seconds
2021-07-18T02:45:41.169+1000: 784.320: [GC (Allocation Failure) Before GC:
Statistics for BinaryTreeDictionary:
------------------------------------
Total Free Space: 3566102211
Max   Chunk Size: 2555291644
Number of Blocks: 141
Av.  Block  Size: 25291505
Tree      Height: 10
2021-07-18T02:45:41.169+1000: 784.320: [ParNew
Desired survivor size 535592960 bytes, new threshold 1 (max 15)
- age   1:  786577784 bytes,  786577784 total
: 9411308K->1046080K(9415168K), 10.7067168 secs] 71592724K->67781302K(100157952K)After GC:
Statistics for BinaryTreeDictionary:
------------------------------------
Total Free Space: 3019172747
Max   Chunk Size: 2082176914
Number of Blocks: 108
Av.  Block  Size: 27955303
Tree      Height: 10
, 10.7071119 secs] [Times: user=143.48 sys=4.93, real=10.71 secs] 
2021-07-18T02:45:51.876+1000: 795.027: Total time for which application threads were stopped: 10.7095132 seconds, Stopping threads took: 0.0004455 seconds
2021-07-18T02:45:51.881+1000: 795.032: Application time: 0.0045658 seconds
2021-07-18T02:45:51.882+1000: 795.033: Total time for which application threads were stopped: 0.0011070 seconds, Stopping threads took: 0.0002170 seconds
2021-07-18T02:45:51.883+1000: 795.033: Application time: 0.0006640 seconds
2021-07-18T02:45:51.884+1000: 795.034: Total time for which application threads were stopped: 0.0007222 seconds, Stopping threads took: 0.0002960 seconds
2021-07-18T02:45:51.917+1000: 795.067: Application time: 0.0330589 seconds
2021-07-18T02:45:51.918+1000: 795.069: Total time for which application threads were stopped: 0.0013037 seconds, Stopping threads took: 0.0003804 seconds
2021-07-18T02:45:51.959+1000: 795.109: Application time: 0.0409311 seconds
2021-07-18T02:45:51.960+1000: 795.111: Total time for which application threads were stopped: 0.0012495 seconds, Stopping threads took: 0.0003288 seconds
2021-07-18T02:45:52.004+1000: 795.154: Application time: 0.0435683 seconds
2021-07-18T02:45:52.005+1000: 795.155: Total time for which application threads were stopped: 0.0010554 seconds, Stopping threads took: 0.0002334 seconds
2021-07-18T02:45:52.038+1000: 795.189: Application time: 0.0336846 seconds
2021-07-18T02:45:52.040+1000: 795.190: Total time for which application threads were stopped: 0.0012521 seconds, Stopping threads took: 0.0002662 seconds
2021-07-18T02:45:52.073+1000: 795.223: Application time: 0.0328210 seconds
2021-07-18T02:45:52.074+1000: 795.224: Total time for which application threads were stopped: 0.0012753 seconds, Stopping threads took: 0.0002911 seconds
2021-07-18T02:45:53.939+1000: 797.090: Application time: 1.8655816 seconds
2021-07-18T02:45:53.940+1000: 797.091: Total time for which application threads were stopped: 0.0011065 seconds, Stopping threads took: 0.0002920 seconds
2021-07-18T02:45:55.939+1000: 799.090: Application time: 1.9987133 seconds
2021-07-18T02:45:55.942+1000: 799.092: Total time for which application threads were stopped: 0.0023655 seconds, Stopping threads took: 0.0004389 seconds
2021-07-18T02:45:57.940+1000: 801.090: Application time: 1.9981212 seconds
2021-07-18T02:45:57.941+1000: 801.091: Total time for which application threads were stopped: 0.0010043 seconds, Stopping threads took: 0.0001776 seconds
2021-07-18T02:45:59.939+1000: 803.090: Application time: 1.9987105 seconds
2021-07-18T02:45:59.941+1000: 803.091: Total time for which application threads were stopped: 0.0012463 seconds, Stopping threads took: 0.0003001 seconds
2021-07-18T02:46:01.940+1000: 805.091: Application time: 1.9993434 seconds
2021-07-18T02:46:01.941+1000: 805.092: Total time for which application threads were stopped: 0.0010998 seconds, Stopping threads took: 0.0002683 seconds
2021-07-18T02:46:03.940+1000: 807.090: Application time: 1.9984147 seconds
2021-07-18T02:46:03.941+1000: 807.091: Total time for which application threads were stopped: 0.0011307 seconds, Stopping threads took: 0.0002821 seconds
2021-07-18T02:46:05.940+1000: 809.091: Application time: 1.9993438 seconds
2021-07-18T02:46:05.941+1000: 809.092: Total time for which application threads were stopped: 0.0012353 seconds, Stopping threads took: 0.0002702 seconds
2021-07-18T02:46:07.940+1000: 811.090: Application time: 1.9985567 seconds
2021-07-18T02:46:07.941+1000: 811.092: Total time for which application threads were stopped: 0.0014110 seconds, Stopping threads took: 0.0003036 seconds
2021-07-18T02:46:09.940+1000: 813.090: Application time: 1.9982951 seconds
2021-07-18T02:46:09.941+1000: 813.091: Total time for which application threads were stopped: 0.0012179 seconds, Stopping threads took: 0.0002832 seconds
2021-07-18T02:46:11.940+1000: 815.091: Application time: 1.9992842 seconds
2021-07-18T02:46:11.941+1000: 815.092: Total time for which application threads were stopped: 0.0011536 seconds, Stopping threads took: 0.0003115 seconds
2021-07-18T02:46:13.940+1000: 817.091: Application time: 1.9988179 seconds
2021-07-18T02:46:13.941+1000: 817.092: Total time for which application threads were stopped: 0.0012480 seconds, Stopping threads took: 0.0003411 seconds
2021-07-18T02:46:14.942+1000: 818.092: Application time: 1.0002394 seconds
2021-07-18T02:46:14.943+1000: 818.093: Total time for which application threads were stopped: 0.0010804 seconds, Stopping threads took: 0.0002757 seconds
2021-07-18T02:46:14.997+1000: 818.147: Application time: 0.0540093 seconds
2021-07-18T02:46:14.998+1000: 818.149: Total time for which application threads were stopped: 0.0014651 seconds, Stopping threads took: 0.0005318 seconds
2021-07-18T02:46:15.940+1000: 819.090: Application time: 0.9413979 seconds
2021-07-18T02:46:15.942+1000: 819.093: Total time for which application threads were stopped: 0.0029323 seconds, Stopping threads took: 0.0021077 seconds
2021-07-18T02:46:17.940+1000: 821.091: Application time: 1.9974321 seconds
2021-07-18T02:46:17.941+1000: 821.092: Total time for which application threads were stopped: 0.0014904 seconds, Stopping threads took: 0.0005612 seconds
2021-07-18T02:46:19.940+1000: 823.090: Application time: 1.9981946 seconds
2021-07-18T02:46:19.941+1000: 823.091: Total time for which application threads were stopped: 0.0012367 seconds, Stopping threads took: 0.0003087 seconds
2021-07-18T02:46:21.940+1000: 825.091: Application time: 1.9991105 seconds
2021-07-18T02:46:21.941+1000: 825.092: Total time for which application threads were stopped: 0.0014435 seconds, Stopping threads took: 0.0002022 seconds
2021-07-18T02:46:23.940+1000: 827.090: Application time: 1.9982695 seconds
2021-07-18T02:46:23.941+1000: 827.092: Total time for which application threads were stopped: 0.0014502 seconds, Stopping threads took: 0.0003110 seconds
2021-07-18T02:46:25.940+1000: 829.091: Application time: 1.9988406 seconds
2021-07-18T02:46:25.943+1000: 829.093: Total time for which application threads were stopped: 0.0026186 seconds, Stopping threads took: 0.0017211 seconds
2021-07-18T02:46:27.940+1000: 831.090: Application time: 1.9971344 seconds
2021-07-18T02:46:27.941+1000: 831.092: Total time for which application threads were stopped: 0.0014766 seconds, Stopping threads took: 0.0003740 seconds
2021-07-18T02:46:29.939+1000: 833.090: Application time: 1.9979004 seconds
2021-07-18T02:46:29.940+1000: 833.091: Total time for which application threads were stopped: 0.0013615 seconds, Stopping threads took: 0.0002310 seconds
2021-07-18T02:46:30.037+1000: 833.188: Application time: 0.0966102 seconds
2021-07-18T02:46:30.038+1000: 833.189: Total time for which application threads were stopped: 0.0012882 seconds, Stopping threads took: 0.0002691 seconds
2021-07-18T02:46:30.042+1000: 833.192: Application time: 0.0032238 seconds
2021-07-18T02:46:30.043+1000: 833.193: Total time for which application threads were stopped: 0.0008900 seconds, Stopping threads took: 0.0001296 seconds
2021-07-18T02:46:30.043+1000: 833.193: Application time: 0.0001241 seconds
2021-07-18T02:46:30.043+1000: 833.194: Total time for which application threads were stopped: 0.0006351 seconds, Stopping threads took: 0.0001294 seconds
2021-07-18T02:46:30.043+1000: 833.194: Application time: 0.0001258 seconds
2021-07-18T02:46:30.044+1000: 833.195: Total time for which application threads were stopped: 0.0006557 seconds, Stopping threads took: 0.0001590 seconds
2021-07-18T02:46:30.067+1000: 833.217: Application time: 0.0225662 seconds
2021-07-18T02:46:30.068+1000: 833.218: Total time for which application threads were stopped: 0.0011763 seconds, Stopping threads took: 0.0001744 seconds
2021-07-18T02:46:31.070+1000: 834.220: Application time: 1.0017717 seconds
2021-07-18T02:46:31.075+1000: 834.226: Total time for which application threads were stopped: 0.0054136 seconds, Stopping threads took: 0.0039995 seconds
2021-07-18T02:46:31.939+1000: 835.090: Application time: 0.8644215 seconds
2021-07-18T02:46:31.946+1000: 835.097: Total time for which application threads were stopped: 0.0064233 seconds, Stopping threads took: 0.0051355 seconds
2021-07-18T02:46:32.946+1000: 836.097: Application time: 1.0002791 seconds
2021-07-18T02:46:32.953+1000: 836.103: Total time for which application threads were stopped: 0.0064653 seconds, Stopping threads took: 0.0054019 seconds
2021-07-18T02:46:33.854+1000: 837.004: Application time: 0.9009803 seconds
2021-07-18T02:46:33.863+1000: 837.013: [GC (Allocation Failure) Before GC:
Statistics for BinaryTreeDictionary:
------------------------------------
Total Free Space: 3019172747
Max   Chunk Size: 2082176914
Number of Blocks: 108
Av.  Block  Size: 27955303
Tree      Height: 10
2021-07-18T02:46:33.863+1000: 837.014: [ParNew
Desired survivor size 535592960 bytes, new threshold 1 (max 15)
- age   1: 1058502792 bytes, 1058502792 total
: 9415168K->1046080K(9415168K), 3.4742043 secs] 76150390K->68931939K(100157952K)After GC:
Statistics for BinaryTreeDictionary:
------------------------------------
Total Free Space: 2909283042
Max   Chunk Size: 2082176914
Number of Blocks: 52
Av.  Block  Size: 55947750
Tree      Height: 9
, 3.4746158 secs] [Times: user=31.15 sys=0.66, real=3.47 secs] 
2021-07-18T02:46:37.338+1000: 840.488: Total time for which application threads were stopped: 3.4840681 seconds, Stopping threads took: 0.0079447 seconds
2021-07-18T02:46:37.339+1000: 840.489: Application time: 0.0008938 seconds
2021-07-18T02:46:37.356+1000: 840.506: Total time for which application threads were stopped: 0.0170087 seconds, Stopping threads took: 0.0159741 seconds
2021-07-18T02:46:37.364+1000: 840.515: Application time: 0.0083335 seconds
2021-07-18T02:46:37.376+1000: 840.527: Total time for which application threads were stopped: 0.0125362 seconds, Stopping threads took: 0.0113255 seconds
2021-07-18T02:46:37.459+1000: 840.610: Application time: 0.0828704 seconds
2021-07-18T02:46:37.470+1000: 840.620: Total time for which application threads were stopped: 0.0103837 seconds, Stopping threads took: 0.0088011 seconds
2021-07-18T02:46:37.939+1000: 841.090: Application time: 0.4695655 seconds
2021-07-18T02:46:37.943+1000: 841.094: Total time for which application threads were stopped: 0.0035634 seconds, Stopping threads took: 0.0026362 seconds
2021-07-18T02:46:38.947+1000: 842.098: Application time: 1.0041094 seconds
2021-07-18T02:46:38.951+1000: 842.101: Total time for which application threads were stopped: 0.0037146 seconds, Stopping threads took: 0.0026637 seconds
2021-07-18T02:46:39.940+1000: 843.091: Application time: 0.9894864 seconds
2021-07-18T02:46:39.953+1000: 843.103: Total time for which application threads were stopped: 0.0124472 seconds, Stopping threads took: 0.0113759 seconds
2021-07-18T02:46:40.953+1000: 844.104: Application time: 1.0005088 seconds
2021-07-18T02:46:40.967+1000: 844.118: Total time for which application threads were stopped: 0.0137371 seconds, Stopping threads took: 0.0124496 seconds
2021-07-18T02:46:41.942+1000: 845.093: Application time: 0.9750493 seconds
2021-07-18T02:46:41.948+1000: 845.099: Total time for which application threads were stopped: 0.0059201 seconds, Stopping threads took: 0.0045354 seconds
2021-07-18T02:46:43.941+1000: 847.091: Application time: 1.9928713 seconds
2021-07-18T02:46:43.945+1000: 847.095: Total time for which application threads were stopped: 0.0040762 seconds, Stopping threads took: 0.0030769 seconds
2021-07-18T02:46:45.942+1000: 849.093: Application time: 1.9971857 seconds
2021-07-18T02:46:45.951+1000: 849.102: Total time for which application threads were stopped: 0.0092677 seconds, Stopping threads took: 0.0080775 seconds
2021-07-18T02:46:46.951+1000: 850.102: Application time: 1.0001955 seconds
2021-07-18T02:46:46.953+1000: 850.104: Total time for which application threads were stopped: 0.0014696 seconds, Stopping threads took: 0.0006196 seconds
2021-07-18T02:46:47.939+1000: 851.090: Application time: 0.9865177 seconds
2021-07-18T02:46:47.947+1000: 851.097: Total time for which application threads were stopped: 0.0073417 seconds, Stopping threads took: 0.0060674 seconds
2021-07-18T02:46:48.950+1000: 852.100: Application time: 1.0027753 seconds
2021-07-18T02:46:48.953+1000: 852.103: Total time for which application threads were stopped: 0.0031888 seconds, Stopping threads took: 0.0021662 seconds
2021-07-18T02:46:49.944+1000: 853.095: Application time: 0.9911860 seconds
2021-07-18T02:46:49.946+1000: 853.097: Total time for which application threads were stopped: 0.0023146 seconds, Stopping threads took: 0.0013073 seconds
2021-07-18T02:46:51.942+1000: 855.092: Application time: 1.9952917 seconds
2021-07-18T02:46:51.947+1000: 855.098: Total time for which application threads were stopped: 0.0052681 seconds, Stopping threads took: 0.0039436 seconds
2021-07-18T02:46:52.950+1000: 856.100: Application time: 1.0027123 seconds
2021-07-18T02:46:52.960+1000: 856.110: Total time for which application threads were stopped: 0.0100173 seconds, Stopping threads took: 0.0085472 seconds
2021-07-18T02:46:53.395+1000: 856.546: Application time: 0.4354653 seconds
2021-07-18T02:46:53.397+1000: 856.548: [GC (Allocation Failure) Before GC:
Statistics for BinaryTreeDictionary:
------------------------------------
Total Free Space: 2909283042
Max   Chunk Size: 2082176914
Number of Blocks: 52
Av.  Block  Size: 55947750
Tree      Height: 9
2021-07-18T02:46:53.397+1000: 856.548: [ParNew
Desired survivor size 535592960 bytes, new threshold 1 (max 15)
- age   1: 1054493416 bytes, 1054493416 total
: 9415168K->1046080K(9415168K), 4.4895119 secs] 77301027K->70446760K(100157952K)After GC:
Statistics for BinaryTreeDictionary:
------------------------------------
Total Free Space: 2722769086
Max   Chunk Size: 2082176914
Number of Blocks: 29
Av.  Block  Size: 93888589
Tree      Height: 9
, 4.4899347 secs] [Times: user=48.88 sys=0.91, real=4.49 secs] 
2021-07-18T02:46:57.887+1000: 861.038: Total time for which application threads were stopped: 4.4920471 seconds, Stopping threads took: 0.0006828 seconds
2021-07-18T02:46:57.888+1000: 861.039: Application time: 0.0009278 seconds
2021-07-18T02:46:57.899+1000: 861.050: Total time for which application threads were stopped: 0.0108806 seconds, Stopping threads took: 0.0096312 seconds
2021-07-18T02:46:57.901+1000: 861.051: Application time: 0.0017326 seconds
2021-07-18T02:46:57.931+1000: 861.082: Total time for which application threads were stopped: 0.0316259 seconds, Stopping threads took: 0.0295075 seconds
2021-07-18T02:46:58.055+1000: 861.205: Application time: 0.1221828 seconds
2021-07-18T02:46:58.080+1000: 861.230: Total time for which application threads were stopped: 0.0252311 seconds, Stopping threads took: 0.0239562 seconds
2021-07-18T02:46:58.144+1000: 861.295: Application time: 0.0642253 seconds
2021-07-18T02:46:58.157+1000: 861.308: Total time for which application threads were stopped: 0.0129679 seconds, Stopping threads took: 0.0117450 seconds
2021-07-18T02:46:59.157+1000: 862.308: Application time: 1.0002409 seconds
2021-07-18T02:46:59.162+1000: 862.312: Total time for which application threads were stopped: 0.0042707 seconds, Stopping threads took: 0.0033648 seconds
2021-07-18T02:46:59.939+1000: 863.090: Application time: 0.7779052 seconds
2021-07-18T02:46:59.944+1000: 863.095: Total time for which application threads were stopped: 0.0049882 seconds, Stopping threads took: 0.0040202 seconds
2021-07-18T02:47:01.945+1000: 865.096: Application time: 2.0004979 seconds
2021-07-18T02:47:01.951+1000: 865.101: Total time for which application threads were stopped: 0.0056451 seconds, Stopping threads took: 0.0045872 seconds
2021-07-18T02:47:03.939+1000: 867.090: Application time: 1.9887674 seconds
2021-07-18T02:47:03.941+1000: 867.092: Total time for which application threads were stopped: 0.0016541 seconds, Stopping threads took: 0.0004814 seconds
2021-07-18T02:47:05.940+1000: 869.091: Application time: 1.9989103 seconds
2021-07-18T02:47:05.943+1000: 869.093: Total time for which application threads were stopped: 0.0028283 seconds, Stopping threads took: 0.0018515 seconds
2021-07-18T02:47:07.939+1000: 871.090: Application time: 1.9963229 seconds
2021-07-18T02:47:07.941+1000: 871.091: Total time for which application threads were stopped: 0.0016583 seconds, Stopping threads took: 0.0005144 seconds
2021-07-18T02:47:09.939+1000: 873.090: Application time: 1.9984269 seconds
2021-07-18T02:47:09.942+1000: 873.092: Total time for which application threads were stopped: 0.0023551 seconds, Stopping threads took: 0.0007513 seconds
2021-07-18T02:47:11.940+1000: 875.091: Application time: 1.9983953 seconds
2021-07-18T02:47:11.942+1000: 875.093: Total time for which application threads were stopped: 0.0020360 seconds, Stopping threads took: 0.0006358 seconds
2021-07-18T02:47:13.940+1000: 877.090: Application time: 1.9975330 seconds
2021-07-18T02:47:13.941+1000: 877.092: Total time for which application threads were stopped: 0.0015687 seconds, Stopping threads took: 0.0003320 seconds
2021-07-18T02:47:15.942+1000: 879.092: Application time: 2.0004894 seconds
2021-07-18T02:47:15.947+1000: 879.097: Total time for which application threads were stopped: 0.0051337 seconds, Stopping threads took: 0.0039384 seconds
2021-07-18T02:47:17.940+1000: 881.091: Application time: 1.9931756 seconds
2021-07-18T02:47:17.941+1000: 881.092: Total time for which application threads were stopped: 0.0012143 seconds, Stopping threads took: 0.0003164 seconds
2021-07-18T02:47:18.941+1000: 882.092: Application time: 1.0003253 seconds
2021-07-18T02:47:18.943+1000: 882.094: Total time for which application threads were stopped: 0.0014039 seconds, Stopping threads took: 0.0005289 seconds
2021-07-18T02:47:19.939+1000: 883.090: Application time: 0.9965739 seconds
2021-07-18T02:47:19.941+1000: 883.091: Total time for which application threads were stopped: 0.0011146 seconds, Stopping threads took: 0.0002594 seconds
2021-07-18T02:47:20.941+1000: 884.091: Application time: 1.0001718 seconds
2021-07-18T02:47:20.942+1000: 884.093: Total time for which application threads were stopped: 0.0010852 seconds, Stopping threads took: 0.0002332 seconds
2021-07-18T02:47:21.939+1000: 885.090: Application time: 0.9971906 seconds
2021-07-18T02:47:21.940+1000: 885.091: Total time for which application threads were stopped: 0.0013768 seconds, Stopping threads took: 0.0003521 seconds
2021-07-18T02:47:23.940+1000: 887.090: Application time: 1.9993003 seconds
2021-07-18T02:47:23.941+1000: 887.092: Total time for which application threads were stopped: 0.0012941 seconds, Stopping threads took: 0.0002851 seconds
2021-07-18T02:47:24.997+1000: 888.148: Application time: 1.0559105 seconds
2021-07-18T02:47:24.999+1000: 888.150: Total time for which application threads were stopped: 0.0023951 seconds, Stopping threads took: 0.0003717 seconds
2021-07-18T02:47:25.940+1000: 889.091: Application time: 0.9409504 seconds
2021-07-18T02:47:25.950+1000: 889.101: Total time for which application threads were stopped: 0.0099897 seconds, Stopping threads took: 0.0052463 seconds
2021-07-18T02:47:27.940+1000: 891.090: Application time: 1.9895005 seconds
2021-07-18T02:47:27.941+1000: 891.092: Total time for which application threads were stopped: 0.0011649 seconds, Stopping threads took: 0.0002780 seconds
2021-07-18T02:47:29.939+1000: 893.090: Application time: 1.9982894 seconds
2021-07-18T02:47:29.941+1000: 893.091: Total time for which application threads were stopped: 0.0012583 seconds, Stopping threads took: 0.0003005 seconds
2021-07-18T02:47:30.941+1000: 894.091: Application time: 1.0002236 seconds
2021-07-18T02:47:30.942+1000: 894.093: Total time for which application threads were stopped: 0.0011120 seconds, Stopping threads took: 0.0002634 seconds
2021-07-18T02:47:31.940+1000: 895.090: Application time: 0.9977769 seconds
2021-07-18T02:47:31.942+1000: 895.092: Total time for which application threads were stopped: 0.0020327 seconds, Stopping threads took: 0.0010927 seconds
2021-07-18T02:47:33.939+1000: 897.090: Application time: 1.9974785 seconds
2021-07-18T02:47:33.941+1000: 897.091: Total time for which application threads were stopped: 0.0014687 seconds, Stopping threads took: 0.0003748 seconds
2021-07-18T02:47:35.940+1000: 899.091: Application time: 1.9997938 seconds
2021-07-18T02:47:35.943+1000: 899.093: Total time for which application threads were stopped: 0.0020652 seconds, Stopping threads took: 0.0005032 seconds
2021-07-18T02:47:37.940+1000: 901.090: Application time: 1.9972209 seconds
2021-07-18T02:47:37.941+1000: 901.092: Total time for which application threads were stopped: 0.0013404 seconds, Stopping threads took: 0.0003392 seconds
2021-07-18T02:47:39.940+1000: 903.090: Application time: 1.9986421 seconds
2021-07-18T02:47:39.941+1000: 903.092: Total time for which application threads were stopped: 0.0014863 seconds, Stopping threads took: 0.0003017 seconds
2021-07-18T02:47:41.940+1000: 905.091: Application time: 1.9986038 seconds
2021-07-18T02:47:41.941+1000: 905.092: Total time for which application threads were stopped: 0.0014213 seconds, Stopping threads took: 0.0003437 seconds
2021-07-18T02:47:43.940+1000: 907.090: Application time: 1.9983527 seconds
2021-07-18T02:47:43.941+1000: 907.092: Total time for which application threads were stopped: 0.0014685 seconds, Stopping threads took: 0.0003192 seconds
2021-07-18T02:47:45.940+1000: 909.090: Application time: 1.9986264 seconds
2021-07-18T02:47:45.941+1000: 909.092: Total time for which application threads were stopped: 0.0014165 seconds, Stopping threads took: 0.0003617 seconds
2021-07-18T02:47:47.939+1000: 911.090: Application time: 1.9979768 seconds
2021-07-18T02:47:47.941+1000: 911.091: Total time for which application threads were stopped: 0.0013504 seconds, Stopping threads took: 0.0002892 seconds
2021-07-18T02:47:49.940+1000: 913.090: Application time: 1.9991558 seconds
2021-07-18T02:47:49.941+1000: 913.091: Total time for which application threads were stopped: 0.0011500 seconds, Stopping threads took: 0.0002613 seconds
2021-07-18T02:47:51.939+1000: 915.090: Application time: 1.9985469 seconds
2021-07-18T02:47:51.941+1000: 915.092: Total time for which application threads were stopped: 0.0015176 seconds, Stopping threads took: 0.0003208 seconds
2021-07-18T02:47:53.939+1000: 917.090: Application time: 1.9983487 seconds
2021-07-18T02:47:53.941+1000: 917.091: Total time for which application threads were stopped: 0.0013633 seconds, Stopping threads took: 0.0003118 seconds
2021-07-18T02:47:55.939+1000: 919.090: Application time: 1.9985626 seconds
2021-07-18T02:47:55.940+1000: 919.091: Total time for which application threads were stopped: 0.0012522 seconds, Stopping threads took: 0.0003182 seconds
2021-07-18T02:47:57.939+1000: 921.090: Application time: 1.9988994 seconds
2021-07-18T02:47:57.941+1000: 921.092: Total time for which application threads were stopped: 0.0015389 seconds, Stopping threads took: 0.0003394 seconds
2021-07-18T02:47:58.941+1000: 922.092: Application time: 1.0002511 seconds
2021-07-18T02:47:58.943+1000: 922.093: Total time for which application threads were stopped: 0.0016199 seconds, Stopping threads took: 0.0006644 seconds
2021-07-18T02:47:59.939+1000: 923.090: Application time: 0.9963375 seconds
2021-07-18T02:47:59.940+1000: 923.091: Total time for which application threads were stopped: 0.0011473 seconds, Stopping threads took: 0.0002758 seconds
2021-07-18T02:48:00.001+1000: 923.152: Application time: 0.0609829 seconds
2021-07-18T02:48:00.005+1000: 923.155: Total time for which application threads were stopped: 0.0035943 seconds, Stopping threads took: 0.0009123 seconds
2021-07-18T02:48:01.005+1000: 924.156: Application time: 1.0002032 seconds
2021-07-18T02:48:01.006+1000: 924.157: Total time for which application threads were stopped: 0.0012572 seconds, Stopping threads took: 0.0002871 seconds
2021-07-18T02:48:01.939+1000: 925.090: Application time: 0.9330758 seconds
2021-07-18T02:48:01.941+1000: 925.091: Total time for which application threads were stopped: 0.0013767 seconds, Stopping threads took: 0.0003157 seconds
2021-07-18T02:48:03.939+1000: 927.090: Application time: 1.9986540 seconds
2021-07-18T02:48:03.941+1000: 927.091: Total time for which application threads were stopped: 0.0011887 seconds, Stopping threads took: 0.0002885 seconds
2021-07-18T02:48:05.338+1000: 928.489: Application time: 1.3977975 seconds
2021-07-18T02:48:05.340+1000: 928.490: [GC (Allocation Failure) Before GC:
Statistics for BinaryTreeDictionary:
------------------------------------
Total Free Space: 2722769086
Max   Chunk Size: 2082176914
Number of Blocks: 29
Av.  Block  Size: 93888589
Tree      Height: 9
2021-07-18T02:48:05.340+1000: 928.491: [ParNew
Desired survivor size 535592960 bytes, new threshold 1 (max 15)
- age   1: 1047340656 bytes, 1047340656 total
: 9415168K->1046080K(9415168K), 2.8716838 secs] 78815848K->71483864K(100157952K)After GC:
Statistics for BinaryTreeDictionary:
------------------------------------
Total Free Space: 2590876769
Max   Chunk Size: 2082176914
Number of Blocks: 19
Av.  Block  Size: 136361935
Tree      Height: 7
, 2.8721195 secs] [Times: user=32.60 sys=0.51, real=2.87 secs] 
2021-07-18T02:48:08.212+1000: 931.363: Total time for which application threads were stopped: 2.8736808 seconds, Stopping threads took: 0.0002038 seconds
2021-07-18T02:48:08.213+1000: 931.364: Application time: 0.0008749 seconds
2021-07-18T02:48:08.214+1000: 931.365: Total time for which application threads were stopped: 0.0012869 seconds, Stopping threads took: 0.0004626 seconds
2021-07-18T02:48:08.250+1000: 931.401: Application time: 0.0361784 seconds
2021-07-18T02:48:08.252+1000: 931.402: Total time for which application threads were stopped: 0.0012088 seconds, Stopping threads took: 0.0003371 seconds
2021-07-18T02:48:09.939+1000: 933.090: Application time: 1.6876444 seconds
2021-07-18T02:48:09.941+1000: 933.091: Total time for which application threads were stopped: 0.0013585 seconds, Stopping threads took: 0.0005141 seconds
2021-07-18T02:48:11.939+1000: 935.090: Application time: 1.9984164 seconds
2021-07-18T02:48:11.941+1000: 935.091: Total time for which application threads were stopped: 0.0017174 seconds, Stopping threads took: 0.0003407 seconds
2021-07-18T02:48:13.939+1000: 937.090: Application time: 1.9982794 seconds
2021-07-18T02:48:13.940+1000: 937.091: Total time for which application threads were stopped: 0.0011097 seconds, Stopping threads took: 0.0002659 seconds
2021-07-18T02:48:15.939+1000: 939.090: Application time: 1.9988510 seconds
2021-07-18T02:48:15.943+1000: 939.094: Total time for which application threads were stopped: 0.0038988 seconds, Stopping threads took: 0.0003823 seconds
2021-07-18T02:48:17.939+1000: 941.090: Application time: 1.9963293 seconds
2021-07-18T02:48:17.941+1000: 941.091: Total time for which application threads were stopped: 0.0012459 seconds, Stopping threads took: 0.0003067 seconds
2021-07-18T02:48:19.940+1000: 943.090: Application time: 1.9991272 seconds
2021-07-18T02:48:19.941+1000: 943.092: Total time for which application threads were stopped: 0.0014603 seconds, Stopping threads took: 0.0003184 seconds
2021-07-18T02:48:21.940+1000: 945.090: Application time: 1.9986271 seconds
2021-07-18T02:48:21.941+1000: 945.092: Total time for which application threads were stopped: 0.0011098 seconds, Stopping threads took: 0.0002850 seconds
2021-07-18T02:48:23.939+1000: 947.090: Application time: 1.9983333 seconds
2021-07-18T02:48:23.943+1000: 947.094: Total time for which application threads were stopped: 0.0037904 seconds, Stopping threads took: 0.0026258 seconds
2021-07-18T02:48:25.940+1000: 949.091: Application time: 1.9969218 seconds
2021-07-18T02:48:25.941+1000: 949.092: Total time for which application threads were stopped: 0.0014226 seconds, Stopping threads took: 0.0003290 seconds
2021-07-18T02:48:27.939+1000: 951.090: Application time: 1.9978548 seconds
2021-07-18T02:48:27.941+1000: 951.091: Total time for which application threads were stopped: 0.0015135 seconds, Stopping threads took: 0.0004085 seconds
2021-07-18T02:48:28.941+1000: 952.092: Application time: 1.0001900 seconds
2021-07-18T02:48:28.942+1000: 952.093: Total time for which application threads were stopped: 0.0012820 seconds, Stopping threads took: 0.0002782 seconds
2021-07-18T02:48:29.940+1000: 953.090: Application time: 0.9973943 seconds
2021-07-18T02:48:29.941+1000: 953.092: Total time for which application threads were stopped: 0.0014643 seconds, Stopping threads took: 0.0003013 seconds
2021-07-18T02:48:31.939+1000: 955.090: Application time: 1.9978936 seconds
2021-07-18T02:48:31.940+1000: 955.091: Total time for which application threads were stopped: 0.0013954 seconds, Stopping threads took: 0.0002918 seconds
2021-07-18T02:48:33.944+1000: 957.095: Application time: 2.0039967 seconds
2021-07-18T02:48:33.946+1000: 957.097: Total time for which application threads were stopped: 0.0015030 seconds, Stopping threads took: 0.0003068 seconds
2021-07-18T02:48:35.939+1000: 959.090: Application time: 1.9932699 seconds
2021-07-18T02:48:35.941+1000: 959.091: Total time for which application threads were stopped: 0.0014893 seconds, Stopping threads took: 0.0003218 seconds
2021-07-18T02:48:37.939+1000: 961.090: Application time: 1.9984666 seconds
2021-07-18T02:48:37.941+1000: 961.091: Total time for which application threads were stopped: 0.0014443 seconds, Stopping threads took: 0.0002797 seconds
2021-07-18T02:48:39.941+1000: 963.091: Application time: 1.9999102 seconds
2021-07-18T02:48:39.942+1000: 963.092: Total time for which application threads were stopped: 0.0011935 seconds, Stopping threads took: 0.0002778 seconds
2021-07-18T02:48:41.940+1000: 965.090: Application time: 1.9979082 seconds
2021-07-18T02:48:41.941+1000: 965.092: Total time for which application threads were stopped: 0.0013712 seconds, Stopping threads took: 0.0003429 seconds
2021-07-18T02:48:43.939+1000: 967.090: Application time: 1.9983119 seconds
2021-07-18T02:48:43.941+1000: 967.091: Total time for which application threads were stopped: 0.0010614 seconds, Stopping threads took: 0.0002356 seconds
2021-07-18T02:48:45.939+1000: 969.090: Application time: 1.9986211 seconds
2021-07-18T02:48:45.940+1000: 969.091: Total time for which application threads were stopped: 0.0010811 seconds, Stopping threads took: 0.0002505 seconds
2021-07-18T02:48:47.940+1000: 971.090: Application time: 1.9995037 seconds
2021-07-18T02:48:47.947+1000: 971.097: Total time for which application threads were stopped: 0.0070485 seconds, Stopping threads took: 0.0058512 seconds
2021-07-18T02:48:49.939+1000: 973.090: Application time: 1.9923511 seconds
2021-07-18T02:48:49.941+1000: 973.091: Total time for which application threads were stopped: 0.0013637 seconds, Stopping threads took: 0.0003232 seconds
2021-07-18T02:48:51.940+1000: 975.090: Application time: 1.9993299 seconds
2021-07-18T02:48:51.941+1000: 975.092: Total time for which application threads were stopped: 0.0011515 seconds, Stopping threads took: 0.0003016 seconds
2021-07-18T02:48:53.939+1000: 977.090: Application time: 1.9982472 seconds
2021-07-18T02:48:53.941+1000: 977.091: Total time for which application threads were stopped: 0.0012522 seconds, Stopping threads took: 0.0003060 seconds
2021-07-18T02:48:55.940+1000: 979.090: Application time: 1.9990490 seconds
2021-07-18T02:48:55.941+1000: 979.092: Total time for which application threads were stopped: 0.0015294 seconds, Stopping threads took: 0.0003389 seconds
2021-07-18T02:48:57.940+1000: 981.090: Application time: 1.9985775 seconds
2021-07-18T02:48:57.941+1000: 981.092: Total time for which application threads were stopped: 0.0012200 seconds, Stopping threads took: 0.0002921 seconds
2021-07-18T02:48:59.939+1000: 983.090: Application time: 1.9985104 seconds
2021-07-18T02:48:59.941+1000: 983.092: Total time for which application threads were stopped: 0.0014822 seconds, Stopping threads took: 0.0003641 seconds
2021-07-18T02:49:01.939+1000: 985.090: Application time: 1.9984783 seconds
2021-07-18T02:49:01.941+1000: 985.091: Total time for which application threads were stopped: 0.0011310 seconds, Stopping threads took: 0.0002752 seconds
2021-07-18T02:49:03.939+1000: 987.090: Application time: 1.9988328 seconds
2021-07-18T02:49:03.941+1000: 987.092: Total time for which application threads were stopped: 0.0015080 seconds, Stopping threads took: 0.0003734 seconds
2021-07-18T02:49:05.939+1000: 989.090: Application time: 1.9982925 seconds
2021-07-18T02:49:05.941+1000: 989.091: Total time for which application threads were stopped: 0.0013225 seconds, Stopping threads took: 0.0002893 seconds
2021-07-18T02:49:07.940+1000: 991.091: Application time: 1.9995247 seconds
2021-07-18T02:49:07.941+1000: 991.092: Total time for which application threads were stopped: 0.0011115 seconds, Stopping threads took: 0.0002849 seconds
2021-07-18T02:49:09.940+1000: 993.090: Application time: 1.9986221 seconds
2021-07-18T02:49:09.941+1000: 993.091: Total time for which application threads were stopped: 0.0010552 seconds, Stopping threads took: 0.0002479 seconds
2021-07-18T02:49:11.939+1000: 995.090: Application time: 1.9986185 seconds
2021-07-18T02:49:11.941+1000: 995.091: Total time for which application threads were stopped: 0.0012698 seconds, Stopping threads took: 0.0003406 seconds
2021-07-18T02:49:13.939+1000: 997.090: Application time: 1.9987106 seconds
2021-07-18T02:49:13.941+1000: 997.092: Total time for which application threads were stopped: 0.0016002 seconds, Stopping threads took: 0.0004409 seconds
2021-07-18T02:49:15.946+1000: 999.096: Application time: 2.0045226 seconds
2021-07-18T02:49:15.950+1000: 999.101: Total time for which application threads were stopped: 0.0048011 seconds, Stopping threads took: 0.0039502 seconds
2021-07-18T02:49:17.939+1000: 1001.090: Application time: 1.9887615 seconds
2021-07-18T02:49:17.940+1000: 1001.091: Total time for which application threads were stopped: 0.0011636 seconds, Stopping threads took: 0.0003208 seconds
2021-07-18T02:49:19.940+1000: 1003.091: Application time: 1.9995479 seconds
2021-07-18T02:49:19.941+1000: 1003.092: Total time for which application threads were stopped: 0.0013299 seconds, Stopping threads took: 0.0002861 seconds
2021-07-18T02:49:21.940+1000: 1005.091: Application time: 1.9988070 seconds
2021-07-18T02:49:21.941+1000: 1005.092: Total time for which application threads were stopped: 0.0011107 seconds, Stopping threads took: 0.0002702 seconds
2021-07-18T02:49:23.940+1000: 1007.091: Application time: 1.9990083 seconds
2021-07-18T02:49:23.941+1000: 1007.092: Total time for which application threads were stopped: 0.0012872 seconds, Stopping threads took: 0.0002792 seconds
2021-07-18T02:49:25.940+1000: 1009.090: Application time: 1.9982884 seconds
2021-07-18T02:49:25.941+1000: 1009.092: Total time for which application threads were stopped: 0.0015055 seconds, Stopping threads took: 0.0003552 seconds
2021-07-18T02:49:27.939+1000: 1011.090: Application time: 1.9981020 seconds
2021-07-18T02:49:27.941+1000: 1011.091: Total time for which application threads were stopped: 0.0013036 seconds, Stopping threads took: 0.0003114 seconds
2021-07-18T02:49:28.941+1000: 1012.091: Application time: 1.0001817 seconds
2021-07-18T02:49:28.942+1000: 1012.093: Total time for which application threads were stopped: 0.0013037 seconds, Stopping threads took: 0.0004227 seconds
2021-07-18T02:49:29.940+1000: 1013.091: Application time: 0.9977332 seconds
2021-07-18T02:49:29.941+1000: 1013.092: Total time for which application threads were stopped: 0.0011179 seconds, Stopping threads took: 0.0002688 seconds
2021-07-18T02:49:31.939+1000: 1015.090: Application time: 1.9984716 seconds
2021-07-18T02:49:31.941+1000: 1015.092: Total time for which application threads were stopped: 0.0014861 seconds, Stopping threads took: 0.0003711 seconds
2021-07-18T02:49:33.940+1000: 1017.090: Application time: 1.9987454 seconds
2021-07-18T02:49:33.941+1000: 1017.092: Total time for which application threads were stopped: 0.0012542 seconds, Stopping threads took: 0.0002758 seconds
2021-07-18T02:49:35.940+1000: 1019.090: Application time: 1.9985573 seconds
2021-07-18T02:49:35.941+1000: 1019.091: Total time for which application threads were stopped: 0.0011919 seconds, Stopping threads took: 0.0003528 seconds
2021-07-18T02:49:37.939+1000: 1021.090: Application time: 1.9987275 seconds
2021-07-18T02:49:37.941+1000: 1021.091: Total time for which application threads were stopped: 0.0013506 seconds, Stopping threads took: 0.0003013 seconds
2021-07-18T02:49:39.940+1000: 1023.090: Application time: 1.9987683 seconds
2021-07-18T02:49:39.941+1000: 1023.091: Total time for which application threads were stopped: 0.0010514 seconds, Stopping threads took: 0.0002473 seconds
2021-07-18T02:49:41.939+1000: 1025.090: Application time: 1.9986524 seconds
2021-07-18T02:49:41.940+1000: 1025.091: Total time for which application threads were stopped: 0.0010695 seconds, Stopping threads took: 0.0002523 seconds
2021-07-18T02:49:43.939+1000: 1027.090: Application time: 1.9987676 seconds
2021-07-18T02:49:43.940+1000: 1027.091: Total time for which application threads were stopped: 0.0011816 seconds, Stopping threads took: 0.0002775 seconds
2021-07-18T02:49:45.939+1000: 1029.090: Application time: 1.9988311 seconds
2021-07-18T02:49:45.941+1000: 1029.091: Total time for which application threads were stopped: 0.0013963 seconds, Stopping threads took: 0.0003062 seconds
2021-07-18T02:49:47.939+1000: 1031.090: Application time: 1.9987608 seconds
2021-07-18T02:49:47.941+1000: 1031.091: Total time for which application threads were stopped: 0.0013467 seconds, Stopping threads took: 0.0002949 seconds
2021-07-18T02:49:49.940+1000: 1033.091: Application time: 1.9991614 seconds
2021-07-18T02:49:49.941+1000: 1033.092: Total time for which application threads were stopped: 0.0010667 seconds, Stopping threads took: 0.0002600 seconds
2021-07-18T02:49:51.939+1000: 1035.090: Application time: 1.9980271 seconds
2021-07-18T02:49:51.940+1000: 1035.091: Total time for which application threads were stopped: 0.0011736 seconds, Stopping threads took: 0.0002915 seconds
2021-07-18T02:49:53.940+1000: 1037.091: Application time: 2.0000916 seconds
2021-07-18T02:49:53.942+1000: 1037.092: Total time for which application threads were stopped: 0.0014919 seconds, Stopping threads took: 0.0006096 seconds
2021-07-18T02:49:55.939+1000: 1039.090: Application time: 1.9975419 seconds
2021-07-18T02:49:55.941+1000: 1039.091: Total time for which application threads were stopped: 0.0012189 seconds, Stopping threads took: 0.0002948 seconds
2021-07-18T02:49:57.940+1000: 1041.090: Application time: 1.9991947 seconds
2021-07-18T02:49:57.941+1000: 1041.092: Total time for which application threads were stopped: 0.0013466 seconds, Stopping threads took: 0.0002855 seconds
2021-07-18T02:49:59.939+1000: 1043.090: Application time: 1.9980138 seconds
2021-07-18T02:49:59.940+1000: 1043.091: Total time for which application threads were stopped: 0.0011422 seconds, Stopping threads took: 0.0003014 seconds
2021-07-18T02:50:00.941+1000: 1044.091: Application time: 1.0004593 seconds
2021-07-18T02:50:00.945+1000: 1044.095: Total time for which application threads were stopped: 0.0038430 seconds, Stopping threads took: 0.0030088 seconds
2021-07-18T02:50:01.940+1000: 1045.090: Application time: 0.9949539 seconds
2021-07-18T02:50:01.941+1000: 1045.092: Total time for which application threads were stopped: 0.0015593 seconds, Stopping threads took: 0.0005908 seconds
2021-07-18T02:50:03.939+1000: 1047.090: Application time: 1.9982853 seconds
2021-07-18T02:50:03.941+1000: 1047.091: Total time for which application threads were stopped: 0.0011727 seconds, Stopping threads took: 0.0002811 seconds
2021-07-18T02:50:05.940+1000: 1049.091: Application time: 1.9994152 seconds
2021-07-18T02:50:05.941+1000: 1049.092: Total time for which application threads were stopped: 0.0012829 seconds, Stopping threads took: 0.0003363 seconds
2021-07-18T02:50:07.940+1000: 1051.090: Application time: 1.9985797 seconds
2021-07-18T02:50:07.941+1000: 1051.092: Total time for which application threads were stopped: 0.0013791 seconds, Stopping threads took: 0.0002886 seconds
2021-07-18T02:50:09.939+1000: 1053.090: Application time: 1.9982308 seconds
2021-07-18T02:50:09.941+1000: 1053.091: Total time for which application threads were stopped: 0.0012471 seconds, Stopping threads took: 0.0003278 seconds
2021-07-18T02:50:11.939+1000: 1055.090: Application time: 1.9984821 seconds
2021-07-18T02:50:11.940+1000: 1055.091: Total time for which application threads were stopped: 0.0010836 seconds, Stopping threads took: 0.0002805 seconds
2021-07-18T02:50:13.942+1000: 1057.092: Application time: 2.0013135 seconds
2021-07-18T02:50:13.943+1000: 1057.094: Total time for which application threads were stopped: 0.0016248 seconds, Stopping threads took: 0.0004421 seconds
2021-07-18T02:50:15.939+1000: 1059.090: Application time: 1.9960915 seconds
2021-07-18T02:50:15.943+1000: 1059.093: Total time for which application threads were stopped: 0.0033075 seconds, Stopping threads took: 0.0022375 seconds
2021-07-18T02:50:17.939+1000: 1061.090: Application time: 1.9965201 seconds
2021-07-18T02:50:17.941+1000: 1061.091: Total time for which application threads were stopped: 0.0015381 seconds, Stopping threads took: 0.0003392 seconds
2021-07-18T02:50:19.939+1000: 1063.090: Application time: 1.9985247 seconds
2021-07-18T02:50:19.941+1000: 1063.091: Total time for which application threads were stopped: 0.0014095 seconds, Stopping threads took: 0.0003361 seconds
2021-07-18T02:50:21.940+1000: 1065.090: Application time: 1.9989733 seconds
2021-07-18T02:50:21.941+1000: 1065.092: Total time for which application threads were stopped: 0.0014226 seconds, Stopping threads took: 0.0003460 seconds
2021-07-18T02:50:23.940+1000: 1067.090: Application time: 1.9986871 seconds
2021-07-18T02:50:23.941+1000: 1067.092: Total time for which application threads were stopped: 0.0011738 seconds, Stopping threads took: 0.0002906 seconds
2021-07-18T02:50:25.940+1000: 1069.090: Application time: 1.9986832 seconds
2021-07-18T02:50:25.941+1000: 1069.092: Total time for which application threads were stopped: 0.0011850 seconds, Stopping threads took: 0.0002855 seconds
2021-07-18T02:50:27.783+1000: 1070.934: Application time: 1.8424905 seconds
2021-07-18T02:50:27.784+1000: 1070.935: [GC (Allocation Failure) Before GC:
Statistics for BinaryTreeDictionary:
------------------------------------
Total Free Space: 2590876769
Max   Chunk Size: 2082176914
Number of Blocks: 19
Av.  Block  Size: 136361935
Tree      Height: 7
2021-07-18T02:50:27.785+1000: 1070.935: [ParNew
Desired survivor size 535592960 bytes, new threshold 1 (max 15)
- age   1: 1070793584 bytes, 1070793584 total
: 9415168K->1046080K(9415168K), 2.6890021 secs] 79852952K->72641740K(100157952K)After GC:
Statistics for BinaryTreeDictionary:
------------------------------------
Total Free Space: 2443512113
Max   Chunk Size: 2082176914
Number of Blocks: 11
Av.  Block  Size: 222137464
Tree      Height: 6
, 2.6893729 secs] [Times: user=32.24 sys=0.51, real=2.69 secs] 
2021-07-18T02:50:30.474+1000: 1073.625: Total time for which application threads were stopped: 2.6908106 seconds, Stopping threads took: 0.0002095 seconds
2021-07-18T02:50:30.475+1000: 1073.626: Application time: 0.0012073 seconds
2021-07-18T02:50:30.477+1000: 1073.628: Total time for which application threads were stopped: 0.0015588 seconds, Stopping threads took: 0.0005371 seconds
2021-07-18T02:50:30.517+1000: 1073.668: Application time: 0.0403019 seconds
2021-07-18T02:50:30.519+1000: 1073.669: Total time for which application threads were stopped: 0.0012958 seconds, Stopping threads took: 0.0003516 seconds
2021-07-18T02:50:31.939+1000: 1075.090: Application time: 1.4207381 seconds
2021-07-18T02:50:31.941+1000: 1075.091: Total time for which application threads were stopped: 0.0012601 seconds, Stopping threads took: 0.0002969 seconds
2021-07-18T02:50:33.940+1000: 1077.090: Application time: 1.9992516 seconds
2021-07-18T02:50:33.941+1000: 1077.092: Total time for which application threads were stopped: 0.0014056 seconds, Stopping threads took: 0.0003245 seconds
2021-07-18T02:50:35.939+1000: 1079.090: Application time: 1.9982166 seconds
2021-07-18T02:50:35.941+1000: 1079.091: Total time for which application threads were stopped: 0.0012017 seconds, Stopping threads took: 0.0003271 seconds
2021-07-18T02:50:37.940+1000: 1081.091: Application time: 1.9998695 seconds
2021-07-18T02:50:37.942+1000: 1081.092: Total time for which application threads were stopped: 0.0011583 seconds, Stopping threads took: 0.0002755 seconds
2021-07-18T02:50:39.939+1000: 1083.090: Application time: 1.9973132 seconds
2021-07-18T02:50:39.943+1000: 1083.093: Total time for which application threads were stopped: 0.0035164 seconds, Stopping threads took: 0.0026415 seconds
2021-07-18T02:50:41.939+1000: 1085.090: Application time: 1.9968506 seconds
2021-07-18T02:50:41.940+1000: 1085.091: Total time for which application threads were stopped: 0.0010579 seconds, Stopping threads took: 0.0002350 seconds
2021-07-18T02:50:43.940+1000: 1087.090: Application time: 1.9992048 seconds
2021-07-18T02:50:43.941+1000: 1087.092: Total time for which application threads were stopped: 0.0014226 seconds, Stopping threads took: 0.0003234 seconds
2021-07-18T02:50:45.939+1000: 1089.090: Application time: 1.9980252 seconds
2021-07-18T02:50:45.940+1000: 1089.091: Total time for which application threads were stopped: 0.0012422 seconds, Stopping threads took: 0.0001918 seconds
2021-07-18T02:50:46.941+1000: 1090.091: Application time: 1.0001902 seconds
2021-07-18T02:50:46.942+1000: 1090.092: Total time for which application threads were stopped: 0.0010940 seconds, Stopping threads took: 0.0001724 seconds
2021-07-18T02:50:47.939+1000: 1091.090: Application time: 0.9977339 seconds
2021-07-18T02:50:47.940+1000: 1091.091: Total time for which application threads were stopped: 0.0011096 seconds, Stopping threads took: 0.0002628 seconds
2021-07-18T02:50:49.939+1000: 1093.090: Application time: 1.9986637 seconds
2021-07-18T02:50:49.940+1000: 1093.091: Total time for which application threads were stopped: 0.0013556 seconds, Stopping threads took: 0.0002299 seconds
2021-07-18T02:50:51.939+1000: 1095.090: Application time: 1.9987546 seconds
2021-07-18T02:50:51.941+1000: 1095.091: Total time for which application threads were stopped: 0.0014081 seconds, Stopping threads took: 0.0002763 seconds
2021-07-18T02:50:52.941+1000: 1096.092: Application time: 1.0005337 seconds
2021-07-18T02:50:52.943+1000: 1096.093: Total time for which application threads were stopped: 0.0014575 seconds, Stopping threads took: 0.0001938 seconds
2021-07-18T02:50:53.940+1000: 1097.090: Application time: 0.9970043 seconds
2021-07-18T02:50:53.941+1000: 1097.092: Total time for which application threads were stopped: 0.0013138 seconds, Stopping threads took: 0.0002763 seconds
2021-07-18T02:50:55.939+1000: 1099.090: Application time: 1.9981401 seconds
2021-07-18T02:50:55.940+1000: 1099.091: Total time for which application threads were stopped: 0.0011681 seconds, Stopping threads took: 0.0002404 seconds
2021-07-18T02:50:57.939+1000: 1101.090: Application time: 1.9991369 seconds
2021-07-18T02:50:57.941+1000: 1101.091: Total time for which application threads were stopped: 0.0012365 seconds, Stopping threads took: 0.0002052 seconds
2021-07-18T02:50:59.940+1000: 1103.091: Application time: 1.9992623 seconds
2021-07-18T02:50:59.941+1000: 1103.092: Total time for which application threads were stopped: 0.0012721 seconds, Stopping threads took: 0.0003437 seconds
2021-07-18T02:51:01.940+1000: 1105.091: Application time: 1.9986606 seconds
2021-07-18T02:51:01.942+1000: 1105.092: Total time for which application threads were stopped: 0.0016230 seconds, Stopping threads took: 0.0007652 seconds
2021-07-18T02:51:03.939+1000: 1107.090: Application time: 1.9979495 seconds
2021-07-18T02:51:03.941+1000: 1107.092: Total time for which application threads were stopped: 0.0014614 seconds, Stopping threads took: 0.0003000 seconds
2021-07-18T02:51:05.939+1000: 1109.090: Application time: 1.9985151 seconds
2021-07-18T02:51:05.941+1000: 1109.091: Total time for which application threads were stopped: 0.0011693 seconds, Stopping threads took: 0.0002811 seconds
2021-07-18T02:51:06.941+1000: 1110.091: Application time: 1.0001868 seconds
2021-07-18T02:51:06.942+1000: 1110.093: Total time for which application threads were stopped: 0.0012443 seconds, Stopping threads took: 0.0002544 seconds
2021-07-18T02:51:07.939+1000: 1111.090: Application time: 0.9969891 seconds
2021-07-18T02:51:07.940+1000: 1111.091: Total time for which application threads were stopped: 0.0010747 seconds, Stopping threads took: 0.0002615 seconds
2021-07-18T02:51:09.940+1000: 1113.090: Application time: 1.9994650 seconds
2021-07-18T02:51:09.941+1000: 1113.091: Total time for which application threads were stopped: 0.0011481 seconds, Stopping threads took: 0.0001514 seconds
2021-07-18T02:51:11.940+1000: 1115.090: Application time: 1.9987551 seconds
2021-07-18T02:51:11.941+1000: 1115.091: Total time for which application threads were stopped: 0.0012377 seconds, Stopping threads took: 0.0002661 seconds
2021-07-18T02:51:13.940+1000: 1117.090: Application time: 1.9989622 seconds
2021-07-18T02:51:13.944+1000: 1117.095: Total time for which application threads were stopped: 0.0046680 seconds, Stopping threads took: 0.0008276 seconds
2021-07-18T02:51:14.945+1000: 1118.096: Application time: 1.0007008 seconds
2021-07-18T02:51:14.947+1000: 1118.097: Total time for which application threads were stopped: 0.0014358 seconds, Stopping threads took: 0.0003303 seconds
2021-07-18T02:51:14.974+1000: 1118.125: Application time: 0.0277690 seconds
2021-07-18T02:51:14.976+1000: 1118.126: Total time for which application threads were stopped: 0.0014907 seconds, Stopping threads took: 0.0004302 seconds
2021-07-18T02:51:14.977+1000: 1118.128: Application time: 0.0016305 seconds
2021-07-18T02:51:14.979+1000: 1118.130: Total time for which application threads were stopped: 0.0014299 seconds, Stopping threads took: 0.0006108 seconds
2021-07-18T02:51:15.746+1000: 1118.897: Application time: 0.7670457 seconds
2021-07-18T02:51:15.763+1000: 1118.913: Total time for which application threads were stopped: 0.0166413 seconds, Stopping threads took: 0.0123594 seconds
2021-07-18T02:51:15.939+1000: 1119.090: Application time: 0.1768606 seconds
2021-07-18T02:51:15.943+1000: 1119.094: Total time for which application threads were stopped: 0.0034988 seconds, Stopping threads took: 0.0025428 seconds
2021-07-18T02:51:16.943+1000: 1120.094: Application time: 1.0002029 seconds
2021-07-18T02:51:16.947+1000: 1120.098: Total time for which application threads were stopped: 0.0038746 seconds, Stopping threads took: 0.0029942 seconds
2021-07-18T02:51:17.087+1000: 1120.237: Application time: 0.1397314 seconds
2021-07-18T02:51:17.088+1000: 1120.239: [GC (Allocation Failure) Before GC:
Statistics for BinaryTreeDictionary:
------------------------------------
Total Free Space: 2443512113
Max   Chunk Size: 2082176914
Number of Blocks: 11
Av.  Block  Size: 222137464
Tree      Height: 6
2021-07-18T02:51:17.088+1000: 1120.239: [ParNew
Desired survivor size 535592960 bytes, new threshold 1 (max 15)
- age   1: 1071107120 bytes, 1071107120 total
: 9415168K->1046080K(9415168K), 7.7204127 secs] 81010828K->77147150K(100157952K)After GC:
Statistics for BinaryTreeDictionary:
------------------------------------
Total Free Space: 1868120682
Max   Chunk Size: 1868120682
Number of Blocks: 1
Av.  Block  Size: 1868120682
Tree      Height: 1
, 7.7207405 secs] [Times: user=21.39 sys=1.74, real=7.72 secs] 
2021-07-18T02:51:24.809+1000: 1127.960: Total time for which application threads were stopped: 7.7224261 seconds, Stopping threads took: 0.0005474 seconds
2021-07-18T02:51:24.815+1000: 1127.965: Application time: 0.0054834 seconds
2021-07-18T02:51:24.831+1000: 1127.982: Total time for which application threads were stopped: 0.0167160 seconds, Stopping threads took: 0.0156828 seconds
2021-07-18T02:51:24.832+1000: 1127.983: Application time: 0.0007437 seconds
2021-07-18T02:51:24.833+1000: 1127.984: Total time for which application threads were stopped: 0.0011119 seconds, Stopping threads took: 0.0004477 seconds
2021-07-18T02:51:24.849+1000: 1128.000: Application time: 0.0157209 seconds
2021-07-18T02:51:24.883+1000: 1128.034: Total time for which application threads were stopped: 0.0341888 seconds, Stopping threads took: 0.0331183 seconds
2021-07-18T02:51:24.917+1000: 1128.068: Application time: 0.0341007 seconds
2021-07-18T02:51:24.923+1000: 1128.073: Total time for which application threads were stopped: 0.0055599 seconds, Stopping threads took: 0.0047237 seconds
2021-07-18T02:51:24.963+1000: 1128.114: Application time: 0.0405078 seconds
2021-07-18T02:51:24.965+1000: 1128.116: Total time for which application threads were stopped: 0.0019944 seconds, Stopping threads took: 0.0008322 seconds
2021-07-18T02:51:25.023+1000: 1128.174: Application time: 0.0580776 seconds
2021-07-18T02:51:25.026+1000: 1128.177: Total time for which application threads were stopped: 0.0028384 seconds, Stopping threads took: 0.0016209 seconds
2021-07-18T02:51:25.940+1000: 1129.090: Application time: 0.9134372 seconds
2021-07-18T02:51:25.943+1000: 1129.093: Total time for which application threads were stopped: 0.0030493 seconds, Stopping threads took: 0.0015644 seconds
2021-07-18T02:51:26.950+1000: 1130.100: Application time: 1.0068497 seconds
2021-07-18T02:51:26.982+1000: 1130.133: Total time for which application threads were stopped: 0.0328018 seconds, Stopping threads took: 0.0319273 seconds
2021-07-18T02:51:27.939+1000: 1131.090: Application time: 0.9566806 seconds
2021-07-18T02:51:27.944+1000: 1131.094: Total time for which application threads were stopped: 0.0046892 seconds, Stopping threads took: 0.0037905 seconds
2021-07-18T02:51:28.944+1000: 1132.095: Application time: 1.0001852 seconds
2021-07-18T02:51:28.952+1000: 1132.103: Total time for which application threads were stopped: 0.0081277 seconds, Stopping threads took: 0.0072324 seconds
2021-07-18T02:51:29.939+1000: 1133.090: Application time: 0.9868006 seconds
2021-07-18T02:51:29.943+1000: 1133.094: Total time for which application threads were stopped: 0.0040524 seconds, Stopping threads took: 0.0031688 seconds
2021-07-18T02:51:30.944+1000: 1134.095: Application time: 1.0009590 seconds
2021-07-18T02:51:30.945+1000: 1134.096: Total time for which application threads were stopped: 0.0012684 seconds, Stopping threads took: 0.0004917 seconds
2021-07-18T02:51:31.940+1000: 1135.091: Application time: 0.9947428 seconds
2021-07-18T02:51:31.946+1000: 1135.097: Total time for which application threads were stopped: 0.0061019 seconds, Stopping threads took: 0.0049773 seconds
2021-07-18T02:51:33.939+1000: 1137.090: Application time: 1.9930632 seconds
2021-07-18T02:51:33.945+1000: 1137.096: Total time for which application threads were stopped: 0.0061015 seconds, Stopping threads took: 0.0052202 seconds
2021-07-18T02:51:34.945+1000: 1138.096: Application time: 1.0002025 seconds
2021-07-18T02:51:34.947+1000: 1138.097: Total time for which application threads were stopped: 0.0012199 seconds, Stopping threads took: 0.0004095 seconds
2021-07-18T02:51:35.940+1000: 1139.090: Application time: 0.9931911 seconds
2021-07-18T02:51:35.941+1000: 1139.092: Total time for which application threads were stopped: 0.0012153 seconds, Stopping threads took: 0.0003712 seconds
2021-07-18T02:51:36.063+1000: 1139.214: Application time: 0.1223799 seconds
2021-07-18T02:51:36.065+1000: 1139.216: Total time for which application threads were stopped: 0.0016093 seconds, Stopping threads took: 0.0005915 seconds
2021-07-18T02:51:37.939+1000: 1141.090: Application time: 1.8744661 seconds
2021-07-18T02:51:37.941+1000: 1141.091: Total time for which application threads were stopped: 0.0012965 seconds, Stopping threads took: 0.0004386 seconds
2021-07-18T02:51:38.941+1000: 1142.092: Application time: 1.0006803 seconds
2021-07-18T02:51:38.943+1000: 1142.093: Total time for which application threads were stopped: 0.0012953 seconds, Stopping threads took: 0.0003987 seconds
2021-07-18T02:51:39.940+1000: 1143.090: Application time: 0.9969782 seconds
2021-07-18T02:51:39.941+1000: 1143.092: Total time for which application threads were stopped: 0.0014457 seconds, Stopping threads took: 0.0003574 seconds
2021-07-18T02:51:41.940+1000: 1145.091: Application time: 1.9986126 seconds
2021-07-18T02:51:41.941+1000: 1145.092: Total time for which application threads were stopped: 0.0011960 seconds, Stopping threads took: 0.0003481 seconds
2021-07-18T02:51:43.939+1000: 1147.090: Application time: 1.9980605 seconds
2021-07-18T02:51:43.940+1000: 1147.091: Total time for which application threads were stopped: 0.0012915 seconds, Stopping threads took: 0.0003376 seconds
2021-07-18T02:51:45.940+1000: 1149.090: Application time: 1.9990973 seconds
2021-07-18T02:51:45.941+1000: 1149.091: Total time for which application threads were stopped: 0.0012107 seconds, Stopping threads took: 0.0003970 seconds
2021-07-18T02:51:47.939+1000: 1151.090: Application time: 1.9986644 seconds
2021-07-18T02:51:47.941+1000: 1151.091: Total time for which application threads were stopped: 0.0013883 seconds, Stopping threads took: 0.0003243 seconds
2021-07-18T02:51:49.728+1000: 1152.879: Application time: 1.7871039 seconds
2021-07-18T02:51:49.729+1000: 1152.880: [GC (Allocation Failure) Before GC:
Statistics for BinaryTreeDictionary:
------------------------------------
Total Free Space: 1868120682
Max   Chunk Size: 1868120682
Number of Blocks: 1
Av.  Block  Size: 1868120682
Tree      Height: 1
2021-07-18T02:51:49.729+1000: 1152.880: [ParNew
Desired survivor size 535592960 bytes, new threshold 1 (max 15)
- age   1: 1067233232 bytes, 1067233232 total
: 9415168K->1046080K(9415168K), 4.3076410 secs] 85516238K->80958912K(100157952K)After GC:
Statistics for BinaryTreeDictionary:
------------------------------------
Total Free Space: 1376067920
Max   Chunk Size: 1376067920
Number of Blocks: 1
Av.  Block  Size: 1376067920
Tree      Height: 1
, 4.3080535 secs] [Times: user=23.93 sys=2.87, real=4.31 secs] 
2021-07-18T02:51:54.037+1000: 1157.188: Total time for which application threads were stopped: 4.3094414 seconds, Stopping threads took: 0.0002431 seconds
2021-07-18T02:51:54.042+1000: 1157.192: Application time: 0.0042319 seconds
2021-07-18T02:51:54.043+1000: 1157.193: [GC (CMS Initial Mark) [1 CMS-initial-mark: 79912832K(90742784K)] 80986697K(100157952K), 0.3421970 secs] [Times: user=2.68 sys=0.05, real=0.34 secs] 
2021-07-18T02:51:54.385+1000: 1157.536: Total time for which application threads were stopped: 0.3436301 seconds, Stopping threads took: 0.0002183 seconds
2021-07-18T02:51:54.385+1000: 1157.536: [CMS-concurrent-mark-start]
2021-07-18T02:51:54.393+1000: 1157.544: Application time: 0.0082435 seconds
2021-07-18T02:51:54.395+1000: 1157.546: Total time for which application threads were stopped: 0.0015241 seconds, Stopping threads took: 0.0006485 seconds
2021-07-18T02:51:54.441+1000: 1157.592: Application time: 0.0460306 seconds
2021-07-18T02:51:54.443+1000: 1157.593: Total time for which application threads were stopped: 0.0016350 seconds, Stopping threads took: 0.0007391 seconds
2021-07-18T02:51:54.475+1000: 1157.626: Application time: 0.0322166 seconds
2021-07-18T02:51:54.476+1000: 1157.627: Total time for which application threads were stopped: 0.0014369 seconds, Stopping threads took: 0.0004867 seconds
2021-07-18T02:51:55.940+1000: 1159.091: Application time: 1.4636322 seconds
2021-07-18T02:51:55.941+1000: 1159.092: Total time for which application threads were stopped: 0.0011470 seconds, Stopping threads took: 0.0003280 seconds
2021-07-18T02:51:57.942+1000: 1161.092: Application time: 2.0005122 seconds
2021-07-18T02:51:57.943+1000: 1161.094: Total time for which application threads were stopped: 0.0014091 seconds, Stopping threads took: 0.0004729 seconds
2021-07-18T02:51:58.943+1000: 1162.094: Application time: 1.0002841 seconds
2021-07-18T02:51:58.957+1000: 1162.108: Total time for which application threads were stopped: 0.0138289 seconds, Stopping threads took: 0.0128933 seconds
2021-07-18T02:51:59.940+1000: 1163.090: Application time: 0.9825698 seconds
2021-07-18T02:51:59.941+1000: 1163.092: Total time for which application threads were stopped: 0.0012841 seconds, Stopping threads took: 0.0003868 seconds
2021-07-18T02:52:01.940+1000: 1165.090: Application time: 1.9988012 seconds
2021-07-18T02:52:01.941+1000: 1165.092: Total time for which application threads were stopped: 0.0015042 seconds, Stopping threads took: 0.0003798 seconds
2021-07-18T02:52:03.940+1000: 1167.090: Application time: 1.9984905 seconds
2021-07-18T02:52:03.941+1000: 1167.092: Total time for which application threads were stopped: 0.0012479 seconds, Stopping threads took: 0.0004033 seconds
2021-07-18T02:52:05.940+1000: 1169.091: Application time: 1.9991321 seconds
2021-07-18T02:52:05.942+1000: 1169.092: Total time for which application threads were stopped: 0.0013402 seconds, Stopping threads took: 0.0003551 seconds
2021-07-18T02:52:07.939+1000: 1171.090: Application time: 1.9975205 seconds
2021-07-18T02:52:07.941+1000: 1171.092: Total time for which application threads were stopped: 0.0020611 seconds, Stopping threads took: 0.0012189 seconds
2021-07-18T02:52:09.939+1000: 1173.090: Application time: 1.9983466 seconds
2021-07-18T02:52:09.941+1000: 1173.092: Total time for which application threads were stopped: 0.0014249 seconds, Stopping threads took: 0.0003565 seconds
2021-07-18T02:52:11.940+1000: 1175.090: Application time: 1.9986548 seconds
2021-07-18T02:52:11.945+1000: 1175.096: Total time for which application threads were stopped: 0.0057074 seconds, Stopping threads took: 0.0048907 seconds
2021-07-18T02:52:13.940+1000: 1177.091: Application time: 1.9948629 seconds
2021-07-18T02:52:13.942+1000: 1177.092: Total time for which application threads were stopped: 0.0014868 seconds, Stopping threads took: 0.0003556 seconds
2021-07-18T02:52:15.940+1000: 1179.090: Application time: 1.9980412 seconds
2021-07-18T02:52:15.941+1000: 1179.092: Total time for which application threads were stopped: 0.0017636 seconds, Stopping threads took: 0.0003695 seconds
2021-07-18T02:52:17.941+1000: 1181.092: Application time: 1.9996184 seconds
2021-07-18T02:52:17.942+1000: 1181.093: Total time for which application threads were stopped: 0.0011116 seconds, Stopping threads took: 0.0002675 seconds
2021-07-18T02:52:19.763+1000: 1182.914: Application time: 1.8212951 seconds
2021-07-18T02:52:19.778+1000: 1182.929: Total time for which application threads were stopped: 0.0145457 seconds, Stopping threads took: 0.0096674 seconds
2021-07-18T02:52:19.790+1000: 1182.941: Application time: 0.0118591 seconds
2021-07-18T02:52:19.795+1000: 1182.945: Total time for which application threads were stopped: 0.0048197 seconds, Stopping threads took: 0.0004964 seconds
2021-07-18T02:52:19.948+1000: 1183.099: Application time: 0.1534530 seconds
2021-07-18T02:52:19.951+1000: 1183.101: Total time for which application threads were stopped: 0.0024337 seconds, Stopping threads took: 0.0015266 seconds
2021-07-18T02:52:20.951+1000: 1184.102: Application time: 1.0004062 seconds
2021-07-18T02:52:20.953+1000: 1184.104: Total time for which application threads were stopped: 0.0018806 seconds, Stopping threads took: 0.0007460 seconds
2021-07-18T02:52:21.950+1000: 1185.101: Application time: 0.9969398 seconds
2021-07-18T02:52:21.952+1000: 1185.102: Total time for which application threads were stopped: 0.0017685 seconds, Stopping threads took: 0.0006099 seconds
2021-07-18T02:52:22.952+1000: 1186.103: Application time: 1.0003681 seconds
2021-07-18T02:52:22.975+1000: 1186.126: Total time for which application threads were stopped: 0.0227631 seconds, Stopping threads took: 0.0216587 seconds
2021-07-18T02:52:23.940+1000: 1187.090: Application time: 0.9649666 seconds
2021-07-18T02:52:23.944+1000: 1187.095: Total time for which application threads were stopped: 0.0045547 seconds, Stopping threads took: 0.0009321 seconds
2021-07-18T02:52:24.503+1000: 1187.654: Application time: 0.5585665 seconds
2021-07-18T02:52:24.505+1000: 1187.655: [GC (Allocation Failure) Before GC:
Statistics for BinaryTreeDictionary:
------------------------------------
Total Free Space: 1376067920
Max   Chunk Size: 1376067920
Number of Blocks: 1
Av.  Block  Size: 1376067920
Tree      Height: 1
2021-07-18T02:52:24.505+1000: 1187.655: [ParNew
Desired survivor size 535592960 bytes, new threshold 1 (max 15)
- age   1: 1071158048 bytes, 1071158048 total
: 9415168K->1046080K(9415168K), 5.3012393 secs] 89328000K->86090275K(100157952K)After GC:
Statistics for BinaryTreeDictionary:
------------------------------------
Total Free Space: 722946488
Max   Chunk Size: 722946488
Number of Blocks: 1
Av.  Block  Size: 722946488
Tree      Height: 1
, 5.3015915 secs] [Times: user=43.37 sys=3.98, real=5.30 secs] 
2021-07-18T02:52:29.806+1000: 1192.957: Total time for which application threads were stopped: 5.3034725 seconds, Stopping threads took: 0.0004974 seconds
2021-07-18T02:52:29.808+1000: 1192.958: Application time: 0.0012995 seconds
2021-07-18T02:52:29.815+1000: 1192.966: Total time for which application threads were stopped: 0.0074609 seconds, Stopping threads took: 0.0062119 seconds
2021-07-18T02:52:29.830+1000: 1192.981: Application time: 0.0148954 seconds
2021-07-18T02:52:29.839+1000: 1192.989: Total time for which application threads were stopped: 0.0085148 seconds, Stopping threads took: 0.0073048 seconds
2021-07-18T02:52:29.866+1000: 1193.016: Application time: 0.0269473 seconds
2021-07-18T02:52:29.870+1000: 1193.021: Total time for which application threads were stopped: 0.0048645 seconds, Stopping threads took: 0.0039599 seconds
2021-07-18T02:52:29.940+1000: 1193.091: Application time: 0.0698316 seconds
2021-07-18T02:52:29.942+1000: 1193.092: Total time for which application threads were stopped: 0.0014889 seconds, Stopping threads took: 0.0006069 seconds
2021-07-18T02:52:30.942+1000: 1194.093: Application time: 1.0002555 seconds
2021-07-18T02:52:30.947+1000: 1194.097: Total time for which application threads were stopped: 0.0046323 seconds, Stopping threads took: 0.0038239 seconds
2021-07-18T02:52:31.939+1000: 1195.090: Application time: 0.9924931 seconds
2021-07-18T02:52:31.941+1000: 1195.092: Total time for which application threads were stopped: 0.0020100 seconds, Stopping threads took: 0.0007192 seconds
2021-07-18T02:52:32.941+1000: 1196.092: Application time: 1.0002802 seconds
2021-07-18T02:52:32.947+1000: 1196.097: Total time for which application threads were stopped: 0.0053326 seconds, Stopping threads took: 0.0044745 seconds
2021-07-18T02:52:33.563+1000: 1196.714: Application time: 0.6166149 seconds
2021-07-18T02:52:33.565+1000: 1196.715: Total time for which application threads were stopped: 0.0012039 seconds, Stopping threads took: 0.0003899 seconds
2021-07-18T02:52:33.946+1000: 1197.096: Application time: 0.3811384 seconds
2021-07-18T02:52:33.949+1000: 1197.099: Total time for which application threads were stopped: 0.0028854 seconds, Stopping threads took: 0.0019331 seconds
2021-07-18T02:52:34.951+1000: 1198.102: Application time: 1.0022788 seconds
2021-07-18T02:52:34.953+1000: 1198.103: Total time for which application threads were stopped: 0.0017517 seconds, Stopping threads took: 0.0009226 seconds
2021-07-18T02:52:35.940+1000: 1199.091: Application time: 0.9874358 seconds
2021-07-18T02:52:35.942+1000: 1199.093: Total time for which application threads were stopped: 0.0017350 seconds, Stopping threads took: 0.0005164 seconds
2021-07-18T02:52:36.942+1000: 1200.093: Application time: 1.0003720 seconds
2021-07-18T02:52:36.943+1000: 1200.094: Total time for which application threads were stopped: 0.0011820 seconds, Stopping threads took: 0.0004198 seconds
2021-07-18T02:52:37.357+1000: 1200.508: Application time: 0.4140345 seconds
2021-07-18T02:52:37.363+1000: 1200.513: [GC (Allocation Failure) Before GC:
Statistics for BinaryTreeDictionary:
------------------------------------
Total Free Space: 722946488
Max   Chunk Size: 722946488
Number of Blocks: 1
Av.  Block  Size: 722946488
Tree      Height: 1
2021-07-18T02:52:37.363+1000: 1200.514: [ParNew: 9415168K->9415168K(9415168K), 0.0000555 secs]2021-07-18T02:52:37.363+1000: 1200.514: [CMS2021-07-18T02:52:41.907+1000: 1205.058: [CMS-concurrent-mark: 42.061/47.522 secs] [Times: user=321.12 sys=8.46, real=47.52 secs] 
 (concurrent mode failure)CMS: Large block 0x00007ff1985bbd38
: 85044195K->59094639K(90742784K), 351.6760291 secs] 94459363K->59094639K(100157952K), [Metaspace: 162036K->162036K(172032K)]After GC:
Statistics for BinaryTreeDictionary:
------------------------------------
Total Free Space: 4050946137
Max   Chunk Size: 4050946137
Number of Blocks: 1
Av.  Block  Size: 4050946137
Tree      Height: 1
, 351.6843159 secs] [Times: user=358.52 sys=1.51, real=351.68 secs] 
2021-07-18T02:58:29.047+1000: 1552.198: Total time for which application threads were stopped: 351.6898941 seconds, Stopping threads took: 0.0043366 seconds
2021-07-18T02:58:29.050+1000: 1552.200: Application time: 0.0023478 seconds
2021-07-18T02:58:29.051+1000: 1552.202: Total time for which application threads were stopped: 0.0013162 seconds, Stopping threads took: 0.0004377 seconds
2021-07-18T02:58:29.065+1000: 1552.216: Application time: 0.0139860 seconds
2021-07-18T02:58:29.067+1000: 1552.217: Total time for which application threads were stopped: 0.0015437 seconds, Stopping threads took: 0.0006325 seconds
2021-07-18T02:58:29.068+1000: 1552.218: Application time: 0.0011481 seconds
2021-07-18T02:58:29.071+1000: 1552.222: Total time for which application threads were stopped: 0.0035860 seconds, Stopping threads took: 0.0007416 seconds
2021-07-18T02:58:29.074+1000: 1552.225: Application time: 0.0026183 seconds
2021-07-18T02:58:29.077+1000: 1552.227: Total time for which application threads were stopped: 0.0029190 seconds, Stopping threads took: 0.0014633 seconds
2021-07-18T02:58:30.077+1000: 1553.228: Application time: 1.0001982 seconds
2021-07-18T02:58:30.078+1000: 1553.229: Total time for which application threads were stopped: 0.0013864 seconds, Stopping threads took: 0.0004059 seconds
2021-07-18T02:58:30.184+1000: 1553.334: Application time: 0.1051267 seconds
2021-07-18T02:58:30.191+1000: 1553.342: Total time for which application threads were stopped: 0.0075769 seconds, Stopping threads took: 0.0065908 seconds
2021-07-18T02:58:30.198+1000: 1553.349: Application time: 0.0070538 seconds
2021-07-18T02:58:30.200+1000: 1553.350: Total time for which application threads were stopped: 0.0016085 seconds, Stopping threads took: 0.0006459 seconds
2021-07-18T02:58:30.200+1000: 1553.351: Application time: 0.0001279 seconds
2021-07-18T02:58:30.201+1000: 1553.351: Total time for which application threads were stopped: 0.0005595 seconds, Stopping threads took: 0.0001699 seconds
2021-07-18T02:58:30.211+1000: 1553.362: Application time: 0.0103936 seconds
2021-07-18T02:58:30.213+1000: 1553.363: Total time for which application threads were stopped: 0.0018869 seconds, Stopping threads took: 0.0009704 seconds
2021-07-18T02:58:30.223+1000: 1553.373: Application time: 0.0098718 seconds
2021-07-18T02:58:30.227+1000: 1553.378: Total time for which application threads were stopped: 0.0042907 seconds, Stopping threads took: 0.0032846 seconds
2021-07-18T02:58:30.234+1000: 1553.385: Application time: 0.0073276 seconds
2021-07-18T02:58:30.236+1000: 1553.387: Total time for which application threads were stopped: 0.0016461 seconds, Stopping threads took: 0.0006680 seconds
2021-07-18T02:58:30.243+1000: 1553.394: Application time: 0.0070950 seconds
2021-07-18T02:58:30.245+1000: 1553.395: Total time for which application threads were stopped: 0.0015643 seconds, Stopping threads took: 0.0005786 seconds
2021-07-18T02:58:30.253+1000: 1553.404: Application time: 0.0085813 seconds
2021-07-18T02:58:30.255+1000: 1553.406: Total time for which application threads were stopped: 0.0015807 seconds, Stopping threads took: 0.0006984 seconds
2021-07-18T02:58:30.263+1000: 1553.413: Application time: 0.0078479 seconds
2021-07-18T02:58:30.265+1000: 1553.415: Total time for which application threads were stopped: 0.0020042 seconds, Stopping threads took: 0.0007015 seconds
2021-07-18T02:58:30.273+1000: 1553.424: Application time: 0.0081439 seconds
2021-07-18T02:58:30.274+1000: 1553.425: Total time for which application threads were stopped: 0.0013708 seconds, Stopping threads took: 0.0004568 seconds
2021-07-18T02:58:30.293+1000: 1553.444: Application time: 0.0192075 seconds
2021-07-18T02:58:30.295+1000: 1553.446: Total time for which application threads were stopped: 0.0018997 seconds, Stopping threads took: 0.0006019 seconds
2021-07-18T02:58:30.303+1000: 1553.454: Application time: 0.0076877 seconds
2021-07-18T02:58:30.314+1000: 1553.464: Total time for which application threads were stopped: 0.0104953 seconds, Stopping threads took: 0.0094424 seconds
2021-07-18T02:58:30.324+1000: 1553.475: Application time: 0.0103764 seconds
2021-07-18T02:58:30.325+1000: 1553.476: Total time for which application threads were stopped: 0.0014126 seconds, Stopping threads took: 0.0005053 seconds
2021-07-18T02:58:30.332+1000: 1553.483: Application time: 0.0070138 seconds
2021-07-18T02:58:30.334+1000: 1553.485: Total time for which application threads were stopped: 0.0015286 seconds, Stopping threads took: 0.0006254 seconds
2021-07-18T02:58:30.342+1000: 1553.493: Application time: 0.0086309 seconds
2021-07-18T02:58:30.344+1000: 1553.495: Total time for which application threads were stopped: 0.0017564 seconds, Stopping threads took: 0.0005857 seconds
2021-07-18T02:58:30.352+1000: 1553.503: Application time: 0.0077728 seconds
2021-07-18T02:58:30.353+1000: 1553.504: Total time for which application threads were stopped: 0.0013574 seconds, Stopping threads took: 0.0005816 seconds
2021-07-18T02:58:30.364+1000: 1553.515: Application time: 0.0105308 seconds
2021-07-18T02:58:30.365+1000: 1553.516: Total time for which application threads were stopped: 0.0012463 seconds, Stopping threads took: 0.0004041 seconds
2021-07-18T02:58:30.374+1000: 1553.525: Application time: 0.0089544 seconds
2021-07-18T02:58:30.376+1000: 1553.526: Total time for which application threads were stopped: 0.0015225 seconds, Stopping threads took: 0.0006715 seconds
2021-07-18T02:58:30.384+1000: 1553.534: Application time: 0.0079117 seconds
2021-07-18T02:58:30.385+1000: 1553.536: Total time for which application threads were stopped: 0.0013964 seconds, Stopping threads took: 0.0005280 seconds
2021-07-18T02:58:30.393+1000: 1553.544: Application time: 0.0082459 seconds
2021-07-18T02:58:30.395+1000: 1553.545: Total time for which application threads were stopped: 0.0014238 seconds, Stopping threads took: 0.0005418 seconds
2021-07-18T02:58:30.424+1000: 1553.575: Application time: 0.0292148 seconds
2021-07-18T02:58:30.425+1000: 1553.576: Total time for which application threads were stopped: 0.0015698 seconds, Stopping threads took: 0.0006953 seconds
2021-07-18T02:58:30.434+1000: 1553.584: Application time: 0.0082132 seconds
2021-07-18T02:58:30.435+1000: 1553.586: Total time for which application threads were stopped: 0.0016200 seconds, Stopping threads took: 0.0007356 seconds
2021-07-18T02:58:30.443+1000: 1553.594: Application time: 0.0078332 seconds
2021-07-18T02:58:30.445+1000: 1553.595: Total time for which application threads were stopped: 0.0013710 seconds, Stopping threads took: 0.0005142 seconds
2021-07-18T02:58:30.452+1000: 1553.603: Application time: 0.0074139 seconds
2021-07-18T02:58:30.453+1000: 1553.604: Total time for which application threads were stopped: 0.0010774 seconds, Stopping threads took: 0.0003979 seconds
2021-07-18T02:58:30.463+1000: 1553.614: Application time: 0.0098761 seconds
2021-07-18T02:58:30.465+1000: 1553.615: Total time for which application threads were stopped: 0.0019008 seconds, Stopping threads took: 0.0010204 seconds
2021-07-18T02:58:30.475+1000: 1553.626: Application time: 0.0101529 seconds
2021-07-18T02:58:30.476+1000: 1553.627: Total time for which application threads were stopped: 0.0013795 seconds, Stopping threads took: 0.0005380 seconds
2021-07-18T02:58:30.489+1000: 1553.639: Application time: 0.0123467 seconds
2021-07-18T02:58:30.490+1000: 1553.641: Total time for which application threads were stopped: 0.0014821 seconds, Stopping threads took: 0.0004539 seconds
2021-07-18T02:58:30.498+1000: 1553.648: Application time: 0.0074392 seconds
2021-07-18T02:58:30.499+1000: 1553.649: Total time for which application threads were stopped: 0.0011759 seconds, Stopping threads took: 0.0003960 seconds
2021-07-18T02:58:30.509+1000: 1553.659: Application time: 0.0097376 seconds
2021-07-18T02:58:30.510+1000: 1553.661: Total time for which application threads were stopped: 0.0018109 seconds, Stopping threads took: 0.0007239 seconds
2021-07-18T02:58:30.519+1000: 1553.669: Application time: 0.0082045 seconds
2021-07-18T02:58:30.520+1000: 1553.671: Total time for which application threads were stopped: 0.0015302 seconds, Stopping threads took: 0.0004890 seconds
2021-07-18T02:58:30.534+1000: 1553.685: Application time: 0.0138716 seconds
2021-07-18T02:58:30.535+1000: 1553.686: Total time for which application threads were stopped: 0.0013760 seconds, Stopping threads took: 0.0005216 seconds
2021-07-18T02:58:30.544+1000: 1553.695: Application time: 0.0089617 seconds
2021-07-18T02:58:30.567+1000: 1553.718: Total time for which application threads were stopped: 0.0229214 seconds, Stopping threads took: 0.0219408 seconds
2021-07-18T02:58:30.571+1000: 1553.721: Application time: 0.0035499 seconds
2021-07-18T02:58:30.572+1000: 1553.723: Total time for which application threads were stopped: 0.0016646 seconds, Stopping threads took: 0.0009486 seconds
2021-07-18T02:58:30.578+1000: 1553.729: Application time: 0.0058764 seconds
2021-07-18T02:58:30.580+1000: 1553.730: Total time for which application threads were stopped: 0.0011834 seconds, Stopping threads took: 0.0003872 seconds
2021-07-18T02:58:30.587+1000: 1553.738: Application time: 0.0077522 seconds
2021-07-18T02:58:30.588+1000: 1553.739: Total time for which application threads were stopped: 0.0011674 seconds, Stopping threads took: 0.0003514 seconds
2021-07-18T02:58:30.599+1000: 1553.750: Application time: 0.0107332 seconds
2021-07-18T02:58:30.601+1000: 1553.751: Total time for which application threads were stopped: 0.0013088 seconds, Stopping threads took: 0.0004637 seconds
2021-07-18T02:58:30.609+1000: 1553.760: Application time: 0.0086368 seconds
2021-07-18T02:58:30.611+1000: 1553.761: Total time for which application threads were stopped: 0.0014648 seconds, Stopping threads took: 0.0006066 seconds
2021-07-18T02:58:30.622+1000: 1553.772: Application time: 0.0112112 seconds
2021-07-18T02:58:30.623+1000: 1553.774: Total time for which application threads were stopped: 0.0012335 seconds, Stopping threads took: 0.0004136 seconds
2021-07-18T02:58:30.631+1000: 1553.781: Application time: 0.0075166 seconds
2021-07-18T02:58:30.632+1000: 1553.783: Total time for which application threads were stopped: 0.0013361 seconds, Stopping threads took: 0.0004842 seconds
2021-07-18T02:58:30.640+1000: 1553.791: Application time: 0.0084178 seconds
2021-07-18T02:58:30.642+1000: 1553.792: Total time for which application threads were stopped: 0.0013534 seconds, Stopping threads took: 0.0004878 seconds
2021-07-18T02:58:30.655+1000: 1553.805: Application time: 0.0128643 seconds
2021-07-18T02:58:30.656+1000: 1553.807: Total time for which application threads were stopped: 0.0013328 seconds, Stopping threads took: 0.0004745 seconds
2021-07-18T02:58:30.665+1000: 1553.816: Application time: 0.0093907 seconds
2021-07-18T02:58:30.667+1000: 1553.817: Total time for which application threads were stopped: 0.0012934 seconds, Stopping threads took: 0.0004598 seconds
2021-07-18T02:58:30.674+1000: 1553.825: Application time: 0.0075803 seconds
2021-07-18T02:58:30.675+1000: 1553.826: Total time for which application threads were stopped: 0.0013099 seconds, Stopping threads took: 0.0004531 seconds
2021-07-18T02:58:30.683+1000: 1553.834: Application time: 0.0079888 seconds
2021-07-18T02:58:30.685+1000: 1553.835: Total time for which application threads were stopped: 0.0012427 seconds, Stopping threads took: 0.0003949 seconds
2021-07-18T02:58:30.693+1000: 1553.844: Application time: 0.0081518 seconds
2021-07-18T02:58:30.694+1000: 1553.845: Total time for which application threads were stopped: 0.0013595 seconds, Stopping threads took: 0.0005055 seconds
2021-07-18T02:58:30.703+1000: 1553.853: Application time: 0.0083428 seconds
2021-07-18T02:58:30.704+1000: 1553.855: Total time for which application threads were stopped: 0.0013643 seconds, Stopping threads took: 0.0005411 seconds
2021-07-18T02:58:30.712+1000: 1553.862: Application time: 0.0075525 seconds
2021-07-18T02:58:30.713+1000: 1553.863: Total time for which application threads were stopped: 0.0012425 seconds, Stopping threads took: 0.0004542 seconds
2021-07-18T02:58:30.720+1000: 1553.871: Application time: 0.0076468 seconds
2021-07-18T02:58:30.722+1000: 1553.872: Total time for which application threads were stopped: 0.0012012 seconds, Stopping threads took: 0.0003478 seconds
2021-07-18T02:58:30.730+1000: 1553.880: Application time: 0.0079896 seconds
2021-07-18T02:58:30.731+1000: 1553.881: Total time for which application threads were stopped: 0.0011899 seconds, Stopping threads took: 0.0003255 seconds
2021-07-18T02:58:30.747+1000: 1553.897: Application time: 0.0158362 seconds
2021-07-18T02:58:30.748+1000: 1553.899: Total time for which application threads were stopped: 0.0013425 seconds, Stopping threads took: 0.0004385 seconds
2021-07-18T02:58:30.756+1000: 1553.906: Application time: 0.0077773 seconds
2021-07-18T02:58:30.757+1000: 1553.908: Total time for which application threads were stopped: 0.0011718 seconds, Stopping threads took: 0.0003624 seconds
2021-07-18T02:58:30.770+1000: 1553.920: Application time: 0.0126769 seconds
2021-07-18T02:58:30.771+1000: 1553.922: Total time for which application threads were stopped: 0.0012519 seconds, Stopping threads took: 0.0004139 seconds
2021-07-18T02:58:30.781+1000: 1553.931: Application time: 0.0096183 seconds
2021-07-18T02:58:30.799+1000: 1553.950: Total time for which application threads were stopped: 0.0188155 seconds, Stopping threads took: 0.0178791 seconds
2021-07-18T02:58:30.808+1000: 1553.959: Application time: 0.0087455 seconds
2021-07-18T02:58:30.811+1000: 1553.961: Total time for which application threads were stopped: 0.0024775 seconds, Stopping threads took: 0.0016954 seconds
2021-07-18T02:58:30.818+1000: 1553.969: Application time: 0.0078304 seconds
2021-07-18T02:58:30.820+1000: 1553.971: Total time for which application threads were stopped: 0.0014492 seconds, Stopping threads took: 0.0003175 seconds
2021-07-18T02:58:30.827+1000: 1553.978: Application time: 0.0075162 seconds
2021-07-18T02:58:30.829+1000: 1553.980: Total time for which application threads were stopped: 0.0019877 seconds, Stopping threads took: 0.0011671 seconds
2021-07-18T02:58:30.838+1000: 1553.988: Application time: 0.0084697 seconds
2021-07-18T02:58:30.839+1000: 1553.990: Total time for which application threads were stopped: 0.0010945 seconds, Stopping threads took: 0.0004100 seconds
2021-07-18T02:58:30.854+1000: 1554.004: Application time: 0.0146010 seconds
2021-07-18T02:58:30.855+1000: 1554.005: Total time for which application threads were stopped: 0.0013030 seconds, Stopping threads took: 0.0005129 seconds
2021-07-18T02:58:30.863+1000: 1554.014: Application time: 0.0081206 seconds
2021-07-18T02:58:30.864+1000: 1554.015: Total time for which application threads were stopped: 0.0010757 seconds, Stopping threads took: 0.0003122 seconds
2021-07-18T02:58:30.873+1000: 1554.024: Application time: 0.0093561 seconds
2021-07-18T02:58:30.875+1000: 1554.025: Total time for which application threads were stopped: 0.0013540 seconds, Stopping threads took: 0.0005512 seconds
2021-07-18T02:58:30.885+1000: 1554.036: Application time: 0.0103758 seconds
2021-07-18T02:58:30.886+1000: 1554.037: Total time for which application threads were stopped: 0.0012330 seconds, Stopping threads took: 0.0004150 seconds
2021-07-18T02:58:30.895+1000: 1554.045: Application time: 0.0083134 seconds
2021-07-18T02:58:30.896+1000: 1554.046: Total time for which application threads were stopped: 0.0011257 seconds, Stopping threads took: 0.0003283 seconds
2021-07-18T02:58:30.909+1000: 1554.059: Application time: 0.0129278 seconds
2021-07-18T02:58:30.910+1000: 1554.061: Total time for which application threads were stopped: 0.0015178 seconds, Stopping threads took: 0.0006618 seconds
2021-07-18T02:58:30.922+1000: 1554.073: Application time: 0.0117248 seconds
2021-07-18T02:58:30.923+1000: 1554.074: Total time for which application threads were stopped: 0.0014042 seconds, Stopping threads took: 0.0004622 seconds
2021-07-18T02:58:30.934+1000: 1554.084: Application time: 0.0102220 seconds
2021-07-18T02:58:30.939+1000: 1554.089: Total time for which application threads were stopped: 0.0051552 seconds, Stopping threads took: 0.0041893 seconds
2021-07-18T02:58:30.948+1000: 1554.099: Application time: 0.0091319 seconds
2021-07-18T02:58:30.949+1000: 1554.100: Total time for which application threads were stopped: 0.0014646 seconds, Stopping threads took: 0.0004945 seconds
2021-07-18T02:58:30.959+1000: 1554.109: Application time: 0.0093493 seconds
2021-07-18T02:58:30.960+1000: 1554.111: Total time for which application threads were stopped: 0.0012599 seconds, Stopping threads took: 0.0004124 seconds
2021-07-18T02:58:30.969+1000: 1554.120: Application time: 0.0091093 seconds
2021-07-18T02:58:30.970+1000: 1554.121: Total time for which application threads were stopped: 0.0012890 seconds, Stopping threads took: 0.0004301 seconds
2021-07-18T02:58:30.981+1000: 1554.131: Application time: 0.0101645 seconds
2021-07-18T02:58:30.995+1000: 1554.145: Total time for which application threads were stopped: 0.0141908 seconds, Stopping threads took: 0.0132345 seconds
2021-07-18T02:58:31.005+1000: 1554.156: Application time: 0.0107241 seconds
2021-07-18T02:58:31.011+1000: 1554.162: Total time for which application threads were stopped: 0.0053648 seconds, Stopping threads took: 0.0044550 seconds
2021-07-18T02:58:31.020+1000: 1554.170: Application time: 0.0086950 seconds
2021-07-18T02:58:31.022+1000: 1554.172: Total time for which application threads were stopped: 0.0020440 seconds, Stopping threads took: 0.0010561 seconds
2021-07-18T02:58:31.042+1000: 1554.192: Application time: 0.0200774 seconds
2021-07-18T02:58:31.043+1000: 1554.194: Total time for which application threads were stopped: 0.0012300 seconds, Stopping threads took: 0.0003884 seconds
2021-07-18T02:58:31.051+1000: 1554.201: Application time: 0.0076872 seconds
2021-07-18T02:58:31.052+1000: 1554.203: Total time for which application threads were stopped: 0.0012602 seconds, Stopping threads took: 0.0004002 seconds
2021-07-18T02:58:31.060+1000: 1554.211: Application time: 0.0084021 seconds
2021-07-18T02:58:31.061+1000: 1554.212: Total time for which application threads were stopped: 0.0011568 seconds, Stopping threads took: 0.0003278 seconds
2021-07-18T02:58:31.069+1000: 1554.220: Application time: 0.0077066 seconds
2021-07-18T02:58:31.070+1000: 1554.221: Total time for which application threads were stopped: 0.0012119 seconds, Stopping threads took: 0.0003901 seconds
2021-07-18T02:58:31.081+1000: 1554.232: Application time: 0.0106369 seconds
2021-07-18T02:58:31.082+1000: 1554.233: Total time for which application threads were stopped: 0.0013374 seconds, Stopping threads took: 0.0003569 seconds
2021-07-18T02:58:31.093+1000: 1554.244: Application time: 0.0108114 seconds
2021-07-18T02:58:31.095+1000: 1554.245: Total time for which application threads were stopped: 0.0016129 seconds, Stopping threads took: 0.0007773 seconds
2021-07-18T02:58:31.103+1000: 1554.254: Application time: 0.0084566 seconds
2021-07-18T02:58:31.104+1000: 1554.255: Total time for which application threads were stopped: 0.0011453 seconds, Stopping threads took: 0.0003196 seconds
2021-07-18T02:58:31.113+1000: 1554.263: Application time: 0.0081195 seconds
2021-07-18T02:58:31.114+1000: 1554.265: Total time for which application threads were stopped: 0.0015146 seconds, Stopping threads took: 0.0004917 seconds
2021-07-18T02:58:31.122+1000: 1554.273: Application time: 0.0083292 seconds
2021-07-18T02:58:31.124+1000: 1554.274: Total time for which application threads were stopped: 0.0013096 seconds, Stopping threads took: 0.0004706 seconds
2021-07-18T02:58:31.131+1000: 1554.282: Application time: 0.0077774 seconds
2021-07-18T02:58:31.133+1000: 1554.283: Total time for which application threads were stopped: 0.0012523 seconds, Stopping threads took: 0.0003925 seconds
2021-07-18T02:58:31.142+1000: 1554.292: Application time: 0.0089862 seconds
2021-07-18T02:58:31.144+1000: 1554.294: Total time for which application threads were stopped: 0.0019241 seconds, Stopping threads took: 0.0010939 seconds
2021-07-18T02:58:31.153+1000: 1554.304: Application time: 0.0092659 seconds
2021-07-18T02:58:31.154+1000: 1554.305: Total time for which application threads were stopped: 0.0013552 seconds, Stopping threads took: 0.0005102 seconds
2021-07-18T02:58:31.164+1000: 1554.315: Application time: 0.0101534 seconds
2021-07-18T02:58:31.166+1000: 1554.316: Total time for which application threads were stopped: 0.0011231 seconds, Stopping threads took: 0.0002629 seconds
2021-07-18T02:58:31.176+1000: 1554.327: Application time: 0.0103662 seconds
2021-07-18T02:58:31.179+1000: 1554.330: Total time for which application threads were stopped: 0.0029993 seconds, Stopping threads took: 0.0004773 seconds
2021-07-18T02:58:31.187+1000: 1554.338: Application time: 0.0083731 seconds
2021-07-18T02:58:31.189+1000: 1554.340: Total time for which application threads were stopped: 0.0015484 seconds, Stopping threads took: 0.0004521 seconds
2021-07-18T02:58:31.196+1000: 1554.347: Application time: 0.0072849 seconds
2021-07-18T02:58:31.198+1000: 1554.348: Total time for which application threads were stopped: 0.0016277 seconds, Stopping threads took: 0.0007727 seconds
2021-07-18T02:58:31.216+1000: 1554.366: Application time: 0.0176794 seconds
2021-07-18T02:58:31.217+1000: 1554.367: Total time for which application threads were stopped: 0.0012448 seconds, Stopping threads took: 0.0004304 seconds
2021-07-18T02:58:31.225+1000: 1554.376: Application time: 0.0085435 seconds
2021-07-18T02:58:31.231+1000: 1554.382: Total time for which application threads were stopped: 0.0061300 seconds, Stopping threads took: 0.0051783 seconds
2021-07-18T02:58:31.242+1000: 1554.393: Application time: 0.0106767 seconds
2021-07-18T02:58:31.243+1000: 1554.394: Total time for which application threads were stopped: 0.0012650 seconds, Stopping threads took: 0.0003604 seconds
2021-07-18T02:58:31.253+1000: 1554.404: Application time: 0.0094657 seconds
2021-07-18T02:58:31.254+1000: 1554.405: Total time for which application threads were stopped: 0.0012675 seconds, Stopping threads took: 0.0003540 seconds
2021-07-18T02:58:31.263+1000: 1554.414: Application time: 0.0092538 seconds
2021-07-18T02:58:31.265+1000: 1554.415: Total time for which application threads were stopped: 0.0012204 seconds, Stopping threads took: 0.0003684 seconds
2021-07-18T02:58:31.272+1000: 1554.423: Application time: 0.0077999 seconds
2021-07-18T02:58:31.273+1000: 1554.424: Total time for which application threads were stopped: 0.0008753 seconds, Stopping threads took: 0.0003308 seconds
2021-07-18T02:58:31.281+1000: 1554.431: Application time: 0.0073840 seconds
2021-07-18T02:58:31.282+1000: 1554.432: Total time for which application threads were stopped: 0.0010663 seconds, Stopping threads took: 0.0003685 seconds
2021-07-18T02:58:31.289+1000: 1554.440: Application time: 0.0073321 seconds
2021-07-18T02:58:31.290+1000: 1554.441: Total time for which application threads were stopped: 0.0010947 seconds, Stopping threads took: 0.0003166 seconds
2021-07-18T02:58:31.297+1000: 1554.448: Application time: 0.0071178 seconds
2021-07-18T02:58:31.298+1000: 1554.449: Total time for which application threads were stopped: 0.0011178 seconds, Stopping threads took: 0.0003787 seconds
2021-07-18T02:58:31.306+1000: 1554.456: Application time: 0.0071864 seconds
2021-07-18T02:58:31.307+1000: 1554.457: Total time for which application threads were stopped: 0.0010929 seconds, Stopping threads took: 0.0005742 seconds
2021-07-18T02:58:31.315+1000: 1554.465: Application time: 0.0080364 seconds
2021-07-18T02:58:31.316+1000: 1554.466: Total time for which application threads were stopped: 0.0007899 seconds, Stopping threads took: 0.0003103 seconds
2021-07-18T02:58:31.323+1000: 1554.474: Application time: 0.0076321 seconds
2021-07-18T02:58:31.324+1000: 1554.475: Total time for which application threads were stopped: 0.0007934 seconds, Stopping threads took: 0.0003008 seconds
2021-07-18T02:58:31.332+1000: 1554.482: Application time: 0.0078708 seconds
2021-07-18T02:58:31.333+1000: 1554.483: Total time for which application threads were stopped: 0.0007889 seconds, Stopping threads took: 0.0003143 seconds
2021-07-18T02:58:31.341+1000: 1554.492: Application time: 0.0087106 seconds
2021-07-18T02:58:31.342+1000: 1554.493: Total time for which application threads were stopped: 0.0008145 seconds, Stopping threads took: 0.0003306 seconds
2021-07-18T02:58:31.350+1000: 1554.501: Application time: 0.0077139 seconds
2021-07-18T02:58:31.351+1000: 1554.502: Total time for which application threads were stopped: 0.0009054 seconds, Stopping threads took: 0.0002704 seconds
2021-07-18T02:58:31.358+1000: 1554.509: Application time: 0.0075308 seconds
2021-07-18T02:58:31.359+1000: 1554.510: Total time for which application threads were stopped: 0.0007643 seconds, Stopping threads took: 0.0002982 seconds
2021-07-18T02:58:31.367+1000: 1554.517: Application time: 0.0074091 seconds
2021-07-18T02:58:31.367+1000: 1554.518: Total time for which application threads were stopped: 0.0009192 seconds, Stopping threads took: 0.0004597 seconds
2021-07-18T02:58:31.374+1000: 1554.525: Application time: 0.0068821 seconds
2021-07-18T02:58:31.375+1000: 1554.526: Total time for which application threads were stopped: 0.0007934 seconds, Stopping threads took: 0.0003022 seconds
2021-07-18T02:58:31.382+1000: 1554.533: Application time: 0.0073113 seconds
2021-07-18T02:58:31.384+1000: 1554.534: Total time for which application threads were stopped: 0.0010492 seconds, Stopping threads took: 0.0003180 seconds
2021-07-18T02:58:31.393+1000: 1554.543: Application time: 0.0089820 seconds
2021-07-18T02:58:31.394+1000: 1554.544: Total time for which application threads were stopped: 0.0012050 seconds, Stopping threads took: 0.0003670 seconds
2021-07-18T02:58:31.401+1000: 1554.552: Application time: 0.0075972 seconds
2021-07-18T02:58:31.403+1000: 1554.553: Total time for which application threads were stopped: 0.0014487 seconds, Stopping threads took: 0.0005240 seconds
2021-07-18T02:58:31.410+1000: 1554.561: Application time: 0.0076929 seconds
2021-07-18T02:58:31.412+1000: 1554.562: Total time for which application threads were stopped: 0.0012577 seconds, Stopping threads took: 0.0003536 seconds
2021-07-18T02:58:31.419+1000: 1554.569: Application time: 0.0068283 seconds
2021-07-18T02:58:31.420+1000: 1554.570: Total time for which application threads were stopped: 0.0010489 seconds, Stopping threads took: 0.0003036 seconds
2021-07-18T02:58:31.428+1000: 1554.578: Application time: 0.0079176 seconds
2021-07-18T02:58:31.428+1000: 1554.579: Total time for which application threads were stopped: 0.0007747 seconds, Stopping threads took: 0.0002780 seconds
2021-07-18T02:58:31.437+1000: 1554.587: Application time: 0.0083070 seconds
2021-07-18T02:58:31.437+1000: 1554.588: Total time for which application threads were stopped: 0.0008425 seconds, Stopping threads took: 0.0003034 seconds
2021-07-18T02:58:31.445+1000: 1554.596: Application time: 0.0078474 seconds
2021-07-18T02:58:31.447+1000: 1554.597: Total time for which application threads were stopped: 0.0012245 seconds, Stopping threads took: 0.0003708 seconds
2021-07-18T02:58:31.455+1000: 1554.605: Application time: 0.0080786 seconds
2021-07-18T02:58:31.456+1000: 1554.607: Total time for which application threads were stopped: 0.0012963 seconds, Stopping threads took: 0.0004127 seconds
2021-07-18T02:58:31.464+1000: 1554.615: Application time: 0.0079403 seconds
2021-07-18T02:58:31.465+1000: 1554.616: Total time for which application threads were stopped: 0.0011170 seconds, Stopping threads took: 0.0004349 seconds
2021-07-18T02:58:31.474+1000: 1554.624: Application time: 0.0087861 seconds
2021-07-18T02:58:31.475+1000: 1554.626: Total time for which application threads were stopped: 0.0012332 seconds, Stopping threads took: 0.0004582 seconds
2021-07-18T02:58:31.483+1000: 1554.633: Application time: 0.0076551 seconds
2021-07-18T02:58:31.484+1000: 1554.634: Total time for which application threads were stopped: 0.0009932 seconds, Stopping threads took: 0.0004324 seconds
2021-07-18T02:58:31.490+1000: 1554.641: Application time: 0.0067855 seconds
2021-07-18T02:58:31.491+1000: 1554.642: Total time for which application threads were stopped: 0.0007376 seconds, Stopping threads took: 0.0003018 seconds
2021-07-18T02:58:31.499+1000: 1554.649: Application time: 0.0073623 seconds
2021-07-18T02:58:31.499+1000: 1554.650: Total time for which application threads were stopped: 0.0009493 seconds, Stopping threads took: 0.0004479 seconds
2021-07-18T02:58:31.507+1000: 1554.658: Application time: 0.0073665 seconds
2021-07-18T02:58:31.508+1000: 1554.658: Total time for which application threads were stopped: 0.0008190 seconds, Stopping threads took: 0.0003521 seconds
2021-07-18T02:58:31.515+1000: 1554.666: Application time: 0.0075594 seconds
2021-07-18T02:58:31.516+1000: 1554.667: Total time for which application threads were stopped: 0.0007984 seconds, Stopping threads took: 0.0003752 seconds
2021-07-18T02:58:31.528+1000: 1554.678: Application time: 0.0114509 seconds
2021-07-18T02:58:31.529+1000: 1554.679: Total time for which application threads were stopped: 0.0010833 seconds, Stopping threads took: 0.0004031 seconds
2021-07-18T02:58:31.548+1000: 1554.699: Application time: 0.0198645 seconds
2021-07-18T02:58:31.550+1000: 1554.700: Total time for which application threads were stopped: 0.0011989 seconds, Stopping threads took: 0.0003428 seconds
2021-07-18T02:58:31.563+1000: 1554.713: Application time: 0.0131507 seconds
2021-07-18T02:58:31.564+1000: 1554.715: Total time for which application threads were stopped: 0.0013329 seconds, Stopping threads took: 0.0004476 seconds
2021-07-18T02:58:31.585+1000: 1554.736: Application time: 0.0209151 seconds
2021-07-18T02:58:31.587+1000: 1554.738: Total time for which application threads were stopped: 0.0020794 seconds, Stopping threads took: 0.0005948 seconds
2021-07-18T02:58:31.603+1000: 1554.754: Application time: 0.0163168 seconds
2021-07-18T02:58:31.606+1000: 1554.756: Total time for which application threads were stopped: 0.0021619 seconds, Stopping threads took: 0.0007346 seconds
2021-07-18T02:58:31.624+1000: 1554.774: Application time: 0.0179220 seconds
2021-07-18T02:58:31.625+1000: 1554.776: Total time for which application threads were stopped: 0.0018679 seconds, Stopping threads took: 0.0004961 seconds
2021-07-18T02:58:31.645+1000: 1554.795: Application time: 0.0191171 seconds
2021-07-18T02:58:31.646+1000: 1554.797: Total time for which application threads were stopped: 0.0017204 seconds, Stopping threads took: 0.0004585 seconds
2021-07-18T02:58:31.670+1000: 1554.821: Application time: 0.0237564 seconds
2021-07-18T02:58:31.672+1000: 1554.823: Total time for which application threads were stopped: 0.0020699 seconds, Stopping threads took: 0.0004728 seconds
2021-07-18T02:58:31.682+1000: 1554.832: Application time: 0.0095810 seconds
2021-07-18T02:58:31.683+1000: 1554.834: Total time for which application threads were stopped: 0.0013222 seconds, Stopping threads took: 0.0004494 seconds
2021-07-18T02:58:31.692+1000: 1554.842: Application time: 0.0087761 seconds
2021-07-18T02:58:31.693+1000: 1554.844: Total time for which application threads were stopped: 0.0012801 seconds, Stopping threads took: 0.0003897 seconds
2021-07-18T02:58:31.702+1000: 1554.852: Application time: 0.0086819 seconds
2021-07-18T02:58:31.720+1000: 1554.870: Total time for which application threads were stopped: 0.0180578 seconds, Stopping threads took: 0.0161850 seconds
2021-07-18T02:58:31.731+1000: 1554.881: Application time: 0.0108114 seconds
2021-07-18T02:58:31.732+1000: 1554.883: Total time for which application threads were stopped: 0.0017075 seconds, Stopping threads took: 0.0006207 seconds
2021-07-18T02:58:31.741+1000: 1554.892: Application time: 0.0086954 seconds
2021-07-18T02:58:31.743+1000: 1554.893: Total time for which application threads were stopped: 0.0014912 seconds, Stopping threads took: 0.0003935 seconds
2021-07-18T02:58:31.751+1000: 1554.902: Application time: 0.0085328 seconds
2021-07-18T02:58:31.752+1000: 1554.903: Total time for which application threads were stopped: 0.0013620 seconds, Stopping threads took: 0.0004421 seconds
2021-07-18T02:58:31.761+1000: 1554.911: Application time: 0.0081289 seconds
2021-07-18T02:58:31.762+1000: 1554.913: Total time for which application threads were stopped: 0.0015136 seconds, Stopping threads took: 0.0005981 seconds
2021-07-18T02:58:31.783+1000: 1554.934: Application time: 0.0207778 seconds
2021-07-18T02:58:31.785+1000: 1554.935: Total time for which application threads were stopped: 0.0016076 seconds, Stopping threads took: 0.0004463 seconds
2021-07-18T02:58:31.795+1000: 1554.945: Application time: 0.0100019 seconds
2021-07-18T02:58:31.796+1000: 1554.947: Total time for which application threads were stopped: 0.0015484 seconds, Stopping threads took: 0.0004198 seconds
2021-07-18T02:58:31.806+1000: 1554.957: Application time: 0.0102100 seconds
2021-07-18T02:58:31.808+1000: 1554.959: Total time for which application threads were stopped: 0.0015678 seconds, Stopping threads took: 0.0004073 seconds
2021-07-18T02:58:31.817+1000: 1554.967: Application time: 0.0087995 seconds
2021-07-18T02:58:31.819+1000: 1554.969: Total time for which application threads were stopped: 0.0017790 seconds, Stopping threads took: 0.0005715 seconds
2021-07-18T02:58:31.828+1000: 1554.979: Application time: 0.0095838 seconds
2021-07-18T02:58:31.830+1000: 1554.981: Total time for which application threads were stopped: 0.0018735 seconds, Stopping threads took: 0.0006457 seconds
2021-07-18T02:58:31.850+1000: 1555.001: Application time: 0.0201688 seconds
2021-07-18T02:58:31.851+1000: 1555.002: Total time for which application threads were stopped: 0.0012477 seconds, Stopping threads took: 0.0003475 seconds
2021-07-18T02:58:31.871+1000: 1555.022: Application time: 0.0198991 seconds
2021-07-18T02:58:31.872+1000: 1555.023: Total time for which application threads were stopped: 0.0011833 seconds, Stopping threads took: 0.0003489 seconds
2021-07-18T02:58:31.880+1000: 1555.031: Application time: 0.0074976 seconds
2021-07-18T02:58:31.881+1000: 1555.032: Total time for which application threads were stopped: 0.0011136 seconds, Stopping threads took: 0.0003020 seconds
2021-07-18T02:58:31.888+1000: 1555.039: Application time: 0.0072686 seconds
2021-07-18T02:58:31.889+1000: 1555.040: Total time for which application threads were stopped: 0.0010972 seconds, Stopping threads took: 0.0003110 seconds
2021-07-18T02:58:31.896+1000: 1555.047: Application time: 0.0066248 seconds
2021-07-18T02:58:31.898+1000: 1555.049: Total time for which application threads were stopped: 0.0017640 seconds, Stopping threads took: 0.0004589 seconds
2021-07-18T02:58:31.909+1000: 1555.059: Application time: 0.0107332 seconds
2021-07-18T02:58:31.910+1000: 1555.061: Total time for which application threads were stopped: 0.0018665 seconds, Stopping threads took: 0.0004936 seconds
2021-07-18T02:58:31.931+1000: 1555.082: Application time: 0.0209399 seconds
2021-07-18T02:58:31.933+1000: 1555.084: Total time for which application threads were stopped: 0.0018541 seconds, Stopping threads took: 0.0004804 seconds
2021-07-18T02:58:31.942+1000: 1555.093: Application time: 0.0086960 seconds
2021-07-18T02:58:31.944+1000: 1555.095: Total time for which application threads were stopped: 0.0020083 seconds, Stopping threads took: 0.0005704 seconds
2021-07-18T02:58:31.953+1000: 1555.104: Application time: 0.0092699 seconds
2021-07-18T02:58:31.955+1000: 1555.106: Total time for which application threads were stopped: 0.0016720 seconds, Stopping threads took: 0.0003420 seconds
2021-07-18T02:58:31.964+1000: 1555.115: Application time: 0.0089509 seconds
2021-07-18T02:58:31.966+1000: 1555.116: Total time for which application threads were stopped: 0.0018046 seconds, Stopping threads took: 0.0005370 seconds
2021-07-18T02:58:31.975+1000: 1555.125: Application time: 0.0088737 seconds
2021-07-18T02:58:31.976+1000: 1555.127: Total time for which application threads were stopped: 0.0017306 seconds, Stopping threads took: 0.0004894 seconds
2021-07-18T02:58:31.985+1000: 1555.136: Application time: 0.0087587 seconds
2021-07-18T02:58:31.987+1000: 1555.138: Total time for which application threads were stopped: 0.0018745 seconds, Stopping threads took: 0.0006145 seconds
2021-07-18T02:58:31.996+1000: 1555.146: Application time: 0.0086945 seconds
2021-07-18T02:58:31.998+1000: 1555.148: Total time for which application threads were stopped: 0.0020545 seconds, Stopping threads took: 0.0007562 seconds
2021-07-18T02:58:32.006+1000: 1555.157: Application time: 0.0086224 seconds
2021-07-18T02:58:32.008+1000: 1555.159: Total time for which application threads were stopped: 0.0018090 seconds, Stopping threads took: 0.0005306 seconds
2021-07-18T02:58:32.034+1000: 1555.184: Application time: 0.0255589 seconds
2021-07-18T02:58:32.036+1000: 1555.186: Total time for which application threads were stopped: 0.0018890 seconds, Stopping threads took: 0.0005771 seconds
2021-07-18T02:58:32.050+1000: 1555.201: Application time: 0.0142765 seconds
2021-07-18T02:58:32.053+1000: 1555.203: Total time for which application threads were stopped: 0.0026124 seconds, Stopping threads took: 0.0006485 seconds
2021-07-18T02:58:32.067+1000: 1555.217: Application time: 0.0142314 seconds
2021-07-18T02:58:32.069+1000: 1555.219: Total time for which application threads were stopped: 0.0019986 seconds, Stopping threads took: 0.0006899 seconds
2021-07-18T02:58:32.079+1000: 1555.230: Application time: 0.0102720 seconds
2021-07-18T02:58:32.081+1000: 1555.232: Total time for which application threads were stopped: 0.0019631 seconds, Stopping threads took: 0.0006715 seconds
2021-07-18T02:58:32.093+1000: 1555.243: Application time: 0.0114874 seconds
2021-07-18T02:58:32.095+1000: 1555.245: Total time for which application threads were stopped: 0.0019242 seconds, Stopping threads took: 0.0005991 seconds
2021-07-18T02:58:32.102+1000: 1555.252: Application time: 0.0070095 seconds
2021-07-18T02:58:32.103+1000: 1555.253: Total time for which application threads were stopped: 0.0011554 seconds, Stopping threads took: 0.0003310 seconds
2021-07-18T02:58:32.111+1000: 1555.262: Application time: 0.0082840 seconds
2021-07-18T02:58:32.112+1000: 1555.263: Total time for which application threads were stopped: 0.0010666 seconds, Stopping threads took: 0.0002889 seconds
2021-07-18T02:58:32.120+1000: 1555.270: Application time: 0.0077640 seconds
2021-07-18T02:58:32.121+1000: 1555.271: Total time for which application threads were stopped: 0.0009715 seconds, Stopping threads took: 0.0002578 seconds
2021-07-18T02:58:32.142+1000: 1555.293: Application time: 0.0214842 seconds
2021-07-18T02:58:32.144+1000: 1555.294: Total time for which application threads were stopped: 0.0012472 seconds, Stopping threads took: 0.0004163 seconds
2021-07-18T02:58:32.158+1000: 1555.308: Application time: 0.0143123 seconds
2021-07-18T02:58:32.160+1000: 1555.310: Total time for which application threads were stopped: 0.0016705 seconds, Stopping threads took: 0.0006111 seconds
2021-07-18T02:58:32.167+1000: 1555.318: Application time: 0.0076222 seconds
2021-07-18T02:58:32.168+1000: 1555.319: Total time for which application threads were stopped: 0.0010767 seconds, Stopping threads took: 0.0003662 seconds
2021-07-18T02:58:32.180+1000: 1555.331: Application time: 0.0122418 seconds
2021-07-18T02:58:32.189+1000: 1555.339: Total time for which application threads were stopped: 0.0083794 seconds, Stopping threads took: 0.0075119 seconds
2021-07-18T02:58:32.196+1000: 1555.347: Application time: 0.0074365 seconds
2021-07-18T02:58:32.197+1000: 1555.348: Total time for which application threads were stopped: 0.0010608 seconds, Stopping threads took: 0.0003071 seconds
2021-07-18T02:58:32.204+1000: 1555.355: Application time: 0.0069149 seconds
2021-07-18T02:58:32.205+1000: 1555.356: Total time for which application threads were stopped: 0.0012181 seconds, Stopping threads took: 0.0004251 seconds
2021-07-18T02:58:32.214+1000: 1555.364: Application time: 0.0082488 seconds
2021-07-18T02:58:32.216+1000: 1555.367: Total time for which application threads were stopped: 0.0027332 seconds, Stopping threads took: 0.0004285 seconds
2021-07-18T02:58:32.238+1000: 1555.389: Application time: 0.0219915 seconds
2021-07-18T02:58:32.240+1000: 1555.391: Total time for which application threads were stopped: 0.0014781 seconds, Stopping threads took: 0.0003849 seconds
2021-07-18T02:58:32.260+1000: 1555.411: Application time: 0.0202686 seconds
2021-07-18T02:58:32.262+1000: 1555.412: Total time for which application threads were stopped: 0.0015380 seconds, Stopping threads took: 0.0003697 seconds
2021-07-18T02:58:32.272+1000: 1555.423: Application time: 0.0103462 seconds
2021-07-18T02:58:32.275+1000: 1555.425: Total time for which application threads were stopped: 0.0025890 seconds, Stopping threads took: 0.0006681 seconds
2021-07-18T02:58:32.287+1000: 1555.438: Application time: 0.0127476 seconds
2021-07-18T02:58:32.290+1000: 1555.441: Total time for which application threads were stopped: 0.0026615 seconds, Stopping threads took: 0.0007256 seconds
2021-07-18T02:58:32.305+1000: 1555.456: Application time: 0.0152619 seconds
2021-07-18T02:58:32.308+1000: 1555.459: Total time for which application threads were stopped: 0.0028157 seconds, Stopping threads took: 0.0009527 seconds
2021-07-18T02:58:32.321+1000: 1555.472: Application time: 0.0131594 seconds
2021-07-18T02:58:32.324+1000: 1555.475: Total time for which application threads were stopped: 0.0026646 seconds, Stopping threads took: 0.0007713 seconds
2021-07-18T02:58:32.333+1000: 1555.484: Application time: 0.0091601 seconds
2021-07-18T02:58:32.336+1000: 1555.487: Total time for which application threads were stopped: 0.0026445 seconds, Stopping threads took: 0.0007772 seconds
2021-07-18T02:58:32.347+1000: 1555.498: Application time: 0.0110821 seconds
2021-07-18T02:58:32.349+1000: 1555.499: Total time for which application threads were stopped: 0.0017094 seconds, Stopping threads took: 0.0004820 seconds
2021-07-18T02:58:32.361+1000: 1555.512: Application time: 0.0121157 seconds
2021-07-18T02:58:32.363+1000: 1555.513: Total time for which application threads were stopped: 0.0017264 seconds, Stopping threads took: 0.0004500 seconds
2021-07-18T02:58:32.375+1000: 1555.525: Application time: 0.0119213 seconds
2021-07-18T02:58:32.376+1000: 1555.527: Total time for which application threads were stopped: 0.0017964 seconds, Stopping threads took: 0.0005503 seconds
2021-07-18T02:58:32.388+1000: 1555.539: Application time: 0.0116432 seconds
2021-07-18T02:58:32.390+1000: 1555.541: Total time for which application threads were stopped: 0.0020284 seconds, Stopping threads took: 0.0005783 seconds
2021-07-18T02:58:33.390+1000: 1556.541: Application time: 1.0003254 seconds
2021-07-18T02:58:33.391+1000: 1556.542: Total time for which application threads were stopped: 0.0011374 seconds, Stopping threads took: 0.0003373 seconds
2021-07-18T02:58:33.940+1000: 1557.090: Application time: 0.5480401 seconds
2021-07-18T02:58:33.942+1000: 1557.092: Total time for which application threads were stopped: 0.0021946 seconds, Stopping threads took: 0.0007708 seconds
2021-07-18T02:58:34.942+1000: 1558.093: Application time: 1.0005988 seconds
2021-07-18T02:58:34.944+1000: 1558.095: Total time for which application threads were stopped: 0.0017593 seconds, Stopping threads took: 0.0004106 seconds
2021-07-18T02:58:35.940+1000: 1559.090: Application time: 0.9957368 seconds
2021-07-18T02:58:35.941+1000: 1559.092: Total time for which application threads were stopped: 0.0012068 seconds, Stopping threads took: 0.0002441 seconds
2021-07-18T02:58:36.941+1000: 1560.092: Application time: 1.0002073 seconds
2021-07-18T02:58:36.942+1000: 1560.093: Total time for which application threads were stopped: 0.0010138 seconds, Stopping threads took: 0.0002453 seconds
2021-07-18T02:58:37.939+1000: 1561.090: Application time: 0.9969928 seconds
2021-07-18T02:58:37.940+1000: 1561.091: Total time for which application threads were stopped: 0.0011185 seconds, Stopping threads took: 0.0003217 seconds
2021-07-18T02:58:39.939+1000: 1563.090: Application time: 1.9990157 seconds
2021-07-18T02:58:39.941+1000: 1563.091: Total time for which application threads were stopped: 0.0013031 seconds, Stopping threads took: 0.0003265 seconds
2021-07-18T02:58:40.001+1000: 1563.151: Application time: 0.0599053 seconds
2021-07-18T02:58:40.002+1000: 1563.152: Total time for which application threads were stopped: 0.0011891 seconds, Stopping threads took: 0.0003262 seconds
2021-07-18T02:58:40.002+1000: 1563.153: Application time: 0.0003586 seconds
2021-07-18T02:58:40.024+1000: 1563.175: Total time for which application threads were stopped: 0.0222768 seconds, Stopping threads took: 0.0212744 seconds
2021-07-18T02:58:41.034+1000: 1564.184: Application time: 1.0093954 seconds
2021-07-18T02:58:41.035+1000: 1564.186: Total time for which application threads were stopped: 0.0010435 seconds, Stopping threads took: 0.0002734 seconds
2021-07-18T02:58:41.940+1000: 1565.090: Application time: 0.9047481 seconds
2021-07-18T02:58:41.941+1000: 1565.091: Total time for which application threads were stopped: 0.0011527 seconds, Stopping threads took: 0.0002549 seconds
2021-07-18T02:58:43.940+1000: 1567.090: Application time: 1.9989429 seconds
2021-07-18T02:58:43.942+1000: 1567.092: Total time for which application threads were stopped: 0.0017503 seconds, Stopping threads took: 0.0007963 seconds
2021-07-18T02:58:44.942+1000: 1568.093: Application time: 1.0004550 seconds
2021-07-18T02:58:44.943+1000: 1568.094: Total time for which application threads were stopped: 0.0012783 seconds, Stopping threads took: 0.0003838 seconds
2021-07-18T02:58:45.940+1000: 1569.090: Application time: 0.9965999 seconds
2021-07-18T02:58:45.959+1000: 1569.110: Total time for which application threads were stopped: 0.0190024 seconds, Stopping threads took: 0.0180777 seconds
2021-07-18T02:58:47.939+1000: 1571.090: Application time: 1.9805683 seconds
2021-07-18T02:58:47.941+1000: 1571.092: Total time for which application threads were stopped: 0.0017352 seconds, Stopping threads took: 0.0003821 seconds
2021-07-18T02:58:49.939+1000: 1573.090: Application time: 1.9981482 seconds
2021-07-18T02:58:49.941+1000: 1573.091: Total time for which application threads were stopped: 0.0013612 seconds, Stopping threads took: 0.0003629 seconds
2021-07-18T02:58:50.941+1000: 1574.092: Application time: 1.0004597 seconds
2021-07-18T02:58:50.942+1000: 1574.093: Total time for which application threads were stopped: 0.0013198 seconds, Stopping threads took: 0.0003122 seconds
2021-07-18T02:58:51.036+1000: 1574.186: Application time: 0.0932272 seconds
2021-07-18T02:58:51.037+1000: 1574.188: [GC (Allocation Failure) Before GC:
Statistics for BinaryTreeDictionary:
------------------------------------
Total Free Space: 4050946137
Max   Chunk Size: 4050946137
Number of Blocks: 1
Av.  Block  Size: 4050946137
Tree      Height: 1
2021-07-18T02:58:51.037+1000: 1574.188: [ParNew
Desired survivor size 858980352 bytes, new threshold 1 (max 15)
- age   1: 1297048808 bytes, 1297048808 total
: 13421824K->1677696K(15099520K), 0.4731051 secs] 72516463K->60829603K(105842304K)After GC:
Statistics for BinaryTreeDictionary:
------------------------------------
Total Free Space: 4042762366
Max   Chunk Size: 4042762366
Number of Blocks: 1
Av.  Block  Size: 4042762366
Tree      Height: 1
, 0.4734381 secs] [Times: user=6.24 sys=0.79, real=0.47 secs] 
2021-07-18T02:58:51.511+1000: 1574.661: Total time for which application threads were stopped: 0.4750263 seconds, Stopping threads took: 0.0002029 seconds
2021-07-18T02:58:51.939+1000: 1575.090: Application time: 0.4284354 seconds
2021-07-18T02:58:51.940+1000: 1575.091: Total time for which application threads were stopped: 0.0011898 seconds, Stopping threads took: 0.0002511 seconds
2021-07-18T02:58:53.939+1000: 1577.090: Application time: 1.9989189 seconds
2021-07-18T02:58:53.940+1000: 1577.091: Total time for which application threads were stopped: 0.0010510 seconds, Stopping threads took: 0.0002366 seconds
2021-07-18T02:58:55.940+1000: 1579.091: Application time: 1.9996430 seconds
2021-07-18T02:58:55.942+1000: 1579.092: Total time for which application threads were stopped: 0.0015689 seconds, Stopping threads took: 0.0003821 seconds
2021-07-18T02:58:57.940+1000: 1581.090: Application time: 1.9981375 seconds
2021-07-18T02:58:57.941+1000: 1581.091: Total time for which application threads were stopped: 0.0011376 seconds, Stopping threads took: 0.0002838 seconds
2021-07-18T02:58:59.940+1000: 1583.090: Application time: 1.9987794 seconds
2021-07-18T02:58:59.941+1000: 1583.091: Total time for which application threads were stopped: 0.0010865 seconds, Stopping threads took: 0.0002520 seconds
2021-07-18T02:59:00.941+1000: 1584.092: Application time: 1.0001894 seconds
2021-07-18T02:59:00.942+1000: 1584.093: Total time for which application threads were stopped: 0.0011625 seconds, Stopping threads took: 0.0002608 seconds
2021-07-18T02:59:01.940+1000: 1585.091: Application time: 0.9979217 seconds
2021-07-18T02:59:01.941+1000: 1585.092: Total time for which application threads were stopped: 0.0013446 seconds, Stopping threads took: 0.0003720 seconds
2021-07-18T02:59:03.939+1000: 1587.090: Application time: 1.9980505 seconds
2021-07-18T02:59:03.941+1000: 1587.091: Total time for which application threads were stopped: 0.0011744 seconds, Stopping threads took: 0.0002924 seconds
2021-07-18T02:59:04.997+1000: 1588.148: Application time: 1.0562957 seconds
2021-07-18T02:59:04.998+1000: 1588.149: Total time for which application threads were stopped: 0.0012530 seconds, Stopping threads took: 0.0003549 seconds
2021-07-18T02:59:05.939+1000: 1589.090: Application time: 0.9410321 seconds
2021-07-18T02:59:05.940+1000: 1589.091: Total time for which application threads were stopped: 0.0012418 seconds, Stopping threads took: 0.0003017 seconds
2021-07-18T02:59:07.939+1000: 1591.090: Application time: 1.9989044 seconds
2021-07-18T02:59:07.940+1000: 1591.091: Total time for which application threads were stopped: 0.0010911 seconds, Stopping threads took: 0.0002690 seconds
2021-07-18T02:59:09.939+1000: 1593.090: Application time: 1.9987077 seconds
2021-07-18T02:59:09.941+1000: 1593.092: Total time for which application threads were stopped: 0.0018018 seconds, Stopping threads took: 0.0004426 seconds
2021-07-18T02:59:11.939+1000: 1595.090: Application time: 1.9983609 seconds
2021-07-18T02:59:11.941+1000: 1595.091: Total time for which application threads were stopped: 0.0013366 seconds, Stopping threads took: 0.0002830 seconds
2021-07-18T02:59:13.940+1000: 1597.090: Application time: 1.9989234 seconds
2021-07-18T02:59:13.941+1000: 1597.091: Total time for which application threads were stopped: 0.0010935 seconds, Stopping threads took: 0.0002600 seconds
2021-07-18T02:59:15.939+1000: 1599.090: Application time: 1.9985832 seconds
2021-07-18T02:59:15.940+1000: 1599.091: Total time for which application threads were stopped: 0.0012363 seconds, Stopping threads took: 0.0003043 seconds
2021-07-18T02:59:17.939+1000: 1601.090: Application time: 1.9988354 seconds
2021-07-18T02:59:17.941+1000: 1601.091: Total time for which application threads were stopped: 0.0013177 seconds, Stopping threads took: 0.0003334 seconds
2021-07-18T02:59:19.939+1000: 1603.090: Application time: 1.9986602 seconds
2021-07-18T02:59:19.941+1000: 1603.091: Total time for which application threads were stopped: 0.0013089 seconds, Stopping threads took: 0.0002659 seconds
2021-07-18T02:59:20.941+1000: 1604.092: Application time: 1.0003149 seconds
2021-07-18T02:59:20.942+1000: 1604.093: Total time for which application threads were stopped: 0.0012220 seconds, Stopping threads took: 0.0002653 seconds
2021-07-18T02:59:21.942+1000: 1605.093: Application time: 1.0001603 seconds
2021-07-18T02:59:21.944+1000: 1605.095: Total time for which application threads were stopped: 0.0018288 seconds, Stopping threads took: 0.0004080 seconds
2021-07-18T02:59:22.048+1000: 1605.198: Application time: 0.1036914 seconds
2021-07-18T02:59:22.050+1000: 1605.200: [GC (Allocation Failure) Before GC:
Statistics for BinaryTreeDictionary:
------------------------------------
Total Free Space: 4042762366
Max   Chunk Size: 4042762366
Number of Blocks: 1
Av.  Block  Size: 4042762366
Tree      Height: 1
2021-07-18T02:59:22.050+1000: 1605.201: [ParNew
Desired survivor size 858980352 bytes, new threshold 15 (max 15)
- age   1:  657860424 bytes,  657860424 total
: 15099520K->1342386K(15099520K), 1.3572498 secs] 74251427K->61806589K(105842304K)After GC:
Statistics for BinaryTreeDictionary:
------------------------------------
Total Free Space: 3873770309
Max   Chunk Size: 3873770309
Number of Blocks: 1
Av.  Block  Size: 3873770309
Tree      Height: 1
, 1.3576890 secs] [Times: user=15.60 sys=0.70, real=1.36 secs] 
2021-07-18T02:59:23.408+1000: 1606.558: Total time for which application threads were stopped: 1.3599310 seconds, Stopping threads took: 0.0004664 seconds
2021-07-18T02:59:23.940+1000: 1607.091: Application time: 0.5323560 seconds
2021-07-18T02:59:23.941+1000: 1607.092: Total time for which application threads were stopped: 0.0010857 seconds, Stopping threads took: 0.0002552 seconds
2021-07-18T02:59:25.940+1000: 1609.090: Application time: 1.9984572 seconds
2021-07-18T02:59:25.941+1000: 1609.092: Total time for which application threads were stopped: 0.0011667 seconds, Stopping threads took: 0.0003050 seconds
2021-07-18T02:59:27.940+1000: 1611.090: Application time: 1.9986826 seconds
2021-07-18T02:59:27.941+1000: 1611.091: Total time for which application threads were stopped: 0.0011523 seconds, Stopping threads took: 0.0003202 seconds
2021-07-18T02:59:29.940+1000: 1613.091: Application time: 1.9991406 seconds
2021-07-18T02:59:29.941+1000: 1613.092: Total time for which application threads were stopped: 0.0011249 seconds, Stopping threads took: 0.0002902 seconds
2021-07-18T02:59:31.531+1000: 1614.681: Application time: 1.5897547 seconds
2021-07-18T02:59:31.534+1000: 1614.684: Total time for which application threads were stopped: 0.0027829 seconds, Stopping threads took: 0.0002784 seconds
2021-07-18T02:59:31.939+1000: 1615.090: Application time: 0.4056373 seconds
2021-07-18T02:59:31.940+1000: 1615.091: Total time for which application threads were stopped: 0.0011247 seconds, Stopping threads took: 0.0002764 seconds
2021-07-18T02:59:33.940+1000: 1617.090: Application time: 1.9992992 seconds
2021-07-18T02:59:33.942+1000: 1617.092: Total time for which application threads were stopped: 0.0021876 seconds, Stopping threads took: 0.0004851 seconds
2021-07-18T02:59:34.942+1000: 1618.093: Application time: 1.0002624 seconds
2021-07-18T02:59:34.944+1000: 1618.094: Total time for which application threads were stopped: 0.0015065 seconds, Stopping threads took: 0.0003523 seconds
2021-07-18T02:59:35.939+1000: 1619.090: Application time: 0.9957415 seconds
2021-07-18T02:59:35.941+1000: 1619.092: Total time for which application threads were stopped: 0.0017263 seconds, Stopping threads took: 0.0003807 seconds
2021-07-18T02:59:37.940+1000: 1621.091: Application time: 1.9991738 seconds
2021-07-18T02:59:37.941+1000: 1621.092: Total time for which application threads were stopped: 0.0011141 seconds, Stopping threads took: 0.0002693 seconds
2021-07-18T02:59:39.939+1000: 1623.090: Application time: 1.9977651 seconds
2021-07-18T02:59:39.940+1000: 1623.091: Total time for which application threads were stopped: 0.0011244 seconds, Stopping threads took: 0.0002641 seconds
2021-07-18T02:59:41.939+1000: 1625.090: Application time: 1.9992186 seconds
2021-07-18T02:59:41.941+1000: 1625.091: Total time for which application threads were stopped: 0.0011447 seconds, Stopping threads took: 0.0002673 seconds
2021-07-18T02:59:42.044+1000: 1625.195: Application time: 0.1033722 seconds
2021-07-18T02:59:42.047+1000: 1625.197: Total time for which application threads were stopped: 0.0027115 seconds, Stopping threads took: 0.0003074 seconds
2021-07-18T02:59:43.047+1000: 1626.198: Application time: 1.0001671 seconds
2021-07-18T02:59:43.050+1000: 1626.200: Total time for which application threads were stopped: 0.0028436 seconds, Stopping threads took: 0.0019994 seconds
2021-07-18T02:59:43.939+1000: 1627.090: Application time: 0.8893522 seconds
2021-07-18T02:59:43.941+1000: 1627.092: Total time for which application threads were stopped: 0.0020993 seconds, Stopping threads took: 0.0004455 seconds
2021-07-18T02:59:45.940+1000: 1629.090: Application time: 1.9984518 seconds
2021-07-18T02:59:45.941+1000: 1629.091: Total time for which application threads were stopped: 0.0010928 seconds, Stopping threads took: 0.0002691 seconds
2021-07-18T02:59:47.939+1000: 1631.090: Application time: 1.9987381 seconds
2021-07-18T02:59:47.943+1000: 1631.093: Total time for which application threads were stopped: 0.0033354 seconds, Stopping threads took: 0.0025290 seconds
2021-07-18T02:59:49.939+1000: 1633.090: Application time: 1.9963013 seconds
2021-07-18T02:59:49.940+1000: 1633.091: Total time for which application threads were stopped: 0.0011037 seconds, Stopping threads took: 0.0002530 seconds
2021-07-18T02:59:51.940+1000: 1635.090: Application time: 1.9993436 seconds
2021-07-18T02:59:51.941+1000: 1635.091: Total time for which application threads were stopped: 0.0011985 seconds, Stopping threads took: 0.0002594 seconds
2021-07-18T02:59:52.997+1000: 1636.147: Application time: 1.0558642 seconds
2021-07-18T02:59:52.998+1000: 1636.149: [GC (Allocation Failure) Before GC:
Statistics for BinaryTreeDictionary:
------------------------------------
Total Free Space: 3873770309
Max   Chunk Size: 3873770309
Number of Blocks: 1
Av.  Block  Size: 3873770309
Tree      Height: 1
2021-07-18T02:59:52.999+1000: 1636.149: [ParNew
Desired survivor size 858980352 bytes, new threshold 15 (max 15)
- age   1:  658110632 bytes,  658110632 total
- age   2:    1586792 bytes,  659697424 total
: 14764210K->903851K(15099520K), 0.6929206 secs] 75228413K->61368053K(105842304K)After GC:
Statistics for BinaryTreeDictionary:
------------------------------------
Total Free Space: 3873770309
Max   Chunk Size: 3873770309
Number of Blocks: 1
Av.  Block  Size: 3873770309
Tree      Height: 1
, 0.6933190 secs] [Times: user=10.65 sys=0.04, real=0.69 secs] 
2021-07-18T02:59:53.692+1000: 1636.843: Total time for which application threads were stopped: 0.6953698 seconds, Stopping threads took: 0.0002744 seconds
2021-07-18T02:59:53.940+1000: 1637.090: Application time: 0.2476553 seconds
2021-07-18T02:59:53.941+1000: 1637.092: Total time for which application threads were stopped: 0.0015028 seconds, Stopping threads took: 0.0003341 seconds
2021-07-18T02:59:54.118+1000: 1637.269: Application time: 0.1770516 seconds
2021-07-18T02:59:54.124+1000: 1637.275: Total time for which application threads were stopped: 0.0062246 seconds, Stopping threads took: 0.0002178 seconds
2021-07-18T02:59:54.158+1000: 1637.309: Application time: 0.0335914 seconds
2021-07-18T02:59:54.163+1000: 1637.314: Total time for which application threads were stopped: 0.0048971 seconds, Stopping threads took: 0.0001730 seconds
2021-07-18T02:59:54.366+1000: 1637.517: Application time: 0.2032554 seconds
2021-07-18T02:59:54.371+1000: 1637.521: Total time for which application threads were stopped: 0.0045763 seconds, Stopping threads took: 0.0005727 seconds
2021-07-18T02:59:54.595+1000: 1637.745: Application time: 0.2237211 seconds
2021-07-18T02:59:54.596+1000: 1637.746: Total time for which application threads were stopped: 0.0009848 seconds, Stopping threads took: 0.0002172 seconds
2021-07-18T02:59:54.604+1000: 1637.754: Application time: 0.0080187 seconds
2021-07-18T02:59:54.608+1000: 1637.759: Total time for which application threads were stopped: 0.0048141 seconds, Stopping threads took: 0.0001830 seconds
2021-07-18T02:59:55.005+1000: 1638.156: Application time: 0.3965205 seconds
2021-07-18T02:59:55.012+1000: 1638.162: Total time for which application threads were stopped: 0.0068155 seconds, Stopping threads took: 0.0004112 seconds
2021-07-18T02:59:55.220+1000: 1638.370: Application time: 0.2080323 seconds
2021-07-18T02:59:55.225+1000: 1638.376: Total time for which application threads were stopped: 0.0054144 seconds, Stopping threads took: 0.0001995 seconds
2021-07-18T02:59:55.921+1000: 1639.072: Application time: 0.6958593 seconds
2021-07-18T02:59:55.924+1000: 1639.074: Total time for which application threads were stopped: 0.0025776 seconds, Stopping threads took: 0.0016373 seconds
2021-07-18T02:59:55.949+1000: 1639.099: Application time: 0.0252395 seconds
2021-07-18T02:59:55.950+1000: 1639.101: Total time for which application threads were stopped: 0.0011883 seconds, Stopping threads took: 0.0002380 seconds
2021-07-18T02:59:56.034+1000: 1639.185: Application time: 0.0838644 seconds
2021-07-18T02:59:56.039+1000: 1639.189: Total time for which application threads were stopped: 0.0046252 seconds, Stopping threads took: 0.0002578 seconds
2021-07-18T02:59:56.343+1000: 1639.493: Application time: 0.3042171 seconds
2021-07-18T02:59:56.344+1000: 1639.495: Total time for which application threads were stopped: 0.0017181 seconds, Stopping threads took: 0.0002592 seconds
2021-07-18T02:59:57.276+1000: 1640.426: Application time: 0.9313977 seconds
2021-07-18T02:59:57.278+1000: 1640.429: Total time for which application threads were stopped: 0.0020817 seconds, Stopping threads took: 0.0006805 seconds
2021-07-18T02:59:57.549+1000: 1640.700: Application time: 0.2714207 seconds
2021-07-18T02:59:57.555+1000: 1640.705: Total time for which application threads were stopped: 0.0052307 seconds, Stopping threads took: 0.0010984 seconds
2021-07-18T02:59:57.940+1000: 1641.091: Application time: 0.3853971 seconds
2021-07-18T02:59:57.946+1000: 1641.096: Total time for which application threads were stopped: 0.0056919 seconds, Stopping threads took: 0.0040719 seconds
2021-07-18T02:59:58.278+1000: 1641.429: Application time: 0.3322142 seconds
2021-07-18T02:59:58.281+1000: 1641.432: Total time for which application threads were stopped: 0.0035455 seconds, Stopping threads took: 0.0005709 seconds
2021-07-18T02:59:59.282+1000: 1642.432: Application time: 1.0003101 seconds
2021-07-18T02:59:59.283+1000: 1642.434: Total time for which application threads were stopped: 0.0016412 seconds, Stopping threads took: 0.0005207 seconds
2021-07-18T02:59:59.940+1000: 1643.091: Application time: 0.6565618 seconds
2021-07-18T02:59:59.942+1000: 1643.092: Total time for which application threads were stopped: 0.0015681 seconds, Stopping threads took: 0.0006357 seconds
2021-07-18T03:00:00.942+1000: 1644.092: Application time: 1.0002076 seconds
2021-07-18T03:00:00.943+1000: 1644.094: Total time for which application threads were stopped: 0.0016746 seconds, Stopping threads took: 0.0006569 seconds
2021-07-18T03:00:01.631+1000: 1644.781: Application time: 0.6871110 seconds
2021-07-18T03:00:01.635+1000: 1644.786: Total time for which application threads were stopped: 0.0043120 seconds, Stopping threads took: 0.0034100 seconds
2021-07-18T03:00:01.638+1000: 1644.789: Application time: 0.0030682 seconds
2021-07-18T03:00:01.640+1000: 1644.790: Total time for which application threads were stopped: 0.0016232 seconds, Stopping threads took: 0.0005550 seconds
2021-07-18T03:00:01.940+1000: 1645.091: Application time: 0.3006565 seconds
2021-07-18T03:00:01.944+1000: 1645.094: Total time for which application threads were stopped: 0.0032698 seconds, Stopping threads took: 0.0017766 seconds
2021-07-18T03:00:02.944+1000: 1646.094: Application time: 1.0001976 seconds
2021-07-18T03:00:02.946+1000: 1646.096: Total time for which application threads were stopped: 0.0018138 seconds, Stopping threads took: 0.0005592 seconds
2021-07-18T03:00:03.940+1000: 1647.091: Application time: 0.9945592 seconds
2021-07-18T03:00:03.942+1000: 1647.092: Total time for which application threads were stopped: 0.0015083 seconds, Stopping threads took: 0.0005289 seconds
2021-07-18T03:00:04.942+1000: 1648.092: Application time: 1.0001977 seconds
2021-07-18T03:00:04.946+1000: 1648.096: Total time for which application threads were stopped: 0.0039172 seconds, Stopping threads took: 0.0028923 seconds
2021-07-18T03:00:05.940+1000: 1649.091: Application time: 0.9944722 seconds
2021-07-18T03:00:05.942+1000: 1649.093: Total time for which application threads were stopped: 0.0020754 seconds, Stopping threads took: 0.0007019 seconds
2021-07-18T03:00:06.943+1000: 1650.093: Application time: 1.0002071 seconds
2021-07-18T03:00:06.945+1000: 1650.095: Total time for which application threads were stopped: 0.0019954 seconds, Stopping threads took: 0.0006302 seconds
2021-07-18T03:00:07.940+1000: 1651.091: Application time: 0.9958281 seconds
2021-07-18T03:00:07.942+1000: 1651.093: Total time for which application threads were stopped: 0.0019114 seconds, Stopping threads took: 0.0005213 seconds
2021-07-18T03:00:09.505+1000: 1652.656: Application time: 1.5628718 seconds
2021-07-18T03:00:09.506+1000: 1652.657: Total time for which application threads were stopped: 0.0013416 seconds, Stopping threads took: 0.0004227 seconds
2021-07-18T03:00:09.794+1000: 1652.945: Application time: 0.2879216 seconds
2021-07-18T03:00:09.797+1000: 1652.948: Total time for which application threads were stopped: 0.0026203 seconds, Stopping threads took: 0.0012834 seconds
2021-07-18T03:00:09.938+1000: 1653.089: Application time: 0.1411928 seconds
2021-07-18T03:00:09.943+1000: 1653.094: Total time for which application threads were stopped: 0.0048984 seconds, Stopping threads took: 0.0036837 seconds
2021-07-18T03:00:09.944+1000: 1653.095: Application time: 0.0011869 seconds
2021-07-18T03:00:09.946+1000: 1653.097: Total time for which application threads were stopped: 0.0020767 seconds, Stopping threads took: 0.0010372 seconds
2021-07-18T03:00:10.001+1000: 1653.152: Application time: 0.0548386 seconds
2021-07-18T03:00:10.005+1000: 1653.155: Total time for which application threads were stopped: 0.0034365 seconds, Stopping threads took: 0.0017226 seconds
2021-07-18T03:00:10.006+1000: 1653.157: Application time: 0.0017918 seconds
2021-07-18T03:00:10.009+1000: 1653.159: Total time for which application threads were stopped: 0.0022819 seconds, Stopping threads took: 0.0006443 seconds
2021-07-18T03:00:10.010+1000: 1653.160: Application time: 0.0009421 seconds
2021-07-18T03:00:10.011+1000: 1653.162: Total time for which application threads were stopped: 0.0014225 seconds, Stopping threads took: 0.0004596 seconds
2021-07-18T03:00:10.013+1000: 1653.163: Application time: 0.0013647 seconds
2021-07-18T03:00:10.015+1000: 1653.165: Total time for which application threads were stopped: 0.0020170 seconds, Stopping threads took: 0.0006354 seconds
2021-07-18T03:00:10.015+1000: 1653.166: Application time: 0.0005014 seconds
2021-07-18T03:00:10.016+1000: 1653.167: Total time for which application threads were stopped: 0.0013420 seconds, Stopping threads took: 0.0004622 seconds
2021-07-18T03:00:10.419+1000: 1653.570: Application time: 0.4030459 seconds
2021-07-18T03:00:10.423+1000: 1653.573: Total time for which application threads were stopped: 0.0030620 seconds, Stopping threads took: 0.0013058 seconds
2021-07-18T03:00:10.443+1000: 1653.593: Application time: 0.0200714 seconds
2021-07-18T03:00:10.451+1000: 1653.602: Total time for which application threads were stopped: 0.0088046 seconds, Stopping threads took: 0.0006581 seconds
2021-07-18T03:00:11.452+1000: 1654.602: Application time: 1.0002520 seconds
2021-07-18T03:00:11.454+1000: 1654.605: Total time for which application threads were stopped: 0.0027530 seconds, Stopping threads took: 0.0007842 seconds
2021-07-18T03:00:11.940+1000: 1655.091: Application time: 0.4853977 seconds
2021-07-18T03:00:11.942+1000: 1655.093: Total time for which application threads were stopped: 0.0019773 seconds, Stopping threads took: 0.0008127 seconds
2021-07-18T03:00:12.830+1000: 1655.981: Application time: 0.8881988 seconds
2021-07-18T03:00:12.832+1000: 1655.983: [GC (Allocation Failure) Before GC:
Statistics for BinaryTreeDictionary:
------------------------------------
Total Free Space: 3873770309
Max   Chunk Size: 3873770309
Number of Blocks: 1
Av.  Block  Size: 3873770309
Tree      Height: 1
2021-07-18T03:00:12.832+1000: 1655.983: [ParNew
Desired survivor size 858980352 bytes, new threshold 1 (max 15)
- age   1: 1714316424 bytes, 1714316424 total
- age   2:    1874728 bytes, 1716191152 total
- age   3:    1569720 bytes, 1717760872 total
: 14325675K->1677696K(15099520K), 4.0153063 secs] 74789877K->64088306K(105842304K)After GC:
Statistics for BinaryTreeDictionary:
------------------------------------
Total Free Space: 3623393211
Max   Chunk Size: 3623393211
Number of Blocks: 1
Av.  Block  Size: 3623393211
Tree      Height: 1
, 4.0160057 secs] [Times: user=25.79 sys=1.52, real=4.02 secs] 
2021-07-18T03:00:16.849+1000: 1660.000: Total time for which application threads were stopped: 4.0187425 seconds, Stopping threads took: 0.0005675 seconds
2021-07-18T03:00:16.850+1000: 1660.001: Application time: 0.0014020 seconds
2021-07-18T03:00:16.853+1000: 1660.004: Total time for which application threads were stopped: 0.0027244 seconds, Stopping threads took: 0.0005162 seconds
2021-07-18T03:00:16.865+1000: 1660.016: Application time: 0.0119289 seconds
2021-07-18T03:00:16.876+1000: 1660.026: Total time for which application threads were stopped: 0.0108430 seconds, Stopping threads took: 0.0095578 seconds
2021-07-18T03:00:16.880+1000: 1660.031: Application time: 0.0044400 seconds
2021-07-18T03:00:16.887+1000: 1660.037: Total time for which application threads were stopped: 0.0065242 seconds, Stopping threads took: 0.0051447 seconds
2021-07-18T03:00:16.887+1000: 1660.038: Application time: 0.0002148 seconds
2021-07-18T03:00:16.888+1000: 1660.038: Total time for which application threads were stopped: 0.0008218 seconds, Stopping threads took: 0.0002286 seconds
2021-07-18T03:00:16.888+1000: 1660.039: Application time: 0.0001663 seconds
2021-07-18T03:00:16.889+1000: 1660.039: Total time for which application threads were stopped: 0.0008657 seconds, Stopping threads took: 0.0002568 seconds
2021-07-18T03:00:16.905+1000: 1660.056: Application time: 0.0164916 seconds
2021-07-18T03:00:16.907+1000: 1660.058: Total time for which application threads were stopped: 0.0015266 seconds, Stopping threads took: 0.0005722 seconds
2021-07-18T03:00:17.907+1000: 1661.058: Application time: 1.0003501 seconds
2021-07-18T03:00:17.912+1000: 1661.063: Total time for which application threads were stopped: 0.0052767 seconds, Stopping threads took: 0.0041205 seconds
2021-07-18T03:00:17.940+1000: 1661.091: Application time: 0.0276478 seconds
2021-07-18T03:00:17.941+1000: 1661.092: Total time for which application threads were stopped: 0.0013014 seconds, Stopping threads took: 0.0004278 seconds
2021-07-18T03:00:18.942+1000: 1662.092: Application time: 1.0002580 seconds
2021-07-18T03:00:18.944+1000: 1662.094: Total time for which application threads were stopped: 0.0020031 seconds, Stopping threads took: 0.0006733 seconds
2021-07-18T03:00:19.943+1000: 1663.094: Application time: 0.9996050 seconds
2021-07-18T03:00:19.945+1000: 1663.095: Total time for which application threads were stopped: 0.0014440 seconds, Stopping threads took: 0.0005150 seconds
2021-07-18T03:00:21.940+1000: 1665.090: Application time: 1.9950619 seconds
2021-07-18T03:00:21.941+1000: 1665.092: Total time for which application threads were stopped: 0.0012888 seconds, Stopping threads took: 0.0004205 seconds
2021-07-18T03:00:22.941+1000: 1666.092: Application time: 1.0002005 seconds
2021-07-18T03:00:22.943+1000: 1666.094: Total time for which application threads were stopped: 0.0019766 seconds, Stopping threads took: 0.0007545 seconds
2021-07-18T03:00:22.946+1000: 1666.096: Application time: 0.0024951 seconds
2021-07-18T03:00:22.947+1000: 1666.098: Total time for which application threads were stopped: 0.0014836 seconds, Stopping threads took: 0.0003851 seconds
2021-07-18T03:00:23.940+1000: 1667.091: Application time: 0.9927456 seconds
2021-07-18T03:00:23.942+1000: 1667.092: Total time for which application threads were stopped: 0.0015158 seconds, Stopping threads took: 0.0004819 seconds
2021-07-18T03:00:25.940+1000: 1669.091: Application time: 1.9984539 seconds
2021-07-18T03:00:25.942+1000: 1669.092: Total time for which application threads were stopped: 0.0016680 seconds, Stopping threads took: 0.0003754 seconds
2021-07-18T03:00:27.940+1000: 1671.091: Application time: 1.9983298 seconds
2021-07-18T03:00:27.941+1000: 1671.092: Total time for which application threads were stopped: 0.0013310 seconds, Stopping threads took: 0.0003729 seconds
2021-07-18T03:00:29.941+1000: 1673.091: Application time: 1.9991988 seconds
2021-07-18T03:00:29.943+1000: 1673.093: Total time for which application threads were stopped: 0.0022806 seconds, Stopping threads took: 0.0007564 seconds
2021-07-18T03:00:31.940+1000: 1675.090: Application time: 1.9968830 seconds
2021-07-18T03:00:31.942+1000: 1675.092: Total time for which application threads were stopped: 0.0019515 seconds, Stopping threads took: 0.0005008 seconds
2021-07-18T03:00:33.083+1000: 1676.234: Application time: 1.1415453 seconds
2021-07-18T03:00:33.084+1000: 1676.235: [GC (Allocation Failure) Before GC:
Statistics for BinaryTreeDictionary:
------------------------------------
Total Free Space: 3623393211
Max   Chunk Size: 3623393211
Number of Blocks: 1
Av.  Block  Size: 3623393211
Tree      Height: 1
2021-07-18T03:00:33.085+1000: 1676.235: [ParNew
Desired survivor size 858980352 bytes, new threshold 1 (max 15)
- age   1: 1715966808 bytes, 1715966808 total
: 15099520K->1677696K(15099520K), 3.3507703 secs] 77510130K->66920773K(105842304K)After GC:
Statistics for BinaryTreeDictionary:
------------------------------------
Total Free Space: 3257045505
Max   Chunk Size: 3257045505
Number of Blocks: 1
Av.  Block  Size: 3257045505
Tree      Height: 1
, 3.3510867 secs] [Times: user=26.52 sys=0.61, real=3.35 secs] 
2021-07-18T03:00:36.436+1000: 1679.586: Total time for which application threads were stopped: 3.3526064 seconds, Stopping threads took: 0.0002972 seconds
2021-07-18T03:00:36.437+1000: 1679.588: Application time: 0.0010904 seconds
2021-07-18T03:00:36.438+1000: 1679.589: Total time for which application threads were stopped: 0.0012686 seconds, Stopping threads took: 0.0004758 seconds
2021-07-18T03:00:36.447+1000: 1679.597: Application time: 0.0086218 seconds
2021-07-18T03:00:36.448+1000: 1679.599: Total time for which application threads were stopped: 0.0011161 seconds, Stopping threads took: 0.0003313 seconds
2021-07-18T03:00:37.942+1000: 1681.093: Application time: 1.4943666 seconds
2021-07-18T03:00:37.946+1000: 1681.097: Total time for which application threads were stopped: 0.0040939 seconds, Stopping threads took: 0.0032378 seconds
2021-07-18T03:00:39.940+1000: 1683.091: Application time: 1.9937041 seconds
2021-07-18T03:00:39.941+1000: 1683.092: Total time for which application threads were stopped: 0.0012207 seconds, Stopping threads took: 0.0003697 seconds
2021-07-18T03:00:41.940+1000: 1685.090: Application time: 1.9982854 seconds
2021-07-18T03:00:41.942+1000: 1685.093: Total time for which application threads were stopped: 0.0025649 seconds, Stopping threads took: 0.0014782 seconds
2021-07-18T03:00:42.942+1000: 1686.093: Application time: 1.0001755 seconds
2021-07-18T03:00:42.947+1000: 1686.098: Total time for which application threads were stopped: 0.0046329 seconds, Stopping threads took: 0.0036411 seconds
2021-07-18T03:00:43.939+1000: 1687.090: Application time: 0.9923924 seconds
2021-07-18T03:00:43.941+1000: 1687.091: Total time for which application threads were stopped: 0.0012071 seconds, Stopping threads took: 0.0003760 seconds
2021-07-18T03:00:45.941+1000: 1689.092: Application time: 2.0006249 seconds
2021-07-18T03:00:45.942+1000: 1689.093: Total time for which application threads were stopped: 0.0012200 seconds, Stopping threads took: 0.0003996 seconds
2021-07-18T03:00:47.940+1000: 1691.091: Application time: 1.9977904 seconds
2021-07-18T03:00:47.941+1000: 1691.092: Total time for which application threads were stopped: 0.0011712 seconds, Stopping threads took: 0.0003497 seconds
2021-07-18T03:00:49.940+1000: 1693.091: Application time: 1.9985136 seconds
2021-07-18T03:00:49.941+1000: 1693.092: Total time for which application threads were stopped: 0.0011850 seconds, Stopping threads took: 0.0003665 seconds
2021-07-18T03:00:51.941+1000: 1695.092: Application time: 1.9998252 seconds
2021-07-18T03:00:51.951+1000: 1695.102: Total time for which application threads were stopped: 0.0103284 seconds, Stopping threads took: 0.0092519 seconds
2021-07-18T03:00:52.951+1000: 1696.102: Application time: 1.0001747 seconds
2021-07-18T03:00:52.955+1000: 1696.106: Total time for which application threads were stopped: 0.0038380 seconds, Stopping threads took: 0.0029536 seconds
2021-07-18T03:00:53.944+1000: 1697.095: Application time: 0.9889733 seconds
2021-07-18T03:00:53.945+1000: 1697.096: Total time for which application threads were stopped: 0.0011803 seconds, Stopping threads took: 0.0003215 seconds
2021-07-18T03:00:55.940+1000: 1699.091: Application time: 1.9948206 seconds
2021-07-18T03:00:55.942+1000: 1699.092: Total time for which application threads were stopped: 0.0012604 seconds, Stopping threads took: 0.0003608 seconds
2021-07-18T03:00:55.988+1000: 1699.139: Application time: 0.0465619 seconds
2021-07-18T03:00:55.990+1000: 1699.140: Total time for which application threads were stopped: 0.0014484 seconds, Stopping threads took: 0.0003630 seconds
2021-07-18T03:00:57.942+1000: 1701.092: Application time: 1.9522018 seconds
2021-07-18T03:00:57.946+1000: 1701.097: Total time for which application threads were stopped: 0.0046476 seconds, Stopping threads took: 0.0034101 seconds
2021-07-18T03:00:59.940+1000: 1703.091: Application time: 1.9934650 seconds
2021-07-18T03:00:59.942+1000: 1703.092: Total time for which application threads were stopped: 0.0018346 seconds, Stopping threads took: 0.0003863 seconds
2021-07-18T03:01:01.585+1000: 1704.735: Application time: 1.6430535 seconds
2021-07-18T03:01:01.586+1000: 1704.737: [GC (Allocation Failure) Before GC:
Statistics for BinaryTreeDictionary:
------------------------------------
Total Free Space: 3257045505
Max   Chunk Size: 3257045505
Number of Blocks: 1
Av.  Block  Size: 3257045505
Tree      Height: 1
2021-07-18T03:01:01.586+1000: 1704.737: [ParNew
Desired survivor size 858980352 bytes, new threshold 1 (max 15)
- age   1: 1717333752 bytes, 1717333752 total
: 15099520K->1677696K(15099520K), 2.4894386 secs] 80342597K->69099860K(105842304K)After GC:
Statistics for BinaryTreeDictionary:
------------------------------------
Total Free Space: 2977270088
Max   Chunk Size: 2977270088
Number of Blocks: 1
Av.  Block  Size: 2977270088
Tree      Height: 1
, 2.4897452 secs] [Times: user=23.83 sys=0.51, real=2.49 secs] 
2021-07-18T03:01:04.076+1000: 1707.227: Total time for which application threads were stopped: 2.4911510 seconds, Stopping threads took: 0.0001841 seconds
2021-07-18T03:01:04.077+1000: 1707.228: Application time: 0.0012318 seconds
2021-07-18T03:01:04.078+1000: 1707.229: Total time for which application threads were stopped: 0.0012317 seconds, Stopping threads took: 0.0002721 seconds
2021-07-18T03:01:04.090+1000: 1707.241: Application time: 0.0120415 seconds
2021-07-18T03:01:04.092+1000: 1707.242: Total time for which application threads were stopped: 0.0010874 seconds, Stopping threads took: 0.0003150 seconds
2021-07-18T03:01:05.939+1000: 1709.090: Application time: 1.8477947 seconds
2021-07-18T03:01:05.942+1000: 1709.092: Total time for which application threads were stopped: 0.0023052 seconds, Stopping threads took: 0.0014736 seconds
2021-07-18T03:01:07.939+1000: 1711.090: Application time: 1.9978142 seconds
2021-07-18T03:01:07.941+1000: 1711.091: Total time for which application threads were stopped: 0.0011091 seconds, Stopping threads took: 0.0002975 seconds
2021-07-18T03:01:09.940+1000: 1713.091: Application time: 1.9994832 seconds
2021-07-18T03:01:09.941+1000: 1713.092: Total time for which application threads were stopped: 0.0012155 seconds, Stopping threads took: 0.0003056 seconds
2021-07-18T03:01:10.942+1000: 1714.092: Application time: 1.0002539 seconds
2021-07-18T03:01:10.943+1000: 1714.093: Total time for which application threads were stopped: 0.0012640 seconds, Stopping threads took: 0.0003111 seconds
2021-07-18T03:01:11.940+1000: 1715.090: Application time: 0.9969547 seconds
2021-07-18T03:01:11.941+1000: 1715.092: Total time for which application threads were stopped: 0.0011183 seconds, Stopping threads took: 0.0002644 seconds
2021-07-18T03:01:13.939+1000: 1717.090: Application time: 1.9985652 seconds
2021-07-18T03:01:13.941+1000: 1717.091: Total time for which application threads were stopped: 0.0011196 seconds, Stopping threads took: 0.0002932 seconds
2021-07-18T03:01:15.940+1000: 1719.090: Application time: 1.9992256 seconds
2021-07-18T03:01:15.941+1000: 1719.092: Total time for which application threads were stopped: 0.0011426 seconds, Stopping threads took: 0.0003364 seconds
2021-07-18T03:01:17.940+1000: 1721.090: Application time: 1.9988784 seconds
2021-07-18T03:01:17.941+1000: 1721.092: Total time for which application threads were stopped: 0.0010637 seconds, Stopping threads took: 0.0002603 seconds
2021-07-18T03:01:18.941+1000: 1722.092: Application time: 1.0001920 seconds
2021-07-18T03:01:18.942+1000: 1722.093: Total time for which application threads were stopped: 0.0013564 seconds, Stopping threads took: 0.0003043 seconds
2021-07-18T03:01:19.940+1000: 1723.090: Application time: 0.9973358 seconds
2021-07-18T03:01:19.941+1000: 1723.092: Total time for which application threads were stopped: 0.0011608 seconds, Stopping threads took: 0.0002719 seconds
2021-07-18T03:01:20.941+1000: 1724.092: Application time: 1.0002113 seconds
2021-07-18T03:01:20.942+1000: 1724.093: Total time for which application threads were stopped: 0.0012086 seconds, Stopping threads took: 0.0002650 seconds
2021-07-18T03:01:21.940+1000: 1725.090: Application time: 0.9973319 seconds
2021-07-18T03:01:21.941+1000: 1725.091: Total time for which application threads were stopped: 0.0010858 seconds, Stopping threads took: 0.0002406 seconds
2021-07-18T03:01:23.940+1000: 1727.091: Application time: 1.9993913 seconds
2021-07-18T03:01:23.942+1000: 1727.093: Total time for which application threads were stopped: 0.0017339 seconds, Stopping threads took: 0.0004144 seconds
2021-07-18T03:01:25.940+1000: 1729.091: Application time: 1.9982360 seconds
2021-07-18T03:01:25.942+1000: 1729.093: Total time for which application threads were stopped: 0.0017033 seconds, Stopping threads took: 0.0007676 seconds
2021-07-18T03:01:26.942+1000: 1730.093: Application time: 1.0002110 seconds
2021-07-18T03:01:26.944+1000: 1730.094: Total time for which application threads were stopped: 0.0014630 seconds, Stopping threads took: 0.0003990 seconds
2021-07-18T03:01:27.940+1000: 1731.090: Application time: 0.9962281 seconds
2021-07-18T03:01:27.941+1000: 1731.092: Total time for which application threads were stopped: 0.0013601 seconds, Stopping threads took: 0.0003137 seconds
2021-07-18T03:01:28.941+1000: 1732.092: Application time: 1.0001950 seconds
2021-07-18T03:01:28.943+1000: 1732.093: Total time for which application threads were stopped: 0.0014465 seconds, Stopping threads took: 0.0004072 seconds
2021-07-18T03:01:29.940+1000: 1733.090: Application time: 0.9968705 seconds
2021-07-18T03:01:29.941+1000: 1733.092: Total time for which application threads were stopped: 0.0015030 seconds, Stopping threads took: 0.0002363 seconds
2021-07-18T03:01:30.941+1000: 1734.092: Application time: 1.0001361 seconds
2021-07-18T03:01:30.943+1000: 1734.093: Total time for which application threads were stopped: 0.0011704 seconds, Stopping threads took: 0.0003321 seconds
2021-07-18T03:01:31.943+1000: 1735.093: Application time: 1.0002239 seconds
2021-07-18T03:01:31.944+1000: 1735.095: Total time for which application threads were stopped: 0.0014501 seconds, Stopping threads took: 0.0003412 seconds
2021-07-18T03:01:32.944+1000: 1736.095: Application time: 1.0001976 seconds
2021-07-18T03:01:32.946+1000: 1736.096: Total time for which application threads were stopped: 0.0012154 seconds, Stopping threads took: 0.0003963 seconds
2021-07-18T03:01:33.941+1000: 1737.092: Application time: 0.9954210 seconds
2021-07-18T03:01:33.942+1000: 1737.093: Total time for which application threads were stopped: 0.0013874 seconds, Stopping threads took: 0.0002749 seconds
2021-07-18T03:01:34.943+1000: 1738.094: Application time: 1.0005747 seconds
2021-07-18T03:01:34.945+1000: 1738.096: Total time for which application threads were stopped: 0.0018943 seconds, Stopping threads took: 0.0005746 seconds
2021-07-18T03:01:35.940+1000: 1739.091: Application time: 0.9952624 seconds
2021-07-18T03:01:35.942+1000: 1739.092: Total time for which application threads were stopped: 0.0013536 seconds, Stopping threads took: 0.0004700 seconds
2021-07-18T03:01:37.940+1000: 1741.091: Application time: 1.9984452 seconds
2021-07-18T03:01:37.941+1000: 1741.092: Total time for which application threads were stopped: 0.0010756 seconds, Stopping threads took: 0.0002635 seconds
2021-07-18T03:01:39.940+1000: 1743.091: Application time: 1.9992953 seconds
2021-07-18T03:01:39.942+1000: 1743.092: Total time for which application threads were stopped: 0.0012526 seconds, Stopping threads took: 0.0003424 seconds
2021-07-18T03:01:40.942+1000: 1744.092: Application time: 1.0001998 seconds
2021-07-18T03:01:40.947+1000: 1744.097: Total time for which application threads were stopped: 0.0048055 seconds, Stopping threads took: 0.0038126 seconds
2021-07-18T03:01:41.939+1000: 1745.090: Application time: 0.9928576 seconds
2021-07-18T03:01:41.941+1000: 1745.091: Total time for which application threads were stopped: 0.0011533 seconds, Stopping threads took: 0.0002887 seconds
2021-07-18T03:01:43.940+1000: 1747.090: Application time: 1.9989321 seconds
2021-07-18T03:01:43.941+1000: 1747.092: Total time for which application threads were stopped: 0.0013266 seconds, Stopping threads took: 0.0002964 seconds
2021-07-18T03:01:44.941+1000: 1748.092: Application time: 1.0002067 seconds
2021-07-18T03:01:44.942+1000: 1748.093: Total time for which application threads were stopped: 0.0013238 seconds, Stopping threads took: 0.0002950 seconds
2021-07-18T03:01:45.940+1000: 1749.091: Application time: 0.9977497 seconds
2021-07-18T03:01:45.942+1000: 1749.093: Total time for which application threads were stopped: 0.0021815 seconds, Stopping threads took: 0.0009793 seconds
2021-07-18T03:01:45.993+1000: 1749.143: Application time: 0.0501926 seconds
2021-07-18T03:01:45.999+1000: 1749.149: Total time for which application threads were stopped: 0.0062031 seconds, Stopping threads took: 0.0049705 seconds
2021-07-18T03:01:46.001+1000: 1749.152: Application time: 0.0020978 seconds
2021-07-18T03:01:46.007+1000: 1749.157: Total time for which application threads were stopped: 0.0058603 seconds, Stopping threads took: 0.0046623 seconds
2021-07-18T03:01:46.008+1000: 1749.159: Application time: 0.0016538 seconds
2021-07-18T03:01:46.012+1000: 1749.163: Total time for which application threads were stopped: 0.0034103 seconds, Stopping threads took: 0.0022325 seconds
2021-07-18T03:01:46.016+1000: 1749.167: Application time: 0.0044542 seconds
2021-07-18T03:01:46.021+1000: 1749.171: Total time for which application threads were stopped: 0.0042543 seconds, Stopping threads took: 0.0031241 seconds
2021-07-18T03:01:46.080+1000: 1749.231: Application time: 0.0593628 seconds
2021-07-18T03:01:46.081+1000: 1749.232: Total time for which application threads were stopped: 0.0013364 seconds, Stopping threads took: 0.0002417 seconds
2021-07-18T03:01:46.092+1000: 1749.242: Application time: 0.0103581 seconds
2021-07-18T03:01:46.103+1000: 1749.254: Total time for which application threads were stopped: 0.0116672 seconds, Stopping threads took: 0.0106995 seconds
2021-07-18T03:01:46.217+1000: 1749.368: Application time: 0.1141179 seconds
2021-07-18T03:01:46.219+1000: 1749.370: Total time for which application threads were stopped: 0.0014321 seconds, Stopping threads took: 0.0002730 seconds
2021-07-18T03:01:46.224+1000: 1749.375: Application time: 0.0055665 seconds
2021-07-18T03:01:46.225+1000: 1749.376: Total time for which application threads were stopped: 0.0009061 seconds, Stopping threads took: 0.0001571 seconds
2021-07-18T03:01:46.239+1000: 1749.389: Application time: 0.0134387 seconds
2021-07-18T03:01:46.240+1000: 1749.391: Total time for which application threads were stopped: 0.0011642 seconds, Stopping threads took: 0.0003476 seconds
2021-07-18T03:01:46.241+1000: 1749.391: Application time: 0.0005718 seconds
2021-07-18T03:01:46.241+1000: 1749.392: Total time for which application threads were stopped: 0.0004973 seconds, Stopping threads took: 0.0001171 seconds
2021-07-18T03:01:46.241+1000: 1749.392: Application time: 0.0001554 seconds
2021-07-18T03:01:46.242+1000: 1749.392: Total time for which application threads were stopped: 0.0005342 seconds, Stopping threads took: 0.0000805 seconds
2021-07-18T03:01:46.242+1000: 1749.393: Application time: 0.0001460 seconds
2021-07-18T03:01:46.243+1000: 1749.394: Total time for which application threads were stopped: 0.0014092 seconds, Stopping threads took: 0.0008531 seconds
2021-07-18T03:01:46.261+1000: 1749.412: Application time: 0.0179476 seconds
2021-07-18T03:01:46.263+1000: 1749.414: Total time for which application threads were stopped: 0.0021034 seconds, Stopping threads took: 0.0010260 seconds
2021-07-18T03:01:46.267+1000: 1749.418: Application time: 0.0036606 seconds
2021-07-18T03:01:46.268+1000: 1749.419: Total time for which application threads were stopped: 0.0012220 seconds, Stopping threads took: 0.0002752 seconds
2021-07-18T03:01:46.269+1000: 1749.419: Application time: 0.0003821 seconds
2021-07-18T03:01:46.270+1000: 1749.420: Total time for which application threads were stopped: 0.0008232 seconds, Stopping threads took: 0.0002742 seconds
2021-07-18T03:01:46.270+1000: 1749.420: Application time: 0.0002785 seconds
2021-07-18T03:01:46.271+1000: 1749.421: Total time for which application threads were stopped: 0.0009243 seconds, Stopping threads took: 0.0003752 seconds
2021-07-18T03:01:46.271+1000: 1749.422: Application time: 0.0002574 seconds
2021-07-18T03:01:46.272+1000: 1749.423: Total time for which application threads were stopped: 0.0009005 seconds, Stopping threads took: 0.0003588 seconds
2021-07-18T03:01:46.272+1000: 1749.423: Application time: 0.0001910 seconds
2021-07-18T03:01:46.273+1000: 1749.424: Total time for which application threads were stopped: 0.0008236 seconds, Stopping threads took: 0.0003122 seconds
2021-07-18T03:01:46.273+1000: 1749.424: Application time: 0.0001965 seconds
2021-07-18T03:01:46.274+1000: 1749.425: Total time for which application threads were stopped: 0.0007538 seconds, Stopping threads took: 0.0002045 seconds
2021-07-18T03:01:46.274+1000: 1749.425: Application time: 0.0002500 seconds
2021-07-18T03:01:46.275+1000: 1749.425: Total time for which application threads were stopped: 0.0005660 seconds, Stopping threads took: 0.0000988 seconds
2021-07-18T03:01:46.275+1000: 1749.426: Application time: 0.0004944 seconds
2021-07-18T03:01:46.276+1000: 1749.426: Total time for which application threads were stopped: 0.0005581 seconds, Stopping threads took: 0.0000730 seconds
2021-07-18T03:01:46.277+1000: 1749.427: Application time: 0.0008043 seconds
2021-07-18T03:01:46.277+1000: 1749.428: Total time for which application threads were stopped: 0.0007714 seconds, Stopping threads took: 0.0002241 seconds
2021-07-18T03:01:46.279+1000: 1749.429: Application time: 0.0014244 seconds
2021-07-18T03:01:46.280+1000: 1749.430: Total time for which application threads were stopped: 0.0008867 seconds, Stopping threads took: 0.0002788 seconds
2021-07-18T03:01:46.280+1000: 1749.431: Application time: 0.0001939 seconds
2021-07-18T03:01:46.281+1000: 1749.431: Total time for which application threads were stopped: 0.0006362 seconds, Stopping threads took: 0.0001390 seconds
2021-07-18T03:01:46.281+1000: 1749.431: Application time: 0.0001639 seconds
2021-07-18T03:01:46.281+1000: 1749.432: Total time for which application threads were stopped: 0.0006060 seconds, Stopping threads took: 0.0001192 seconds
2021-07-18T03:01:46.282+1000: 1749.432: Application time: 0.0002745 seconds
2021-07-18T03:01:46.282+1000: 1749.433: Total time for which application threads were stopped: 0.0005664 seconds, Stopping threads took: 0.0000832 seconds
2021-07-18T03:01:46.283+1000: 1749.434: Application time: 0.0008465 seconds
2021-07-18T03:01:46.285+1000: 1749.436: Total time for which application threads were stopped: 0.0019381 seconds, Stopping threads took: 0.0013293 seconds
2021-07-18T03:01:46.285+1000: 1749.436: Application time: 0.0001754 seconds
2021-07-18T03:01:46.289+1000: 1749.440: Total time for which application threads were stopped: 0.0038692 seconds, Stopping threads took: 0.0001883 seconds
2021-07-18T03:01:46.290+1000: 1749.441: Application time: 0.0009400 seconds
2021-07-18T03:01:46.291+1000: 1749.442: Total time for which application threads were stopped: 0.0010750 seconds, Stopping threads took: 0.0002285 seconds
2021-07-18T03:01:46.298+1000: 1749.449: Application time: 0.0068390 seconds
2021-07-18T03:01:46.300+1000: 1749.451: Total time for which application threads were stopped: 0.0025231 seconds, Stopping threads took: 0.0015287 seconds
2021-07-18T03:01:46.301+1000: 1749.452: Application time: 0.0004519 seconds
2021-07-18T03:01:46.301+1000: 1749.452: Total time for which application threads were stopped: 0.0005930 seconds, Stopping threads took: 0.0000786 seconds
2021-07-18T03:01:46.302+1000: 1749.452: Application time: 0.0003572 seconds
2021-07-18T03:01:46.303+1000: 1749.453: Total time for which application threads were stopped: 0.0008997 seconds, Stopping threads took: 0.0004048 seconds
2021-07-18T03:01:46.303+1000: 1749.454: Application time: 0.0002601 seconds
2021-07-18T03:01:46.304+1000: 1749.455: Total time for which application threads were stopped: 0.0011381 seconds, Stopping threads took: 0.0006451 seconds
2021-07-18T03:01:46.304+1000: 1749.455: Application time: 0.0002859 seconds
2021-07-18T03:01:46.306+1000: 1749.456: Total time for which application threads were stopped: 0.0011766 seconds, Stopping threads took: 0.0006048 seconds
2021-07-18T03:01:46.306+1000: 1749.456: Application time: 0.0002307 seconds
2021-07-18T03:01:46.308+1000: 1749.458: Total time for which application threads were stopped: 0.0020174 seconds, Stopping threads took: 0.0014105 seconds
2021-07-18T03:01:46.308+1000: 1749.459: Application time: 0.0003602 seconds
2021-07-18T03:01:46.309+1000: 1749.459: Total time for which application threads were stopped: 0.0006482 seconds, Stopping threads took: 0.0000722 seconds
2021-07-18T03:01:46.311+1000: 1749.462: Application time: 0.0022358 seconds
2021-07-18T03:01:46.314+1000: 1749.465: Total time for which application threads were stopped: 0.0029435 seconds, Stopping threads took: 0.0020174 seconds
2021-07-18T03:01:46.315+1000: 1749.465: Application time: 0.0006143 seconds
2021-07-18T03:01:46.319+1000: 1749.469: Total time for which application threads were stopped: 0.0038326 seconds, Stopping threads took: 0.0001887 seconds
2021-07-18T03:01:46.321+1000: 1749.472: Application time: 0.0025647 seconds
2021-07-18T03:01:46.323+1000: 1749.474: Total time for which application threads were stopped: 0.0022333 seconds, Stopping threads took: 0.0012460 seconds
2021-07-18T03:01:46.325+1000: 1749.475: Application time: 0.0013166 seconds
2021-07-18T03:01:46.327+1000: 1749.477: Total time for which application threads were stopped: 0.0019060 seconds, Stopping threads took: 0.0011262 seconds
2021-07-18T03:01:46.327+1000: 1749.478: Application time: 0.0005184 seconds
2021-07-18T03:01:46.328+1000: 1749.479: Total time for which application threads were stopped: 0.0011661 seconds, Stopping threads took: 0.0006625 seconds
2021-07-18T03:01:46.328+1000: 1749.479: Application time: 0.0001382 seconds
2021-07-18T03:01:46.329+1000: 1749.480: Total time for which application threads were stopped: 0.0006448 seconds, Stopping threads took: 0.0002085 seconds
2021-07-18T03:01:46.329+1000: 1749.480: Application time: 0.0004323 seconds
2021-07-18T03:01:46.332+1000: 1749.482: Total time for which application threads were stopped: 0.0022411 seconds, Stopping threads took: 0.0016923 seconds
2021-07-18T03:01:46.332+1000: 1749.483: Application time: 0.0003341 seconds
2021-07-18T03:01:46.333+1000: 1749.484: Total time for which application threads were stopped: 0.0009034 seconds, Stopping threads took: 0.0003969 seconds
2021-07-18T03:01:46.333+1000: 1749.484: Application time: 0.0002729 seconds
2021-07-18T03:01:46.334+1000: 1749.485: Total time for which application threads were stopped: 0.0006918 seconds, Stopping threads took: 0.0002399 seconds
2021-07-18T03:01:46.335+1000: 1749.486: Application time: 0.0014825 seconds
2021-07-18T03:01:46.336+1000: 1749.487: Total time for which application threads were stopped: 0.0008526 seconds, Stopping threads took: 0.0003531 seconds
2021-07-18T03:01:46.339+1000: 1749.490: Application time: 0.0027252 seconds
2021-07-18T03:01:46.340+1000: 1749.491: Total time for which application threads were stopped: 0.0013355 seconds, Stopping threads took: 0.0007051 seconds
2021-07-18T03:01:46.345+1000: 1749.496: Application time: 0.0048230 seconds
2021-07-18T03:01:46.347+1000: 1749.498: Total time for which application threads were stopped: 0.0019401 seconds, Stopping threads took: 0.0011492 seconds
2021-07-18T03:01:46.347+1000: 1749.498: Application time: 0.0003545 seconds
2021-07-18T03:01:46.349+1000: 1749.499: Total time for which application threads were stopped: 0.0010708 seconds, Stopping threads took: 0.0006183 seconds
2021-07-18T03:01:46.349+1000: 1749.499: Application time: 0.0002657 seconds
2021-07-18T03:01:46.349+1000: 1749.500: Total time for which application threads were stopped: 0.0005639 seconds, Stopping threads took: 0.0002208 seconds
2021-07-18T03:01:46.352+1000: 1749.502: Application time: 0.0021511 seconds
2021-07-18T03:01:46.352+1000: 1749.503: Total time for which application threads were stopped: 0.0009138 seconds, Stopping threads took: 0.0003547 seconds
2021-07-18T03:01:46.353+1000: 1749.503: Application time: 0.0002480 seconds
2021-07-18T03:01:46.353+1000: 1749.504: Total time for which application threads were stopped: 0.0007493 seconds, Stopping threads took: 0.0003261 seconds
2021-07-18T03:01:46.354+1000: 1749.504: Application time: 0.0003233 seconds
2021-07-18T03:01:46.354+1000: 1749.505: Total time for which application threads were stopped: 0.0004258 seconds, Stopping threads took: 0.0000670 seconds
2021-07-18T03:01:46.355+1000: 1749.506: Application time: 0.0007569 seconds
2021-07-18T03:01:46.355+1000: 1749.506: Total time for which application threads were stopped: 0.0004764 seconds, Stopping threads took: 0.0001106 seconds
2021-07-18T03:01:46.356+1000: 1749.506: Application time: 0.0001597 seconds
2021-07-18T03:01:46.356+1000: 1749.507: Total time for which application threads were stopped: 0.0005837 seconds, Stopping threads took: 0.0002175 seconds
2021-07-18T03:01:46.356+1000: 1749.507: Application time: 0.0001280 seconds
2021-07-18T03:01:46.357+1000: 1749.507: Total time for which application threads were stopped: 0.0004148 seconds, Stopping threads took: 0.0000800 seconds
2021-07-18T03:01:46.357+1000: 1749.508: Application time: 0.0001379 seconds
2021-07-18T03:01:46.358+1000: 1749.508: Total time for which application threads were stopped: 0.0007904 seconds, Stopping threads took: 0.0002401 seconds
2021-07-18T03:01:46.365+1000: 1749.515: Application time: 0.0069863 seconds
2021-07-18T03:01:46.366+1000: 1749.517: Total time for which application threads were stopped: 0.0015119 seconds, Stopping threads took: 0.0005598 seconds
2021-07-18T03:01:46.367+1000: 1749.517: Application time: 0.0003708 seconds
2021-07-18T03:01:46.367+1000: 1749.518: Total time for which application threads were stopped: 0.0006901 seconds, Stopping threads took: 0.0001104 seconds
2021-07-18T03:01:46.368+1000: 1749.518: Application time: 0.0002481 seconds
2021-07-18T03:01:46.369+1000: 1749.519: Total time for which application threads were stopped: 0.0010784 seconds, Stopping threads took: 0.0007277 seconds
2021-07-18T03:01:46.369+1000: 1749.519: Application time: 0.0002050 seconds
2021-07-18T03:01:46.369+1000: 1749.520: Total time for which application threads were stopped: 0.0004362 seconds, Stopping threads took: 0.0000739 seconds
2021-07-18T03:01:46.370+1000: 1749.520: Application time: 0.0003326 seconds
2021-07-18T03:01:46.371+1000: 1749.521: Total time for which application threads were stopped: 0.0011922 seconds, Stopping threads took: 0.0008292 seconds
2021-07-18T03:01:46.371+1000: 1749.522: Application time: 0.0003216 seconds
2021-07-18T03:01:46.372+1000: 1749.523: Total time for which application threads were stopped: 0.0008247 seconds, Stopping threads took: 0.0004683 seconds
2021-07-18T03:01:46.372+1000: 1749.523: Application time: 0.0003490 seconds
2021-07-18T03:01:46.373+1000: 1749.523: Total time for which application threads were stopped: 0.0004800 seconds, Stopping threads took: 0.0001433 seconds
2021-07-18T03:01:46.373+1000: 1749.524: Application time: 0.0001742 seconds
2021-07-18T03:01:46.373+1000: 1749.524: Total time for which application threads were stopped: 0.0004091 seconds, Stopping threads took: 0.0000589 seconds
2021-07-18T03:01:46.374+1000: 1749.524: Application time: 0.0001989 seconds
2021-07-18T03:01:46.377+1000: 1749.527: Total time for which application threads were stopped: 0.0031834 seconds, Stopping threads took: 0.0010444 seconds
2021-07-18T03:01:46.378+1000: 1749.528: Application time: 0.0009697 seconds
2021-07-18T03:01:46.379+1000: 1749.530: Total time for which application threads were stopped: 0.0012723 seconds, Stopping threads took: 0.0008078 seconds
2021-07-18T03:01:46.379+1000: 1749.530: Application time: 0.0001938 seconds
2021-07-18T03:01:46.380+1000: 1749.530: Total time for which application threads were stopped: 0.0005262 seconds, Stopping threads took: 0.0001641 seconds
2021-07-18T03:01:46.380+1000: 1749.531: Application time: 0.0001842 seconds
2021-07-18T03:01:46.380+1000: 1749.531: Total time for which application threads were stopped: 0.0005504 seconds, Stopping threads took: 0.0001288 seconds
2021-07-18T03:01:46.381+1000: 1749.531: Application time: 0.0001332 seconds
2021-07-18T03:01:46.381+1000: 1749.532: Total time for which application threads were stopped: 0.0006759 seconds, Stopping threads took: 0.0002115 seconds
2021-07-18T03:01:46.401+1000: 1749.552: Application time: 0.0197719 seconds
2021-07-18T03:01:46.406+1000: 1749.556: Total time for which application threads were stopped: 0.0047835 seconds, Stopping threads took: 0.0014228 seconds
2021-07-18T03:01:46.653+1000: 1749.803: Application time: 0.2468431 seconds
2021-07-18T03:01:46.655+1000: 1749.805: Total time for which application threads were stopped: 0.0019870 seconds, Stopping threads took: 0.0011083 seconds
2021-07-18T03:01:46.793+1000: 1749.943: Application time: 0.1380171 seconds
2021-07-18T03:01:46.794+1000: 1749.945: Total time for which application threads were stopped: 0.0012643 seconds, Stopping threads took: 0.0003121 seconds
2021-07-18T03:01:47.307+1000: 1750.458: Application time: 0.5130261 seconds
2021-07-18T03:01:47.309+1000: 1750.459: Total time for which application threads were stopped: 0.0016378 seconds, Stopping threads took: 0.0003729 seconds
2021-07-18T03:01:47.940+1000: 1751.091: Application time: 0.6313425 seconds
2021-07-18T03:01:47.942+1000: 1751.092: Total time for which application threads were stopped: 0.0017971 seconds, Stopping threads took: 0.0005896 seconds
2021-07-18T03:01:48.270+1000: 1751.420: Application time: 0.3277887 seconds
2021-07-18T03:01:48.275+1000: 1751.426: Total time for which application threads were stopped: 0.0055455 seconds, Stopping threads took: 0.0042716 seconds
2021-07-18T03:01:48.282+1000: 1751.432: Application time: 0.0064520 seconds
2021-07-18T03:01:48.288+1000: 1751.438: Total time for which application threads were stopped: 0.0060233 seconds, Stopping threads took: 0.0050131 seconds
2021-07-18T03:01:48.292+1000: 1751.443: Application time: 0.0043692 seconds
2021-07-18T03:01:48.294+1000: 1751.444: Total time for which application threads were stopped: 0.0017215 seconds, Stopping threads took: 0.0005610 seconds
2021-07-18T03:01:48.294+1000: 1751.445: Application time: 0.0003435 seconds
2021-07-18T03:01:48.295+1000: 1751.446: Total time for which application threads were stopped: 0.0011131 seconds, Stopping threads took: 0.0004812 seconds
2021-07-18T03:01:48.315+1000: 1751.466: Application time: 0.0201086 seconds
2021-07-18T03:01:48.317+1000: 1751.467: Total time for which application threads were stopped: 0.0013413 seconds, Stopping threads took: 0.0002501 seconds
2021-07-18T03:01:48.655+1000: 1751.806: Application time: 0.3387952 seconds
2021-07-18T03:01:48.657+1000: 1751.808: Total time for which application threads were stopped: 0.0014666 seconds, Stopping threads took: 0.0005553 seconds
2021-07-18T03:01:48.657+1000: 1751.808: Application time: 0.0002345 seconds
2021-07-18T03:01:48.658+1000: 1751.809: Total time for which application threads were stopped: 0.0007323 seconds, Stopping threads took: 0.0002508 seconds
2021-07-18T03:01:48.662+1000: 1751.813: Application time: 0.0045338 seconds
2021-07-18T03:01:48.664+1000: 1751.815: Total time for which application threads were stopped: 0.0015018 seconds, Stopping threads took: 0.0005072 seconds
2021-07-18T03:01:48.664+1000: 1751.815: Application time: 0.0005197 seconds
2021-07-18T03:01:48.665+1000: 1751.816: Total time for which application threads were stopped: 0.0009027 seconds, Stopping threads took: 0.0003763 seconds
2021-07-18T03:01:48.666+1000: 1751.817: Application time: 0.0009271 seconds
2021-07-18T03:01:48.667+1000: 1751.818: Total time for which application threads were stopped: 0.0010663 seconds, Stopping threads took: 0.0005281 seconds
2021-07-18T03:01:48.668+1000: 1751.819: Application time: 0.0006945 seconds
2021-07-18T03:01:48.669+1000: 1751.820: Total time for which application threads were stopped: 0.0010159 seconds, Stopping threads took: 0.0003984 seconds
2021-07-18T03:01:48.671+1000: 1751.821: Application time: 0.0015344 seconds
2021-07-18T03:01:48.671+1000: 1751.822: Total time for which application threads were stopped: 0.0008360 seconds, Stopping threads took: 0.0003127 seconds
2021-07-18T03:01:48.685+1000: 1751.836: Application time: 0.0138409 seconds
2021-07-18T03:01:48.687+1000: 1751.838: Total time for which application threads were stopped: 0.0018430 seconds, Stopping threads took: 0.0007897 seconds
2021-07-18T03:01:48.688+1000: 1751.839: Application time: 0.0007686 seconds
2021-07-18T03:01:48.695+1000: 1751.845: Total time for which application threads were stopped: 0.0068933 seconds, Stopping threads took: 0.0057036 seconds
2021-07-18T03:01:48.695+1000: 1751.846: Application time: 0.0004133 seconds
2021-07-18T03:01:48.696+1000: 1751.847: Total time for which application threads were stopped: 0.0006653 seconds, Stopping threads took: 0.0001049 seconds
2021-07-18T03:01:48.697+1000: 1751.847: Application time: 0.0009171 seconds
2021-07-18T03:01:48.698+1000: 1751.848: Total time for which application threads were stopped: 0.0008535 seconds, Stopping threads took: 0.0001149 seconds
2021-07-18T03:01:48.698+1000: 1751.849: Application time: 0.0005516 seconds
2021-07-18T03:01:48.699+1000: 1751.850: Total time for which application threads were stopped: 0.0006578 seconds, Stopping threads took: 0.0000943 seconds
2021-07-18T03:01:48.702+1000: 1751.853: Application time: 0.0032475 seconds
2021-07-18T03:01:48.703+1000: 1751.854: Total time for which application threads were stopped: 0.0012769 seconds, Stopping threads took: 0.0003200 seconds
2021-07-18T03:01:49.123+1000: 1752.273: Application time: 0.4191545 seconds
2021-07-18T03:01:49.124+1000: 1752.275: Total time for which application threads were stopped: 0.0017898 seconds, Stopping threads took: 0.0005636 seconds
2021-07-18T03:01:49.125+1000: 1752.276: Application time: 0.0008293 seconds
2021-07-18T03:01:49.126+1000: 1752.277: Total time for which application threads were stopped: 0.0007166 seconds, Stopping threads took: 0.0001251 seconds
2021-07-18T03:01:49.126+1000: 1752.277: Application time: 0.0002874 seconds
2021-07-18T03:01:49.127+1000: 1752.277: Total time for which application threads were stopped: 0.0004815 seconds, Stopping threads took: 0.0000854 seconds
2021-07-18T03:01:49.251+1000: 1752.402: Application time: 0.1246056 seconds
2021-07-18T03:01:49.253+1000: 1752.403: Total time for which application threads were stopped: 0.0012642 seconds, Stopping threads took: 0.0003047 seconds
2021-07-18T03:01:49.253+1000: 1752.404: Application time: 0.0008770 seconds
2021-07-18T03:01:49.254+1000: 1752.405: Total time for which application threads were stopped: 0.0010046 seconds, Stopping threads took: 0.0004349 seconds
2021-07-18T03:01:49.263+1000: 1752.413: Application time: 0.0082004 seconds
2021-07-18T03:01:49.280+1000: 1752.430: Total time for which application threads were stopped: 0.0169700 seconds, Stopping threads took: 0.0159743 seconds
2021-07-18T03:01:49.297+1000: 1752.447: Application time: 0.0170839 seconds
2021-07-18T03:01:49.302+1000: 1752.452: Total time for which application threads were stopped: 0.0050653 seconds, Stopping threads took: 0.0039373 seconds
2021-07-18T03:01:49.475+1000: 1752.626: Application time: 0.1736949 seconds
2021-07-18T03:01:49.478+1000: 1752.628: Total time for which application threads were stopped: 0.0021086 seconds, Stopping threads took: 0.0009254 seconds
2021-07-18T03:01:49.509+1000: 1752.659: Application time: 0.0309426 seconds
2021-07-18T03:01:49.510+1000: 1752.661: Total time for which application threads were stopped: 0.0019050 seconds, Stopping threads took: 0.0003627 seconds
2021-07-18T03:01:49.512+1000: 1752.663: Application time: 0.0015635 seconds
2021-07-18T03:01:49.513+1000: 1752.664: Total time for which application threads were stopped: 0.0012097 seconds, Stopping threads took: 0.0003090 seconds
2021-07-18T03:01:49.516+1000: 1752.667: Application time: 0.0030358 seconds
2021-07-18T03:01:49.527+1000: 1752.678: Total time for which application threads were stopped: 0.0110362 seconds, Stopping threads took: 0.0098914 seconds
2021-07-18T03:01:49.604+1000: 1752.755: Application time: 0.0766808 seconds
2021-07-18T03:01:49.605+1000: 1752.756: Total time for which application threads were stopped: 0.0011640 seconds, Stopping threads took: 0.0002720 seconds
2021-07-18T03:01:49.624+1000: 1752.775: Application time: 0.0190810 seconds
2021-07-18T03:01:49.626+1000: 1752.777: Total time for which application threads were stopped: 0.0018737 seconds, Stopping threads took: 0.0009313 seconds
2021-07-18T03:01:49.630+1000: 1752.781: Application time: 0.0041298 seconds
2021-07-18T03:01:49.634+1000: 1752.785: Total time for which application threads were stopped: 0.0038337 seconds, Stopping threads took: 0.0014369 seconds
2021-07-18T03:01:49.635+1000: 1752.786: Application time: 0.0013107 seconds
2021-07-18T03:01:49.637+1000: 1752.787: Total time for which application threads were stopped: 0.0011416 seconds, Stopping threads took: 0.0002254 seconds
2021-07-18T03:01:49.663+1000: 1752.813: Application time: 0.0262598 seconds
2021-07-18T03:01:49.665+1000: 1752.815: Total time for which application threads were stopped: 0.0017153 seconds, Stopping threads took: 0.0007855 seconds
2021-07-18T03:01:49.672+1000: 1752.822: Application time: 0.0072822 seconds
2021-07-18T03:01:49.677+1000: 1752.828: Total time for which application threads were stopped: 0.0053086 seconds, Stopping threads took: 0.0041987 seconds
2021-07-18T03:01:49.749+1000: 1752.900: Application time: 0.0718388 seconds
2021-07-18T03:01:49.760+1000: 1752.910: Total time for which application threads were stopped: 0.0108431 seconds, Stopping threads took: 0.0095822 seconds
2021-07-18T03:01:49.761+1000: 1752.912: Application time: 0.0012546 seconds
2021-07-18T03:01:49.762+1000: 1752.913: Total time for which application threads were stopped: 0.0008920 seconds, Stopping threads took: 0.0002404 seconds
2021-07-18T03:01:49.764+1000: 1752.915: Application time: 0.0023768 seconds
2021-07-18T03:01:49.766+1000: 1752.917: Total time for which application threads were stopped: 0.0016337 seconds, Stopping threads took: 0.0006564 seconds
2021-07-18T03:01:49.781+1000: 1752.931: Application time: 0.0145035 seconds
2021-07-18T03:01:49.782+1000: 1752.933: Total time for which application threads were stopped: 0.0014956 seconds, Stopping threads took: 0.0004494 seconds
2021-07-18T03:01:49.807+1000: 1752.957: Application time: 0.0247714 seconds
2021-07-18T03:01:49.822+1000: 1752.972: Total time for which application threads were stopped: 0.0150291 seconds, Stopping threads took: 0.0014297 seconds
2021-07-18T03:01:49.839+1000: 1752.990: Application time: 0.0175195 seconds
2021-07-18T03:01:49.841+1000: 1752.992: Total time for which application threads were stopped: 0.0017715 seconds, Stopping threads took: 0.0007060 seconds
2021-07-18T03:01:49.853+1000: 1753.004: Application time: 0.0118012 seconds
2021-07-18T03:01:49.855+1000: 1753.005: Total time for which application threads were stopped: 0.0017909 seconds, Stopping threads took: 0.0007784 seconds
2021-07-18T03:01:49.883+1000: 1753.034: Application time: 0.0281676 seconds
2021-07-18T03:01:49.887+1000: 1753.038: Total time for which application threads were stopped: 0.0040427 seconds, Stopping threads took: 0.0029071 seconds
2021-07-18T03:01:49.936+1000: 1753.087: Application time: 0.0493686 seconds
2021-07-18T03:01:49.938+1000: 1753.089: Total time for which application threads were stopped: 0.0016498 seconds, Stopping threads took: 0.0005542 seconds
2021-07-18T03:01:49.942+1000: 1753.093: Application time: 0.0038669 seconds
2021-07-18T03:01:49.946+1000: 1753.096: Total time for which application threads were stopped: 0.0038416 seconds, Stopping threads took: 0.0002744 seconds
2021-07-18T03:01:49.953+1000: 1753.104: Application time: 0.0073419 seconds
2021-07-18T03:01:49.955+1000: 1753.105: Total time for which application threads were stopped: 0.0015041 seconds, Stopping threads took: 0.0005594 seconds
2021-07-18T03:01:49.960+1000: 1753.110: Application time: 0.0052817 seconds
2021-07-18T03:01:49.961+1000: 1753.112: Total time for which application threads were stopped: 0.0013504 seconds, Stopping threads took: 0.0002845 seconds
2021-07-18T03:01:49.976+1000: 1753.126: Application time: 0.0143691 seconds
2021-07-18T03:01:49.981+1000: 1753.132: Total time for which application threads were stopped: 0.0059110 seconds, Stopping threads took: 0.0048072 seconds
2021-07-18T03:01:49.997+1000: 1753.148: Application time: 0.0156302 seconds
2021-07-18T03:01:50.003+1000: 1753.154: Total time for which application threads were stopped: 0.0061307 seconds, Stopping threads took: 0.0050724 seconds
2021-07-18T03:01:50.046+1000: 1753.196: Application time: 0.0424358 seconds
2021-07-18T03:01:50.049+1000: 1753.200: Total time for which application threads were stopped: 0.0032377 seconds, Stopping threads took: 0.0023600 seconds
2021-07-18T03:01:50.094+1000: 1753.245: Application time: 0.0452309 seconds
2021-07-18T03:01:50.096+1000: 1753.246: Total time for which application threads were stopped: 0.0015431 seconds, Stopping threads took: 0.0004018 seconds
2021-07-18T03:01:50.097+1000: 1753.248: Application time: 0.0014060 seconds
2021-07-18T03:01:50.098+1000: 1753.249: Total time for which application threads were stopped: 0.0011892 seconds, Stopping threads took: 0.0003415 seconds
2021-07-18T03:01:50.099+1000: 1753.249: Application time: 0.0002358 seconds
2021-07-18T03:01:50.099+1000: 1753.250: Total time for which application threads were stopped: 0.0007288 seconds, Stopping threads took: 0.0002572 seconds
2021-07-18T03:01:50.102+1000: 1753.253: Application time: 0.0024997 seconds
2021-07-18T03:01:50.103+1000: 1753.253: Total time for which application threads were stopped: 0.0007583 seconds, Stopping threads took: 0.0002130 seconds
2021-07-18T03:01:50.126+1000: 1753.277: Application time: 0.0238040 seconds
2021-07-18T03:01:50.128+1000: 1753.279: Total time for which application threads were stopped: 0.0015691 seconds, Stopping threads took: 0.0004680 seconds
2021-07-18T03:01:50.153+1000: 1753.304: Application time: 0.0249869 seconds
2021-07-18T03:01:50.155+1000: 1753.305: Total time for which application threads were stopped: 0.0016467 seconds, Stopping threads took: 0.0006281 seconds
2021-07-18T03:01:50.163+1000: 1753.314: Application time: 0.0083176 seconds
2021-07-18T03:01:50.164+1000: 1753.315: Total time for which application threads were stopped: 0.0013661 seconds, Stopping threads took: 0.0004138 seconds
2021-07-18T03:01:50.185+1000: 1753.336: Application time: 0.0209840 seconds
2021-07-18T03:01:50.187+1000: 1753.338: Total time for which application threads were stopped: 0.0016011 seconds, Stopping threads took: 0.0007147 seconds
2021-07-18T03:01:50.187+1000: 1753.338: Application time: 0.0002800 seconds
2021-07-18T03:01:50.188+1000: 1753.339: Total time for which application threads were stopped: 0.0007106 seconds, Stopping threads took: 0.0002815 seconds
2021-07-18T03:01:50.199+1000: 1753.349: Application time: 0.0108732 seconds
2021-07-18T03:01:50.201+1000: 1753.352: Total time for which application threads were stopped: 0.0021251 seconds, Stopping threads took: 0.0008056 seconds
2021-07-18T03:01:50.213+1000: 1753.364: Application time: 0.0119472 seconds
2021-07-18T03:01:50.216+1000: 1753.367: Total time for which application threads were stopped: 0.0033285 seconds, Stopping threads took: 0.0004851 seconds
2021-07-18T03:01:50.250+1000: 1753.401: Application time: 0.0337155 seconds
2021-07-18T03:01:50.252+1000: 1753.403: Total time for which application threads were stopped: 0.0022162 seconds, Stopping threads took: 0.0008503 seconds
2021-07-18T03:01:50.252+1000: 1753.403: Application time: 0.0002454 seconds
2021-07-18T03:01:50.256+1000: 1753.406: Total time for which application threads were stopped: 0.0031959 seconds, Stopping threads took: 0.0022391 seconds
2021-07-18T03:01:50.257+1000: 1753.407: Application time: 0.0010480 seconds
2021-07-18T03:01:50.257+1000: 1753.408: Total time for which application threads were stopped: 0.0007426 seconds, Stopping threads took: 0.0001059 seconds
2021-07-18T03:01:50.260+1000: 1753.411: Application time: 0.0024215 seconds
2021-07-18T03:01:50.261+1000: 1753.412: Total time for which application threads were stopped: 0.0012283 seconds, Stopping threads took: 0.0004988 seconds
2021-07-18T03:01:51.261+1000: 1754.412: Application time: 1.0002090 seconds
2021-07-18T03:01:51.263+1000: 1754.413: Total time for which application threads were stopped: 0.0013347 seconds, Stopping threads took: 0.0002457 seconds
2021-07-18T03:01:51.664+1000: 1754.814: Application time: 0.4010665 seconds
2021-07-18T03:01:51.666+1000: 1754.817: Total time for which application threads were stopped: 0.0023393 seconds, Stopping threads took: 0.0006341 seconds
2021-07-18T03:01:51.769+1000: 1754.919: Application time: 0.1025665 seconds
2021-07-18T03:01:51.773+1000: 1754.923: Total time for which application threads were stopped: 0.0040211 seconds, Stopping threads took: 0.0025151 seconds
2021-07-18T03:01:51.773+1000: 1754.924: Application time: 0.0004735 seconds
2021-07-18T03:01:51.775+1000: 1754.925: Total time for which application threads were stopped: 0.0016357 seconds, Stopping threads took: 0.0006364 seconds
2021-07-18T03:01:51.778+1000: 1754.928: Application time: 0.0027301 seconds
2021-07-18T03:01:51.787+1000: 1754.938: Total time for which application threads were stopped: 0.0095554 seconds, Stopping threads took: 0.0080105 seconds
2021-07-18T03:01:51.788+1000: 1754.938: Application time: 0.0003219 seconds
2021-07-18T03:01:51.789+1000: 1754.939: Total time for which application threads were stopped: 0.0013215 seconds, Stopping threads took: 0.0004502 seconds
2021-07-18T03:01:51.820+1000: 1754.971: Application time: 0.0312457 seconds
2021-07-18T03:01:51.824+1000: 1754.974: Total time for which application threads were stopped: 0.0037600 seconds, Stopping threads took: 0.0008984 seconds
2021-07-18T03:01:51.828+1000: 1754.978: Application time: 0.0037709 seconds
2021-07-18T03:01:51.837+1000: 1754.987: Total time for which application threads were stopped: 0.0091276 seconds, Stopping threads took: 0.0011006 seconds
2021-07-18T03:01:51.907+1000: 1755.058: Application time: 0.0705891 seconds
2021-07-18T03:01:51.909+1000: 1755.059: Total time for which application threads were stopped: 0.0014253 seconds, Stopping threads took: 0.0004042 seconds
2021-07-18T03:01:51.940+1000: 1755.091: Application time: 0.0311475 seconds
2021-07-18T03:01:51.948+1000: 1755.099: Total time for which application threads were stopped: 0.0080013 seconds, Stopping threads took: 0.0067628 seconds
2021-07-18T03:01:52.073+1000: 1755.224: Application time: 0.1252839 seconds
2021-07-18T03:01:52.077+1000: 1755.228: Total time for which application threads were stopped: 0.0042042 seconds, Stopping threads took: 0.0020945 seconds
2021-07-18T03:01:52.132+1000: 1755.283: Application time: 0.0545764 seconds
2021-07-18T03:01:52.138+1000: 1755.289: Total time for which application threads were stopped: 0.0061318 seconds, Stopping threads took: 0.0046656 seconds
2021-07-18T03:01:52.148+1000: 1755.298: Application time: 0.0094309 seconds
2021-07-18T03:01:52.153+1000: 1755.304: Total time for which application threads were stopped: 0.0054471 seconds, Stopping threads took: 0.0028135 seconds
2021-07-18T03:01:52.206+1000: 1755.356: Application time: 0.0525440 seconds
2021-07-18T03:01:52.211+1000: 1755.362: Total time for which application threads were stopped: 0.0054067 seconds, Stopping threads took: 0.0039616 seconds
2021-07-18T03:01:52.215+1000: 1755.366: Application time: 0.0042831 seconds
2021-07-18T03:01:52.220+1000: 1755.370: Total time for which application threads were stopped: 0.0042633 seconds, Stopping threads took: 0.0024209 seconds
2021-07-18T03:01:52.241+1000: 1755.392: Application time: 0.0213846 seconds
2021-07-18T03:01:52.243+1000: 1755.394: Total time for which application threads were stopped: 0.0020419 seconds, Stopping threads took: 0.0004765 seconds
2021-07-18T03:01:52.264+1000: 1755.414: Application time: 0.0206835 seconds
2021-07-18T03:01:52.268+1000: 1755.419: Total time for which application threads were stopped: 0.0043484 seconds, Stopping threads took: 0.0028390 seconds
2021-07-18T03:01:52.334+1000: 1755.484: Application time: 0.0655589 seconds
2021-07-18T03:01:52.335+1000: 1755.486: Total time for which application threads were stopped: 0.0016958 seconds, Stopping threads took: 0.0005182 seconds
2021-07-18T03:01:52.356+1000: 1755.506: Application time: 0.0203484 seconds
2021-07-18T03:01:52.357+1000: 1755.508: Total time for which application threads were stopped: 0.0017871 seconds, Stopping threads took: 0.0007849 seconds
2021-07-18T03:01:52.408+1000: 1755.559: Application time: 0.0509781 seconds
2021-07-18T03:01:52.410+1000: 1755.560: Total time for which application threads were stopped: 0.0013479 seconds, Stopping threads took: 0.0003658 seconds
2021-07-18T03:01:52.638+1000: 1755.788: Application time: 0.2278199 seconds
2021-07-18T03:01:52.642+1000: 1755.793: Total time for which application threads were stopped: 0.0048687 seconds, Stopping threads took: 0.0038380 seconds
2021-07-18T03:01:52.646+1000: 1755.797: Application time: 0.0039088 seconds
2021-07-18T03:01:52.655+1000: 1755.806: Total time for which application threads were stopped: 0.0088365 seconds, Stopping threads took: 0.0077357 seconds
2021-07-18T03:01:52.670+1000: 1755.820: Application time: 0.0143748 seconds
2021-07-18T03:01:52.679+1000: 1755.829: Total time for which application threads were stopped: 0.0089206 seconds, Stopping threads took: 0.0079529 seconds
2021-07-18T03:01:52.679+1000: 1755.829: Application time: 0.0002144 seconds
2021-07-18T03:01:52.680+1000: 1755.830: Total time for which application threads were stopped: 0.0008841 seconds, Stopping threads took: 0.0004724 seconds
2021-07-18T03:01:52.680+1000: 1755.830: Application time: 0.0000831 seconds
2021-07-18T03:01:52.680+1000: 1755.831: Total time for which application threads were stopped: 0.0004801 seconds, Stopping threads took: 0.0000755 seconds
2021-07-18T03:01:52.680+1000: 1755.831: Application time: 0.0000750 seconds
2021-07-18T03:01:52.681+1000: 1755.831: Total time for which application threads were stopped: 0.0004431 seconds, Stopping threads took: 0.0000717 seconds
2021-07-18T03:01:52.681+1000: 1755.831: Application time: 0.0000731 seconds
2021-07-18T03:01:52.681+1000: 1755.832: Total time for which application threads were stopped: 0.0004320 seconds, Stopping threads took: 0.0000688 seconds
2021-07-18T03:01:52.681+1000: 1755.832: Application time: 0.0000650 seconds
2021-07-18T03:01:52.682+1000: 1755.832: Total time for which application threads were stopped: 0.0004614 seconds, Stopping threads took: 0.0000702 seconds
2021-07-18T03:01:52.682+1000: 1755.832: Application time: 0.0000826 seconds
2021-07-18T03:01:52.682+1000: 1755.833: Total time for which application threads were stopped: 0.0004322 seconds, Stopping threads took: 0.0000683 seconds
2021-07-18T03:01:52.682+1000: 1755.833: Application time: 0.0000646 seconds
2021-07-18T03:01:52.683+1000: 1755.833: Total time for which application threads were stopped: 0.0004449 seconds, Stopping threads took: 0.0000691 seconds
2021-07-18T03:01:52.683+1000: 1755.833: Application time: 0.0000661 seconds
2021-07-18T03:01:52.683+1000: 1755.834: Total time for which application threads were stopped: 0.0004665 seconds, Stopping threads took: 0.0000929 seconds
2021-07-18T03:01:52.683+1000: 1755.834: Application time: 0.0000629 seconds
2021-07-18T03:01:52.684+1000: 1755.834: Total time for which application threads were stopped: 0.0004290 seconds, Stopping threads took: 0.0000693 seconds
2021-07-18T03:01:52.684+1000: 1755.835: Application time: 0.0000675 seconds
2021-07-18T03:01:52.684+1000: 1755.835: Total time for which application threads were stopped: 0.0005975 seconds, Stopping threads took: 0.0000704 seconds
2021-07-18T03:01:52.685+1000: 1755.835: Application time: 0.0000918 seconds
2021-07-18T03:01:52.685+1000: 1755.836: Total time for which application threads were stopped: 0.0006314 seconds, Stopping threads took: 0.0000890 seconds
2021-07-18T03:01:52.696+1000: 1755.847: Application time: 0.0109631 seconds
2021-07-18T03:01:52.698+1000: 1755.848: Total time for which application threads were stopped: 0.0016207 seconds, Stopping threads took: 0.0004350 seconds
2021-07-18T03:01:52.698+1000: 1755.849: Application time: 0.0006497 seconds
2021-07-18T03:01:52.699+1000: 1755.850: Total time for which application threads were stopped: 0.0009917 seconds, Stopping threads took: 0.0002925 seconds
2021-07-18T03:01:52.700+1000: 1755.850: Application time: 0.0002383 seconds
2021-07-18T03:01:52.711+1000: 1755.862: Total time for which application threads were stopped: 0.0112391 seconds, Stopping threads took: 0.0100231 seconds
2021-07-18T03:01:52.711+1000: 1755.862: Application time: 0.0001953 seconds
2021-07-18T03:01:52.712+1000: 1755.863: Total time for which application threads were stopped: 0.0011182 seconds, Stopping threads took: 0.0004803 seconds
2021-07-18T03:01:52.712+1000: 1755.863: Application time: 0.0001268 seconds
2021-07-18T03:01:52.713+1000: 1755.864: Total time for which application threads were stopped: 0.0006703 seconds, Stopping threads took: 0.0001072 seconds
2021-07-18T03:01:52.713+1000: 1755.864: Application time: 0.0001983 seconds
2021-07-18T03:01:52.717+1000: 1755.867: Total time for which application threads were stopped: 0.0034051 seconds, Stopping threads took: 0.0001668 seconds
2021-07-18T03:01:53.238+1000: 1756.389: Application time: 0.5213071 seconds
2021-07-18T03:01:53.241+1000: 1756.391: Total time for which application threads were stopped: 0.0025281 seconds, Stopping threads took: 0.0002449 seconds
2021-07-18T03:01:53.940+1000: 1757.090: Application time: 0.6988877 seconds
2021-07-18T03:01:53.941+1000: 1757.092: Total time for which application threads were stopped: 0.0018537 seconds, Stopping threads took: 0.0008389 seconds
2021-07-18T03:01:54.946+1000: 1758.096: Application time: 1.0042745 seconds
2021-07-18T03:01:54.947+1000: 1758.097: Total time for which application threads were stopped: 0.0010291 seconds, Stopping threads took: 0.0001733 seconds
2021-07-18T03:01:55.940+1000: 1759.091: Application time: 0.9933610 seconds
2021-07-18T03:01:55.941+1000: 1759.092: Total time for which application threads were stopped: 0.0012003 seconds, Stopping threads took: 0.0001988 seconds
2021-07-18T03:01:56.942+1000: 1760.092: Application time: 1.0002478 seconds
2021-07-18T03:01:56.943+1000: 1760.093: Total time for which application threads were stopped: 0.0009867 seconds, Stopping threads took: 0.0001678 seconds
2021-07-18T03:01:57.941+1000: 1761.091: Application time: 0.9982541 seconds
2021-07-18T03:01:58.147+1000: 1761.297: Total time for which application threads were stopped: 0.2057897 seconds, Stopping threads took: 0.2048475 seconds
2021-07-18T03:01:59.147+1000: 1762.297: Application time: 1.0001517 seconds
2021-07-18T03:01:59.148+1000: 1762.299: Total time for which application threads were stopped: 0.0011137 seconds, Stopping threads took: 0.0002518 seconds
2021-07-18T03:01:59.940+1000: 1763.091: Application time: 0.7920592 seconds
2021-07-18T03:02:00.200+1000: 1763.350: Total time for which application threads were stopped: 0.2598710 seconds, Stopping threads took: 0.2586837 seconds
2021-07-18T03:02:01.202+1000: 1764.352: Application time: 1.0018387 seconds
2021-07-18T03:02:01.203+1000: 1764.354: Total time for which application threads were stopped: 0.0016449 seconds, Stopping threads took: 0.0003891 seconds
2021-07-18T03:02:01.762+1000: 1764.913: Application time: 0.5590674 seconds
2021-07-18T03:02:01.764+1000: 1764.915: Total time for which application threads were stopped: 0.0016477 seconds, Stopping threads took: 0.0003191 seconds
2021-07-18T03:02:01.765+1000: 1764.916: Application time: 0.0011494 seconds
2021-07-18T03:02:01.767+1000: 1764.918: Total time for which application threads were stopped: 0.0019560 seconds, Stopping threads took: 0.0008008 seconds
2021-07-18T03:02:01.796+1000: 1764.947: Application time: 0.0293376 seconds
2021-07-18T03:02:01.804+1000: 1764.955: Total time for which application threads were stopped: 0.0078295 seconds, Stopping threads took: 0.0003415 seconds
2021-07-18T03:02:01.812+1000: 1764.963: Application time: 0.0081310 seconds
2021-07-18T03:02:01.814+1000: 1764.965: Total time for which application threads were stopped: 0.0016769 seconds, Stopping threads took: 0.0006427 seconds
2021-07-18T03:02:01.841+1000: 1764.992: Application time: 0.0270136 seconds
2021-07-18T03:02:01.843+1000: 1764.993: Total time for which application threads were stopped: 0.0016809 seconds, Stopping threads took: 0.0005914 seconds
2021-07-18T03:02:01.870+1000: 1765.021: Application time: 0.0275575 seconds
2021-07-18T03:02:01.873+1000: 1765.023: Total time for which application threads were stopped: 0.0022803 seconds, Stopping threads took: 0.0011254 seconds
2021-07-18T03:02:01.886+1000: 1765.036: Application time: 0.0129523 seconds
2021-07-18T03:02:01.887+1000: 1765.038: Total time for which application threads were stopped: 0.0017047 seconds, Stopping threads took: 0.0008244 seconds
2021-07-18T03:02:01.918+1000: 1765.069: Application time: 0.0308225 seconds
2021-07-18T03:02:01.925+1000: 1765.075: Total time for which application threads were stopped: 0.0066588 seconds, Stopping threads took: 0.0007586 seconds
2021-07-18T03:02:01.940+1000: 1765.091: Application time: 0.0152646 seconds
2021-07-18T03:02:01.942+1000: 1765.093: Total time for which application threads were stopped: 0.0021255 seconds, Stopping threads took: 0.0010809 seconds
2021-07-18T03:02:02.009+1000: 1765.159: Application time: 0.0662910 seconds
2021-07-18T03:02:02.013+1000: 1765.163: Total time for which application threads were stopped: 0.0040490 seconds, Stopping threads took: 0.0021475 seconds
2021-07-18T03:02:02.013+1000: 1765.164: Application time: 0.0002168 seconds
2021-07-18T03:02:02.014+1000: 1765.165: Total time for which application threads were stopped: 0.0012579 seconds, Stopping threads took: 0.0003679 seconds
2021-07-18T03:02:02.015+1000: 1765.165: Application time: 0.0004981 seconds
2021-07-18T03:02:02.016+1000: 1765.167: Total time for which application threads were stopped: 0.0017837 seconds, Stopping threads took: 0.0008451 seconds
2021-07-18T03:02:02.017+1000: 1765.167: Application time: 0.0003267 seconds
2021-07-18T03:02:02.018+1000: 1765.169: Total time for which application threads were stopped: 0.0015016 seconds, Stopping threads took: 0.0006518 seconds
2021-07-18T03:02:02.020+1000: 1765.170: Application time: 0.0014237 seconds
2021-07-18T03:02:02.022+1000: 1765.172: Total time for which application threads were stopped: 0.0021119 seconds, Stopping threads took: 0.0011267 seconds
2021-07-18T03:02:02.131+1000: 1765.281: Application time: 0.1089305 seconds
2021-07-18T03:02:02.132+1000: 1765.283: Total time for which application threads were stopped: 0.0016047 seconds, Stopping threads took: 0.0003132 seconds
2021-07-18T03:02:02.178+1000: 1765.328: Application time: 0.0453771 seconds
2021-07-18T03:02:02.180+1000: 1765.330: Total time for which application threads were stopped: 0.0019957 seconds, Stopping threads took: 0.0006026 seconds
2021-07-18T03:02:02.350+1000: 1765.501: Application time: 0.1706068 seconds
2021-07-18T03:02:02.353+1000: 1765.503: Total time for which application threads were stopped: 0.0021763 seconds, Stopping threads took: 0.0005688 seconds
2021-07-18T03:02:02.516+1000: 1765.667: Application time: 0.1638245 seconds
2021-07-18T03:02:02.523+1000: 1765.674: Total time for which application threads were stopped: 0.0070264 seconds, Stopping threads took: 0.0003734 seconds
2021-07-18T03:02:02.542+1000: 1765.693: Application time: 0.0186467 seconds
2021-07-18T03:02:02.544+1000: 1765.694: Total time for which application threads were stopped: 0.0015922 seconds, Stopping threads took: 0.0006326 seconds
2021-07-18T03:02:02.545+1000: 1765.696: Application time: 0.0014443 seconds
2021-07-18T03:02:02.546+1000: 1765.697: Total time for which application threads were stopped: 0.0012854 seconds, Stopping threads took: 0.0002189 seconds
2021-07-18T03:02:02.629+1000: 1765.779: Application time: 0.0821284 seconds
2021-07-18T03:02:02.631+1000: 1765.781: Total time for which application threads were stopped: 0.0019751 seconds, Stopping threads took: 0.0005711 seconds
2021-07-18T03:02:02.806+1000: 1765.957: Application time: 0.1754612 seconds
2021-07-18T03:02:02.812+1000: 1765.963: Total time for which application threads were stopped: 0.0061725 seconds, Stopping threads took: 0.0003645 seconds
2021-07-18T03:02:02.908+1000: 1766.059: Application time: 0.0959421 seconds
2021-07-18T03:02:02.910+1000: 1766.061: Total time for which application threads were stopped: 0.0018092 seconds, Stopping threads took: 0.0007190 seconds
2021-07-18T03:02:03.071+1000: 1766.221: Application time: 0.1606120 seconds
2021-07-18T03:02:03.073+1000: 1766.223: Total time for which application threads were stopped: 0.0022453 seconds, Stopping threads took: 0.0005700 seconds
2021-07-18T03:02:03.165+1000: 1766.315: Application time: 0.0920126 seconds
2021-07-18T03:02:03.167+1000: 1766.317: Total time for which application threads were stopped: 0.0017714 seconds, Stopping threads took: 0.0007063 seconds
2021-07-18T03:02:03.170+1000: 1766.320: Application time: 0.0031975 seconds
2021-07-18T03:02:03.177+1000: 1766.328: Total time for which application threads were stopped: 0.0072807 seconds, Stopping threads took: 0.0002825 seconds
2021-07-18T03:02:03.178+1000: 1766.329: Application time: 0.0010804 seconds
2021-07-18T03:02:03.182+1000: 1766.333: Total time for which application threads were stopped: 0.0038341 seconds, Stopping threads took: 0.0011379 seconds
2021-07-18T03:02:03.183+1000: 1766.334: Application time: 0.0008341 seconds
2021-07-18T03:02:03.186+1000: 1766.336: Total time for which application threads were stopped: 0.0028140 seconds, Stopping threads took: 0.0006282 seconds
2021-07-18T03:02:03.193+1000: 1766.344: Application time: 0.0075773 seconds
2021-07-18T03:02:03.196+1000: 1766.346: Total time for which application threads were stopped: 0.0024117 seconds, Stopping threads took: 0.0005829 seconds
2021-07-18T03:02:03.201+1000: 1766.352: Application time: 0.0057186 seconds
2021-07-18T03:02:03.204+1000: 1766.354: Total time for which application threads were stopped: 0.0021707 seconds, Stopping threads took: 0.0002929 seconds
2021-07-18T03:02:03.228+1000: 1766.378: Application time: 0.0239764 seconds
2021-07-18T03:02:03.229+1000: 1766.380: Total time for which application threads were stopped: 0.0016942 seconds, Stopping threads took: 0.0002299 seconds
2021-07-18T03:02:03.231+1000: 1766.382: Application time: 0.0016052 seconds
2021-07-18T03:02:03.232+1000: 1766.382: Total time for which application threads were stopped: 0.0008227 seconds, Stopping threads took: 0.0001486 seconds
2021-07-18T03:02:03.241+1000: 1766.392: Application time: 0.0096280 seconds
2021-07-18T03:02:03.243+1000: 1766.393: Total time for which application threads were stopped: 0.0013056 seconds, Stopping threads took: 0.0002389 seconds
2021-07-18T03:02:03.271+1000: 1766.422: Application time: 0.0284528 seconds
2021-07-18T03:02:03.273+1000: 1766.423: Total time for which application threads were stopped: 0.0016040 seconds, Stopping threads took: 0.0002862 seconds
2021-07-18T03:02:03.279+1000: 1766.430: Application time: 0.0064805 seconds
2021-07-18T03:02:03.281+1000: 1766.432: Total time for which application threads were stopped: 0.0019793 seconds, Stopping threads took: 0.0003610 seconds
2021-07-18T03:02:03.364+1000: 1766.515: Application time: 0.0831864 seconds
2021-07-18T03:02:03.366+1000: 1766.517: Total time for which application threads were stopped: 0.0016030 seconds, Stopping threads took: 0.0002202 seconds
2021-07-18T03:02:03.366+1000: 1766.517: Application time: 0.0003662 seconds
2021-07-18T03:02:03.367+1000: 1766.518: Total time for which application threads were stopped: 0.0008767 seconds, Stopping threads took: 0.0001888 seconds
2021-07-18T03:02:03.836+1000: 1766.987: Application time: 0.4690039 seconds
2021-07-18T03:02:03.838+1000: 1766.989: Total time for which application threads were stopped: 0.0021261 seconds, Stopping threads took: 0.0004480 seconds
2021-07-18T03:02:03.842+1000: 1766.993: Application time: 0.0036630 seconds
2021-07-18T03:02:03.845+1000: 1766.996: Total time for which application threads were stopped: 0.0030235 seconds, Stopping threads took: 0.0015977 seconds
2021-07-18T03:02:03.848+1000: 1766.998: Application time: 0.0024277 seconds
2021-07-18T03:02:03.850+1000: 1767.001: Total time for which application threads were stopped: 0.0023860 seconds, Stopping threads took: 0.0009447 seconds
2021-07-18T03:02:03.851+1000: 1767.002: Application time: 0.0009113 seconds
2021-07-18T03:02:03.853+1000: 1767.003: Total time for which application threads were stopped: 0.0018613 seconds, Stopping threads took: 0.0007297 seconds
2021-07-18T03:02:03.871+1000: 1767.022: Application time: 0.0182009 seconds
2021-07-18T03:02:03.874+1000: 1767.024: Total time for which application threads were stopped: 0.0027187 seconds, Stopping threads took: 0.0010104 seconds
2021-07-18T03:02:03.874+1000: 1767.025: Application time: 0.0005243 seconds
2021-07-18T03:02:03.877+1000: 1767.027: Total time for which application threads were stopped: 0.0024697 seconds, Stopping threads took: 0.0010046 seconds
2021-07-18T03:02:03.877+1000: 1767.028: Application time: 0.0006375 seconds
2021-07-18T03:02:03.880+1000: 1767.031: Total time for which application threads were stopped: 0.0026782 seconds, Stopping threads took: 0.0009558 seconds
2021-07-18T03:02:03.882+1000: 1767.032: Application time: 0.0015498 seconds
2021-07-18T03:02:03.884+1000: 1767.034: Total time for which application threads were stopped: 0.0020233 seconds, Stopping threads took: 0.0006337 seconds
2021-07-18T03:02:03.896+1000: 1767.047: Application time: 0.0126408 seconds
2021-07-18T03:02:03.919+1000: 1767.070: Total time for which application threads were stopped: 0.0225522 seconds, Stopping threads took: 0.0208339 seconds
2021-07-18T03:02:03.919+1000: 1767.070: Application time: 0.0002687 seconds
2021-07-18T03:02:03.920+1000: 1767.071: Total time for which application threads were stopped: 0.0013102 seconds, Stopping threads took: 0.0004133 seconds
2021-07-18T03:02:03.921+1000: 1767.071: Application time: 0.0001521 seconds
2021-07-18T03:02:03.924+1000: 1767.074: Total time for which application threads were stopped: 0.0028910 seconds, Stopping threads took: 0.0019873 seconds
2021-07-18T03:02:03.926+1000: 1767.076: Application time: 0.0022833 seconds
2021-07-18T03:02:03.928+1000: 1767.079: Total time for which application threads were stopped: 0.0024564 seconds, Stopping threads took: 0.0012438 seconds
2021-07-18T03:02:03.930+1000: 1767.080: Application time: 0.0014234 seconds
2021-07-18T03:02:03.931+1000: 1767.082: Total time for which application threads were stopped: 0.0015344 seconds, Stopping threads took: 0.0002899 seconds
2021-07-18T03:02:03.932+1000: 1767.082: Application time: 0.0005184 seconds
2021-07-18T03:02:03.934+1000: 1767.084: Total time for which application threads were stopped: 0.0019321 seconds, Stopping threads took: 0.0006647 seconds
2021-07-18T03:02:03.940+1000: 1767.090: Application time: 0.0059175 seconds
2021-07-18T03:02:03.942+1000: 1767.093: Total time for which application threads were stopped: 0.0024801 seconds, Stopping threads took: 0.0006341 seconds
2021-07-18T03:02:03.943+1000: 1767.093: Application time: 0.0004541 seconds
2021-07-18T03:02:03.945+1000: 1767.096: Total time for which application threads were stopped: 0.0026161 seconds, Stopping threads took: 0.0007455 seconds
2021-07-18T03:02:03.946+1000: 1767.097: Application time: 0.0011624 seconds
2021-07-18T03:02:03.950+1000: 1767.101: Total time for which application threads were stopped: 0.0035155 seconds, Stopping threads took: 0.0006897 seconds
2021-07-18T03:02:03.950+1000: 1767.101: Application time: 0.0004574 seconds
2021-07-18T03:02:03.952+1000: 1767.103: Total time for which application threads were stopped: 0.0016918 seconds, Stopping threads took: 0.0006688 seconds
2021-07-18T03:02:03.953+1000: 1767.104: Application time: 0.0012215 seconds
2021-07-18T03:02:03.959+1000: 1767.109: Total time for which application threads were stopped: 0.0053252 seconds, Stopping threads took: 0.0004130 seconds
2021-07-18T03:02:03.960+1000: 1767.111: Application time: 0.0015435 seconds
2021-07-18T03:02:03.965+1000: 1767.116: Total time for which application threads were stopped: 0.0050367 seconds, Stopping threads took: 0.0030607 seconds
2021-07-18T03:02:03.966+1000: 1767.116: Application time: 0.0003641 seconds
2021-07-18T03:02:03.968+1000: 1767.118: Total time for which application threads were stopped: 0.0021718 seconds, Stopping threads took: 0.0003982 seconds
2021-07-18T03:02:03.972+1000: 1767.123: Application time: 0.0045009 seconds
2021-07-18T03:02:03.973+1000: 1767.124: Total time for which application threads were stopped: 0.0010425 seconds, Stopping threads took: 0.0001433 seconds
2021-07-18T03:02:03.976+1000: 1767.127: Application time: 0.0031426 seconds
2021-07-18T03:02:03.978+1000: 1767.129: Total time for which application threads were stopped: 0.0014355 seconds, Stopping threads took: 0.0005726 seconds
2021-07-18T03:02:03.978+1000: 1767.129: Application time: 0.0004388 seconds
2021-07-18T03:02:03.981+1000: 1767.132: Total time for which application threads were stopped: 0.0031476 seconds, Stopping threads took: 0.0004523 seconds
2021-07-18T03:02:04.007+1000: 1767.158: Application time: 0.0254229 seconds
2021-07-18T03:02:04.008+1000: 1767.159: Total time for which application threads were stopped: 0.0011072 seconds, Stopping threads took: 0.0001761 seconds
2021-07-18T03:02:04.038+1000: 1767.189: Application time: 0.0300690 seconds
2021-07-18T03:02:04.040+1000: 1767.191: Total time for which application threads were stopped: 0.0022897 seconds, Stopping threads took: 0.0005560 seconds
2021-07-18T03:02:04.083+1000: 1767.233: Application time: 0.0424693 seconds
2021-07-18T03:02:04.084+1000: 1767.235: Total time for which application threads were stopped: 0.0013001 seconds, Stopping threads took: 0.0002603 seconds
2021-07-18T03:02:04.095+1000: 1767.245: Application time: 0.0103927 seconds
2021-07-18T03:02:04.097+1000: 1767.247: Total time for which application threads were stopped: 0.0022757 seconds, Stopping threads took: 0.0010262 seconds
2021-07-18T03:02:04.116+1000: 1767.267: Application time: 0.0191778 seconds
2021-07-18T03:02:04.118+1000: 1767.268: Total time for which application threads were stopped: 0.0016911 seconds, Stopping threads took: 0.0001966 seconds
2021-07-18T03:02:04.119+1000: 1767.269: Application time: 0.0009862 seconds
2021-07-18T03:02:04.120+1000: 1767.270: Total time for which application threads were stopped: 0.0008452 seconds, Stopping threads took: 0.0002208 seconds
2021-07-18T03:02:04.126+1000: 1767.276: Application time: 0.0061133 seconds
2021-07-18T03:02:04.128+1000: 1767.278: Total time for which application threads were stopped: 0.0019093 seconds, Stopping threads took: 0.0009207 seconds
2021-07-18T03:02:04.128+1000: 1767.279: Application time: 0.0004390 seconds
2021-07-18T03:02:04.128+1000: 1767.279: Total time for which application threads were stopped: 0.0004668 seconds, Stopping threads took: 0.0000628 seconds
2021-07-18T03:02:04.129+1000: 1767.279: Application time: 0.0001337 seconds
2021-07-18T03:02:04.129+1000: 1767.280: Total time for which application threads were stopped: 0.0004382 seconds, Stopping threads took: 0.0000594 seconds
2021-07-18T03:02:04.153+1000: 1767.304: Application time: 0.0243260 seconds
2021-07-18T03:02:04.155+1000: 1767.306: Total time for which application threads were stopped: 0.0016395 seconds, Stopping threads took: 0.0005155 seconds
2021-07-18T03:02:04.156+1000: 1767.307: Application time: 0.0011193 seconds
2021-07-18T03:02:04.164+1000: 1767.315: Total time for which application threads were stopped: 0.0079324 seconds, Stopping threads took: 0.0068979 seconds
2021-07-18T03:02:04.169+1000: 1767.319: Application time: 0.0044973 seconds
2021-07-18T03:02:04.170+1000: 1767.321: Total time for which application threads were stopped: 0.0018231 seconds, Stopping threads took: 0.0005036 seconds
2021-07-18T03:02:04.171+1000: 1767.321: Application time: 0.0002453 seconds
2021-07-18T03:02:04.172+1000: 1767.322: Total time for which application threads were stopped: 0.0012070 seconds, Stopping threads took: 0.0003466 seconds
2021-07-18T03:02:04.172+1000: 1767.323: Application time: 0.0002289 seconds
2021-07-18T03:02:04.173+1000: 1767.323: Total time for which application threads were stopped: 0.0007168 seconds, Stopping threads took: 0.0002769 seconds
2021-07-18T03:02:04.173+1000: 1767.324: Application time: 0.0004282 seconds
2021-07-18T03:02:04.174+1000: 1767.325: Total time for which application threads were stopped: 0.0006523 seconds, Stopping threads took: 0.0002307 seconds
2021-07-18T03:02:04.207+1000: 1767.357: Application time: 0.0327291 seconds
2021-07-18T03:02:04.208+1000: 1767.359: Total time for which application threads were stopped: 0.0016079 seconds, Stopping threads took: 0.0004902 seconds
2021-07-18T03:02:04.234+1000: 1767.385: Application time: 0.0260148 seconds
2021-07-18T03:02:04.236+1000: 1767.386: Total time for which application threads were stopped: 0.0016050 seconds, Stopping threads took: 0.0004848 seconds
2021-07-18T03:02:04.236+1000: 1767.387: Application time: 0.0005537 seconds
2021-07-18T03:02:04.237+1000: 1767.388: Total time for which application threads were stopped: 0.0008869 seconds, Stopping threads took: 0.0002470 seconds
2021-07-18T03:02:04.976+1000: 1768.127: Application time: 0.7386287 seconds
2021-07-18T03:02:04.981+1000: 1768.132: Total time for which application threads were stopped: 0.0051262 seconds, Stopping threads took: 0.0025745 seconds
2021-07-18T03:02:05.631+1000: 1768.781: Application time: 0.6497209 seconds
2021-07-18T03:02:05.633+1000: 1768.783: Total time for which application threads were stopped: 0.0018213 seconds, Stopping threads took: 0.0003132 seconds
2021-07-18T03:02:05.641+1000: 1768.791: Application time: 0.0080477 seconds
2021-07-18T03:02:05.647+1000: 1768.798: Total time for which application threads were stopped: 0.0065831 seconds, Stopping threads took: 0.0003869 seconds
2021-07-18T03:02:05.649+1000: 1768.799: Application time: 0.0014390 seconds
2021-07-18T03:02:05.655+1000: 1768.806: Total time for which application threads were stopped: 0.0064861 seconds, Stopping threads took: 0.0002280 seconds
2021-07-18T03:02:05.660+1000: 1768.811: Application time: 0.0048167 seconds
2021-07-18T03:02:05.662+1000: 1768.813: Total time for which application threads were stopped: 0.0021573 seconds, Stopping threads took: 0.0006611 seconds
2021-07-18T03:02:05.670+1000: 1768.821: Application time: 0.0079704 seconds
2021-07-18T03:02:05.675+1000: 1768.826: Total time for which application threads were stopped: 0.0050086 seconds, Stopping threads took: 0.0034906 seconds
2021-07-18T03:02:05.700+1000: 1768.850: Application time: 0.0245831 seconds
2021-07-18T03:02:05.702+1000: 1768.853: Total time for which application threads were stopped: 0.0022825 seconds, Stopping threads took: 0.0005422 seconds
2021-07-18T03:02:05.731+1000: 1768.882: Application time: 0.0290143 seconds
2021-07-18T03:02:05.743+1000: 1768.894: Total time for which application threads were stopped: 0.0119059 seconds, Stopping threads took: 0.0107752 seconds
2021-07-18T03:02:05.753+1000: 1768.904: Application time: 0.0098861 seconds
2021-07-18T03:02:05.754+1000: 1768.905: Total time for which application threads were stopped: 0.0014871 seconds, Stopping threads took: 0.0004061 seconds
2021-07-18T03:02:05.833+1000: 1768.983: Application time: 0.0782905 seconds
2021-07-18T03:02:05.834+1000: 1768.985: Total time for which application threads were stopped: 0.0013989 seconds, Stopping threads took: 0.0003036 seconds
2021-07-18T03:02:05.871+1000: 1769.021: Application time: 0.0366369 seconds
2021-07-18T03:02:05.872+1000: 1769.023: Total time for which application threads were stopped: 0.0016611 seconds, Stopping threads took: 0.0004980 seconds
2021-07-18T03:02:05.890+1000: 1769.040: Application time: 0.0172583 seconds
2021-07-18T03:02:05.891+1000: 1769.042: Total time for which application threads were stopped: 0.0017061 seconds, Stopping threads took: 0.0005500 seconds
2021-07-18T03:02:05.892+1000: 1769.042: Application time: 0.0002002 seconds
2021-07-18T03:02:05.892+1000: 1769.043: Total time for which application threads were stopped: 0.0008476 seconds, Stopping threads took: 0.0002078 seconds
2021-07-18T03:02:05.895+1000: 1769.046: Application time: 0.0025248 seconds
2021-07-18T03:02:05.896+1000: 1769.047: Total time for which application threads were stopped: 0.0012627 seconds, Stopping threads took: 0.0003237 seconds
2021-07-18T03:02:05.911+1000: 1769.062: Application time: 0.0148547 seconds
2021-07-18T03:02:05.913+1000: 1769.063: Total time for which application threads were stopped: 0.0016735 seconds, Stopping threads took: 0.0006731 seconds
2021-07-18T03:02:05.939+1000: 1769.090: Application time: 0.0265885 seconds
2021-07-18T03:02:05.941+1000: 1769.092: Total time for which application threads were stopped: 0.0016101 seconds, Stopping threads took: 0.0005513 seconds
2021-07-18T03:02:06.941+1000: 1770.092: Application time: 1.0001754 seconds
2021-07-18T03:02:06.944+1000: 1770.094: Total time for which application threads were stopped: 0.0025495 seconds, Stopping threads took: 0.0008533 seconds
2021-07-18T03:02:07.064+1000: 1770.215: Application time: 0.1207591 seconds
2021-07-18T03:02:07.068+1000: 1770.219: Total time for which application threads were stopped: 0.0039904 seconds, Stopping threads took: 0.0027279 seconds
2021-07-18T03:02:07.424+1000: 1770.574: Application time: 0.3551855 seconds
2021-07-18T03:02:07.425+1000: 1770.576: Total time for which application threads were stopped: 0.0016979 seconds, Stopping threads took: 0.0003726 seconds
2021-07-18T03:02:07.438+1000: 1770.589: Application time: 0.0127433 seconds
2021-07-18T03:02:07.440+1000: 1770.590: Total time for which application threads were stopped: 0.0013797 seconds, Stopping threads took: 0.0003637 seconds
2021-07-18T03:02:07.440+1000: 1770.590: Application time: 0.0002361 seconds
2021-07-18T03:02:07.441+1000: 1770.591: Total time for which application threads were stopped: 0.0010008 seconds, Stopping threads took: 0.0004049 seconds
2021-07-18T03:02:07.443+1000: 1770.593: Application time: 0.0018562 seconds
2021-07-18T03:02:07.444+1000: 1770.595: Total time for which application threads were stopped: 0.0012695 seconds, Stopping threads took: 0.0005635 seconds
2021-07-18T03:02:07.444+1000: 1770.595: Application time: 0.0001277 seconds
2021-07-18T03:02:07.445+1000: 1770.595: Total time for which application threads were stopped: 0.0007049 seconds, Stopping threads took: 0.0002591 seconds
2021-07-18T03:02:07.445+1000: 1770.596: Application time: 0.0001877 seconds
2021-07-18T03:02:07.446+1000: 1770.596: Total time for which application threads were stopped: 0.0007785 seconds, Stopping threads took: 0.0002666 seconds
2021-07-18T03:02:07.940+1000: 1771.090: Application time: 0.4941042 seconds
2021-07-18T03:02:07.941+1000: 1771.092: Total time for which application threads were stopped: 0.0016898 seconds, Stopping threads took: 0.0005190 seconds
2021-07-18T03:02:08.155+1000: 1771.306: Application time: 0.2139104 seconds
2021-07-18T03:02:08.157+1000: 1771.307: Total time for which application threads were stopped: 0.0012375 seconds, Stopping threads took: 0.0002224 seconds
2021-07-18T03:02:08.195+1000: 1771.345: Application time: 0.0381452 seconds
2021-07-18T03:02:08.196+1000: 1771.347: Total time for which application threads were stopped: 0.0014248 seconds, Stopping threads took: 0.0003983 seconds
2021-07-18T03:02:08.196+1000: 1771.347: Application time: 0.0001463 seconds
2021-07-18T03:02:08.197+1000: 1771.348: Total time for which application threads were stopped: 0.0006733 seconds, Stopping threads took: 0.0001896 seconds
2021-07-18T03:02:08.197+1000: 1771.348: Application time: 0.0001359 seconds
2021-07-18T03:02:08.198+1000: 1771.349: Total time for which application threads were stopped: 0.0009349 seconds, Stopping threads took: 0.0004305 seconds
2021-07-18T03:02:08.211+1000: 1771.362: Application time: 0.0129678 seconds
2021-07-18T03:02:08.214+1000: 1771.365: Total time for which application threads were stopped: 0.0029797 seconds, Stopping threads took: 0.0010433 seconds
2021-07-18T03:02:08.215+1000: 1771.366: Application time: 0.0012128 seconds
2021-07-18T03:02:08.217+1000: 1771.368: Total time for which application threads were stopped: 0.0021950 seconds, Stopping threads took: 0.0007396 seconds
2021-07-18T03:02:08.219+1000: 1771.370: Application time: 0.0016515 seconds
2021-07-18T03:02:08.221+1000: 1771.371: Total time for which application threads were stopped: 0.0016980 seconds, Stopping threads took: 0.0004276 seconds
2021-07-18T03:02:08.221+1000: 1771.372: Application time: 0.0002700 seconds
2021-07-18T03:02:08.223+1000: 1771.373: Total time for which application threads were stopped: 0.0014462 seconds, Stopping threads took: 0.0004387 seconds
2021-07-18T03:02:08.223+1000: 1771.373: Application time: 0.0002106 seconds
2021-07-18T03:02:08.224+1000: 1771.375: Total time for which application threads were stopped: 0.0011719 seconds, Stopping threads took: 0.0006743 seconds
2021-07-18T03:02:08.224+1000: 1771.375: Application time: 0.0002058 seconds
2021-07-18T03:02:08.225+1000: 1771.376: Total time for which application threads were stopped: 0.0008354 seconds, Stopping threads took: 0.0001968 seconds
2021-07-18T03:02:08.225+1000: 1771.376: Application time: 0.0001596 seconds
2021-07-18T03:02:08.227+1000: 1771.377: Total time for which application threads were stopped: 0.0013956 seconds, Stopping threads took: 0.0007421 seconds
2021-07-18T03:02:08.227+1000: 1771.378: Application time: 0.0002987 seconds
2021-07-18T03:02:08.228+1000: 1771.379: Total time for which application threads were stopped: 0.0014104 seconds, Stopping threads took: 0.0005375 seconds
2021-07-18T03:02:08.229+1000: 1771.379: Application time: 0.0002302 seconds
2021-07-18T03:02:08.229+1000: 1771.380: Total time for which application threads were stopped: 0.0006036 seconds, Stopping threads took: 0.0001295 seconds
2021-07-18T03:02:08.229+1000: 1771.380: Application time: 0.0001585 seconds
2021-07-18T03:02:08.230+1000: 1771.381: Total time for which application threads were stopped: 0.0006312 seconds, Stopping threads took: 0.0001146 seconds
2021-07-18T03:02:08.230+1000: 1771.381: Application time: 0.0002644 seconds
2021-07-18T03:02:08.231+1000: 1771.381: Total time for which application threads were stopped: 0.0005204 seconds, Stopping threads took: 0.0001036 seconds
2021-07-18T03:02:08.231+1000: 1771.382: Application time: 0.0001921 seconds
2021-07-18T03:02:08.231+1000: 1771.382: Total time for which application threads were stopped: 0.0005237 seconds, Stopping threads took: 0.0000957 seconds
2021-07-18T03:02:08.232+1000: 1771.382: Application time: 0.0002057 seconds
2021-07-18T03:02:08.232+1000: 1771.383: Total time for which application threads were stopped: 0.0007218 seconds, Stopping threads took: 0.0002270 seconds
2021-07-18T03:02:08.233+1000: 1771.383: Application time: 0.0001415 seconds
2021-07-18T03:02:08.233+1000: 1771.384: Total time for which application threads were stopped: 0.0005724 seconds, Stopping threads took: 0.0000867 seconds
2021-07-18T03:02:08.233+1000: 1771.384: Application time: 0.0001394 seconds
2021-07-18T03:02:08.234+1000: 1771.384: Total time for which application threads were stopped: 0.0005777 seconds, Stopping threads took: 0.0000857 seconds
2021-07-18T03:02:08.234+1000: 1771.385: Application time: 0.0001399 seconds
2021-07-18T03:02:08.235+1000: 1771.385: Total time for which application threads were stopped: 0.0005305 seconds, Stopping threads took: 0.0000846 seconds
2021-07-18T03:02:08.235+1000: 1771.385: Application time: 0.0001609 seconds
2021-07-18T03:02:08.237+1000: 1771.388: Total time for which application threads were stopped: 0.0026592 seconds, Stopping threads took: 0.0002512 seconds
2021-07-18T03:02:09.106+1000: 1772.256: Application time: 0.8684291 seconds
2021-07-18T03:02:09.113+1000: 1772.264: Total time for which application threads were stopped: 0.0071159 seconds, Stopping threads took: 0.0057435 seconds
2021-07-18T03:02:09.868+1000: 1773.018: Application time: 0.7547160 seconds
2021-07-18T03:02:09.869+1000: 1773.020: Total time for which application threads were stopped: 0.0012851 seconds, Stopping threads took: 0.0002298 seconds
2021-07-18T03:02:09.872+1000: 1773.022: Application time: 0.0027823 seconds
2021-07-18T03:02:09.873+1000: 1773.024: Total time for which application threads were stopped: 0.0012274 seconds, Stopping threads took: 0.0003993 seconds
2021-07-18T03:02:09.888+1000: 1773.039: Application time: 0.0149674 seconds
2021-07-18T03:02:09.890+1000: 1773.040: Total time for which application threads were stopped: 0.0016859 seconds, Stopping threads took: 0.0004372 seconds
2021-07-18T03:02:09.893+1000: 1773.043: Application time: 0.0030731 seconds
2021-07-18T03:02:09.894+1000: 1773.044: Total time for which application threads were stopped: 0.0011462 seconds, Stopping threads took: 0.0001198 seconds
2021-07-18T03:02:09.897+1000: 1773.048: Application time: 0.0032104 seconds
2021-07-18T03:02:09.898+1000: 1773.049: Total time for which application threads were stopped: 0.0011941 seconds, Stopping threads took: 0.0001413 seconds
2021-07-18T03:02:09.904+1000: 1773.055: Application time: 0.0057917 seconds
2021-07-18T03:02:09.906+1000: 1773.057: Total time for which application threads were stopped: 0.0021996 seconds, Stopping threads took: 0.0002122 seconds
2021-07-18T03:02:09.914+1000: 1773.065: Application time: 0.0080605 seconds
2021-07-18T03:02:09.916+1000: 1773.067: Total time for which application threads were stopped: 0.0015942 seconds, Stopping threads took: 0.0003214 seconds
2021-07-18T03:02:09.916+1000: 1773.067: Application time: 0.0002437 seconds
2021-07-18T03:02:09.919+1000: 1773.069: Total time for which application threads were stopped: 0.0026223 seconds, Stopping threads took: 0.0001306 seconds
2021-07-18T03:02:09.919+1000: 1773.070: Application time: 0.0001966 seconds
2021-07-18T03:02:09.921+1000: 1773.071: Total time for which application threads were stopped: 0.0017954 seconds, Stopping threads took: 0.0007052 seconds
2021-07-18T03:02:09.921+1000: 1773.072: Application time: 0.0003046 seconds
2021-07-18T03:02:09.922+1000: 1773.072: Total time for which application threads were stopped: 0.0006935 seconds, Stopping threads took: 0.0002087 seconds
2021-07-18T03:02:09.940+1000: 1773.090: Application time: 0.0179381 seconds
2021-07-18T03:02:09.951+1000: 1773.101: Total time for which application threads were stopped: 0.0109594 seconds, Stopping threads took: 0.0059295 seconds
2021-07-18T03:02:09.974+1000: 1773.124: Application time: 0.0230099 seconds
2021-07-18T03:02:09.975+1000: 1773.126: Total time for which application threads were stopped: 0.0012405 seconds, Stopping threads took: 0.0002937 seconds
2021-07-18T03:02:09.975+1000: 1773.126: Application time: 0.0004660 seconds
2021-07-18T03:02:09.976+1000: 1773.127: Total time for which application threads were stopped: 0.0006995 seconds, Stopping threads took: 0.0002261 seconds
2021-07-18T03:02:09.976+1000: 1773.127: Application time: 0.0001241 seconds
2021-07-18T03:02:09.977+1000: 1773.127: Total time for which application threads were stopped: 0.0005932 seconds, Stopping threads took: 0.0001616 seconds
2021-07-18T03:02:09.977+1000: 1773.128: Application time: 0.0001058 seconds
2021-07-18T03:02:09.978+1000: 1773.128: Total time for which application threads were stopped: 0.0006240 seconds, Stopping threads took: 0.0001797 seconds
2021-07-18T03:02:09.978+1000: 1773.128: Application time: 0.0000914 seconds
2021-07-18T03:02:09.978+1000: 1773.129: Total time for which application threads were stopped: 0.0005316 seconds, Stopping threads took: 0.0000804 seconds
2021-07-18T03:02:09.979+1000: 1773.129: Application time: 0.0006363 seconds
2021-07-18T03:02:09.979+1000: 1773.130: Total time for which application threads were stopped: 0.0005155 seconds, Stopping threads took: 0.0000841 seconds
2021-07-18T03:02:09.980+1000: 1773.130: Application time: 0.0001703 seconds
2021-07-18T03:02:09.980+1000: 1773.131: Total time for which application threads were stopped: 0.0005267 seconds, Stopping threads took: 0.0000920 seconds
2021-07-18T03:02:09.980+1000: 1773.131: Application time: 0.0002128 seconds
2021-07-18T03:02:09.981+1000: 1773.131: Total time for which application threads were stopped: 0.0004971 seconds, Stopping threads took: 0.0000849 seconds
2021-07-18T03:02:09.981+1000: 1773.132: Application time: 0.0000784 seconds
2021-07-18T03:02:09.981+1000: 1773.132: Total time for which application threads were stopped: 0.0005098 seconds, Stopping threads took: 0.0000812 seconds
2021-07-18T03:02:09.981+1000: 1773.132: Application time: 0.0001087 seconds
2021-07-18T03:02:09.983+1000: 1773.133: Total time for which application threads were stopped: 0.0010481 seconds, Stopping threads took: 0.0005884 seconds
2021-07-18T03:02:09.983+1000: 1773.133: Application time: 0.0002248 seconds
2021-07-18T03:02:09.984+1000: 1773.134: Total time for which application threads were stopped: 0.0008030 seconds, Stopping threads took: 0.0002660 seconds
2021-07-18T03:02:09.984+1000: 1773.134: Application time: 0.0000923 seconds
2021-07-18T03:02:09.984+1000: 1773.135: Total time for which application threads were stopped: 0.0004900 seconds, Stopping threads took: 0.0000689 seconds
2021-07-18T03:02:09.986+1000: 1773.136: Application time: 0.0016372 seconds
2021-07-18T03:02:09.987+1000: 1773.137: Total time for which application threads were stopped: 0.0007942 seconds, Stopping threads took: 0.0002645 seconds
2021-07-18T03:02:09.987+1000: 1773.138: Application time: 0.0002548 seconds
2021-07-18T03:02:09.988+1000: 1773.138: Total time for which application threads were stopped: 0.0008269 seconds, Stopping threads took: 0.0003742 seconds
2021-07-18T03:02:09.988+1000: 1773.139: Application time: 0.0001824 seconds
2021-07-18T03:02:09.989+1000: 1773.139: Total time for which application threads were stopped: 0.0007132 seconds, Stopping threads took: 0.0002584 seconds
2021-07-18T03:02:09.989+1000: 1773.139: Application time: 0.0001045 seconds
2021-07-18T03:02:09.989+1000: 1773.140: Total time for which application threads were stopped: 0.0006198 seconds, Stopping threads took: 0.0001794 seconds
2021-07-18T03:02:09.990+1000: 1773.140: Application time: 0.0001407 seconds
2021-07-18T03:02:09.990+1000: 1773.141: Total time for which application threads were stopped: 0.0005823 seconds, Stopping threads took: 0.0001294 seconds
2021-07-18T03:02:09.990+1000: 1773.141: Application time: 0.0000981 seconds
2021-07-18T03:02:09.991+1000: 1773.141: Total time for which application threads were stopped: 0.0005547 seconds, Stopping threads took: 0.0001461 seconds
2021-07-18T03:02:09.991+1000: 1773.142: Application time: 0.0001950 seconds
2021-07-18T03:02:09.992+1000: 1773.142: Total time for which application threads were stopped: 0.0008111 seconds, Stopping threads took: 0.0003363 seconds
2021-07-18T03:02:10.074+1000: 1773.224: Application time: 0.0817890 seconds
2021-07-18T03:02:10.075+1000: 1773.225: Total time for which application threads were stopped: 0.0011636 seconds, Stopping threads took: 0.0001774 seconds
2021-07-18T03:02:10.078+1000: 1773.228: Application time: 0.0030823 seconds
2021-07-18T03:02:10.079+1000: 1773.230: Total time for which application threads were stopped: 0.0014973 seconds, Stopping threads took: 0.0004048 seconds
2021-07-18T03:02:10.088+1000: 1773.239: Application time: 0.0088113 seconds
2021-07-18T03:02:10.089+1000: 1773.240: Total time for which application threads were stopped: 0.0011360 seconds, Stopping threads took: 0.0002724 seconds
2021-07-18T03:02:10.110+1000: 1773.260: Application time: 0.0203526 seconds
2021-07-18T03:02:10.111+1000: 1773.261: Total time for which application threads were stopped: 0.0011999 seconds, Stopping threads took: 0.0002716 seconds
2021-07-18T03:02:10.240+1000: 1773.391: Application time: 0.1290504 seconds
2021-07-18T03:02:10.241+1000: 1773.392: Total time for which application threads were stopped: 0.0015651 seconds, Stopping threads took: 0.0002548 seconds
2021-07-18T03:02:10.303+1000: 1773.454: Application time: 0.0617869 seconds
2021-07-18T03:02:10.307+1000: 1773.457: Total time for which application threads were stopped: 0.0035894 seconds, Stopping threads took: 0.0023168 seconds
2021-07-18T03:02:10.310+1000: 1773.461: Application time: 0.0030620 seconds
2021-07-18T03:02:10.312+1000: 1773.463: Total time for which application threads were stopped: 0.0022501 seconds, Stopping threads took: 0.0009836 seconds
2021-07-18T03:02:10.314+1000: 1773.465: Application time: 0.0022252 seconds
2021-07-18T03:02:10.316+1000: 1773.466: Total time for which application threads were stopped: 0.0012972 seconds, Stopping threads took: 0.0003757 seconds
2021-07-18T03:02:10.321+1000: 1773.472: Application time: 0.0054174 seconds
2021-07-18T03:02:10.323+1000: 1773.473: Total time for which application threads were stopped: 0.0015213 seconds, Stopping threads took: 0.0004533 seconds
2021-07-18T03:02:10.325+1000: 1773.475: Application time: 0.0021318 seconds
2021-07-18T03:02:10.326+1000: 1773.477: Total time for which application threads were stopped: 0.0013755 seconds, Stopping threads took: 0.0004868 seconds
2021-07-18T03:02:10.328+1000: 1773.479: Application time: 0.0018180 seconds
2021-07-18T03:02:10.329+1000: 1773.480: Total time for which application threads were stopped: 0.0010996 seconds, Stopping threads took: 0.0003194 seconds
2021-07-18T03:02:10.331+1000: 1773.481: Application time: 0.0015029 seconds
2021-07-18T03:02:10.332+1000: 1773.483: Total time for which application threads were stopped: 0.0018609 seconds, Stopping threads took: 0.0006410 seconds
2021-07-18T03:02:10.333+1000: 1773.483: Application time: 0.0002191 seconds
2021-07-18T03:02:10.334+1000: 1773.485: Total time for which application threads were stopped: 0.0014760 seconds, Stopping threads took: 0.0005371 seconds
2021-07-18T03:02:10.336+1000: 1773.486: Application time: 0.0013970 seconds
2021-07-18T03:02:10.339+1000: 1773.490: Total time for which application threads were stopped: 0.0035936 seconds, Stopping threads took: 0.0002467 seconds
2021-07-18T03:02:10.343+1000: 1773.493: Application time: 0.0035171 seconds
2021-07-18T03:02:10.345+1000: 1773.496: Total time for which application threads were stopped: 0.0024244 seconds, Stopping threads took: 0.0012627 seconds
2021-07-18T03:02:10.345+1000: 1773.496: Application time: 0.0003119 seconds
2021-07-18T03:02:10.346+1000: 1773.497: Total time for which application threads were stopped: 0.0006668 seconds, Stopping threads took: 0.0001107 seconds
2021-07-18T03:02:10.347+1000: 1773.498: Application time: 0.0011004 seconds
2021-07-18T03:02:10.349+1000: 1773.499: Total time for which application threads were stopped: 0.0015924 seconds, Stopping threads took: 0.0006013 seconds
2021-07-18T03:02:10.349+1000: 1773.500: Application time: 0.0002849 seconds
2021-07-18T03:02:10.350+1000: 1773.500: Total time for which application threads were stopped: 0.0007493 seconds, Stopping threads took: 0.0002510 seconds
2021-07-18T03:02:10.350+1000: 1773.501: Application time: 0.0001282 seconds
2021-07-18T03:02:10.350+1000: 1773.501: Total time for which application threads were stopped: 0.0005430 seconds, Stopping threads took: 0.0001104 seconds
2021-07-18T03:02:10.352+1000: 1773.503: Application time: 0.0016452 seconds
2021-07-18T03:02:10.353+1000: 1773.504: Total time for which application threads were stopped: 0.0009650 seconds, Stopping threads took: 0.0002825 seconds
2021-07-18T03:02:10.353+1000: 1773.504: Application time: 0.0001963 seconds
2021-07-18T03:02:10.354+1000: 1773.505: Total time for which application threads were stopped: 0.0007671 seconds, Stopping threads took: 0.0002883 seconds
2021-07-18T03:02:10.354+1000: 1773.505: Application time: 0.0001799 seconds
2021-07-18T03:02:10.355+1000: 1773.506: Total time for which application threads were stopped: 0.0006410 seconds, Stopping threads took: 0.0001591 seconds
2021-07-18T03:02:10.355+1000: 1773.506: Application time: 0.0005614 seconds
2021-07-18T03:02:10.356+1000: 1773.507: Total time for which application threads were stopped: 0.0009492 seconds, Stopping threads took: 0.0005044 seconds
2021-07-18T03:02:10.357+1000: 1773.507: Application time: 0.0001315 seconds
2021-07-18T03:02:10.361+1000: 1773.511: Total time for which application threads were stopped: 0.0041903 seconds, Stopping threads took: 0.0001126 seconds
2021-07-18T03:02:10.364+1000: 1773.515: Application time: 0.0034112 seconds
2021-07-18T03:02:10.366+1000: 1773.516: Total time for which application threads were stopped: 0.0014361 seconds, Stopping threads took: 0.0003076 seconds
2021-07-18T03:02:10.371+1000: 1773.522: Application time: 0.0053759 seconds
2021-07-18T03:02:10.374+1000: 1773.525: Total time for which application threads were stopped: 0.0030597 seconds, Stopping threads took: 0.0019719 seconds
2021-07-18T03:02:10.380+1000: 1773.530: Application time: 0.0054966 seconds
2021-07-18T03:02:10.381+1000: 1773.532: Total time for which application threads were stopped: 0.0015346 seconds, Stopping threads took: 0.0004160 seconds
2021-07-18T03:02:10.381+1000: 1773.532: Application time: 0.0002514 seconds
2021-07-18T03:02:10.382+1000: 1773.533: Total time for which application threads were stopped: 0.0011111 seconds, Stopping threads took: 0.0003131 seconds
2021-07-18T03:02:10.387+1000: 1773.538: Application time: 0.0045092 seconds
2021-07-18T03:02:10.395+1000: 1773.546: Total time for which application threads were stopped: 0.0082400 seconds, Stopping threads took: 0.0071923 seconds
2021-07-18T03:02:10.397+1000: 1773.547: Application time: 0.0015824 seconds
2021-07-18T03:02:10.398+1000: 1773.549: Total time for which application threads were stopped: 0.0013768 seconds, Stopping threads took: 0.0003958 seconds
2021-07-18T03:02:10.401+1000: 1773.552: Application time: 0.0030203 seconds
2021-07-18T03:02:10.402+1000: 1773.553: Total time for which application threads were stopped: 0.0011383 seconds, Stopping threads took: 0.0001024 seconds
2021-07-18T03:02:10.403+1000: 1773.554: Application time: 0.0005788 seconds
2021-07-18T03:02:10.406+1000: 1773.556: Total time for which application threads were stopped: 0.0026901 seconds, Stopping threads took: 0.0016831 seconds
2021-07-18T03:02:10.411+1000: 1773.562: Application time: 0.0054258 seconds
2021-07-18T03:02:10.413+1000: 1773.563: Total time for which application threads were stopped: 0.0015269 seconds, Stopping threads took: 0.0004536 seconds
2021-07-18T03:02:10.413+1000: 1773.564: Application time: 0.0007338 seconds
2021-07-18T03:02:10.415+1000: 1773.566: Total time for which application threads were stopped: 0.0016034 seconds, Stopping threads took: 0.0006399 seconds
2021-07-18T03:02:10.418+1000: 1773.569: Application time: 0.0032396 seconds
2021-07-18T03:02:10.420+1000: 1773.571: Total time for which application threads were stopped: 0.0022035 seconds, Stopping threads took: 0.0012744 seconds
2021-07-18T03:02:10.424+1000: 1773.575: Application time: 0.0039714 seconds
2021-07-18T03:02:10.426+1000: 1773.577: Total time for which application threads were stopped: 0.0018261 seconds, Stopping threads took: 0.0005163 seconds
2021-07-18T03:02:10.429+1000: 1773.580: Application time: 0.0029571 seconds
2021-07-18T03:02:10.432+1000: 1773.582: Total time for which application threads were stopped: 0.0025227 seconds, Stopping threads took: 0.0015500 seconds
2021-07-18T03:02:10.450+1000: 1773.600: Application time: 0.0179388 seconds
2021-07-18T03:02:10.456+1000: 1773.606: Total time for which application threads were stopped: 0.0059857 seconds, Stopping threads took: 0.0006046 seconds
2021-07-18T03:02:10.470+1000: 1773.621: Application time: 0.0144573 seconds
2021-07-18T03:02:10.472+1000: 1773.622: Total time for which application threads were stopped: 0.0015323 seconds, Stopping threads took: 0.0003229 seconds
2021-07-18T03:02:10.496+1000: 1773.647: Application time: 0.0243653 seconds
2021-07-18T03:02:10.502+1000: 1773.653: Total time for which application threads were stopped: 0.0060638 seconds, Stopping threads took: 0.0002899 seconds
2021-07-18T03:02:10.504+1000: 1773.655: Application time: 0.0021691 seconds
2021-07-18T03:02:10.506+1000: 1773.656: Total time for which application threads were stopped: 0.0014754 seconds, Stopping threads took: 0.0005569 seconds
2021-07-18T03:02:10.512+1000: 1773.663: Application time: 0.0067558 seconds
2021-07-18T03:02:10.515+1000: 1773.665: Total time for which application threads were stopped: 0.0023407 seconds, Stopping threads took: 0.0013783 seconds
2021-07-18T03:02:10.554+1000: 1773.705: Application time: 0.0393828 seconds
2021-07-18T03:02:10.558+1000: 1773.709: Total time for which application threads were stopped: 0.0040239 seconds, Stopping threads took: 0.0005290 seconds
2021-07-18T03:02:10.559+1000: 1773.710: Application time: 0.0012115 seconds
2021-07-18T03:02:10.561+1000: 1773.711: Total time for which application threads were stopped: 0.0014272 seconds, Stopping threads took: 0.0005121 seconds
2021-07-18T03:02:10.562+1000: 1773.713: Application time: 0.0016479 seconds
2021-07-18T03:02:10.566+1000: 1773.717: Total time for which application threads were stopped: 0.0037926 seconds, Stopping threads took: 0.0009282 seconds
2021-07-18T03:02:10.566+1000: 1773.717: Application time: 0.0002572 seconds
2021-07-18T03:02:10.568+1000: 1773.719: Total time for which application threads were stopped: 0.0019474 seconds, Stopping threads took: 0.0003129 seconds
2021-07-18T03:02:10.571+1000: 1773.722: Application time: 0.0025798 seconds
2021-07-18T03:02:10.573+1000: 1773.724: Total time for which application threads were stopped: 0.0023634 seconds, Stopping threads took: 0.0013695 seconds
2021-07-18T03:02:10.593+1000: 1773.743: Application time: 0.0193918 seconds
2021-07-18T03:02:10.595+1000: 1773.745: Total time for which application threads were stopped: 0.0019300 seconds, Stopping threads took: 0.0008957 seconds
2021-07-18T03:02:10.609+1000: 1773.760: Application time: 0.0140880 seconds
2021-07-18T03:02:10.611+1000: 1773.762: Total time for which application threads were stopped: 0.0023583 seconds, Stopping threads took: 0.0010901 seconds
2021-07-18T03:02:10.614+1000: 1773.764: Application time: 0.0024380 seconds
2021-07-18T03:02:10.624+1000: 1773.774: Total time for which application threads were stopped: 0.0100948 seconds, Stopping threads took: 0.0010453 seconds
2021-07-18T03:02:10.635+1000: 1773.786: Application time: 0.0116609 seconds
2021-07-18T03:02:10.637+1000: 1773.788: Total time for which application threads were stopped: 0.0016888 seconds, Stopping threads took: 0.0005227 seconds
2021-07-18T03:02:10.637+1000: 1773.788: Application time: 0.0002593 seconds
2021-07-18T03:02:10.639+1000: 1773.789: Total time for which application threads were stopped: 0.0012536 seconds, Stopping threads took: 0.0002748 seconds
2021-07-18T03:02:10.647+1000: 1773.797: Application time: 0.0078911 seconds
2021-07-18T03:02:10.648+1000: 1773.799: Total time for which application threads were stopped: 0.0014698 seconds, Stopping threads took: 0.0003336 seconds
2021-07-18T03:02:10.655+1000: 1773.806: Application time: 0.0072522 seconds
2021-07-18T03:02:10.658+1000: 1773.809: Total time for which application threads were stopped: 0.0030132 seconds, Stopping threads took: 0.0015683 seconds
2021-07-18T03:02:10.679+1000: 1773.829: Application time: 0.0204153 seconds
2021-07-18T03:02:10.681+1000: 1773.831: Total time for which application threads were stopped: 0.0020666 seconds, Stopping threads took: 0.0008168 seconds
2021-07-18T03:02:10.702+1000: 1773.853: Application time: 0.0211803 seconds
2021-07-18T03:02:10.704+1000: 1773.854: Total time for which application threads were stopped: 0.0016633 seconds, Stopping threads took: 0.0004956 seconds
2021-07-18T03:02:10.978+1000: 1774.128: Application time: 0.2741638 seconds
2021-07-18T03:02:10.980+1000: 1774.130: Total time for which application threads were stopped: 0.0018442 seconds, Stopping threads took: 0.0004739 seconds
2021-07-18T03:02:10.998+1000: 1774.149: Application time: 0.0182517 seconds
2021-07-18T03:02:10.999+1000: 1774.150: Total time for which application threads were stopped: 0.0013693 seconds, Stopping threads took: 0.0002496 seconds
2021-07-18T03:02:11.000+1000: 1774.151: Application time: 0.0010889 seconds
2021-07-18T03:02:11.001+1000: 1774.152: Total time for which application threads were stopped: 0.0009842 seconds, Stopping threads took: 0.0003227 seconds
2021-07-18T03:02:11.002+1000: 1774.152: Application time: 0.0003326 seconds
2021-07-18T03:02:11.003+1000: 1774.153: Total time for which application threads were stopped: 0.0008960 seconds, Stopping threads took: 0.0004160 seconds
2021-07-18T03:02:11.009+1000: 1774.160: Application time: 0.0065740 seconds
2021-07-18T03:02:11.013+1000: 1774.164: Total time for which application threads were stopped: 0.0039443 seconds, Stopping threads took: 0.0006037 seconds
2021-07-18T03:02:11.013+1000: 1774.164: Application time: 0.0001918 seconds
2021-07-18T03:02:11.014+1000: 1774.165: Total time for which application threads were stopped: 0.0010959 seconds, Stopping threads took: 0.0003256 seconds
2021-07-18T03:02:11.015+1000: 1774.165: Application time: 0.0003701 seconds
2021-07-18T03:02:11.016+1000: 1774.167: Total time for which application threads were stopped: 0.0011101 seconds, Stopping threads took: 0.0005951 seconds
2021-07-18T03:02:11.016+1000: 1774.167: Application time: 0.0001505 seconds
2021-07-18T03:02:11.017+1000: 1774.167: Total time for which application threads were stopped: 0.0006296 seconds, Stopping threads took: 0.0001471 seconds
2021-07-18T03:02:11.018+1000: 1774.168: Application time: 0.0010838 seconds
2021-07-18T03:02:11.023+1000: 1774.173: Total time for which application threads were stopped: 0.0048513 seconds, Stopping threads took: 0.0037158 seconds
2021-07-18T03:02:11.023+1000: 1774.174: Application time: 0.0002063 seconds
2021-07-18T03:02:11.024+1000: 1774.174: Total time for which application threads were stopped: 0.0006521 seconds, Stopping threads took: 0.0001417 seconds
2021-07-18T03:02:11.024+1000: 1774.175: Application time: 0.0005356 seconds
2021-07-18T03:02:11.025+1000: 1774.176: Total time for which application threads were stopped: 0.0010420 seconds, Stopping threads took: 0.0004193 seconds
2021-07-18T03:02:11.025+1000: 1774.176: Application time: 0.0000682 seconds
2021-07-18T03:02:11.026+1000: 1774.176: Total time for which application threads were stopped: 0.0005371 seconds, Stopping threads took: 0.0000829 seconds
2021-07-18T03:02:11.031+1000: 1774.182: Application time: 0.0054479 seconds
2021-07-18T03:02:11.033+1000: 1774.183: Total time for which application threads were stopped: 0.0015430 seconds, Stopping threads took: 0.0005118 seconds
2021-07-18T03:02:11.034+1000: 1774.184: Application time: 0.0009295 seconds
2021-07-18T03:02:11.037+1000: 1774.187: Total time for which application threads were stopped: 0.0029659 seconds, Stopping threads took: 0.0001833 seconds
2021-07-18T03:02:11.037+1000: 1774.188: Application time: 0.0003159 seconds
2021-07-18T03:02:11.038+1000: 1774.188: Total time for which application threads were stopped: 0.0008547 seconds, Stopping threads took: 0.0002217 seconds
2021-07-18T03:02:11.038+1000: 1774.189: Application time: 0.0003059 seconds
2021-07-18T03:02:11.039+1000: 1774.189: Total time for which application threads were stopped: 0.0006811 seconds, Stopping threads took: 0.0002348 seconds
2021-07-18T03:02:11.039+1000: 1774.190: Application time: 0.0002824 seconds
2021-07-18T03:02:11.040+1000: 1774.191: Total time for which application threads were stopped: 0.0008072 seconds, Stopping threads took: 0.0003305 seconds
2021-07-18T03:02:11.041+1000: 1774.192: Application time: 0.0009774 seconds
2021-07-18T03:02:11.042+1000: 1774.192: Total time for which application threads were stopped: 0.0009319 seconds, Stopping threads took: 0.0004179 seconds
2021-07-18T03:02:11.042+1000: 1774.193: Application time: 0.0001518 seconds
2021-07-18T03:02:11.043+1000: 1774.193: Total time for which application threads were stopped: 0.0008033 seconds, Stopping threads took: 0.0003541 seconds
2021-07-18T03:02:11.043+1000: 1774.194: Application time: 0.0001682 seconds
2021-07-18T03:02:11.044+1000: 1774.194: Total time for which application threads were stopped: 0.0006140 seconds, Stopping threads took: 0.0001413 seconds
2021-07-18T03:02:11.044+1000: 1774.195: Application time: 0.0003367 seconds
2021-07-18T03:02:11.045+1000: 1774.195: Total time for which application threads were stopped: 0.0006232 seconds, Stopping threads took: 0.0001518 seconds
2021-07-18T03:02:11.045+1000: 1774.196: Application time: 0.0009277 seconds
2021-07-18T03:02:11.046+1000: 1774.197: Total time for which application threads were stopped: 0.0009093 seconds, Stopping threads took: 0.0004028 seconds
2021-07-18T03:02:11.047+1000: 1774.197: Application time: 0.0001736 seconds
2021-07-18T03:02:11.049+1000: 1774.199: Total time for which application threads were stopped: 0.0019896 seconds, Stopping threads took: 0.0014713 seconds
2021-07-18T03:02:11.113+1000: 1774.264: Application time: 0.0646008 seconds
2021-07-18T03:02:11.115+1000: 1774.265: Total time for which application threads were stopped: 0.0014684 seconds, Stopping threads took: 0.0003390 seconds
2021-07-18T03:02:11.214+1000: 1774.365: Application time: 0.0995667 seconds
2021-07-18T03:02:11.216+1000: 1774.367: Total time for which application threads were stopped: 0.0017684 seconds, Stopping threads took: 0.0004073 seconds
2021-07-18T03:02:11.832+1000: 1774.982: Application time: 0.6158750 seconds
2021-07-18T03:02:11.834+1000: 1774.984: Total time for which application threads were stopped: 0.0018667 seconds, Stopping threads took: 0.0006271 seconds
2021-07-18T03:02:11.866+1000: 1775.016: Application time: 0.0321468 seconds
2021-07-18T03:02:11.868+1000: 1775.018: Total time for which application threads were stopped: 0.0019698 seconds, Stopping threads took: 0.0007130 seconds
2021-07-18T03:02:11.868+1000: 1775.019: Application time: 0.0004854 seconds
2021-07-18T03:02:11.869+1000: 1775.020: Total time for which application threads were stopped: 0.0010308 seconds, Stopping threads took: 0.0001951 seconds
2021-07-18T03:02:11.870+1000: 1775.021: Application time: 0.0011620 seconds
2021-07-18T03:02:11.872+1000: 1775.022: Total time for which application threads were stopped: 0.0013445 seconds, Stopping threads took: 0.0003828 seconds
2021-07-18T03:02:11.889+1000: 1775.040: Application time: 0.0175834 seconds
2021-07-18T03:02:11.891+1000: 1775.041: Total time for which application threads were stopped: 0.0013069 seconds, Stopping threads took: 0.0003303 seconds
2021-07-18T03:02:11.965+1000: 1775.115: Application time: 0.0740097 seconds
2021-07-18T03:02:11.967+1000: 1775.117: Total time for which application threads were stopped: 0.0017773 seconds, Stopping threads took: 0.0003983 seconds
2021-07-18T03:02:11.999+1000: 1775.149: Application time: 0.0323000 seconds
2021-07-18T03:02:12.001+1000: 1775.151: Total time for which application threads were stopped: 0.0018250 seconds, Stopping threads took: 0.0006592 seconds
2021-07-18T03:02:12.001+1000: 1775.152: Application time: 0.0007115 seconds
2021-07-18T03:02:12.003+1000: 1775.154: Total time for which application threads were stopped: 0.0015444 seconds, Stopping threads took: 0.0005977 seconds
2021-07-18T03:02:12.046+1000: 1775.196: Application time: 0.0426683 seconds
2021-07-18T03:02:12.052+1000: 1775.202: Total time for which application threads were stopped: 0.0060530 seconds, Stopping threads took: 0.0003681 seconds
2021-07-18T03:02:12.058+1000: 1775.209: Application time: 0.0062538 seconds
2021-07-18T03:02:12.059+1000: 1775.210: Total time for which application threads were stopped: 0.0016189 seconds, Stopping threads took: 0.0005535 seconds
2021-07-18T03:02:12.064+1000: 1775.215: Application time: 0.0043728 seconds
2021-07-18T03:02:12.065+1000: 1775.216: Total time for which application threads were stopped: 0.0009461 seconds, Stopping threads took: 0.0001489 seconds
2021-07-18T03:02:12.076+1000: 1775.227: Application time: 0.0115453 seconds
2021-07-18T03:02:12.099+1000: 1775.250: Total time for which application threads were stopped: 0.0227289 seconds, Stopping threads took: 0.0213264 seconds
2021-07-18T03:02:12.120+1000: 1775.270: Application time: 0.0204289 seconds
2021-07-18T03:02:12.123+1000: 1775.274: Total time for which application threads were stopped: 0.0033306 seconds, Stopping threads took: 0.0009440 seconds
2021-07-18T03:02:12.142+1000: 1775.293: Application time: 0.0192273 seconds
2021-07-18T03:02:12.144+1000: 1775.294: Total time for which application threads were stopped: 0.0015975 seconds, Stopping threads took: 0.0004694 seconds
2021-07-18T03:02:12.145+1000: 1775.296: Application time: 0.0014572 seconds
2021-07-18T03:02:12.147+1000: 1775.298: Total time for which application threads were stopped: 0.0019063 seconds, Stopping threads took: 0.0008923 seconds
2021-07-18T03:02:12.172+1000: 1775.322: Application time: 0.0245199 seconds
2021-07-18T03:02:12.174+1000: 1775.325: Total time for which application threads were stopped: 0.0024540 seconds, Stopping threads took: 0.0011829 seconds
2021-07-18T03:02:12.190+1000: 1775.340: Application time: 0.0156439 seconds
2021-07-18T03:02:12.193+1000: 1775.344: Total time for which application threads were stopped: 0.0035781 seconds, Stopping threads took: 0.0022396 seconds
2021-07-18T03:02:12.200+1000: 1775.350: Application time: 0.0063497 seconds
2021-07-18T03:02:12.202+1000: 1775.353: Total time for which application threads were stopped: 0.0023956 seconds, Stopping threads took: 0.0011184 seconds
2021-07-18T03:02:12.214+1000: 1775.364: Application time: 0.0115374 seconds
2021-07-18T03:02:12.215+1000: 1775.366: Total time for which application threads were stopped: 0.0014313 seconds, Stopping threads took: 0.0004081 seconds
2021-07-18T03:02:12.280+1000: 1775.431: Application time: 0.0653059 seconds
2021-07-18T03:02:12.282+1000: 1775.432: Total time for which application threads were stopped: 0.0014210 seconds, Stopping threads took: 0.0002965 seconds
2021-07-18T03:02:12.283+1000: 1775.433: Application time: 0.0010479 seconds
2021-07-18T03:02:12.284+1000: 1775.434: Total time for which application threads were stopped: 0.0007298 seconds, Stopping threads took: 0.0001016 seconds
2021-07-18T03:02:12.284+1000: 1775.434: Application time: 0.0001391 seconds
2021-07-18T03:02:12.284+1000: 1775.435: Total time for which application threads were stopped: 0.0007109 seconds, Stopping threads took: 0.0001754 seconds
2021-07-18T03:02:12.285+1000: 1775.436: Application time: 0.0008801 seconds
2021-07-18T03:02:12.286+1000: 1775.437: Total time for which application threads were stopped: 0.0007136 seconds, Stopping threads took: 0.0001931 seconds
2021-07-18T03:02:12.286+1000: 1775.437: Application time: 0.0001305 seconds
2021-07-18T03:02:12.287+1000: 1775.437: Total time for which application threads were stopped: 0.0006854 seconds, Stopping threads took: 0.0001959 seconds
2021-07-18T03:02:12.366+1000: 1775.517: Application time: 0.0793651 seconds
2021-07-18T03:02:12.368+1000: 1775.519: Total time for which application threads were stopped: 0.0018431 seconds, Stopping threads took: 0.0005202 seconds
2021-07-18T03:02:12.450+1000: 1775.600: Application time: 0.0816725 seconds
2021-07-18T03:02:12.466+1000: 1775.616: Total time for which application threads were stopped: 0.0159225 seconds, Stopping threads took: 0.0090763 seconds
2021-07-18T03:02:12.621+1000: 1775.772: Application time: 0.1556880 seconds
2021-07-18T03:02:12.624+1000: 1775.774: Total time for which application threads were stopped: 0.0024247 seconds, Stopping threads took: 0.0011951 seconds
2021-07-18T03:02:12.737+1000: 1775.888: Application time: 0.1131657 seconds
2021-07-18T03:02:12.738+1000: 1775.889: Total time for which application threads were stopped: 0.0013594 seconds, Stopping threads took: 0.0003842 seconds
2021-07-18T03:02:12.740+1000: 1775.890: Application time: 0.0012330 seconds
2021-07-18T03:02:12.744+1000: 1775.895: Total time for which application threads were stopped: 0.0048896 seconds, Stopping threads took: 0.0001334 seconds
2021-07-18T03:02:12.745+1000: 1775.896: Application time: 0.0006505 seconds
2021-07-18T03:02:12.746+1000: 1775.897: Total time for which application threads were stopped: 0.0010279 seconds, Stopping threads took: 0.0001868 seconds
2021-07-18T03:02:12.747+1000: 1775.897: Application time: 0.0007086 seconds
2021-07-18T03:02:12.748+1000: 1775.898: Total time for which application threads were stopped: 0.0009061 seconds, Stopping threads took: 0.0001873 seconds
2021-07-18T03:02:12.853+1000: 1776.004: Application time: 0.1055748 seconds
2021-07-18T03:02:12.860+1000: 1776.011: Total time for which application threads were stopped: 0.0065674 seconds, Stopping threads took: 0.0002533 seconds
2021-07-18T03:02:13.024+1000: 1776.174: Application time: 0.1636552 seconds
2021-07-18T03:02:13.025+1000: 1776.176: Total time for which application threads were stopped: 0.0015585 seconds, Stopping threads took: 0.0003572 seconds
2021-07-18T03:02:13.242+1000: 1776.392: Application time: 0.2165735 seconds
2021-07-18T03:02:13.243+1000: 1776.394: Total time for which application threads were stopped: 0.0013319 seconds, Stopping threads took: 0.0003519 seconds
2021-07-18T03:02:13.245+1000: 1776.395: Application time: 0.0017172 seconds
2021-07-18T03:02:13.246+1000: 1776.396: Total time for which application threads were stopped: 0.0009729 seconds, Stopping threads took: 0.0003966 seconds
2021-07-18T03:02:13.779+1000: 1776.930: Application time: 0.5331668 seconds
2021-07-18T03:02:13.780+1000: 1776.931: Total time for which application threads were stopped: 0.0012022 seconds, Stopping threads took: 0.0002030 seconds
2021-07-18T03:02:14.038+1000: 1777.189: Application time: 0.2580709 seconds
2021-07-18T03:02:14.041+1000: 1777.192: Total time for which application threads were stopped: 0.0031715 seconds, Stopping threads took: 0.0017509 seconds
2021-07-18T03:02:14.818+1000: 1777.968: Application time: 0.7764530 seconds
2021-07-18T03:02:14.819+1000: 1777.970: Total time for which application threads were stopped: 0.0012698 seconds, Stopping threads took: 0.0002522 seconds
2021-07-18T03:02:14.924+1000: 1778.075: Application time: 0.1053012 seconds
2021-07-18T03:02:14.928+1000: 1778.078: Total time for which application threads were stopped: 0.0032692 seconds, Stopping threads took: 0.0019359 seconds
2021-07-18T03:02:15.196+1000: 1778.347: Application time: 0.2687309 seconds
2021-07-18T03:02:15.198+1000: 1778.348: Total time for which application threads were stopped: 0.0014246 seconds, Stopping threads took: 0.0002357 seconds
2021-07-18T03:02:15.198+1000: 1778.349: Application time: 0.0001693 seconds
2021-07-18T03:02:15.199+1000: 1778.350: Total time for which application threads were stopped: 0.0009417 seconds, Stopping threads took: 0.0002780 seconds
2021-07-18T03:02:15.199+1000: 1778.350: Application time: 0.0002026 seconds
2021-07-18T03:02:15.200+1000: 1778.351: Total time for which application threads were stopped: 0.0012684 seconds, Stopping threads took: 0.0007942 seconds
2021-07-18T03:02:15.201+1000: 1778.351: Application time: 0.0001498 seconds
2021-07-18T03:02:15.201+1000: 1778.352: Total time for which application threads were stopped: 0.0008499 seconds, Stopping threads took: 0.0002621 seconds
2021-07-18T03:02:15.202+1000: 1778.352: Application time: 0.0001815 seconds
2021-07-18T03:02:15.202+1000: 1778.353: Total time for which application threads were stopped: 0.0005641 seconds, Stopping threads took: 0.0001111 seconds
2021-07-18T03:02:15.223+1000: 1778.374: Application time: 0.0207259 seconds
2021-07-18T03:02:15.225+1000: 1778.375: Total time for which application threads were stopped: 0.0019046 seconds, Stopping threads took: 0.0003514 seconds
2021-07-18T03:02:15.225+1000: 1778.376: Application time: 0.0003009 seconds
2021-07-18T03:02:15.226+1000: 1778.377: Total time for which application threads were stopped: 0.0009944 seconds, Stopping threads took: 0.0004829 seconds
2021-07-18T03:02:15.294+1000: 1778.445: Application time: 0.0681543 seconds
2021-07-18T03:02:15.296+1000: 1778.447: Total time for which application threads were stopped: 0.0017511 seconds, Stopping threads took: 0.0005110 seconds
2021-07-18T03:02:15.296+1000: 1778.447: Application time: 0.0001913 seconds
2021-07-18T03:02:15.297+1000: 1778.447: Total time for which application threads were stopped: 0.0006127 seconds, Stopping threads took: 0.0001461 seconds
2021-07-18T03:02:15.297+1000: 1778.448: Application time: 0.0001301 seconds
2021-07-18T03:02:15.298+1000: 1778.448: Total time for which application threads were stopped: 0.0007113 seconds, Stopping threads took: 0.0002294 seconds
2021-07-18T03:02:15.298+1000: 1778.448: Application time: 0.0001348 seconds
2021-07-18T03:02:15.298+1000: 1778.449: Total time for which application threads were stopped: 0.0006437 seconds, Stopping threads took: 0.0002214 seconds
2021-07-18T03:02:15.299+1000: 1778.449: Application time: 0.0001204 seconds
2021-07-18T03:02:15.300+1000: 1778.450: Total time for which application threads were stopped: 0.0010745 seconds, Stopping threads took: 0.0001090 seconds
2021-07-18T03:02:15.315+1000: 1778.466: Application time: 0.0154806 seconds
2021-07-18T03:02:15.316+1000: 1778.467: Total time for which application threads were stopped: 0.0013144 seconds, Stopping threads took: 0.0003326 seconds
2021-07-18T03:02:16.098+1000: 1779.249: Application time: 0.7815997 seconds
2021-07-18T03:02:16.100+1000: 1779.250: Total time for which application threads were stopped: 0.0015333 seconds, Stopping threads took: 0.0002621 seconds
2021-07-18T03:02:17.000+1000: 1780.151: Application time: 0.9005152 seconds
2021-07-18T03:02:17.002+1000: 1780.153: Total time for which application threads were stopped: 0.0021836 seconds, Stopping threads took: 0.0006971 seconds
2021-07-18T03:02:17.045+1000: 1780.196: Application time: 0.0430570 seconds
2021-07-18T03:02:17.048+1000: 1780.199: Total time for which application threads were stopped: 0.0028857 seconds, Stopping threads took: 0.0010544 seconds
2021-07-18T03:02:17.049+1000: 1780.200: Application time: 0.0006098 seconds
2021-07-18T03:02:17.051+1000: 1780.201: Total time for which application threads were stopped: 0.0016974 seconds, Stopping threads took: 0.0004982 seconds
2021-07-18T03:02:17.322+1000: 1780.473: Application time: 0.2715703 seconds
2021-07-18T03:02:17.332+1000: 1780.483: Total time for which application threads were stopped: 0.0097463 seconds, Stopping threads took: 0.0003747 seconds
2021-07-18T03:02:17.604+1000: 1780.755: Application time: 0.2723704 seconds
2021-07-18T03:02:17.606+1000: 1780.756: Total time for which application threads were stopped: 0.0014129 seconds, Stopping threads took: 0.0002301 seconds
2021-07-18T03:02:17.607+1000: 1780.757: Application time: 0.0007943 seconds
2021-07-18T03:02:17.607+1000: 1780.758: Total time for which application threads were stopped: 0.0008300 seconds, Stopping threads took: 0.0001052 seconds
2021-07-18T03:02:17.609+1000: 1780.759: Application time: 0.0011454 seconds
2021-07-18T03:02:17.611+1000: 1780.762: Total time for which application threads were stopped: 0.0026729 seconds, Stopping threads took: 0.0004020 seconds
2021-07-18T03:02:17.612+1000: 1780.762: Application time: 0.0002477 seconds
2021-07-18T03:02:17.613+1000: 1780.763: Total time for which application threads were stopped: 0.0011298 seconds, Stopping threads took: 0.0001222 seconds
2021-07-18T03:02:17.614+1000: 1780.764: Application time: 0.0010342 seconds
2021-07-18T03:02:17.615+1000: 1780.766: Total time for which application threads were stopped: 0.0014919 seconds, Stopping threads took: 0.0006671 seconds
2021-07-18T03:02:17.626+1000: 1780.777: Application time: 0.0107082 seconds
2021-07-18T03:02:17.633+1000: 1780.784: Total time for which application threads were stopped: 0.0070011 seconds, Stopping threads took: 0.0002391 seconds
2021-07-18T03:02:17.818+1000: 1780.969: Application time: 0.1854477 seconds
2021-07-18T03:02:17.826+1000: 1780.977: Total time for which application threads were stopped: 0.0080578 seconds, Stopping threads took: 0.0002663 seconds
2021-07-18T03:02:17.928+1000: 1781.079: Application time: 0.1016595 seconds
2021-07-18T03:02:17.930+1000: 1781.080: Total time for which application threads were stopped: 0.0015200 seconds, Stopping threads took: 0.0003104 seconds
2021-07-18T03:02:18.230+1000: 1781.380: Application time: 0.3001598 seconds
2021-07-18T03:02:18.232+1000: 1781.383: Total time for which application threads were stopped: 0.0025123 seconds, Stopping threads took: 0.0004795 seconds
2021-07-18T03:02:18.313+1000: 1781.463: Application time: 0.0803513 seconds
2021-07-18T03:02:18.315+1000: 1781.465: Total time for which application threads were stopped: 0.0021625 seconds, Stopping threads took: 0.0004837 seconds
2021-07-18T03:02:18.351+1000: 1781.502: Application time: 0.0364029 seconds
2021-07-18T03:02:18.353+1000: 1781.504: Total time for which application threads were stopped: 0.0017316 seconds, Stopping threads took: 0.0003599 seconds
2021-07-18T03:02:18.404+1000: 1781.554: Application time: 0.0509155 seconds
2021-07-18T03:02:18.405+1000: 1781.556: Total time for which application threads were stopped: 0.0015913 seconds, Stopping threads took: 0.0002776 seconds
2021-07-18T03:02:18.438+1000: 1781.589: Application time: 0.0326486 seconds
2021-07-18T03:02:18.440+1000: 1781.590: Total time for which application threads were stopped: 0.0016646 seconds, Stopping threads took: 0.0003481 seconds
2021-07-18T03:02:18.484+1000: 1781.634: Application time: 0.0438236 seconds
2021-07-18T03:02:18.485+1000: 1781.636: Total time for which application threads were stopped: 0.0013277 seconds, Stopping threads took: 0.0003226 seconds
2021-07-18T03:02:18.502+1000: 1781.653: Application time: 0.0173223 seconds
2021-07-18T03:02:18.504+1000: 1781.655: Total time for which application threads were stopped: 0.0016439 seconds, Stopping threads took: 0.0003426 seconds
2021-07-18T03:02:19.504+1000: 1782.655: Application time: 1.0002157 seconds
2021-07-18T03:02:19.506+1000: 1782.657: Total time for which application threads were stopped: 0.0017136 seconds, Stopping threads took: 0.0002588 seconds
2021-07-18T03:02:19.948+1000: 1783.099: Application time: 0.4420322 seconds
2021-07-18T03:02:19.949+1000: 1783.100: Total time for which application threads were stopped: 0.0014445 seconds, Stopping threads took: 0.0002856 seconds
2021-07-18T03:02:19.982+1000: 1783.132: Application time: 0.0321759 seconds
2021-07-18T03:02:19.983+1000: 1783.134: Total time for which application threads were stopped: 0.0014873 seconds, Stopping threads took: 0.0004636 seconds
2021-07-18T03:02:20.395+1000: 1783.545: Application time: 0.4117013 seconds
2021-07-18T03:02:20.397+1000: 1783.548: Total time for which application threads were stopped: 0.0023011 seconds, Stopping threads took: 0.0006095 seconds
2021-07-18T03:02:20.397+1000: 1783.548: Application time: 0.0002626 seconds
2021-07-18T03:02:20.399+1000: 1783.549: Total time for which application threads were stopped: 0.0011638 seconds, Stopping threads took: 0.0002924 seconds
2021-07-18T03:02:20.399+1000: 1783.549: Application time: 0.0002627 seconds
2021-07-18T03:02:20.401+1000: 1783.551: Total time for which application threads were stopped: 0.0018427 seconds, Stopping threads took: 0.0002735 seconds
2021-07-18T03:02:20.401+1000: 1783.552: Application time: 0.0002600 seconds
2021-07-18T03:02:20.405+1000: 1783.556: Total time for which application threads were stopped: 0.0042835 seconds, Stopping threads took: 0.0001651 seconds
2021-07-18T03:02:20.444+1000: 1783.595: Application time: 0.0389864 seconds
2021-07-18T03:02:20.449+1000: 1783.600: Total time for which application threads were stopped: 0.0046902 seconds, Stopping threads took: 0.0026322 seconds
2021-07-18T03:02:20.449+1000: 1783.600: Application time: 0.0003316 seconds
2021-07-18T03:02:20.452+1000: 1783.602: Total time for which application threads were stopped: 0.0024775 seconds, Stopping threads took: 0.0001850 seconds
2021-07-18T03:02:20.480+1000: 1783.631: Application time: 0.0284552 seconds
2021-07-18T03:02:20.483+1000: 1783.633: Total time for which application threads were stopped: 0.0026150 seconds, Stopping threads took: 0.0007110 seconds
2021-07-18T03:02:20.483+1000: 1783.634: Application time: 0.0006330 seconds
2021-07-18T03:02:20.485+1000: 1783.635: Total time for which application threads were stopped: 0.0013716 seconds, Stopping threads took: 0.0002644 seconds
2021-07-18T03:02:20.485+1000: 1783.636: Application time: 0.0002763 seconds
2021-07-18T03:02:20.486+1000: 1783.637: Total time for which application threads were stopped: 0.0013723 seconds, Stopping threads took: 0.0003664 seconds
2021-07-18T03:02:20.487+1000: 1783.637: Application time: 0.0002425 seconds
2021-07-18T03:02:20.488+1000: 1783.639: Total time for which application threads were stopped: 0.0012814 seconds, Stopping threads took: 0.0003088 seconds
2021-07-18T03:02:20.488+1000: 1783.639: Application time: 0.0004353 seconds
2021-07-18T03:02:20.490+1000: 1783.641: Total time for which application threads were stopped: 0.0014549 seconds, Stopping threads took: 0.0002482 seconds
2021-07-18T03:02:20.508+1000: 1783.658: Application time: 0.0178822 seconds
2021-07-18T03:02:20.510+1000: 1783.661: Total time for which application threads were stopped: 0.0023741 seconds, Stopping threads took: 0.0005632 seconds
2021-07-18T03:02:20.511+1000: 1783.661: Application time: 0.0004434 seconds
2021-07-18T03:02:20.512+1000: 1783.662: Total time for which application threads were stopped: 0.0011474 seconds, Stopping threads took: 0.0001587 seconds
2021-07-18T03:02:21.867+1000: 1785.017: Application time: 1.3550299 seconds
2021-07-18T03:02:21.869+1000: 1785.019: Total time for which application threads were stopped: 0.0018387 seconds, Stopping threads took: 0.0003163 seconds
2021-07-18T03:02:21.962+1000: 1785.112: Application time: 0.0930824 seconds
2021-07-18T03:02:21.964+1000: 1785.115: Total time for which application threads were stopped: 0.0024856 seconds, Stopping threads took: 0.0004292 seconds
2021-07-18T03:02:22.034+1000: 1785.185: Application time: 0.0697083 seconds
2021-07-18T03:02:22.036+1000: 1785.187: Total time for which application threads were stopped: 0.0023428 seconds, Stopping threads took: 0.0004375 seconds
2021-07-18T03:02:22.051+1000: 1785.202: Application time: 0.0151251 seconds
2021-07-18T03:02:22.053+1000: 1785.204: Total time for which application threads were stopped: 0.0017644 seconds, Stopping threads took: 0.0004292 seconds
2021-07-18T03:02:22.054+1000: 1785.205: Application time: 0.0011994 seconds
2021-07-18T03:02:22.055+1000: 1785.206: Total time for which application threads were stopped: 0.0007521 seconds, Stopping threads took: 0.0001372 seconds
2021-07-18T03:02:22.056+1000: 1785.206: Application time: 0.0003913 seconds
2021-07-18T03:02:22.056+1000: 1785.207: Total time for which application threads were stopped: 0.0008661 seconds, Stopping threads took: 0.0002926 seconds
2021-07-18T03:02:22.057+1000: 1785.208: Application time: 0.0010144 seconds
2021-07-18T03:02:22.058+1000: 1785.209: Total time for which application threads were stopped: 0.0010373 seconds, Stopping threads took: 0.0002817 seconds
2021-07-18T03:02:22.059+1000: 1785.210: Application time: 0.0006928 seconds
2021-07-18T03:02:22.060+1000: 1785.211: Total time for which application threads were stopped: 0.0008381 seconds, Stopping threads took: 0.0002418 seconds
2021-07-18T03:02:22.154+1000: 1785.305: Application time: 0.0943262 seconds
2021-07-18T03:02:22.160+1000: 1785.311: Total time for which application threads were stopped: 0.0055603 seconds, Stopping threads took: 0.0036586 seconds
2021-07-18T03:02:23.160+1000: 1786.311: Application time: 1.0002261 seconds
2021-07-18T03:02:23.161+1000: 1786.312: Total time for which application threads were stopped: 0.0011299 seconds, Stopping threads took: 0.0001873 seconds
2021-07-18T03:02:23.948+1000: 1787.098: Application time: 0.7862974 seconds
2021-07-18T03:02:23.949+1000: 1787.100: Total time for which application threads were stopped: 0.0012940 seconds, Stopping threads took: 0.0002137 seconds
2021-07-18T03:02:23.976+1000: 1787.126: Application time: 0.0268983 seconds
2021-07-18T03:02:23.977+1000: 1787.128: Total time for which application threads were stopped: 0.0012247 seconds, Stopping threads took: 0.0002597 seconds
2021-07-18T03:02:24.025+1000: 1787.175: Application time: 0.0478417 seconds
2021-07-18T03:02:24.026+1000: 1787.177: Total time for which application threads were stopped: 0.0016442 seconds, Stopping threads took: 0.0006342 seconds
2021-07-18T03:02:24.029+1000: 1787.179: Application time: 0.0022025 seconds
2021-07-18T03:02:24.030+1000: 1787.181: Total time for which application threads were stopped: 0.0011679 seconds, Stopping threads took: 0.0002546 seconds
2021-07-18T03:02:24.848+1000: 1787.998: Application time: 0.8176955 seconds
2021-07-18T03:02:24.850+1000: 1788.000: Total time for which application threads were stopped: 0.0020816 seconds, Stopping threads took: 0.0006776 seconds
2021-07-18T03:02:25.569+1000: 1788.719: Application time: 0.7192003 seconds
2021-07-18T03:02:25.570+1000: 1788.721: Total time for which application threads were stopped: 0.0013678 seconds, Stopping threads took: 0.0003883 seconds
2021-07-18T03:02:25.570+1000: 1788.721: Application time: 0.0001407 seconds
2021-07-18T03:02:25.571+1000: 1788.722: Total time for which application threads were stopped: 0.0006004 seconds, Stopping threads took: 0.0001793 seconds
2021-07-18T03:02:25.571+1000: 1788.722: Application time: 0.0001262 seconds
2021-07-18T03:02:25.572+1000: 1788.722: Total time for which application threads were stopped: 0.0005214 seconds, Stopping threads took: 0.0001458 seconds
2021-07-18T03:02:25.572+1000: 1788.722: Application time: 0.0000964 seconds
2021-07-18T03:02:25.572+1000: 1788.723: Total time for which application threads were stopped: 0.0005327 seconds, Stopping threads took: 0.0001369 seconds
2021-07-18T03:02:25.572+1000: 1788.723: Application time: 0.0001065 seconds
2021-07-18T03:02:25.573+1000: 1788.723: Total time for which application threads were stopped: 0.0004572 seconds, Stopping threads took: 0.0000757 seconds
2021-07-18T03:02:25.587+1000: 1788.738: Application time: 0.0144030 seconds
2021-07-18T03:02:25.589+1000: 1788.739: Total time for which application threads were stopped: 0.0013550 seconds, Stopping threads took: 0.0003031 seconds
2021-07-18T03:02:25.617+1000: 1788.768: Application time: 0.0284326 seconds
2021-07-18T03:02:25.618+1000: 1788.769: Total time for which application threads were stopped: 0.0011563 seconds, Stopping threads took: 0.0002508 seconds
2021-07-18T03:02:25.618+1000: 1788.769: Application time: 0.0001363 seconds
2021-07-18T03:02:25.619+1000: 1788.770: Total time for which application threads were stopped: 0.0006241 seconds, Stopping threads took: 0.0001646 seconds
2021-07-18T03:02:25.619+1000: 1788.770: Application time: 0.0001375 seconds
2021-07-18T03:02:25.620+1000: 1788.770: Total time for which application threads were stopped: 0.0004685 seconds, Stopping threads took: 0.0000766 seconds
2021-07-18T03:02:25.620+1000: 1788.770: Application time: 0.0001498 seconds
2021-07-18T03:02:25.620+1000: 1788.771: Total time for which application threads were stopped: 0.0006043 seconds, Stopping threads took: 0.0002027 seconds
2021-07-18T03:02:25.621+1000: 1788.771: Application time: 0.0001879 seconds
2021-07-18T03:02:25.621+1000: 1788.772: Total time for which application threads were stopped: 0.0005596 seconds, Stopping threads took: 0.0001586 seconds
2021-07-18T03:02:25.629+1000: 1788.779: Application time: 0.0077150 seconds
2021-07-18T03:02:25.630+1000: 1788.781: Total time for which application threads were stopped: 0.0012262 seconds, Stopping threads took: 0.0002529 seconds
2021-07-18T03:02:26.121+1000: 1789.272: Application time: 0.4911845 seconds
2021-07-18T03:02:26.123+1000: 1789.274: Total time for which application threads were stopped: 0.0017512 seconds, Stopping threads took: 0.0004001 seconds
2021-07-18T03:02:26.156+1000: 1789.307: Application time: 0.0334077 seconds
2021-07-18T03:02:26.158+1000: 1789.309: Total time for which application threads were stopped: 0.0015780 seconds, Stopping threads took: 0.0002548 seconds
2021-07-18T03:02:26.161+1000: 1789.312: Application time: 0.0029011 seconds
2021-07-18T03:02:26.162+1000: 1789.313: Total time for which application threads were stopped: 0.0013847 seconds, Stopping threads took: 0.0002868 seconds
2021-07-18T03:02:27.162+1000: 1790.313: Application time: 1.0001907 seconds
2021-07-18T03:02:27.164+1000: 1790.314: Total time for which application threads were stopped: 0.0011597 seconds, Stopping threads took: 0.0002027 seconds
2021-07-18T03:02:27.725+1000: 1790.876: Application time: 0.5613849 seconds
2021-07-18T03:02:27.727+1000: 1790.877: Total time for which application threads were stopped: 0.0015613 seconds, Stopping threads took: 0.0002676 seconds
2021-07-18T03:02:27.729+1000: 1790.880: Application time: 0.0028873 seconds
2021-07-18T03:02:27.734+1000: 1790.885: Total time for which application threads were stopped: 0.0049339 seconds, Stopping threads took: 0.0003292 seconds
2021-07-18T03:02:27.948+1000: 1791.098: Application time: 0.2133349 seconds
2021-07-18T03:02:27.949+1000: 1791.100: Total time for which application threads were stopped: 0.0011814 seconds, Stopping threads took: 0.0002001 seconds
2021-07-18T03:02:27.987+1000: 1791.137: Application time: 0.0377124 seconds
2021-07-18T03:02:27.988+1000: 1791.139: Total time for which application threads were stopped: 0.0014250 seconds, Stopping threads took: 0.0003361 seconds
2021-07-18T03:02:28.150+1000: 1791.300: Application time: 0.1615726 seconds
2021-07-18T03:02:28.151+1000: 1791.302: Total time for which application threads were stopped: 0.0015938 seconds, Stopping threads took: 0.0004101 seconds
2021-07-18T03:02:28.170+1000: 1791.320: Application time: 0.0185892 seconds
2021-07-18T03:02:28.171+1000: 1791.322: Total time for which application threads were stopped: 0.0016364 seconds, Stopping threads took: 0.0006534 seconds
2021-07-18T03:02:28.193+1000: 1791.343: Application time: 0.0211564 seconds
2021-07-18T03:02:28.198+1000: 1791.349: Total time for which application threads were stopped: 0.0057347 seconds, Stopping threads took: 0.0042241 seconds
2021-07-18T03:02:28.307+1000: 1791.458: Application time: 0.1090072 seconds
2021-07-18T03:02:28.309+1000: 1791.460: Total time for which application threads were stopped: 0.0017046 seconds, Stopping threads took: 0.0002871 seconds
2021-07-18T03:02:28.314+1000: 1791.465: Application time: 0.0052337 seconds
2021-07-18T03:02:28.317+1000: 1791.467: Total time for which application threads were stopped: 0.0022690 seconds, Stopping threads took: 0.0002185 seconds
2021-07-18T03:02:28.330+1000: 1791.480: Application time: 0.0129455 seconds
2021-07-18T03:02:28.331+1000: 1791.482: Total time for which application threads were stopped: 0.0016901 seconds, Stopping threads took: 0.0002359 seconds
2021-07-18T03:02:28.357+1000: 1791.508: Application time: 0.0260957 seconds
2021-07-18T03:02:28.359+1000: 1791.510: Total time for which application threads were stopped: 0.0018488 seconds, Stopping threads took: 0.0005690 seconds
2021-07-18T03:02:28.362+1000: 1791.512: Application time: 0.0025180 seconds
2021-07-18T03:02:28.368+1000: 1791.519: Total time for which application threads were stopped: 0.0064011 seconds, Stopping threads took: 0.0050140 seconds
2021-07-18T03:02:28.369+1000: 1791.520: Application time: 0.0009257 seconds
2021-07-18T03:02:28.370+1000: 1791.521: Total time for which application threads were stopped: 0.0013033 seconds, Stopping threads took: 0.0003246 seconds
2021-07-18T03:02:28.407+1000: 1791.558: Application time: 0.0370966 seconds
2021-07-18T03:02:28.410+1000: 1791.560: Total time for which application threads were stopped: 0.0021245 seconds, Stopping threads took: 0.0009409 seconds
2021-07-18T03:02:28.410+1000: 1791.561: Application time: 0.0003394 seconds
2021-07-18T03:02:28.411+1000: 1791.561: Total time for which application threads were stopped: 0.0005873 seconds, Stopping threads took: 0.0000798 seconds
2021-07-18T03:02:28.411+1000: 1791.562: Application time: 0.0005506 seconds
2021-07-18T03:02:28.414+1000: 1791.565: Total time for which application threads were stopped: 0.0031385 seconds, Stopping threads took: 0.0024231 seconds
2021-07-18T03:02:28.458+1000: 1791.608: Application time: 0.0435099 seconds
2021-07-18T03:02:28.460+1000: 1791.610: Total time for which application threads were stopped: 0.0020062 seconds, Stopping threads took: 0.0006405 seconds
2021-07-18T03:02:28.471+1000: 1791.622: Application time: 0.0116817 seconds
2021-07-18T03:02:28.473+1000: 1791.624: Total time for which application threads were stopped: 0.0019781 seconds, Stopping threads took: 0.0004238 seconds
2021-07-18T03:02:28.474+1000: 1791.625: Application time: 0.0007392 seconds
2021-07-18T03:02:28.481+1000: 1791.632: Total time for which application threads were stopped: 0.0071884 seconds, Stopping threads took: 0.0056874 seconds
2021-07-18T03:02:28.508+1000: 1791.659: Application time: 0.0267883 seconds
2021-07-18T03:02:28.510+1000: 1791.661: Total time for which application threads were stopped: 0.0020243 seconds, Stopping threads took: 0.0006023 seconds
2021-07-18T03:02:28.511+1000: 1791.662: Application time: 0.0006723 seconds
2021-07-18T03:02:28.512+1000: 1791.663: Total time for which application threads were stopped: 0.0015261 seconds, Stopping threads took: 0.0002750 seconds
2021-07-18T03:02:28.514+1000: 1791.665: Application time: 0.0021098 seconds
2021-07-18T03:02:28.520+1000: 1791.670: Total time for which application threads were stopped: 0.0053333 seconds, Stopping threads took: 0.0009402 seconds
2021-07-18T03:02:28.561+1000: 1791.712: Application time: 0.0415444 seconds
2021-07-18T03:02:28.566+1000: 1791.717: Total time for which application threads were stopped: 0.0045073 seconds, Stopping threads took: 0.0029755 seconds
2021-07-18T03:02:28.567+1000: 1791.717: Application time: 0.0007239 seconds
2021-07-18T03:02:28.568+1000: 1791.718: Total time for which application threads were stopped: 0.0008795 seconds, Stopping threads took: 0.0001213 seconds
2021-07-18T03:02:28.568+1000: 1791.719: Application time: 0.0006100 seconds
2021-07-18T03:02:28.569+1000: 1791.720: Total time for which application threads were stopped: 0.0012948 seconds, Stopping threads took: 0.0001076 seconds
2021-07-18T03:02:28.608+1000: 1791.759: Application time: 0.0386899 seconds
2021-07-18T03:02:28.610+1000: 1791.761: Total time for which application threads were stopped: 0.0021680 seconds, Stopping threads took: 0.0006750 seconds
2021-07-18T03:02:28.613+1000: 1791.764: Application time: 0.0027816 seconds
2021-07-18T03:02:28.616+1000: 1791.766: Total time for which application threads were stopped: 0.0025186 seconds, Stopping threads took: 0.0011921 seconds
2021-07-18T03:02:28.687+1000: 1791.838: Application time: 0.0715965 seconds
2021-07-18T03:02:28.689+1000: 1791.839: Total time for which application threads were stopped: 0.0014452 seconds, Stopping threads took: 0.0002490 seconds
2021-07-18T03:02:28.698+1000: 1791.848: Application time: 0.0089118 seconds
2021-07-18T03:02:28.705+1000: 1791.856: Total time for which application threads were stopped: 0.0073260 seconds, Stopping threads took: 0.0001865 seconds
2021-07-18T03:02:28.731+1000: 1791.882: Application time: 0.0264142 seconds
2021-07-18T03:02:28.733+1000: 1791.884: Total time for which application threads were stopped: 0.0018361 seconds, Stopping threads took: 0.0003324 seconds
2021-07-18T03:02:28.762+1000: 1791.912: Application time: 0.0286101 seconds
2021-07-18T03:02:28.769+1000: 1791.920: Total time for which application threads were stopped: 0.0076316 seconds, Stopping threads took: 0.0056823 seconds
2021-07-18T03:02:28.770+1000: 1791.921: Application time: 0.0008906 seconds
2021-07-18T03:02:28.775+1000: 1791.925: Total time for which application threads were stopped: 0.0043896 seconds, Stopping threads took: 0.0008114 seconds
2021-07-18T03:02:28.776+1000: 1791.927: Application time: 0.0011930 seconds
2021-07-18T03:02:28.778+1000: 1791.928: Total time for which application threads were stopped: 0.0018107 seconds, Stopping threads took: 0.0005258 seconds
2021-07-18T03:02:28.817+1000: 1791.967: Application time: 0.0387572 seconds
2021-07-18T03:02:28.821+1000: 1791.972: Total time for which application threads were stopped: 0.0046101 seconds, Stopping threads took: 0.0032467 seconds
2021-07-18T03:02:28.824+1000: 1791.974: Application time: 0.0024550 seconds
2021-07-18T03:02:28.826+1000: 1791.977: Total time for which application threads were stopped: 0.0023129 seconds, Stopping threads took: 0.0006785 seconds
2021-07-18T03:02:28.826+1000: 1791.977: Application time: 0.0003220 seconds
2021-07-18T03:02:28.834+1000: 1791.985: Total time for which application threads were stopped: 0.0078856 seconds, Stopping threads took: 0.0010416 seconds
2021-07-18T03:02:28.837+1000: 1791.988: Application time: 0.0031675 seconds
2021-07-18T03:02:28.842+1000: 1791.993: Total time for which application threads were stopped: 0.0046787 seconds, Stopping threads took: 0.0030632 seconds
2021-07-18T03:02:28.858+1000: 1792.009: Application time: 0.0164609 seconds
2021-07-18T03:02:28.864+1000: 1792.015: Total time for which application threads were stopped: 0.0055328 seconds, Stopping threads took: 0.0037595 seconds
2021-07-18T03:02:28.866+1000: 1792.017: Application time: 0.0019112 seconds
2021-07-18T03:02:28.871+1000: 1792.022: Total time for which application threads were stopped: 0.0055088 seconds, Stopping threads took: 0.0038460 seconds
2021-07-18T03:02:28.873+1000: 1792.024: Application time: 0.0017299 seconds
2021-07-18T03:02:28.875+1000: 1792.026: Total time for which application threads were stopped: 0.0019969 seconds, Stopping threads took: 0.0007427 seconds
2021-07-18T03:02:28.907+1000: 1792.058: Application time: 0.0319250 seconds
2021-07-18T03:02:28.910+1000: 1792.060: Total time for which application threads were stopped: 0.0025305 seconds, Stopping threads took: 0.0011728 seconds
2021-07-18T03:02:28.922+1000: 1792.073: Application time: 0.0127006 seconds
2021-07-18T03:02:28.924+1000: 1792.075: Total time for which application threads were stopped: 0.0019151 seconds, Stopping threads took: 0.0006169 seconds
2021-07-18T03:02:28.927+1000: 1792.078: Application time: 0.0029792 seconds
2021-07-18T03:02:28.930+1000: 1792.080: Total time for which application threads were stopped: 0.0024681 seconds, Stopping threads took: 0.0009859 seconds
2021-07-18T03:02:28.958+1000: 1792.108: Application time: 0.0279607 seconds
2021-07-18T03:02:28.959+1000: 1792.110: Total time for which application threads were stopped: 0.0015266 seconds, Stopping threads took: 0.0002190 seconds
2021-07-18T03:02:28.960+1000: 1792.110: Application time: 0.0005320 seconds
2021-07-18T03:02:28.961+1000: 1792.111: Total time for which application threads were stopped: 0.0010444 seconds, Stopping threads took: 0.0001488 seconds
2021-07-18T03:02:28.962+1000: 1792.112: Application time: 0.0007381 seconds
2021-07-18T03:02:28.963+1000: 1792.113: Total time for which application threads were stopped: 0.0009504 seconds, Stopping threads took: 0.0000992 seconds
2021-07-18T03:02:28.981+1000: 1792.132: Application time: 0.0185255 seconds
2021-07-18T03:02:28.983+1000: 1792.133: Total time for which application threads were stopped: 0.0016923 seconds, Stopping threads took: 0.0004603 seconds
2021-07-18T03:02:28.983+1000: 1792.134: Application time: 0.0001639 seconds
2021-07-18T03:02:28.984+1000: 1792.134: Total time for which application threads were stopped: 0.0008141 seconds, Stopping threads took: 0.0002178 seconds
2021-07-18T03:02:29.008+1000: 1792.158: Application time: 0.0238626 seconds
2021-07-18T03:02:29.009+1000: 1792.160: Total time for which application threads were stopped: 0.0016435 seconds, Stopping threads took: 0.0003935 seconds
2021-07-18T03:02:29.010+1000: 1792.160: Application time: 0.0003202 seconds
2021-07-18T03:02:29.011+1000: 1792.161: Total time for which application threads were stopped: 0.0011341 seconds, Stopping threads took: 0.0002840 seconds
2021-07-18T03:02:29.012+1000: 1792.162: Application time: 0.0010844 seconds
2021-07-18T03:02:29.013+1000: 1792.164: Total time for which application threads were stopped: 0.0012824 seconds, Stopping threads took: 0.0003208 seconds
2021-07-18T03:02:29.058+1000: 1792.209: Application time: 0.0450372 seconds
2021-07-18T03:02:29.061+1000: 1792.212: Total time for which application threads were stopped: 0.0028162 seconds, Stopping threads took: 0.0013856 seconds
2021-07-18T03:02:29.062+1000: 1792.213: Application time: 0.0014558 seconds
2021-07-18T03:02:29.064+1000: 1792.215: Total time for which application threads were stopped: 0.0019088 seconds, Stopping threads took: 0.0007202 seconds
2021-07-18T03:02:29.065+1000: 1792.216: Application time: 0.0008483 seconds
2021-07-18T03:02:29.067+1000: 1792.217: Total time for which application threads were stopped: 0.0016531 seconds, Stopping threads took: 0.0007482 seconds
2021-07-18T03:02:29.111+1000: 1792.262: Application time: 0.0441569 seconds
2021-07-18T03:02:29.113+1000: 1792.264: Total time for which application threads were stopped: 0.0022707 seconds, Stopping threads took: 0.0011606 seconds
2021-07-18T03:02:29.114+1000: 1792.264: Application time: 0.0003503 seconds
2021-07-18T03:02:29.115+1000: 1792.265: Total time for which application threads were stopped: 0.0011990 seconds, Stopping threads took: 0.0001791 seconds
2021-07-18T03:02:29.115+1000: 1792.266: Application time: 0.0002703 seconds
2021-07-18T03:02:29.128+1000: 1792.279: Total time for which application threads were stopped: 0.0131509 seconds, Stopping threads took: 0.0004656 seconds
2021-07-18T03:02:29.129+1000: 1792.279: Application time: 0.0002949 seconds
2021-07-18T03:02:29.131+1000: 1792.281: Total time for which application threads were stopped: 0.0020355 seconds, Stopping threads took: 0.0001524 seconds
2021-07-18T03:02:29.157+1000: 1792.308: Application time: 0.0267699 seconds
2021-07-18T03:02:29.160+1000: 1792.310: Total time for which application threads were stopped: 0.0022254 seconds, Stopping threads took: 0.0008268 seconds
2021-07-18T03:02:29.160+1000: 1792.310: Application time: 0.0002654 seconds
2021-07-18T03:02:29.161+1000: 1792.311: Total time for which application threads were stopped: 0.0008999 seconds, Stopping threads took: 0.0000769 seconds
2021-07-18T03:02:29.162+1000: 1792.312: Application time: 0.0008962 seconds
2021-07-18T03:02:29.163+1000: 1792.314: Total time for which application threads were stopped: 0.0013515 seconds, Stopping threads took: 0.0003322 seconds
2021-07-18T03:02:29.207+1000: 1792.358: Application time: 0.0444181 seconds
2021-07-18T03:02:29.209+1000: 1792.360: Total time for which application threads were stopped: 0.0015207 seconds, Stopping threads took: 0.0002525 seconds
2021-07-18T03:02:29.209+1000: 1792.360: Application time: 0.0003353 seconds
2021-07-18T03:02:29.211+1000: 1792.361: Total time for which application threads were stopped: 0.0011762 seconds, Stopping threads took: 0.0001302 seconds
2021-07-18T03:02:29.218+1000: 1792.368: Application time: 0.0070957 seconds
2021-07-18T03:02:29.219+1000: 1792.370: Total time for which application threads were stopped: 0.0017639 seconds, Stopping threads took: 0.0002268 seconds
2021-07-18T03:02:29.258+1000: 1792.408: Application time: 0.0383553 seconds
2021-07-18T03:02:29.259+1000: 1792.410: Total time for which application threads were stopped: 0.0012214 seconds, Stopping threads took: 0.0001989 seconds
2021-07-18T03:02:29.259+1000: 1792.410: Application time: 0.0002681 seconds
2021-07-18T03:02:29.260+1000: 1792.411: Total time for which application threads were stopped: 0.0007554 seconds, Stopping threads took: 0.0000758 seconds
2021-07-18T03:02:29.261+1000: 1792.412: Application time: 0.0011028 seconds
2021-07-18T03:02:29.262+1000: 1792.413: Total time for which application threads were stopped: 0.0012665 seconds, Stopping threads took: 0.0000848 seconds
2021-07-18T03:02:29.308+1000: 1792.459: Application time: 0.0454832 seconds
2021-07-18T03:02:29.309+1000: 1792.460: Total time for which application threads were stopped: 0.0015118 seconds, Stopping threads took: 0.0002170 seconds
2021-07-18T03:02:29.310+1000: 1792.460: Application time: 0.0002531 seconds
2021-07-18T03:02:29.311+1000: 1792.461: Total time for which application threads were stopped: 0.0011205 seconds, Stopping threads took: 0.0000911 seconds
2021-07-18T03:02:29.312+1000: 1792.462: Application time: 0.0007518 seconds
2021-07-18T03:02:29.313+1000: 1792.463: Total time for which application threads were stopped: 0.0013052 seconds, Stopping threads took: 0.0000954 seconds
2021-07-18T03:02:29.358+1000: 1792.509: Application time: 0.0454221 seconds
2021-07-18T03:02:29.360+1000: 1792.511: Total time for which application threads were stopped: 0.0018042 seconds, Stopping threads took: 0.0005333 seconds
2021-07-18T03:02:29.362+1000: 1792.512: Application time: 0.0015937 seconds
2021-07-18T03:02:29.363+1000: 1792.514: Total time for which application threads were stopped: 0.0012445 seconds, Stopping threads took: 0.0002338 seconds
2021-07-18T03:02:29.363+1000: 1792.514: Application time: 0.0005514 seconds
2021-07-18T03:02:29.364+1000: 1792.515: Total time for which application threads were stopped: 0.0009413 seconds, Stopping threads took: 0.0001763 seconds
2021-07-18T03:02:29.407+1000: 1792.558: Application time: 0.0427395 seconds
2021-07-18T03:02:29.409+1000: 1792.559: Total time for which application threads were stopped: 0.0015105 seconds, Stopping threads took: 0.0002241 seconds
2021-07-18T03:02:29.409+1000: 1792.560: Application time: 0.0002490 seconds
2021-07-18T03:02:29.410+1000: 1792.561: Total time for which application threads were stopped: 0.0010858 seconds, Stopping threads took: 0.0002918 seconds
2021-07-18T03:02:29.411+1000: 1792.561: Application time: 0.0005490 seconds
2021-07-18T03:02:29.412+1000: 1792.562: Total time for which application threads were stopped: 0.0010618 seconds, Stopping threads took: 0.0001725 seconds
2021-07-18T03:02:29.459+1000: 1792.609: Application time: 0.0469126 seconds
2021-07-18T03:02:29.461+1000: 1792.612: Total time for which application threads were stopped: 0.0028606 seconds, Stopping threads took: 0.0015498 seconds
2021-07-18T03:02:29.462+1000: 1792.612: Application time: 0.0004069 seconds
2021-07-18T03:02:29.463+1000: 1792.614: Total time for which application threads were stopped: 0.0013358 seconds, Stopping threads took: 0.0003565 seconds
2021-07-18T03:02:29.464+1000: 1792.615: Application time: 0.0009606 seconds
2021-07-18T03:02:29.465+1000: 1792.616: Total time for which application threads were stopped: 0.0009879 seconds, Stopping threads took: 0.0001260 seconds
2021-07-18T03:02:29.947+1000: 1793.097: Application time: 0.4815372 seconds
2021-07-18T03:02:29.948+1000: 1793.099: Total time for which application threads were stopped: 0.0015226 seconds, Stopping threads took: 0.0002502 seconds
2021-07-18T03:02:29.967+1000: 1793.118: Application time: 0.0192744 seconds
2021-07-18T03:02:29.969+1000: 1793.120: Total time for which application threads were stopped: 0.0019206 seconds, Stopping threads took: 0.0002482 seconds
2021-07-18T03:02:30.630+1000: 1793.781: Application time: 0.6609857 seconds
2021-07-18T03:02:30.631+1000: 1793.782: Total time for which application threads were stopped: 0.0010723 seconds, Stopping threads took: 0.0001965 seconds
2021-07-18T03:02:30.694+1000: 1793.845: Application time: 0.0627561 seconds
2021-07-18T03:02:30.695+1000: 1793.846: Total time for which application threads were stopped: 0.0010181 seconds, Stopping threads took: 0.0002465 seconds
2021-07-18T03:02:30.695+1000: 1793.846: Application time: 0.0001318 seconds
2021-07-18T03:02:30.696+1000: 1793.846: Total time for which application threads were stopped: 0.0004352 seconds, Stopping threads took: 0.0000776 seconds
2021-07-18T03:02:30.696+1000: 1793.847: Application time: 0.0001067 seconds
2021-07-18T03:02:30.696+1000: 1793.847: Total time for which application threads were stopped: 0.0004869 seconds, Stopping threads took: 0.0001270 seconds
2021-07-18T03:02:30.696+1000: 1793.847: Application time: 0.0000961 seconds
2021-07-18T03:02:30.697+1000: 1793.848: Total time for which application threads were stopped: 0.0004606 seconds, Stopping threads took: 0.0001316 seconds
2021-07-18T03:02:30.697+1000: 1793.848: Application time: 0.0002377 seconds
2021-07-18T03:02:30.698+1000: 1793.848: Total time for which application threads were stopped: 0.0005625 seconds, Stopping threads took: 0.0001544 seconds
2021-07-18T03:02:30.749+1000: 1793.900: Application time: 0.0512109 seconds
2021-07-18T03:02:30.750+1000: 1793.901: Total time for which application threads were stopped: 0.0011003 seconds, Stopping threads took: 0.0002459 seconds
2021-07-18T03:02:30.750+1000: 1793.901: Application time: 0.0003246 seconds
2021-07-18T03:02:30.751+1000: 1793.902: Total time for which application threads were stopped: 0.0005755 seconds, Stopping threads took: 0.0000788 seconds
2021-07-18T03:02:30.771+1000: 1793.921: Application time: 0.0196740 seconds
2021-07-18T03:02:30.772+1000: 1793.923: Total time for which application threads were stopped: 0.0012483 seconds, Stopping threads took: 0.0002921 seconds
2021-07-18T03:02:30.772+1000: 1793.923: Application time: 0.0001031 seconds
2021-07-18T03:02:30.773+1000: 1793.923: Total time for which application threads were stopped: 0.0007443 seconds, Stopping threads took: 0.0001034 seconds
2021-07-18T03:02:30.773+1000: 1793.924: Application time: 0.0001668 seconds
2021-07-18T03:02:30.774+1000: 1793.924: Total time for which application threads were stopped: 0.0006652 seconds, Stopping threads took: 0.0001534 seconds
2021-07-18T03:02:30.774+1000: 1793.924: Application time: 0.0002259 seconds
2021-07-18T03:02:30.774+1000: 1793.925: Total time for which application threads were stopped: 0.0005454 seconds, Stopping threads took: 0.0000831 seconds
2021-07-18T03:02:30.778+1000: 1793.928: Application time: 0.0034726 seconds
2021-07-18T03:02:30.779+1000: 1793.929: Total time for which application threads were stopped: 0.0007704 seconds, Stopping threads took: 0.0001147 seconds
2021-07-18T03:02:30.806+1000: 1793.957: Application time: 0.0276616 seconds
2021-07-18T03:02:30.809+1000: 1793.960: Total time for which application threads were stopped: 0.0027654 seconds, Stopping threads took: 0.0003636 seconds
2021-07-18T03:02:31.809+1000: 1794.960: Application time: 1.0002640 seconds
2021-07-18T03:02:31.811+1000: 1794.961: Total time for which application threads were stopped: 0.0013437 seconds, Stopping threads took: 0.0003050 seconds
2021-07-18T03:02:31.866+1000: 1795.017: Application time: 0.0555608 seconds
2021-07-18T03:02:31.867+1000: 1795.018: Total time for which application threads were stopped: 0.0012110 seconds, Stopping threads took: 0.0001951 seconds
2021-07-18T03:02:31.882+1000: 1795.033: Application time: 0.0144221 seconds
2021-07-18T03:02:31.883+1000: 1795.034: Total time for which application threads were stopped: 0.0014477 seconds, Stopping threads took: 0.0004578 seconds
2021-07-18T03:02:31.953+1000: 1795.104: Application time: 0.0700407 seconds
2021-07-18T03:02:31.955+1000: 1795.105: Total time for which application threads were stopped: 0.0011551 seconds, Stopping threads took: 0.0002319 seconds
2021-07-18T03:02:31.971+1000: 1795.122: Application time: 0.0166671 seconds
2021-07-18T03:02:31.972+1000: 1795.123: Total time for which application threads were stopped: 0.0012203 seconds, Stopping threads took: 0.0002871 seconds
2021-07-18T03:02:32.974+1000: 1796.125: Application time: 1.0016416 seconds
2021-07-18T03:02:32.975+1000: 1796.126: Total time for which application threads were stopped: 0.0010784 seconds, Stopping threads took: 0.0001907 seconds
2021-07-18T03:02:33.950+1000: 1797.100: Application time: 0.9745245 seconds
2021-07-18T03:02:33.951+1000: 1797.102: Total time for which application threads were stopped: 0.0014639 seconds, Stopping threads took: 0.0002557 seconds
2021-07-18T03:02:33.984+1000: 1797.135: Application time: 0.0329787 seconds
2021-07-18T03:02:33.985+1000: 1797.136: Total time for which application threads were stopped: 0.0013424 seconds, Stopping threads took: 0.0002331 seconds
2021-07-18T03:02:33.986+1000: 1797.137: Application time: 0.0006543 seconds
2021-07-18T03:02:33.988+1000: 1797.138: Total time for which application threads were stopped: 0.0014183 seconds, Stopping threads took: 0.0006260 seconds
2021-07-18T03:02:33.988+1000: 1797.139: Application time: 0.0003785 seconds
2021-07-18T03:02:33.991+1000: 1797.142: Total time for which application threads were stopped: 0.0033043 seconds, Stopping threads took: 0.0002295 seconds
2021-07-18T03:02:34.115+1000: 1797.265: Application time: 0.1234897 seconds
2021-07-18T03:02:34.116+1000: 1797.267: Total time for which application threads were stopped: 0.0011917 seconds, Stopping threads took: 0.0002179 seconds
2021-07-18T03:02:34.166+1000: 1797.317: Application time: 0.0505822 seconds
2021-07-18T03:02:34.168+1000: 1797.319: Total time for which application threads were stopped: 0.0013865 seconds, Stopping threads took: 0.0002777 seconds
2021-07-18T03:02:35.168+1000: 1798.319: Application time: 1.0001906 seconds
2021-07-18T03:02:35.169+1000: 1798.320: Total time for which application threads were stopped: 0.0011712 seconds, Stopping threads took: 0.0002395 seconds
2021-07-18T03:02:35.863+1000: 1799.014: Application time: 0.6940622 seconds
2021-07-18T03:02:35.864+1000: 1799.015: Total time for which application threads were stopped: 0.0009927 seconds, Stopping threads took: 0.0001665 seconds
2021-07-18T03:02:35.864+1000: 1799.015: Application time: 0.0001100 seconds
2021-07-18T03:02:35.865+1000: 1799.016: Total time for which application threads were stopped: 0.0004205 seconds, Stopping threads took: 0.0000737 seconds
2021-07-18T03:02:35.865+1000: 1799.016: Application time: 0.0003179 seconds
2021-07-18T03:02:35.867+1000: 1799.018: Total time for which application threads were stopped: 0.0019024 seconds, Stopping threads took: 0.0000998 seconds
2021-07-18T03:02:35.867+1000: 1799.018: Application time: 0.0001622 seconds
2021-07-18T03:02:35.868+1000: 1799.018: Total time for which application threads were stopped: 0.0004202 seconds, Stopping threads took: 0.0000747 seconds
2021-07-18T03:02:35.868+1000: 1799.018: Application time: 0.0000951 seconds
2021-07-18T03:02:35.868+1000: 1799.019: Total time for which application threads were stopped: 0.0005244 seconds, Stopping threads took: 0.0001505 seconds
2021-07-18T03:02:35.888+1000: 1799.039: Application time: 0.0197437 seconds
2021-07-18T03:02:35.889+1000: 1799.040: Total time for which application threads were stopped: 0.0013171 seconds, Stopping threads took: 0.0003072 seconds
2021-07-18T03:02:35.912+1000: 1799.062: Application time: 0.0223110 seconds
2021-07-18T03:02:35.913+1000: 1799.064: Total time for which application threads were stopped: 0.0012906 seconds, Stopping threads took: 0.0002780 seconds
2021-07-18T03:02:35.914+1000: 1799.064: Application time: 0.0005287 seconds
2021-07-18T03:02:35.914+1000: 1799.065: Total time for which application threads were stopped: 0.0006033 seconds, Stopping threads took: 0.0001966 seconds
2021-07-18T03:02:35.914+1000: 1799.065: Application time: 0.0001829 seconds
2021-07-18T03:02:35.915+1000: 1799.065: Total time for which application threads were stopped: 0.0004933 seconds, Stopping threads took: 0.0000857 seconds
2021-07-18T03:02:35.915+1000: 1799.066: Application time: 0.0000899 seconds
2021-07-18T03:02:35.917+1000: 1799.068: Total time for which application threads were stopped: 0.0025594 seconds, Stopping threads took: 0.0000646 seconds
2021-07-18T03:02:35.934+1000: 1799.085: Application time: 0.0163999 seconds
2021-07-18T03:02:35.935+1000: 1799.086: Total time for which application threads were stopped: 0.0014522 seconds, Stopping threads took: 0.0005065 seconds
2021-07-18T03:02:35.937+1000: 1799.088: Application time: 0.0019560 seconds
2021-07-18T03:02:35.939+1000: 1799.089: Total time for which application threads were stopped: 0.0014928 seconds, Stopping threads took: 0.0008031 seconds
2021-07-18T03:02:35.950+1000: 1799.101: Application time: 0.0113543 seconds
2021-07-18T03:02:35.951+1000: 1799.102: Total time for which application threads were stopped: 0.0010876 seconds, Stopping threads took: 0.0002025 seconds
2021-07-18T03:02:35.978+1000: 1799.129: Application time: 0.0270203 seconds
2021-07-18T03:02:35.980+1000: 1799.131: Total time for which application threads were stopped: 0.0020700 seconds, Stopping threads took: 0.0012200 seconds
2021-07-18T03:02:37.949+1000: 1801.099: Application time: 1.9682043 seconds
2021-07-18T03:02:37.950+1000: 1801.100: Total time for which application threads were stopped: 0.0012152 seconds, Stopping threads took: 0.0002508 seconds
2021-07-18T03:02:37.991+1000: 1801.142: Application time: 0.0415969 seconds
2021-07-18T03:02:37.993+1000: 1801.143: Total time for which application threads were stopped: 0.0012847 seconds, Stopping threads took: 0.0002512 seconds
2021-07-18T03:02:38.993+1000: 1802.143: Application time: 1.0001729 seconds
2021-07-18T03:02:38.994+1000: 1802.145: Total time for which application threads were stopped: 0.0010626 seconds, Stopping threads took: 0.0001969 seconds
2021-07-18T03:02:38.995+1000: 1802.146: Application time: 0.0010231 seconds
2021-07-18T03:02:38.996+1000: 1802.146: Total time for which application threads were stopped: 0.0006824 seconds, Stopping threads took: 0.0000979 seconds
2021-07-18T03:02:39.973+1000: 1803.124: Application time: 0.9773229 seconds
2021-07-18T03:02:39.975+1000: 1803.126: Total time for which application threads were stopped: 0.0024551 seconds, Stopping threads took: 0.0006718 seconds
2021-07-18T03:02:40.006+1000: 1803.157: Application time: 0.0306990 seconds
2021-07-18T03:02:40.008+1000: 1803.159: Total time for which application threads were stopped: 0.0018918 seconds, Stopping threads took: 0.0002852 seconds
2021-07-18T03:02:41.001+1000: 1804.151: Application time: 0.9927007 seconds
2021-07-18T03:02:41.002+1000: 1804.153: Total time for which application threads were stopped: 0.0013688 seconds, Stopping threads took: 0.0004910 seconds
2021-07-18T03:02:41.002+1000: 1804.153: Application time: 0.0001409 seconds
2021-07-18T03:02:41.003+1000: 1804.153: Total time for which application threads were stopped: 0.0004233 seconds, Stopping threads took: 0.0000715 seconds
2021-07-18T03:02:41.031+1000: 1804.182: Application time: 0.0283571 seconds
2021-07-18T03:02:41.032+1000: 1804.183: Total time for which application threads were stopped: 0.0012499 seconds, Stopping threads took: 0.0003742 seconds
2021-07-18T03:02:41.033+1000: 1804.184: Application time: 0.0006070 seconds
2021-07-18T03:02:41.033+1000: 1804.184: Total time for which application threads were stopped: 0.0004704 seconds, Stopping threads took: 0.0000986 seconds
2021-07-18T03:02:41.083+1000: 1804.234: Application time: 0.0495328 seconds
2021-07-18T03:02:41.084+1000: 1804.235: Total time for which application threads were stopped: 0.0011060 seconds, Stopping threads took: 0.0002208 seconds
2021-07-18T03:02:41.084+1000: 1804.235: Application time: 0.0002044 seconds
2021-07-18T03:02:41.085+1000: 1804.235: Total time for which application threads were stopped: 0.0005692 seconds, Stopping threads took: 0.0001935 seconds
2021-07-18T03:02:41.109+1000: 1804.260: Application time: 0.0242311 seconds
2021-07-18T03:02:41.111+1000: 1804.262: Total time for which application threads were stopped: 0.0017979 seconds, Stopping threads took: 0.0003909 seconds
2021-07-18T03:02:41.866+1000: 1805.016: Application time: 0.7547085 seconds
2021-07-18T03:02:41.867+1000: 1805.017: Total time for which application threads were stopped: 0.0010141 seconds, Stopping threads took: 0.0001932 seconds
2021-07-18T03:02:41.922+1000: 1805.073: Application time: 0.0557198 seconds
2021-07-18T03:02:41.925+1000: 1805.075: Total time for which application threads were stopped: 0.0022350 seconds, Stopping threads took: 0.0013905 seconds
2021-07-18T03:02:41.952+1000: 1805.103: Application time: 0.0278443 seconds
2021-07-18T03:02:41.953+1000: 1805.104: Total time for which application threads were stopped: 0.0010784 seconds, Stopping threads took: 0.0002171 seconds
2021-07-18T03:02:41.977+1000: 1805.128: Application time: 0.0237773 seconds
2021-07-18T03:02:41.979+1000: 1805.129: Total time for which application threads were stopped: 0.0014805 seconds, Stopping threads took: 0.0003719 seconds
2021-07-18T03:02:42.979+1000: 1806.130: Application time: 1.0002420 seconds
2021-07-18T03:02:42.980+1000: 1806.131: Total time for which application threads were stopped: 0.0011872 seconds, Stopping threads took: 0.0002374 seconds
2021-07-18T03:02:43.950+1000: 1807.100: Application time: 0.9693788 seconds
2021-07-18T03:02:43.951+1000: 1807.101: Total time for which application threads were stopped: 0.0010271 seconds, Stopping threads took: 0.0001585 seconds
2021-07-18T03:02:43.968+1000: 1807.119: Application time: 0.0172544 seconds
2021-07-18T03:02:43.969+1000: 1807.120: Total time for which application threads were stopped: 0.0014458 seconds, Stopping threads took: 0.0005980 seconds
2021-07-18T03:02:45.948+1000: 1809.099: Application time: 1.9789567 seconds
2021-07-18T03:02:45.950+1000: 1809.101: Total time for which application threads were stopped: 0.0016299 seconds, Stopping threads took: 0.0002298 seconds
2021-07-18T03:02:45.976+1000: 1809.126: Application time: 0.0257460 seconds
2021-07-18T03:02:45.977+1000: 1809.127: Total time for which application threads were stopped: 0.0010482 seconds, Stopping threads took: 0.0002238 seconds
2021-07-18T03:02:46.201+1000: 1809.352: Application time: 0.2244991 seconds
2021-07-18T03:02:46.203+1000: 1809.354: Total time for which application threads were stopped: 0.0018494 seconds, Stopping threads took: 0.0007936 seconds
2021-07-18T03:02:46.203+1000: 1809.354: Application time: 0.0002580 seconds
2021-07-18T03:02:46.204+1000: 1809.355: Total time for which application threads were stopped: 0.0007896 seconds, Stopping threads took: 0.0001988 seconds
2021-07-18T03:02:46.220+1000: 1809.370: Application time: 0.0155107 seconds
2021-07-18T03:02:46.221+1000: 1809.372: Total time for which application threads were stopped: 0.0012791 seconds, Stopping threads took: 0.0002757 seconds
2021-07-18T03:02:46.273+1000: 1809.424: Application time: 0.0520783 seconds
2021-07-18T03:02:46.274+1000: 1809.425: Total time for which application threads were stopped: 0.0014366 seconds, Stopping threads took: 0.0003756 seconds
2021-07-18T03:02:46.275+1000: 1809.425: Application time: 0.0002353 seconds
2021-07-18T03:02:46.275+1000: 1809.426: Total time for which application threads were stopped: 0.0006109 seconds, Stopping threads took: 0.0002262 seconds
2021-07-18T03:02:46.286+1000: 1809.437: Application time: 0.0110394 seconds
2021-07-18T03:02:46.288+1000: 1809.438: Total time for which application threads were stopped: 0.0011508 seconds, Stopping threads took: 0.0002512 seconds
2021-07-18T03:02:46.288+1000: 1809.439: Application time: 0.0003637 seconds
2021-07-18T03:02:46.289+1000: 1809.439: Total time for which application threads were stopped: 0.0005935 seconds, Stopping threads took: 0.0001877 seconds
2021-07-18T03:02:47.289+1000: 1810.439: Application time: 1.0001512 seconds
2021-07-18T03:02:47.290+1000: 1810.441: Total time for which application threads were stopped: 0.0013453 seconds, Stopping threads took: 0.0002516 seconds
2021-07-18T03:02:47.950+1000: 1811.101: Application time: 0.6602521 seconds
2021-07-18T03:02:47.952+1000: 1811.103: Total time for which application threads were stopped: 0.0017831 seconds, Stopping threads took: 0.0003143 seconds
2021-07-18T03:02:47.976+1000: 1811.127: Application time: 0.0239544 seconds
2021-07-18T03:02:47.977+1000: 1811.128: Total time for which application threads were stopped: 0.0013191 seconds, Stopping threads took: 0.0002524 seconds
2021-07-18T03:02:48.978+1000: 1812.128: Application time: 1.0002229 seconds
2021-07-18T03:02:48.979+1000: 1812.129: Total time for which application threads were stopped: 0.0009616 seconds, Stopping threads took: 0.0001692 seconds
2021-07-18T03:02:49.956+1000: 1813.107: Application time: 0.9777491 seconds
2021-07-18T03:02:49.957+1000: 1813.108: Total time for which application threads were stopped: 0.0011589 seconds, Stopping threads took: 0.0001984 seconds
2021-07-18T03:02:49.982+1000: 1813.133: Application time: 0.0247404 seconds
2021-07-18T03:02:49.984+1000: 1813.134: Total time for which application threads were stopped: 0.0015002 seconds, Stopping threads took: 0.0004161 seconds
2021-07-18T03:02:51.358+1000: 1814.508: Application time: 1.3740399 seconds
2021-07-18T03:02:51.359+1000: 1814.510: Total time for which application threads were stopped: 0.0014171 seconds, Stopping threads took: 0.0002785 seconds
2021-07-18T03:02:51.359+1000: 1814.510: Application time: 0.0002990 seconds
2021-07-18T03:02:51.360+1000: 1814.511: Total time for which application threads were stopped: 0.0008865 seconds, Stopping threads took: 0.0002916 seconds
2021-07-18T03:02:51.372+1000: 1814.523: Application time: 0.0120985 seconds
2021-07-18T03:02:51.373+1000: 1814.524: Total time for which application threads were stopped: 0.0010027 seconds, Stopping threads took: 0.0001957 seconds
2021-07-18T03:02:51.412+1000: 1814.563: Application time: 0.0388336 seconds
2021-07-18T03:02:51.414+1000: 1814.565: Total time for which application threads were stopped: 0.0019154 seconds, Stopping threads took: 0.0009413 seconds
2021-07-18T03:02:51.414+1000: 1814.565: Application time: 0.0002611 seconds
2021-07-18T03:02:51.415+1000: 1814.566: Total time for which application threads were stopped: 0.0008183 seconds, Stopping threads took: 0.0004056 seconds
2021-07-18T03:02:51.432+1000: 1814.583: Application time: 0.0171731 seconds
2021-07-18T03:02:51.437+1000: 1814.588: Total time for which application threads were stopped: 0.0048869 seconds, Stopping threads took: 0.0001726 seconds
2021-07-18T03:02:51.874+1000: 1815.025: Application time: 0.4368792 seconds
2021-07-18T03:02:51.875+1000: 1815.026: Total time for which application threads were stopped: 0.0010653 seconds, Stopping threads took: 0.0002322 seconds
2021-07-18T03:02:51.890+1000: 1815.041: Application time: 0.0146797 seconds
2021-07-18T03:02:51.891+1000: 1815.042: Total time for which application threads were stopped: 0.0014142 seconds, Stopping threads took: 0.0003079 seconds
2021-07-18T03:02:51.948+1000: 1815.099: Application time: 0.0569280 seconds
2021-07-18T03:02:51.950+1000: 1815.101: Total time for which application threads were stopped: 0.0015507 seconds, Stopping threads took: 0.0002939 seconds
2021-07-18T03:02:51.976+1000: 1815.126: Application time: 0.0257565 seconds
2021-07-18T03:02:51.977+1000: 1815.128: Total time for which application threads were stopped: 0.0011976 seconds, Stopping threads took: 0.0001935 seconds
2021-07-18T03:02:52.977+1000: 1816.128: Application time: 1.0002515 seconds
2021-07-18T03:02:52.979+1000: 1816.130: Total time for which application threads were stopped: 0.0023567 seconds, Stopping threads took: 0.0003440 seconds
2021-07-18T03:02:53.948+1000: 1817.099: Application time: 0.9687176 seconds
2021-07-18T03:02:53.951+1000: 1817.102: Total time for which application threads were stopped: 0.0026517 seconds, Stopping threads took: 0.0013793 seconds
2021-07-18T03:02:53.984+1000: 1817.134: Application time: 0.0329318 seconds
2021-07-18T03:02:53.985+1000: 1817.136: Total time for which application threads were stopped: 0.0013576 seconds, Stopping threads took: 0.0002413 seconds
2021-07-18T03:02:54.985+1000: 1818.136: Application time: 1.0002315 seconds
2021-07-18T03:02:54.988+1000: 1818.138: Total time for which application threads were stopped: 0.0023486 seconds, Stopping threads took: 0.0003160 seconds
2021-07-18T03:02:55.965+1000: 1819.116: Application time: 0.9773955 seconds
2021-07-18T03:02:55.967+1000: 1819.117: Total time for which application threads were stopped: 0.0016087 seconds, Stopping threads took: 0.0002337 seconds
2021-07-18T03:02:56.006+1000: 1819.157: Application time: 0.0390984 seconds
2021-07-18T03:02:56.008+1000: 1819.158: Total time for which application threads were stopped: 0.0017872 seconds, Stopping threads took: 0.0004744 seconds
2021-07-18T03:02:56.047+1000: 1819.197: Application time: 0.0389104 seconds
2021-07-18T03:02:56.051+1000: 1819.202: Total time for which application threads were stopped: 0.0047334 seconds, Stopping threads took: 0.0027687 seconds
2021-07-18T03:02:56.509+1000: 1819.660: Application time: 0.4577217 seconds
2021-07-18T03:02:56.510+1000: 1819.661: Total time for which application threads were stopped: 0.0011701 seconds, Stopping threads took: 0.0002706 seconds
2021-07-18T03:02:56.510+1000: 1819.661: Application time: 0.0001698 seconds
2021-07-18T03:02:56.511+1000: 1819.662: Total time for which application threads were stopped: 0.0005200 seconds, Stopping threads took: 0.0001369 seconds
2021-07-18T03:02:56.522+1000: 1819.673: Application time: 0.0114109 seconds
2021-07-18T03:02:56.524+1000: 1819.674: Total time for which application threads were stopped: 0.0013168 seconds, Stopping threads took: 0.0002043 seconds
2021-07-18T03:02:56.551+1000: 1819.702: Application time: 0.0274410 seconds
2021-07-18T03:02:56.552+1000: 1819.703: Total time for which application threads were stopped: 0.0012490 seconds, Stopping threads took: 0.0004307 seconds
2021-07-18T03:02:56.553+1000: 1819.704: Application time: 0.0006752 seconds
2021-07-18T03:02:56.554+1000: 1819.704: Total time for which application threads were stopped: 0.0005287 seconds, Stopping threads took: 0.0000875 seconds
2021-07-18T03:02:56.573+1000: 1819.723: Application time: 0.0192204 seconds
2021-07-18T03:02:56.576+1000: 1819.727: Total time for which application threads were stopped: 0.0036843 seconds, Stopping threads took: 0.0004908 seconds
2021-07-18T03:02:56.577+1000: 1819.728: Application time: 0.0004146 seconds
2021-07-18T03:02:56.578+1000: 1819.729: Total time for which application threads were stopped: 0.0011422 seconds, Stopping threads took: 0.0004638 seconds
2021-07-18T03:02:57.579+1000: 1820.729: Application time: 1.0005077 seconds
2021-07-18T03:02:57.580+1000: 1820.731: Total time for which application threads were stopped: 0.0019300 seconds, Stopping threads took: 0.0008214 seconds
2021-07-18T03:02:57.947+1000: 1821.098: Application time: 0.3665704 seconds
2021-07-18T03:02:57.948+1000: 1821.099: Total time for which application threads were stopped: 0.0011398 seconds, Stopping threads took: 0.0001796 seconds
2021-07-18T03:02:57.970+1000: 1821.120: Application time: 0.0213492 seconds
2021-07-18T03:02:57.971+1000: 1821.121: Total time for which application threads were stopped: 0.0010853 seconds, Stopping threads took: 0.0002113 seconds
2021-07-18T03:02:58.719+1000: 1821.870: Application time: 0.7486226 seconds
2021-07-18T03:02:58.720+1000: 1821.871: Total time for which application threads were stopped: 0.0011032 seconds, Stopping threads took: 0.0002242 seconds
2021-07-18T03:02:58.997+1000: 1822.147: Application time: 0.2763443 seconds
2021-07-18T03:02:58.998+1000: 1822.149: Total time for which application threads were stopped: 0.0011237 seconds, Stopping threads took: 0.0002327 seconds
2021-07-18T03:02:59.948+1000: 1823.098: Application time: 0.9498824 seconds
2021-07-18T03:02:59.949+1000: 1823.100: Total time for which application threads were stopped: 0.0013312 seconds, Stopping threads took: 0.0002256 seconds
2021-07-18T03:02:59.973+1000: 1823.124: Application time: 0.0243082 seconds
2021-07-18T03:02:59.975+1000: 1823.125: Total time for which application threads were stopped: 0.0013100 seconds, Stopping threads took: 0.0002226 seconds
2021-07-18T03:03:00.975+1000: 1824.126: Application time: 1.0001959 seconds
2021-07-18T03:03:00.976+1000: 1824.127: Total time for which application threads were stopped: 0.0010515 seconds, Stopping threads took: 0.0002102 seconds
2021-07-18T03:03:01.640+1000: 1824.791: Application time: 0.6640890 seconds
2021-07-18T03:03:01.641+1000: 1824.792: Total time for which application threads were stopped: 0.0009790 seconds, Stopping threads took: 0.0001819 seconds
2021-07-18T03:03:01.641+1000: 1824.792: Application time: 0.0001552 seconds
2021-07-18T03:03:01.642+1000: 1824.792: Total time for which application threads were stopped: 0.0005940 seconds, Stopping threads took: 0.0002056 seconds
2021-07-18T03:03:01.665+1000: 1824.816: Application time: 0.0232632 seconds
2021-07-18T03:03:01.675+1000: 1824.826: Total time for which application threads were stopped: 0.0101382 seconds, Stopping threads took: 0.0088021 seconds
2021-07-18T03:03:01.676+1000: 1824.827: Application time: 0.0006669 seconds
2021-07-18T03:03:01.676+1000: 1824.827: Total time for which application threads were stopped: 0.0005816 seconds, Stopping threads took: 0.0001646 seconds
2021-07-18T03:03:01.693+1000: 1824.844: Application time: 0.0166242 seconds
2021-07-18T03:03:01.695+1000: 1824.845: Total time for which application threads were stopped: 0.0015047 seconds, Stopping threads took: 0.0005044 seconds
2021-07-18T03:03:01.695+1000: 1824.846: Application time: 0.0002352 seconds
2021-07-18T03:03:01.696+1000: 1824.846: Total time for which application threads were stopped: 0.0009571 seconds, Stopping threads took: 0.0003537 seconds
2021-07-18T03:03:01.709+1000: 1824.860: Application time: 0.0132987 seconds
2021-07-18T03:03:01.711+1000: 1824.861: Total time for which application threads were stopped: 0.0016259 seconds, Stopping threads took: 0.0003490 seconds
2021-07-18T03:03:01.711+1000: 1824.862: Application time: 0.0005972 seconds
2021-07-18T03:03:01.712+1000: 1824.863: Total time for which application threads were stopped: 0.0008646 seconds, Stopping threads took: 0.0001950 seconds
2021-07-18T03:03:01.866+1000: 1825.017: Application time: 0.1535630 seconds
2021-07-18T03:03:01.867+1000: 1825.018: Total time for which application threads were stopped: 0.0011302 seconds, Stopping threads took: 0.0002069 seconds
2021-07-18T03:03:01.884+1000: 1825.035: Application time: 0.0170008 seconds
2021-07-18T03:03:01.885+1000: 1825.036: Total time for which application threads were stopped: 0.0011241 seconds, Stopping threads took: 0.0002872 seconds
2021-07-18T03:03:01.950+1000: 1825.101: Application time: 0.0647574 seconds
2021-07-18T03:03:01.951+1000: 1825.102: Total time for which application threads were stopped: 0.0012680 seconds, Stopping threads took: 0.0003936 seconds
2021-07-18T03:03:01.976+1000: 1825.127: Application time: 0.0252249 seconds
2021-07-18T03:03:01.978+1000: 1825.128: Total time for which application threads were stopped: 0.0010943 seconds, Stopping threads took: 0.0002056 seconds
2021-07-18T03:03:02.978+1000: 1826.128: Application time: 1.0001602 seconds
2021-07-18T03:03:02.979+1000: 1826.130: Total time for which application threads were stopped: 0.0012183 seconds, Stopping threads took: 0.0002401 seconds
2021-07-18T03:03:03.040+1000: 1826.191: Application time: 0.0611995 seconds
2021-07-18T03:03:03.042+1000: 1826.192: Total time for which application threads were stopped: 0.0013611 seconds, Stopping threads took: 0.0003041 seconds
2021-07-18T03:03:03.946+1000: 1827.097: Application time: 0.9044929 seconds
2021-07-18T03:03:03.947+1000: 1827.098: Total time for which application threads were stopped: 0.0012915 seconds, Stopping threads took: 0.0003958 seconds
2021-07-18T03:03:03.966+1000: 1827.117: Application time: 0.0186202 seconds
2021-07-18T03:03:03.967+1000: 1827.118: Total time for which application threads were stopped: 0.0010462 seconds, Stopping threads took: 0.0001691 seconds
2021-07-18T03:03:03.998+1000: 1827.149: Application time: 0.0313189 seconds
2021-07-18T03:03:04.000+1000: 1827.150: Total time for which application threads were stopped: 0.0014514 seconds, Stopping threads took: 0.0005842 seconds
2021-07-18T03:03:05.000+1000: 1828.151: Application time: 1.0003144 seconds
2021-07-18T03:03:05.001+1000: 1828.152: Total time for which application threads were stopped: 0.0009965 seconds, Stopping threads took: 0.0001866 seconds
2021-07-18T03:03:05.951+1000: 1829.102: Application time: 0.9502930 seconds
2021-07-18T03:03:05.953+1000: 1829.103: Total time for which application threads were stopped: 0.0013462 seconds, Stopping threads took: 0.0002193 seconds
2021-07-18T03:03:05.980+1000: 1829.131: Application time: 0.0277597 seconds
2021-07-18T03:03:05.982+1000: 1829.132: Total time for which application threads were stopped: 0.0013252 seconds, Stopping threads took: 0.0002122 seconds
2021-07-18T03:03:06.958+1000: 1830.109: Application time: 0.9761008 seconds
2021-07-18T03:03:06.959+1000: 1830.110: Total time for which application threads were stopped: 0.0011004 seconds, Stopping threads took: 0.0002331 seconds
2021-07-18T03:03:06.961+1000: 1830.112: Application time: 0.0022313 seconds
2021-07-18T03:03:06.962+1000: 1830.113: Total time for which application threads were stopped: 0.0007586 seconds, Stopping threads took: 0.0000895 seconds
2021-07-18T03:03:06.977+1000: 1830.128: Application time: 0.0148457 seconds
2021-07-18T03:03:06.978+1000: 1830.129: Total time for which application threads were stopped: 0.0010141 seconds, Stopping threads took: 0.0002069 seconds
2021-07-18T03:03:06.979+1000: 1830.130: Application time: 0.0010732 seconds
2021-07-18T03:03:06.980+1000: 1830.130: Total time for which application threads were stopped: 0.0005895 seconds, Stopping threads took: 0.0001023 seconds
2021-07-18T03:03:07.001+1000: 1830.151: Application time: 0.0211754 seconds
2021-07-18T03:03:07.007+1000: 1830.157: Total time for which application threads were stopped: 0.0060655 seconds, Stopping threads took: 0.0002620 seconds
2021-07-18T03:03:07.007+1000: 1830.158: Application time: 0.0002619 seconds
2021-07-18T03:03:07.008+1000: 1830.159: Total time for which application threads were stopped: 0.0011041 seconds, Stopping threads took: 0.0003451 seconds
2021-07-18T03:03:07.019+1000: 1830.169: Application time: 0.0104520 seconds
2021-07-18T03:03:07.020+1000: 1830.171: Total time for which application threads were stopped: 0.0015726 seconds, Stopping threads took: 0.0003911 seconds
2021-07-18T03:03:07.949+1000: 1831.099: Application time: 0.9283236 seconds
2021-07-18T03:03:07.950+1000: 1831.101: Total time for which application threads were stopped: 0.0015276 seconds, Stopping threads took: 0.0002117 seconds
2021-07-18T03:03:07.973+1000: 1831.123: Application time: 0.0226235 seconds
2021-07-18T03:03:07.974+1000: 1831.124: Total time for which application threads were stopped: 0.0010605 seconds, Stopping threads took: 0.0001666 seconds
2021-07-18T03:03:08.974+1000: 1832.125: Application time: 1.0006254 seconds
2021-07-18T03:03:08.976+1000: 1832.127: Total time for which application threads were stopped: 0.0016524 seconds, Stopping threads took: 0.0002261 seconds
2021-07-18T03:03:09.947+1000: 1833.098: Application time: 0.9712130 seconds
2021-07-18T03:03:09.949+1000: 1833.099: Total time for which application threads were stopped: 0.0012491 seconds, Stopping threads took: 0.0002792 seconds
2021-07-18T03:03:09.975+1000: 1833.126: Application time: 0.0265509 seconds
2021-07-18T03:03:09.976+1000: 1833.127: Total time for which application threads were stopped: 0.0010040 seconds, Stopping threads took: 0.0001871 seconds
2021-07-18T03:03:11.866+1000: 1835.017: Application time: 1.8901703 seconds
2021-07-18T03:03:11.868+1000: 1835.018: Total time for which application threads were stopped: 0.0013495 seconds, Stopping threads took: 0.0002421 seconds
2021-07-18T03:03:11.886+1000: 1835.036: Application time: 0.0178995 seconds
2021-07-18T03:03:11.887+1000: 1835.038: Total time for which application threads were stopped: 0.0013590 seconds, Stopping threads took: 0.0004744 seconds
2021-07-18T03:03:11.949+1000: 1835.099: Application time: 0.0617492 seconds
2021-07-18T03:03:11.951+1000: 1835.101: Total time for which application threads were stopped: 0.0019264 seconds, Stopping threads took: 0.0002438 seconds
2021-07-18T03:03:11.975+1000: 1835.125: Application time: 0.0241877 seconds
2021-07-18T03:03:11.977+1000: 1835.127: Total time for which application threads were stopped: 0.0018406 seconds, Stopping threads took: 0.0002746 seconds
2021-07-18T03:03:12.109+1000: 1835.260: Application time: 0.1324159 seconds
2021-07-18T03:03:12.111+1000: 1835.261: Total time for which application threads were stopped: 0.0015526 seconds, Stopping threads took: 0.0006749 seconds
2021-07-18T03:03:12.111+1000: 1835.261: Application time: 0.0001899 seconds
2021-07-18T03:03:12.112+1000: 1835.262: Total time for which application threads were stopped: 0.0007033 seconds, Stopping threads took: 0.0001906 seconds
2021-07-18T03:03:12.131+1000: 1835.281: Application time: 0.0192431 seconds
2021-07-18T03:03:12.132+1000: 1835.283: Total time for which application threads were stopped: 0.0013334 seconds, Stopping threads took: 0.0003801 seconds
2021-07-18T03:03:12.133+1000: 1835.283: Application time: 0.0005263 seconds
2021-07-18T03:03:12.133+1000: 1835.284: Total time for which application threads were stopped: 0.0006810 seconds, Stopping threads took: 0.0001530 seconds
2021-07-18T03:03:12.183+1000: 1835.333: Application time: 0.0491935 seconds
2021-07-18T03:03:12.184+1000: 1835.334: Total time for which application threads were stopped: 0.0011500 seconds, Stopping threads took: 0.0001994 seconds
2021-07-18T03:03:12.184+1000: 1835.334: Application time: 0.0001458 seconds
2021-07-18T03:03:12.184+1000: 1835.335: Total time for which application threads were stopped: 0.0005178 seconds, Stopping threads took: 0.0001564 seconds
2021-07-18T03:03:12.193+1000: 1835.344: Application time: 0.0091247 seconds
2021-07-18T03:03:12.195+1000: 1835.345: Total time for which application threads were stopped: 0.0012951 seconds, Stopping threads took: 0.0002334 seconds
2021-07-18T03:03:13.195+1000: 1836.346: Application time: 1.0001962 seconds
2021-07-18T03:03:13.196+1000: 1836.347: Total time for which application threads were stopped: 0.0011817 seconds, Stopping threads took: 0.0001938 seconds
2021-07-18T03:03:13.954+1000: 1837.105: Application time: 0.7578026 seconds
2021-07-18T03:03:13.956+1000: 1837.106: Total time for which application threads were stopped: 0.0016757 seconds, Stopping threads took: 0.0008200 seconds
2021-07-18T03:03:14.003+1000: 1837.154: Application time: 0.0475917 seconds
2021-07-18T03:03:14.004+1000: 1837.155: Total time for which application threads were stopped: 0.0012266 seconds, Stopping threads took: 0.0003400 seconds
2021-07-18T03:03:15.005+1000: 1838.155: Application time: 1.0002529 seconds
2021-07-18T03:03:15.006+1000: 1838.156: Total time for which application threads were stopped: 0.0010855 seconds, Stopping threads took: 0.0002551 seconds
2021-07-18T03:03:15.959+1000: 1839.110: Application time: 0.9536158 seconds
2021-07-18T03:03:15.962+1000: 1839.112: Total time for which application threads were stopped: 0.0021845 seconds, Stopping threads took: 0.0003407 seconds
2021-07-18T03:03:15.990+1000: 1839.141: Application time: 0.0282902 seconds
2021-07-18T03:03:15.992+1000: 1839.142: Total time for which application threads were stopped: 0.0016884 seconds, Stopping threads took: 0.0004586 seconds
2021-07-18T03:03:16.992+1000: 1840.143: Application time: 1.0002139 seconds
2021-07-18T03:03:16.993+1000: 1840.144: Total time for which application threads were stopped: 0.0015296 seconds, Stopping threads took: 0.0003246 seconds
2021-07-18T03:03:17.255+1000: 1840.406: Application time: 0.2619397 seconds
2021-07-18T03:03:17.257+1000: 1840.407: Total time for which application threads were stopped: 0.0011083 seconds, Stopping threads took: 0.0002223 seconds
2021-07-18T03:03:17.257+1000: 1840.408: Application time: 0.0004524 seconds
2021-07-18T03:03:17.258+1000: 1840.408: Total time for which application threads were stopped: 0.0006021 seconds, Stopping threads took: 0.0001987 seconds
2021-07-18T03:03:17.285+1000: 1840.436: Application time: 0.0273806 seconds
2021-07-18T03:03:17.288+1000: 1840.438: Total time for which application threads were stopped: 0.0025353 seconds, Stopping threads took: 0.0015293 seconds
2021-07-18T03:03:17.288+1000: 1840.439: Application time: 0.0003418 seconds
2021-07-18T03:03:17.289+1000: 1840.439: Total time for which application threads were stopped: 0.0006626 seconds, Stopping threads took: 0.0001272 seconds
2021-07-18T03:03:17.303+1000: 1840.454: Application time: 0.0145965 seconds
2021-07-18T03:03:17.304+1000: 1840.455: Total time for which application threads were stopped: 0.0013055 seconds, Stopping threads took: 0.0003486 seconds
2021-07-18T03:03:17.305+1000: 1840.455: Application time: 0.0003628 seconds
2021-07-18T03:03:17.306+1000: 1840.456: Total time for which application threads were stopped: 0.0009419 seconds, Stopping threads took: 0.0004198 seconds
2021-07-18T03:03:17.356+1000: 1840.506: Application time: 0.0499886 seconds
2021-07-18T03:03:17.357+1000: 1840.508: Total time for which application threads were stopped: 0.0012995 seconds, Stopping threads took: 0.0003559 seconds
2021-07-18T03:03:17.358+1000: 1840.508: Application time: 0.0007667 seconds
2021-07-18T03:03:17.361+1000: 1840.512: Total time for which application threads were stopped: 0.0031788 seconds, Stopping threads took: 0.0003078 seconds
2021-07-18T03:03:17.953+1000: 1841.104: Application time: 0.5919980 seconds
2021-07-18T03:03:17.959+1000: 1841.110: Total time for which application threads were stopped: 0.0064723 seconds, Stopping threads took: 0.0046364 seconds
2021-07-18T03:03:17.985+1000: 1841.135: Application time: 0.0250839 seconds
2021-07-18T03:03:17.989+1000: 1841.139: Total time for which application threads were stopped: 0.0040583 seconds, Stopping threads took: 0.0022785 seconds
2021-07-18T03:03:18.989+1000: 1842.140: Application time: 1.0003105 seconds
2021-07-18T03:03:18.990+1000: 1842.141: Total time for which application threads were stopped: 0.0013529 seconds, Stopping threads took: 0.0003145 seconds
2021-07-18T03:03:19.945+1000: 1843.096: Application time: 0.9548923 seconds
2021-07-18T03:03:19.946+1000: 1843.097: Total time for which application threads were stopped: 0.0010278 seconds, Stopping threads took: 0.0001994 seconds
2021-07-18T03:03:19.975+1000: 1843.125: Application time: 0.0284790 seconds
2021-07-18T03:03:19.976+1000: 1843.126: Total time for which application threads were stopped: 0.0011090 seconds, Stopping threads took: 0.0002738 seconds
2021-07-18T03:03:20.976+1000: 1844.127: Application time: 1.0001891 seconds
2021-07-18T03:03:20.977+1000: 1844.128: Total time for which application threads were stopped: 0.0013159 seconds, Stopping threads took: 0.0002016 seconds
2021-07-18T03:03:21.869+1000: 1845.020: Application time: 0.8916160 seconds
2021-07-18T03:03:21.870+1000: 1845.021: Total time for which application threads were stopped: 0.0012194 seconds, Stopping threads took: 0.0001739 seconds
2021-07-18T03:03:21.886+1000: 1845.037: Application time: 0.0162323 seconds
2021-07-18T03:03:21.888+1000: 1845.038: Total time for which application threads were stopped: 0.0011864 seconds, Stopping threads took: 0.0002309 seconds
2021-07-18T03:03:21.953+1000: 1845.104: Application time: 0.0654263 seconds
2021-07-18T03:03:21.954+1000: 1845.105: Total time for which application threads were stopped: 0.0012972 seconds, Stopping threads took: 0.0002854 seconds
2021-07-18T03:03:21.988+1000: 1845.138: Application time: 0.0333362 seconds
2021-07-18T03:03:21.989+1000: 1845.140: Total time for which application threads were stopped: 0.0012971 seconds, Stopping threads took: 0.0002355 seconds
2021-07-18T03:03:22.445+1000: 1845.596: Application time: 0.4559808 seconds
2021-07-18T03:03:22.447+1000: 1845.598: Total time for which application threads were stopped: 0.0019826 seconds, Stopping threads took: 0.0002793 seconds
2021-07-18T03:03:22.447+1000: 1845.598: Application time: 0.0002711 seconds
2021-07-18T03:03:22.448+1000: 1845.599: Total time for which application threads were stopped: 0.0007357 seconds, Stopping threads took: 0.0001094 seconds
2021-07-18T03:03:22.461+1000: 1845.612: Application time: 0.0128513 seconds
2021-07-18T03:03:22.462+1000: 1845.613: Total time for which application threads were stopped: 0.0013872 seconds, Stopping threads took: 0.0003673 seconds
2021-07-18T03:03:22.463+1000: 1845.613: Application time: 0.0004386 seconds
2021-07-18T03:03:22.463+1000: 1845.614: Total time for which application threads were stopped: 0.0007703 seconds, Stopping threads took: 0.0000788 seconds
2021-07-18T03:03:22.497+1000: 1845.647: Application time: 0.0331095 seconds
2021-07-18T03:03:22.498+1000: 1845.648: Total time for which application threads were stopped: 0.0011128 seconds, Stopping threads took: 0.0001806 seconds
2021-07-18T03:03:22.499+1000: 1845.649: Application time: 0.0010324 seconds
2021-07-18T03:03:22.501+1000: 1845.652: Total time for which application threads were stopped: 0.0024094 seconds, Stopping threads took: 0.0001342 seconds
2021-07-18T03:03:22.508+1000: 1845.659: Application time: 0.0071393 seconds
2021-07-18T03:03:22.510+1000: 1845.660: Total time for which application threads were stopped: 0.0015361 seconds, Stopping threads took: 0.0005889 seconds
2021-07-18T03:03:23.511+1000: 1846.661: Application time: 1.0007319 seconds
2021-07-18T03:03:23.512+1000: 1846.662: Total time for which application threads were stopped: 0.0012381 seconds, Stopping threads took: 0.0002370 seconds
2021-07-18T03:03:23.955+1000: 1847.106: Application time: 0.4431738 seconds
2021-07-18T03:03:23.956+1000: 1847.107: Total time for which application threads were stopped: 0.0014294 seconds, Stopping threads took: 0.0005154 seconds
2021-07-18T03:03:23.976+1000: 1847.127: Application time: 0.0195438 seconds
2021-07-18T03:03:23.979+1000: 1847.129: Total time for which application threads were stopped: 0.0025382 seconds, Stopping threads took: 0.0014863 seconds
2021-07-18T03:03:25.974+1000: 1849.125: Application time: 1.9959505 seconds
2021-07-18T03:03:25.976+1000: 1849.126: Total time for which application threads were stopped: 0.0011163 seconds, Stopping threads took: 0.0002313 seconds
2021-07-18T03:03:26.006+1000: 1849.156: Application time: 0.0300302 seconds
2021-07-18T03:03:26.007+1000: 1849.158: Total time for which application threads were stopped: 0.0012981 seconds, Stopping threads took: 0.0002278 seconds
2021-07-18T03:03:27.583+1000: 1850.734: Application time: 1.5763373 seconds
2021-07-18T03:03:27.585+1000: 1850.736: Total time for which application threads were stopped: 0.0021637 seconds, Stopping threads took: 0.0003838 seconds
2021-07-18T03:03:27.586+1000: 1850.736: Application time: 0.0004172 seconds
2021-07-18T03:03:27.587+1000: 1850.737: Total time for which application threads were stopped: 0.0007452 seconds, Stopping threads took: 0.0002054 seconds
2021-07-18T03:03:27.602+1000: 1850.752: Application time: 0.0150579 seconds
2021-07-18T03:03:27.603+1000: 1850.754: Total time for which application threads were stopped: 0.0012167 seconds, Stopping threads took: 0.0004261 seconds
2021-07-18T03:03:27.604+1000: 1850.755: Application time: 0.0012659 seconds
2021-07-18T03:03:27.605+1000: 1850.756: Total time for which application threads were stopped: 0.0007755 seconds, Stopping threads took: 0.0001353 seconds
2021-07-18T03:03:27.632+1000: 1850.783: Application time: 0.0272046 seconds
2021-07-18T03:03:27.636+1000: 1850.787: Total time for which application threads were stopped: 0.0042015 seconds, Stopping threads took: 0.0032368 seconds
2021-07-18T03:03:27.637+1000: 1850.787: Application time: 0.0002137 seconds
2021-07-18T03:03:27.637+1000: 1850.788: Total time for which application threads were stopped: 0.0005805 seconds, Stopping threads took: 0.0000949 seconds
2021-07-18T03:03:27.649+1000: 1850.799: Application time: 0.0114066 seconds
2021-07-18T03:03:27.650+1000: 1850.800: Total time for which application threads were stopped: 0.0010668 seconds, Stopping threads took: 0.0002118 seconds
2021-07-18T03:03:27.947+1000: 1851.098: Application time: 0.2972630 seconds
2021-07-18T03:03:27.948+1000: 1851.099: Total time for which application threads were stopped: 0.0011740 seconds, Stopping threads took: 0.0001889 seconds
2021-07-18T03:03:27.972+1000: 1851.123: Application time: 0.0242775 seconds
2021-07-18T03:03:27.974+1000: 1851.124: Total time for which application threads were stopped: 0.0014097 seconds, Stopping threads took: 0.0002346 seconds
2021-07-18T03:03:28.309+1000: 1851.459: Application time: 0.3349042 seconds
2021-07-18T03:03:28.311+1000: 1851.462: Total time for which application threads were stopped: 0.0022917 seconds, Stopping threads took: 0.0008209 seconds
2021-07-18T03:03:28.314+1000: 1851.464: Application time: 0.0028202 seconds
2021-07-18T03:03:28.316+1000: 1851.467: Total time for which application threads were stopped: 0.0023974 seconds, Stopping threads took: 0.0011097 seconds
2021-07-18T03:03:28.317+1000: 1851.467: Application time: 0.0004454 seconds
2021-07-18T03:03:28.318+1000: 1851.469: Total time for which application threads were stopped: 0.0012429 seconds, Stopping threads took: 0.0003636 seconds
2021-07-18T03:03:28.447+1000: 1851.598: Application time: 0.1295752 seconds
2021-07-18T03:03:28.449+1000: 1851.600: Total time for which application threads were stopped: 0.0014528 seconds, Stopping threads took: 0.0002339 seconds
2021-07-18T03:03:28.450+1000: 1851.600: Application time: 0.0007526 seconds
2021-07-18T03:03:28.451+1000: 1851.601: Total time for which application threads were stopped: 0.0011139 seconds, Stopping threads took: 0.0001166 seconds
2021-07-18T03:03:28.456+1000: 1851.606: Application time: 0.0050254 seconds
2021-07-18T03:03:28.457+1000: 1851.608: Total time for which application threads were stopped: 0.0012585 seconds, Stopping threads took: 0.0002062 seconds
2021-07-18T03:03:28.457+1000: 1851.608: Application time: 0.0001093 seconds
2021-07-18T03:03:28.458+1000: 1851.609: Total time for which application threads were stopped: 0.0008362 seconds, Stopping threads took: 0.0001888 seconds
2021-07-18T03:03:28.458+1000: 1851.609: Application time: 0.0003495 seconds
2021-07-18T03:03:28.459+1000: 1851.610: Total time for which application threads were stopped: 0.0008593 seconds, Stopping threads took: 0.0001971 seconds
2021-07-18T03:03:28.460+1000: 1851.611: Application time: 0.0006286 seconds
2021-07-18T03:03:28.461+1000: 1851.611: Total time for which application threads were stopped: 0.0008705 seconds, Stopping threads took: 0.0001131 seconds
2021-07-18T03:03:28.462+1000: 1851.612: Application time: 0.0009722 seconds
2021-07-18T03:03:28.463+1000: 1851.614: Total time for which application threads were stopped: 0.0013868 seconds, Stopping threads took: 0.0004954 seconds
2021-07-18T03:03:28.517+1000: 1851.667: Application time: 0.0537179 seconds
2021-07-18T03:03:28.518+1000: 1851.669: Total time for which application threads were stopped: 0.0015859 seconds, Stopping threads took: 0.0003265 seconds
2021-07-18T03:03:28.519+1000: 1851.669: Application time: 0.0002212 seconds
2021-07-18T03:03:28.520+1000: 1851.670: Total time for which application threads were stopped: 0.0011058 seconds, Stopping threads took: 0.0002792 seconds
2021-07-18T03:03:28.520+1000: 1851.671: Application time: 0.0004861 seconds
2021-07-18T03:03:28.522+1000: 1851.672: Total time for which application threads were stopped: 0.0013122 seconds, Stopping threads took: 0.0002784 seconds
2021-07-18T03:03:28.522+1000: 1851.673: Application time: 0.0007023 seconds
2021-07-18T03:03:28.524+1000: 1851.675: Total time for which application threads were stopped: 0.0015663 seconds, Stopping threads took: 0.0003203 seconds
2021-07-18T03:03:28.545+1000: 1851.696: Application time: 0.0213621 seconds
2021-07-18T03:03:28.547+1000: 1851.698: Total time for which application threads were stopped: 0.0016149 seconds, Stopping threads took: 0.0004990 seconds
2021-07-18T03:03:28.558+1000: 1851.708: Application time: 0.0109410 seconds
2021-07-18T03:03:28.563+1000: 1851.714: Total time for which application threads were stopped: 0.0053132 seconds, Stopping threads took: 0.0041134 seconds
2021-07-18T03:03:28.564+1000: 1851.714: Application time: 0.0004785 seconds
2021-07-18T03:03:28.565+1000: 1851.715: Total time for which application threads were stopped: 0.0009664 seconds, Stopping threads took: 0.0000955 seconds
2021-07-18T03:03:28.565+1000: 1851.716: Application time: 0.0008939 seconds
2021-07-18T03:03:28.567+1000: 1851.718: Total time for which application threads were stopped: 0.0014482 seconds, Stopping threads took: 0.0005408 seconds
2021-07-18T03:03:28.607+1000: 1851.758: Application time: 0.0403107 seconds
2021-07-18T03:03:28.609+1000: 1851.759: Total time for which application threads were stopped: 0.0015756 seconds, Stopping threads took: 0.0002762 seconds
2021-07-18T03:03:28.620+1000: 1851.771: Application time: 0.0115460 seconds
2021-07-18T03:03:28.623+1000: 1851.773: Total time for which application threads were stopped: 0.0023387 seconds, Stopping threads took: 0.0006558 seconds
2021-07-18T03:03:28.624+1000: 1851.774: Application time: 0.0009539 seconds
2021-07-18T03:03:28.626+1000: 1851.777: Total time for which application threads were stopped: 0.0028168 seconds, Stopping threads took: 0.0015615 seconds
2021-07-18T03:03:28.651+1000: 1851.802: Application time: 0.0246419 seconds
2021-07-18T03:03:28.654+1000: 1851.805: Total time for which application threads were stopped: 0.0030391 seconds, Stopping threads took: 0.0003959 seconds
2021-07-18T03:03:28.657+1000: 1851.808: Application time: 0.0030037 seconds
2021-07-18T03:03:28.660+1000: 1851.811: Total time for which application threads were stopped: 0.0027722 seconds, Stopping threads took: 0.0006135 seconds
2021-07-18T03:03:28.660+1000: 1851.811: Application time: 0.0003892 seconds
2021-07-18T03:03:28.664+1000: 1851.814: Total time for which application threads were stopped: 0.0032522 seconds, Stopping threads took: 0.0005087 seconds
2021-07-18T03:03:28.665+1000: 1851.815: Application time: 0.0011669 seconds
2021-07-18T03:03:28.666+1000: 1851.817: Total time for which application threads were stopped: 0.0015085 seconds, Stopping threads took: 0.0004935 seconds
2021-07-18T03:03:28.682+1000: 1851.833: Application time: 0.0157378 seconds
2021-07-18T03:03:28.683+1000: 1851.834: Total time for which application threads were stopped: 0.0012390 seconds, Stopping threads took: 0.0002152 seconds
2021-07-18T03:03:28.685+1000: 1851.836: Application time: 0.0016712 seconds
2021-07-18T03:03:28.686+1000: 1851.836: Total time for which application threads were stopped: 0.0007695 seconds, Stopping threads took: 0.0000981 seconds
2021-07-18T03:03:28.692+1000: 1851.843: Application time: 0.0061664 seconds
2021-07-18T03:03:28.693+1000: 1851.844: Total time for which application threads were stopped: 0.0012560 seconds, Stopping threads took: 0.0002042 seconds
2021-07-18T03:03:28.707+1000: 1851.858: Application time: 0.0143474 seconds
2021-07-18T03:03:28.709+1000: 1851.860: Total time for which application threads were stopped: 0.0017257 seconds, Stopping threads took: 0.0005585 seconds
2021-07-18T03:03:28.710+1000: 1851.861: Application time: 0.0006540 seconds
2021-07-18T03:03:28.712+1000: 1851.862: Total time for which application threads were stopped: 0.0016424 seconds, Stopping threads took: 0.0008675 seconds
2021-07-18T03:03:28.714+1000: 1851.865: Application time: 0.0024956 seconds
2021-07-18T03:03:28.717+1000: 1851.868: Total time for which application threads were stopped: 0.0033337 seconds, Stopping threads took: 0.0009536 seconds
2021-07-18T03:03:29.001+1000: 1852.152: Application time: 0.2836477 seconds
2021-07-18T03:03:29.002+1000: 1852.153: Total time for which application threads were stopped: 0.0013285 seconds, Stopping threads took: 0.0003054 seconds
2021-07-18T03:03:29.961+1000: 1853.112: Application time: 0.9590715 seconds
2021-07-18T03:03:29.963+1000: 1853.114: Total time for which application threads were stopped: 0.0014954 seconds, Stopping threads took: 0.0002924 seconds
2021-07-18T03:03:29.995+1000: 1853.145: Application time: 0.0316376 seconds
2021-07-18T03:03:29.997+1000: 1853.147: Total time for which application threads were stopped: 0.0019441 seconds, Stopping threads took: 0.0006886 seconds
2021-07-18T03:03:30.997+1000: 1854.147: Application time: 1.0001695 seconds
2021-07-18T03:03:30.998+1000: 1854.149: Total time for which application threads were stopped: 0.0011808 seconds, Stopping threads took: 0.0002247 seconds
2021-07-18T03:03:31.867+1000: 1855.018: Application time: 0.8689904 seconds
2021-07-18T03:03:31.868+1000: 1855.019: Total time for which application threads were stopped: 0.0012604 seconds, Stopping threads took: 0.0002273 seconds
2021-07-18T03:03:31.885+1000: 1855.035: Application time: 0.0166469 seconds
2021-07-18T03:03:31.886+1000: 1855.037: Total time for which application threads were stopped: 0.0013170 seconds, Stopping threads took: 0.0002905 seconds
2021-07-18T03:03:31.947+1000: 1855.098: Application time: 0.0607040 seconds
2021-07-18T03:03:31.948+1000: 1855.099: Total time for which application threads were stopped: 0.0011285 seconds, Stopping threads took: 0.0002214 seconds
2021-07-18T03:03:31.965+1000: 1855.116: Application time: 0.0169927 seconds
2021-07-18T03:03:31.966+1000: 1855.117: Total time for which application threads were stopped: 0.0011004 seconds, Stopping threads took: 0.0001971 seconds
2021-07-18T03:03:32.725+1000: 1855.876: Application time: 0.7589496 seconds
2021-07-18T03:03:32.726+1000: 1855.877: Total time for which application threads were stopped: 0.0014154 seconds, Stopping threads took: 0.0002764 seconds
2021-07-18T03:03:32.727+1000: 1855.877: Application time: 0.0002167 seconds
2021-07-18T03:03:32.734+1000: 1855.885: Total time for which application threads were stopped: 0.0073026 seconds, Stopping threads took: 0.0062814 seconds
2021-07-18T03:03:32.750+1000: 1855.901: Application time: 0.0160167 seconds
2021-07-18T03:03:32.751+1000: 1855.902: Total time for which application threads were stopped: 0.0012202 seconds, Stopping threads took: 0.0002462 seconds
2021-07-18T03:03:32.752+1000: 1855.903: Application time: 0.0007920 seconds
2021-07-18T03:03:32.753+1000: 1855.904: Total time for which application threads were stopped: 0.0009903 seconds, Stopping threads took: 0.0003478 seconds
2021-07-18T03:03:32.786+1000: 1855.936: Application time: 0.0325599 seconds
2021-07-18T03:03:32.787+1000: 1855.937: Total time for which application threads were stopped: 0.0010233 seconds, Stopping threads took: 0.0001748 seconds
2021-07-18T03:03:32.787+1000: 1855.938: Application time: 0.0004220 seconds
2021-07-18T03:03:32.788+1000: 1855.938: Total time for which application threads were stopped: 0.0006848 seconds, Stopping threads took: 0.0000941 seconds
2021-07-18T03:03:32.823+1000: 1855.974: Application time: 0.0351317 seconds
2021-07-18T03:03:32.825+1000: 1855.976: Total time for which application threads were stopped: 0.0023894 seconds, Stopping threads took: 0.0013008 seconds
2021-07-18T03:03:32.826+1000: 1855.976: Application time: 0.0005284 seconds
2021-07-18T03:03:32.827+1000: 1855.977: Total time for which application threads were stopped: 0.0007868 seconds, Stopping threads took: 0.0001626 seconds
2021-07-18T03:03:33.827+1000: 1856.978: Application time: 1.0004688 seconds
2021-07-18T03:03:33.828+1000: 1856.979: Total time for which application threads were stopped: 0.0011854 seconds, Stopping threads took: 0.0001980 seconds
2021-07-18T03:03:33.947+1000: 1857.098: Application time: 0.1187289 seconds
2021-07-18T03:03:33.948+1000: 1857.099: Total time for which application threads were stopped: 0.0012381 seconds, Stopping threads took: 0.0002245 seconds
2021-07-18T03:03:33.967+1000: 1857.118: Application time: 0.0186374 seconds
2021-07-18T03:03:33.969+1000: 1857.119: Total time for which application threads were stopped: 0.0016652 seconds, Stopping threads took: 0.0003060 seconds
2021-07-18T03:03:34.003+1000: 1857.153: Application time: 0.0342520 seconds
2021-07-18T03:03:34.004+1000: 1857.155: Total time for which application threads were stopped: 0.0016035 seconds, Stopping threads took: 0.0003345 seconds
2021-07-18T03:03:35.954+1000: 1859.105: Application time: 1.9497720 seconds
2021-07-18T03:03:35.956+1000: 1859.107: Total time for which application threads were stopped: 0.0021085 seconds, Stopping threads took: 0.0003147 seconds
2021-07-18T03:03:35.994+1000: 1859.145: Application time: 0.0378913 seconds
2021-07-18T03:03:35.996+1000: 1859.146: Total time for which application threads were stopped: 0.0013065 seconds, Stopping threads took: 0.0002173 seconds
2021-07-18T03:03:36.996+1000: 1860.146: Application time: 1.0002034 seconds
2021-07-18T03:03:36.997+1000: 1860.148: Total time for which application threads were stopped: 0.0012600 seconds, Stopping threads took: 0.0002060 seconds
2021-07-18T03:03:37.872+1000: 1861.022: Application time: 0.8747573 seconds
2021-07-18T03:03:37.873+1000: 1861.024: Total time for which application threads were stopped: 0.0012977 seconds, Stopping threads took: 0.0002284 seconds
2021-07-18T03:03:37.874+1000: 1861.025: Application time: 0.0008034 seconds
2021-07-18T03:03:37.875+1000: 1861.026: Total time for which application threads were stopped: 0.0010119 seconds, Stopping threads took: 0.0001653 seconds
2021-07-18T03:03:37.891+1000: 1861.041: Application time: 0.0156322 seconds
2021-07-18T03:03:37.892+1000: 1861.042: Total time for which application threads were stopped: 0.0011893 seconds, Stopping threads took: 0.0003925 seconds
2021-07-18T03:03:37.920+1000: 1861.071: Application time: 0.0286970 seconds
2021-07-18T03:03:37.922+1000: 1861.072: Total time for which application threads were stopped: 0.0012972 seconds, Stopping threads took: 0.0003978 seconds
2021-07-18T03:03:37.922+1000: 1861.073: Application time: 0.0003568 seconds
2021-07-18T03:03:37.923+1000: 1861.073: Total time for which application threads were stopped: 0.0007177 seconds, Stopping threads took: 0.0002886 seconds
2021-07-18T03:03:37.940+1000: 1861.090: Application time: 0.0167498 seconds
2021-07-18T03:03:37.941+1000: 1861.091: Total time for which application threads were stopped: 0.0011677 seconds, Stopping threads took: 0.0003334 seconds
2021-07-18T03:03:37.957+1000: 1861.108: Application time: 0.0164760 seconds
2021-07-18T03:03:37.959+1000: 1861.110: Total time for which application threads were stopped: 0.0016219 seconds, Stopping threads took: 0.0005900 seconds
2021-07-18T03:03:37.987+1000: 1861.138: Application time: 0.0280573 seconds
2021-07-18T03:03:37.988+1000: 1861.139: Total time for which application threads were stopped: 0.0011934 seconds, Stopping threads took: 0.0003478 seconds
2021-07-18T03:03:38.988+1000: 1862.139: Application time: 1.0002308 seconds
2021-07-18T03:03:38.989+1000: 1862.140: Total time for which application threads were stopped: 0.0009928 seconds, Stopping threads took: 0.0001750 seconds
2021-07-18T03:03:39.945+1000: 1863.096: Application time: 0.9557836 seconds
2021-07-18T03:03:39.946+1000: 1863.097: Total time for which application threads were stopped: 0.0011200 seconds, Stopping threads took: 0.0002035 seconds
2021-07-18T03:03:39.964+1000: 1863.115: Application time: 0.0180946 seconds
2021-07-18T03:03:39.966+1000: 1863.116: Total time for which application threads were stopped: 0.0011912 seconds, Stopping threads took: 0.0002289 seconds
2021-07-18T03:03:41.867+1000: 1865.017: Application time: 1.9011936 seconds
2021-07-18T03:03:41.868+1000: 1865.019: Total time for which application threads were stopped: 0.0011100 seconds, Stopping threads took: 0.0002014 seconds
2021-07-18T03:03:41.952+1000: 1865.103: Application time: 0.0843057 seconds
2021-07-18T03:03:41.953+1000: 1865.104: Total time for which application threads were stopped: 0.0012824 seconds, Stopping threads took: 0.0002415 seconds
2021-07-18T03:03:41.982+1000: 1865.133: Application time: 0.0285499 seconds
2021-07-18T03:03:41.984+1000: 1865.134: Total time for which application threads were stopped: 0.0016232 seconds, Stopping threads took: 0.0004422 seconds
2021-07-18T03:03:41.987+1000: 1865.138: Application time: 0.0038559 seconds
2021-07-18T03:03:41.988+1000: 1865.139: Total time for which application threads were stopped: 0.0009747 seconds, Stopping threads took: 0.0001890 seconds
2021-07-18T03:03:43.016+1000: 1866.167: Application time: 1.0277028 seconds
2021-07-18T03:03:43.017+1000: 1866.168: Total time for which application threads were stopped: 0.0012184 seconds, Stopping threads took: 0.0002371 seconds
2021-07-18T03:03:43.018+1000: 1866.168: Application time: 0.0002311 seconds
2021-07-18T03:03:43.018+1000: 1866.169: Total time for which application threads were stopped: 0.0007073 seconds, Stopping threads took: 0.0001982 seconds
2021-07-18T03:03:43.035+1000: 1866.185: Application time: 0.0162964 seconds
2021-07-18T03:03:43.036+1000: 1866.187: Total time for which application threads were stopped: 0.0017794 seconds, Stopping threads took: 0.0005225 seconds
2021-07-18T03:03:43.064+1000: 1866.214: Application time: 0.0271379 seconds
2021-07-18T03:03:43.065+1000: 1866.216: Total time for which application threads were stopped: 0.0016862 seconds, Stopping threads took: 0.0006163 seconds
2021-07-18T03:03:43.065+1000: 1866.216: Application time: 0.0002111 seconds
2021-07-18T03:03:43.066+1000: 1866.217: Total time for which application threads were stopped: 0.0007017 seconds, Stopping threads took: 0.0001498 seconds
2021-07-18T03:03:43.080+1000: 1866.231: Application time: 0.0143171 seconds
2021-07-18T03:03:43.083+1000: 1866.233: Total time for which application threads were stopped: 0.0020486 seconds, Stopping threads took: 0.0003435 seconds
2021-07-18T03:03:43.947+1000: 1867.098: Application time: 0.8647837 seconds
2021-07-18T03:03:43.948+1000: 1867.099: Total time for which application threads were stopped: 0.0010975 seconds, Stopping threads took: 0.0002107 seconds
2021-07-18T03:03:43.974+1000: 1867.125: Application time: 0.0258005 seconds
2021-07-18T03:03:43.975+1000: 1867.126: Total time for which application threads were stopped: 0.0011432 seconds, Stopping threads took: 0.0002393 seconds
2021-07-18T03:03:44.976+1000: 1868.126: Application time: 1.0001596 seconds
2021-07-18T03:03:44.977+1000: 1868.127: Total time for which application threads were stopped: 0.0012661 seconds, Stopping threads took: 0.0004797 seconds
2021-07-18T03:03:45.947+1000: 1869.098: Application time: 0.9705136 seconds
2021-07-18T03:03:45.949+1000: 1869.099: Total time for which application threads were stopped: 0.0013205 seconds, Stopping threads took: 0.0002167 seconds
2021-07-18T03:03:45.967+1000: 1869.118: Application time: 0.0181972 seconds
2021-07-18T03:03:45.968+1000: 1869.119: Total time for which application threads were stopped: 0.0010089 seconds, Stopping threads took: 0.0001812 seconds
2021-07-18T03:03:46.968+1000: 1870.119: Application time: 1.0005047 seconds
2021-07-18T03:03:46.970+1000: 1870.120: Total time for which application threads were stopped: 0.0014484 seconds, Stopping threads took: 0.0003562 seconds
2021-07-18T03:03:47.946+1000: 1871.097: Application time: 0.9765221 seconds
2021-07-18T03:03:47.948+1000: 1871.098: Total time for which application threads were stopped: 0.0012918 seconds, Stopping threads took: 0.0002300 seconds
2021-07-18T03:03:47.976+1000: 1871.127: Application time: 0.0283734 seconds
2021-07-18T03:03:47.977+1000: 1871.128: Total time for which application threads were stopped: 0.0012583 seconds, Stopping threads took: 0.0001944 seconds
2021-07-18T03:03:48.169+1000: 1871.320: Application time: 0.1919043 seconds
2021-07-18T03:03:48.170+1000: 1871.321: Total time for which application threads were stopped: 0.0010753 seconds, Stopping threads took: 0.0002074 seconds
2021-07-18T03:03:48.170+1000: 1871.321: Application time: 0.0001874 seconds
2021-07-18T03:03:48.171+1000: 1871.322: Total time for which application threads were stopped: 0.0006778 seconds, Stopping threads took: 0.0002930 seconds
2021-07-18T03:03:48.184+1000: 1871.335: Application time: 0.0127309 seconds
2021-07-18T03:03:48.186+1000: 1871.337: Total time for which application threads were stopped: 0.0019672 seconds, Stopping threads took: 0.0011518 seconds
2021-07-18T03:03:48.192+1000: 1871.342: Application time: 0.0057208 seconds
2021-07-18T03:03:48.193+1000: 1871.344: Total time for which application threads were stopped: 0.0012890 seconds, Stopping threads took: 0.0004502 seconds
2021-07-18T03:03:48.216+1000: 1871.367: Application time: 0.0231395 seconds
2021-07-18T03:03:48.217+1000: 1871.368: Total time for which application threads were stopped: 0.0012193 seconds, Stopping threads took: 0.0002732 seconds
2021-07-18T03:03:48.217+1000: 1871.368: Application time: 0.0001242 seconds
2021-07-18T03:03:48.219+1000: 1871.369: Total time for which application threads were stopped: 0.0012303 seconds, Stopping threads took: 0.0000866 seconds
2021-07-18T03:03:48.242+1000: 1871.392: Application time: 0.0229669 seconds
2021-07-18T03:03:48.243+1000: 1871.393: Total time for which application threads were stopped: 0.0009899 seconds, Stopping threads took: 0.0001817 seconds
2021-07-18T03:03:49.950+1000: 1873.101: Application time: 1.7073579 seconds
2021-07-18T03:03:49.951+1000: 1873.102: Total time for which application threads were stopped: 0.0010476 seconds, Stopping threads took: 0.0001789 seconds
2021-07-18T03:03:49.977+1000: 1873.128: Application time: 0.0259131 seconds
2021-07-18T03:03:49.978+1000: 1873.129: Total time for which application threads were stopped: 0.0014212 seconds, Stopping threads took: 0.0001887 seconds
2021-07-18T03:03:50.949+1000: 1874.100: Application time: 0.9707226 seconds
2021-07-18T03:03:50.950+1000: 1874.101: Total time for which application threads were stopped: 0.0013347 seconds, Stopping threads took: 0.0003001 seconds
2021-07-18T03:03:51.302+1000: 1874.452: Application time: 0.3514037 seconds
2021-07-18T03:03:51.309+1000: 1874.459: Total time for which application threads were stopped: 0.0070566 seconds, Stopping threads took: 0.0002296 seconds
2021-07-18T03:03:51.332+1000: 1874.482: Application time: 0.0227647 seconds
2021-07-18T03:03:51.333+1000: 1874.483: Total time for which application threads were stopped: 0.0011474 seconds, Stopping threads took: 0.0002979 seconds
2021-07-18T03:03:51.335+1000: 1874.486: Application time: 0.0027073 seconds
2021-07-18T03:03:51.340+1000: 1874.491: Total time for which application threads were stopped: 0.0048194 seconds, Stopping threads took: 0.0037684 seconds
2021-07-18T03:03:51.341+1000: 1874.492: Application time: 0.0007458 seconds
2021-07-18T03:03:51.342+1000: 1874.493: Total time for which application threads were stopped: 0.0012479 seconds, Stopping threads took: 0.0004821 seconds
2021-07-18T03:03:51.343+1000: 1874.493: Application time: 0.0003691 seconds
2021-07-18T03:03:51.344+1000: 1874.495: Total time for which application threads were stopped: 0.0016067 seconds, Stopping threads took: 0.0009368 seconds
2021-07-18T03:03:51.345+1000: 1874.495: Application time: 0.0002515 seconds
2021-07-18T03:03:51.345+1000: 1874.496: Total time for which application threads were stopped: 0.0008623 seconds, Stopping threads took: 0.0002476 seconds
2021-07-18T03:03:51.866+1000: 1875.017: Application time: 0.5204871 seconds
2021-07-18T03:03:51.867+1000: 1875.018: Total time for which application threads were stopped: 0.0011164 seconds, Stopping threads took: 0.0002245 seconds
2021-07-18T03:03:51.889+1000: 1875.039: Application time: 0.0215045 seconds
2021-07-18T03:03:51.890+1000: 1875.041: Total time for which application threads were stopped: 0.0018230 seconds, Stopping threads took: 0.0008109 seconds
2021-07-18T03:03:51.951+1000: 1875.102: Application time: 0.0610272 seconds
2021-07-18T03:03:51.953+1000: 1875.103: Total time for which application threads were stopped: 0.0011874 seconds, Stopping threads took: 0.0002693 seconds
2021-07-18T03:03:51.973+1000: 1875.124: Application time: 0.0204322 seconds
2021-07-18T03:03:51.974+1000: 1875.125: Total time for which application threads were stopped: 0.0013643 seconds, Stopping threads took: 0.0002343 seconds
2021-07-18T03:03:52.975+1000: 1876.125: Application time: 1.0001924 seconds
2021-07-18T03:03:52.976+1000: 1876.126: Total time for which application threads were stopped: 0.0011873 seconds, Stopping threads took: 0.0001951 seconds
2021-07-18T03:03:53.311+1000: 1876.461: Application time: 0.3349435 seconds
2021-07-18T03:03:53.312+1000: 1876.462: Total time for which application threads were stopped: 0.0010394 seconds, Stopping threads took: 0.0002198 seconds
2021-07-18T03:03:53.312+1000: 1876.463: Application time: 0.0001283 seconds
2021-07-18T03:03:53.312+1000: 1876.463: Total time for which application threads were stopped: 0.0004615 seconds, Stopping threads took: 0.0001195 seconds
2021-07-18T03:03:53.342+1000: 1876.493: Application time: 0.0297254 seconds
2021-07-18T03:03:53.344+1000: 1876.494: Total time for which application threads were stopped: 0.0014562 seconds, Stopping threads took: 0.0002289 seconds
2021-07-18T03:03:53.380+1000: 1876.531: Application time: 0.0366193 seconds
2021-07-18T03:03:53.382+1000: 1876.532: Total time for which application threads were stopped: 0.0015842 seconds, Stopping threads took: 0.0003088 seconds
2021-07-18T03:03:53.382+1000: 1876.533: Application time: 0.0003248 seconds
2021-07-18T03:03:53.383+1000: 1876.534: Total time for which application threads were stopped: 0.0008740 seconds, Stopping threads took: 0.0002978 seconds
2021-07-18T03:03:53.399+1000: 1876.549: Application time: 0.0155190 seconds
2021-07-18T03:03:53.400+1000: 1876.550: Total time for which application threads were stopped: 0.0012436 seconds, Stopping threads took: 0.0001881 seconds
2021-07-18T03:03:53.948+1000: 1877.099: Application time: 0.5485932 seconds
2021-07-18T03:03:53.950+1000: 1877.100: Total time for which application threads were stopped: 0.0013042 seconds, Stopping threads took: 0.0001931 seconds
2021-07-18T03:03:53.971+1000: 1877.121: Application time: 0.0208644 seconds
2021-07-18T03:03:53.972+1000: 1877.123: Total time for which application threads were stopped: 0.0013268 seconds, Stopping threads took: 0.0002334 seconds
2021-07-18T03:03:54.972+1000: 1878.123: Application time: 1.0001900 seconds
2021-07-18T03:03:54.973+1000: 1878.124: Total time for which application threads were stopped: 0.0013113 seconds, Stopping threads took: 0.0002682 seconds
2021-07-18T03:03:55.974+1000: 1879.125: Application time: 1.0004902 seconds
2021-07-18T03:03:55.976+1000: 1879.127: Total time for which application threads were stopped: 0.0022248 seconds, Stopping threads took: 0.0013305 seconds
2021-07-18T03:03:55.991+1000: 1879.142: Application time: 0.0150102 seconds
2021-07-18T03:03:55.992+1000: 1879.143: Total time for which application threads were stopped: 0.0010403 seconds, Stopping threads took: 0.0001989 seconds
2021-07-18T03:03:56.031+1000: 1879.182: Application time: 0.0390212 seconds
2021-07-18T03:03:56.032+1000: 1879.183: Total time for which application threads were stopped: 0.0010858 seconds, Stopping threads took: 0.0001889 seconds
2021-07-18T03:03:57.033+1000: 1880.183: Application time: 1.0004136 seconds
2021-07-18T03:03:57.034+1000: 1880.184: Total time for which application threads were stopped: 0.0010261 seconds, Stopping threads took: 0.0001884 seconds
2021-07-18T03:03:57.946+1000: 1881.097: Application time: 0.9124130 seconds
2021-07-18T03:03:57.947+1000: 1881.098: Total time for which application threads were stopped: 0.0010039 seconds, Stopping threads took: 0.0001928 seconds
2021-07-18T03:03:57.962+1000: 1881.113: Application time: 0.0151689 seconds
2021-07-18T03:03:57.963+1000: 1881.114: Total time for which application threads were stopped: 0.0009629 seconds, Stopping threads took: 0.0001516 seconds
2021-07-18T03:03:58.036+1000: 1881.186: Application time: 0.0368235 seconds
2021-07-18T03:03:58.037+1000: 1881.187: Total time for which application threads were stopped: 0.0011037 seconds, Stopping threads took: 0.0002283 seconds
2021-07-18T03:03:58.525+1000: 1881.676: Application time: 0.4886058 seconds
2021-07-18T03:03:58.526+1000: 1881.677: Total time for which application threads were stopped: 0.0009942 seconds, Stopping threads took: 0.0001809 seconds
2021-07-18T03:03:58.527+1000: 1881.677: Application time: 0.0002423 seconds
2021-07-18T03:03:58.527+1000: 1881.678: Total time for which application threads were stopped: 0.0005080 seconds, Stopping threads took: 0.0000738 seconds
2021-07-18T03:03:58.539+1000: 1881.690: Application time: 0.0120846 seconds
2021-07-18T03:03:58.541+1000: 1881.692: Total time for which application threads were stopped: 0.0016620 seconds, Stopping threads took: 0.0003482 seconds
2021-07-18T03:03:58.654+1000: 1881.804: Application time: 0.1127767 seconds
2021-07-18T03:03:58.655+1000: 1881.805: Total time for which application threads were stopped: 0.0010090 seconds, Stopping threads took: 0.0001968 seconds
2021-07-18T03:03:58.655+1000: 1881.805: Application time: 0.0001448 seconds
2021-07-18T03:03:58.655+1000: 1881.806: Total time for which application threads were stopped: 0.0005047 seconds, Stopping threads took: 0.0001493 seconds
2021-07-18T03:03:58.683+1000: 1881.834: Application time: 0.0276515 seconds
2021-07-18T03:03:58.684+1000: 1881.835: Total time for which application threads were stopped: 0.0011371 seconds, Stopping threads took: 0.0002183 seconds
2021-07-18T03:03:59.006+1000: 1882.157: Application time: 0.3219539 seconds
2021-07-18T03:03:59.007+1000: 1882.158: Total time for which application threads were stopped: 0.0012180 seconds, Stopping threads took: 0.0002118 seconds
2021-07-18T03:03:59.946+1000: 1883.097: Application time: 0.9388616 seconds
2021-07-18T03:03:59.948+1000: 1883.098: Total time for which application threads were stopped: 0.0013465 seconds, Stopping threads took: 0.0001952 seconds
2021-07-18T03:03:59.965+1000: 1883.116: Application time: 0.0175567 seconds
2021-07-18T03:03:59.967+1000: 1883.118: Total time for which application threads were stopped: 0.0021104 seconds, Stopping threads took: 0.0010304 seconds
2021-07-18T03:04:00.967+1000: 1884.118: Application time: 1.0002019 seconds
2021-07-18T03:04:00.969+1000: 1884.120: Total time for which application threads were stopped: 0.0019536 seconds, Stopping threads took: 0.0003074 seconds
2021-07-18T03:04:01.867+1000: 1885.017: Application time: 0.8973638 seconds
2021-07-18T03:04:01.872+1000: 1885.022: Total time for which application threads were stopped: 0.0048705 seconds, Stopping threads took: 0.0013516 seconds
2021-07-18T03:04:01.889+1000: 1885.039: Application time: 0.0171143 seconds
2021-07-18T03:04:01.890+1000: 1885.041: Total time for which application threads were stopped: 0.0014199 seconds, Stopping threads took: 0.0003362 seconds
2021-07-18T03:04:01.950+1000: 1885.101: Application time: 0.0602710 seconds
2021-07-18T03:04:01.952+1000: 1885.102: Total time for which application threads were stopped: 0.0014022 seconds, Stopping threads took: 0.0002455 seconds
2021-07-18T03:04:01.982+1000: 1885.133: Application time: 0.0302036 seconds
2021-07-18T03:04:01.986+1000: 1885.137: Total time for which application threads were stopped: 0.0043771 seconds, Stopping threads took: 0.0032191 seconds
2021-07-18T03:04:02.987+1000: 1886.137: Application time: 1.0001814 seconds
2021-07-18T03:04:02.988+1000: 1886.139: Total time for which application threads were stopped: 0.0015584 seconds, Stopping threads took: 0.0003482 seconds
2021-07-18T03:04:03.741+1000: 1886.892: Application time: 0.7527952 seconds
2021-07-18T03:04:03.742+1000: 1886.893: Total time for which application threads were stopped: 0.0010663 seconds, Stopping threads took: 0.0002039 seconds
2021-07-18T03:04:03.746+1000: 1886.896: Application time: 0.0036290 seconds
2021-07-18T03:04:03.748+1000: 1886.898: Total time for which application threads were stopped: 0.0018948 seconds, Stopping threads took: 0.0001499 seconds
2021-07-18T03:04:03.772+1000: 1886.922: Application time: 0.0239895 seconds
2021-07-18T03:04:03.774+1000: 1886.925: Total time for which application threads were stopped: 0.0022586 seconds, Stopping threads took: 0.0011535 seconds
2021-07-18T03:04:03.803+1000: 1886.954: Application time: 0.0293472 seconds
2021-07-18T03:04:03.804+1000: 1886.955: Total time for which application threads were stopped: 0.0011500 seconds, Stopping threads took: 0.0003307 seconds
2021-07-18T03:04:03.805+1000: 1886.955: Application time: 0.0001190 seconds
2021-07-18T03:04:03.805+1000: 1886.956: Total time for which application threads were stopped: 0.0004478 seconds, Stopping threads took: 0.0000777 seconds
2021-07-18T03:04:03.827+1000: 1886.977: Application time: 0.0217541 seconds
2021-07-18T03:04:03.828+1000: 1886.979: Total time for which application threads were stopped: 0.0014126 seconds, Stopping threads took: 0.0003008 seconds
2021-07-18T03:04:03.829+1000: 1886.979: Application time: 0.0003584 seconds
2021-07-18T03:04:03.831+1000: 1886.981: Total time for which application threads were stopped: 0.0022947 seconds, Stopping threads took: 0.0000891 seconds
2021-07-18T03:04:03.951+1000: 1887.101: Application time: 0.1199617 seconds
2021-07-18T03:04:03.952+1000: 1887.103: Total time for which application threads were stopped: 0.0012737 seconds, Stopping threads took: 0.0001868 seconds
2021-07-18T03:04:03.970+1000: 1887.120: Application time: 0.0177158 seconds
2021-07-18T03:04:03.971+1000: 1887.122: Total time for which application threads were stopped: 0.0013259 seconds, Stopping threads took: 0.0002075 seconds
2021-07-18T03:04:04.008+1000: 1887.158: Application time: 0.0365412 seconds
2021-07-18T03:04:04.009+1000: 1887.160: Total time for which application threads were stopped: 0.0013967 seconds, Stopping threads took: 0.0003275 seconds
2021-07-18T03:04:04.009+1000: 1887.160: Application time: 0.0001845 seconds
2021-07-18T03:04:04.010+1000: 1887.161: Total time for which application threads were stopped: 0.0008581 seconds, Stopping threads took: 0.0001649 seconds
2021-07-18T03:04:05.947+1000: 1889.098: Application time: 1.9372811 seconds
2021-07-18T03:04:05.949+1000: 1889.100: Total time for which application threads were stopped: 0.0014648 seconds, Stopping threads took: 0.0003438 seconds
2021-07-18T03:04:05.967+1000: 1889.118: Application time: 0.0181524 seconds
2021-07-18T03:04:05.969+1000: 1889.120: Total time for which application threads were stopped: 0.0023929 seconds, Stopping threads took: 0.0012863 seconds
2021-07-18T03:04:07.947+1000: 1891.098: Application time: 1.9775805 seconds
2021-07-18T03:04:07.948+1000: 1891.099: Total time for which application threads were stopped: 0.0013976 seconds, Stopping threads took: 0.0002947 seconds
2021-07-18T03:04:07.976+1000: 1891.126: Application time: 0.0272536 seconds
2021-07-18T03:04:07.977+1000: 1891.127: Total time for which application threads were stopped: 0.0010013 seconds, Stopping threads took: 0.0001790 seconds
2021-07-18T03:04:08.906+1000: 1892.056: Application time: 0.9291342 seconds
2021-07-18T03:04:08.910+1000: 1892.060: Total time for which application threads were stopped: 0.0037671 seconds, Stopping threads took: 0.0026992 seconds
2021-07-18T03:04:08.910+1000: 1892.060: Application time: 0.0001302 seconds
2021-07-18T03:04:08.910+1000: 1892.061: Total time for which application threads were stopped: 0.0005726 seconds, Stopping threads took: 0.0001105 seconds
2021-07-18T03:04:08.921+1000: 1892.072: Application time: 0.0109203 seconds
2021-07-18T03:04:08.925+1000: 1892.075: Total time for which application threads were stopped: 0.0034259 seconds, Stopping threads took: 0.0024831 seconds
2021-07-18T03:04:08.945+1000: 1892.096: Application time: 0.0202478 seconds
2021-07-18T03:04:08.946+1000: 1892.097: Total time for which application threads were stopped: 0.0010120 seconds, Stopping threads took: 0.0001883 seconds
2021-07-18T03:04:08.946+1000: 1892.097: Application time: 0.0001424 seconds
2021-07-18T03:04:08.948+1000: 1892.099: Total time for which application threads were stopped: 0.0019820 seconds, Stopping threads took: 0.0002032 seconds
2021-07-18T03:04:08.961+1000: 1892.111: Application time: 0.0125122 seconds
2021-07-18T03:04:08.964+1000: 1892.115: Total time for which application threads were stopped: 0.0038603 seconds, Stopping threads took: 0.0005187 seconds
2021-07-18T03:04:08.965+1000: 1892.116: Application time: 0.0005313 seconds
2021-07-18T03:04:08.966+1000: 1892.117: Total time for which application threads were stopped: 0.0009315 seconds, Stopping threads took: 0.0002161 seconds
2021-07-18T03:04:09.962+1000: 1893.112: Application time: 0.9958285 seconds
2021-07-18T03:04:09.968+1000: 1893.118: Total time for which application threads were stopped: 0.0058367 seconds, Stopping threads took: 0.0049616 seconds
2021-07-18T03:04:09.987+1000: 1893.138: Application time: 0.0197925 seconds
2021-07-18T03:04:09.988+1000: 1893.139: Total time for which application threads were stopped: 0.0010324 seconds, Stopping threads took: 0.0002211 seconds
2021-07-18T03:04:10.989+1000: 1894.139: Application time: 1.0002055 seconds
2021-07-18T03:04:10.990+1000: 1894.141: Total time for which application threads were stopped: 0.0012548 seconds, Stopping threads took: 0.0002319 seconds
2021-07-18T03:04:11.867+1000: 1895.018: Application time: 0.8770297 seconds
2021-07-18T03:04:11.868+1000: 1895.019: Total time for which application threads were stopped: 0.0011634 seconds, Stopping threads took: 0.0002034 seconds
2021-07-18T03:04:11.885+1000: 1895.036: Application time: 0.0173824 seconds
2021-07-18T03:04:11.887+1000: 1895.038: Total time for which application threads were stopped: 0.0014141 seconds, Stopping threads took: 0.0004158 seconds
2021-07-18T03:04:11.954+1000: 1895.105: Application time: 0.0669964 seconds
2021-07-18T03:04:11.955+1000: 1895.106: Total time for which application threads were stopped: 0.0013521 seconds, Stopping threads took: 0.0002213 seconds
2021-07-18T03:04:11.973+1000: 1895.124: Application time: 0.0176496 seconds
2021-07-18T03:04:11.974+1000: 1895.125: Total time for which application threads were stopped: 0.0012760 seconds, Stopping threads took: 0.0002449 seconds
2021-07-18T03:04:12.974+1000: 1896.125: Application time: 1.0002148 seconds
2021-07-18T03:04:12.975+1000: 1896.126: Total time for which application threads were stopped: 0.0010790 seconds, Stopping threads took: 0.0002054 seconds
2021-07-18T03:04:13.948+1000: 1897.099: Application time: 0.9726888 seconds
2021-07-18T03:04:13.952+1000: 1897.103: Total time for which application threads were stopped: 0.0041194 seconds, Stopping threads took: 0.0030728 seconds
2021-07-18T03:04:13.978+1000: 1897.129: Application time: 0.0260167 seconds
2021-07-18T03:04:13.980+1000: 1897.130: Total time for which application threads were stopped: 0.0012233 seconds, Stopping threads took: 0.0002067 seconds
2021-07-18T03:04:14.052+1000: 1897.202: Application time: 0.0720016 seconds
2021-07-18T03:04:14.059+1000: 1897.210: Total time for which application threads were stopped: 0.0074811 seconds, Stopping threads took: 0.0063554 seconds
2021-07-18T03:04:14.059+1000: 1897.210: Application time: 0.0002407 seconds
2021-07-18T03:04:14.062+1000: 1897.213: Total time for which application threads were stopped: 0.0029461 seconds, Stopping threads took: 0.0024517 seconds
2021-07-18T03:04:14.075+1000: 1897.225: Application time: 0.0124988 seconds
2021-07-18T03:04:14.076+1000: 1897.226: Total time for which application threads were stopped: 0.0010243 seconds, Stopping threads took: 0.0002013 seconds
2021-07-18T03:04:14.076+1000: 1897.227: Application time: 0.0003529 seconds
2021-07-18T03:04:14.077+1000: 1897.227: Total time for which application threads were stopped: 0.0005609 seconds, Stopping threads took: 0.0000786 seconds
2021-07-18T03:04:14.119+1000: 1897.269: Application time: 0.0420870 seconds
2021-07-18T03:04:14.120+1000: 1897.270: Total time for which application threads were stopped: 0.0010808 seconds, Stopping threads took: 0.0002667 seconds
2021-07-18T03:04:14.121+1000: 1897.272: Application time: 0.0013674 seconds
2021-07-18T03:04:14.122+1000: 1897.273: Total time for which application threads were stopped: 0.0008951 seconds, Stopping threads took: 0.0003831 seconds
2021-07-18T03:04:14.138+1000: 1897.289: Application time: 0.0158596 seconds
2021-07-18T03:04:14.139+1000: 1897.290: Total time for which application threads were stopped: 0.0011877 seconds, Stopping threads took: 0.0002041 seconds
2021-07-18T03:04:14.139+1000: 1897.290: Application time: 0.0002889 seconds
2021-07-18T03:04:14.140+1000: 1897.291: Total time for which application threads were stopped: 0.0006815 seconds, Stopping threads took: 0.0000957 seconds
2021-07-18T03:04:15.946+1000: 1899.097: Application time: 1.8056880 seconds
2021-07-18T03:04:15.947+1000: 1899.098: Total time for which application threads were stopped: 0.0012836 seconds, Stopping threads took: 0.0001998 seconds
2021-07-18T03:04:15.976+1000: 1899.127: Application time: 0.0289997 seconds
2021-07-18T03:04:15.977+1000: 1899.128: Total time for which application threads were stopped: 0.0012437 seconds, Stopping threads took: 0.0002258 seconds
2021-07-18T03:04:17.947+1000: 1901.098: Application time: 1.9696363 seconds
2021-07-18T03:04:17.948+1000: 1901.099: Total time for which application threads were stopped: 0.0012097 seconds, Stopping threads took: 0.0003195 seconds
2021-07-18T03:04:17.969+1000: 1901.119: Application time: 0.0204518 seconds
2021-07-18T03:04:17.970+1000: 1901.120: Total time for which application threads were stopped: 0.0011333 seconds, Stopping threads took: 0.0002536 seconds
2021-07-18T03:04:19.256+1000: 1902.406: Application time: 1.2857950 seconds
2021-07-18T03:04:19.257+1000: 1902.408: Total time for which application threads were stopped: 0.0013035 seconds, Stopping threads took: 0.0003677 seconds
2021-07-18T03:04:19.258+1000: 1902.409: Application time: 0.0013059 seconds
2021-07-18T03:04:19.259+1000: 1902.410: Total time for which application threads were stopped: 0.0008671 seconds, Stopping threads took: 0.0001053 seconds
2021-07-18T03:04:19.275+1000: 1902.426: Application time: 0.0158246 seconds
2021-07-18T03:04:19.276+1000: 1902.427: Total time for which application threads were stopped: 0.0014722 seconds, Stopping threads took: 0.0003250 seconds
2021-07-18T03:04:19.277+1000: 1902.428: Application time: 0.0006379 seconds
2021-07-18T03:04:19.278+1000: 1902.428: Total time for which application threads were stopped: 0.0006384 seconds, Stopping threads took: 0.0000900 seconds
2021-07-18T03:04:19.380+1000: 1902.530: Application time: 0.1020939 seconds
2021-07-18T03:04:19.381+1000: 1902.532: Total time for which application threads were stopped: 0.0013258 seconds, Stopping threads took: 0.0002189 seconds
2021-07-18T03:04:19.382+1000: 1902.532: Application time: 0.0005777 seconds
2021-07-18T03:04:19.382+1000: 1902.533: Total time for which application threads were stopped: 0.0006976 seconds, Stopping threads took: 0.0001114 seconds
2021-07-18T03:04:19.404+1000: 1902.555: Application time: 0.0219177 seconds
2021-07-18T03:04:19.406+1000: 1902.557: Total time for which application threads were stopped: 0.0018834 seconds, Stopping threads took: 0.0008064 seconds
2021-07-18T03:04:19.947+1000: 1903.098: Application time: 0.5411107 seconds
2021-07-18T03:04:19.949+1000: 1903.099: Total time for which application threads were stopped: 0.0012222 seconds, Stopping threads took: 0.0003338 seconds
2021-07-18T03:04:19.970+1000: 1903.120: Application time: 0.0210609 seconds
2021-07-18T03:04:19.971+1000: 1903.121: Total time for which application threads were stopped: 0.0011813 seconds, Stopping threads took: 0.0002053 seconds
2021-07-18T03:04:21.866+1000: 1905.017: Application time: 1.8955603 seconds
2021-07-18T03:04:21.868+1000: 1905.018: Total time for which application threads were stopped: 0.0013937 seconds, Stopping threads took: 0.0002262 seconds
2021-07-18T03:04:21.975+1000: 1905.125: Application time: 0.1068563 seconds
2021-07-18T03:04:21.976+1000: 1905.126: Total time for which application threads were stopped: 0.0011669 seconds, Stopping threads took: 0.0002259 seconds
2021-07-18T03:04:21.978+1000: 1905.129: Application time: 0.0020672 seconds
2021-07-18T03:04:21.979+1000: 1905.130: Total time for which application threads were stopped: 0.0010423 seconds, Stopping threads took: 0.0002384 seconds
2021-07-18T03:04:22.005+1000: 1905.155: Application time: 0.0258005 seconds
2021-07-18T03:04:22.006+1000: 1905.157: Total time for which application threads were stopped: 0.0013839 seconds, Stopping threads took: 0.0002236 seconds
2021-07-18T03:04:23.006+1000: 1906.157: Application time: 1.0002203 seconds
2021-07-18T03:04:23.008+1000: 1906.158: Total time for which application threads were stopped: 0.0011724 seconds, Stopping threads took: 0.0002030 seconds
2021-07-18T03:04:23.345+1000: 1906.495: Application time: 0.3371177 seconds
2021-07-18T03:04:23.346+1000: 1906.497: Total time for which application threads were stopped: 0.0012970 seconds, Stopping threads took: 0.0002136 seconds
2021-07-18T03:04:23.948+1000: 1907.098: Application time: 0.6017214 seconds
2021-07-18T03:04:23.949+1000: 1907.100: Total time for which application threads were stopped: 0.0015033 seconds, Stopping threads took: 0.0003215 seconds
2021-07-18T03:04:23.970+1000: 1907.120: Application time: 0.0206616 seconds
2021-07-18T03:04:23.971+1000: 1907.122: Total time for which application threads were stopped: 0.0010636 seconds, Stopping threads took: 0.0001931 seconds
2021-07-18T03:04:24.469+1000: 1907.619: Application time: 0.4977364 seconds
2021-07-18T03:04:24.470+1000: 1907.620: Total time for which application threads were stopped: 0.0010676 seconds, Stopping threads took: 0.0001863 seconds
2021-07-18T03:04:24.470+1000: 1907.621: Application time: 0.0001939 seconds
2021-07-18T03:04:24.470+1000: 1907.621: Total time for which application threads were stopped: 0.0004740 seconds, Stopping threads took: 0.0000845 seconds
2021-07-18T03:04:24.509+1000: 1907.659: Application time: 0.0383380 seconds
2021-07-18T03:04:24.510+1000: 1907.661: Total time for which application threads were stopped: 0.0012866 seconds, Stopping threads took: 0.0002532 seconds
2021-07-18T03:04:24.535+1000: 1907.685: Application time: 0.0248234 seconds
2021-07-18T03:04:24.536+1000: 1907.687: Total time for which application threads were stopped: 0.0012049 seconds, Stopping threads took: 0.0003396 seconds
2021-07-18T03:04:24.536+1000: 1907.687: Application time: 0.0002683 seconds
2021-07-18T03:04:24.537+1000: 1907.688: Total time for which application threads were stopped: 0.0005882 seconds, Stopping threads took: 0.0001509 seconds
2021-07-18T03:04:24.568+1000: 1907.718: Application time: 0.0306415 seconds
2021-07-18T03:04:24.569+1000: 1907.720: Total time for which application threads were stopped: 0.0013299 seconds, Stopping threads took: 0.0003030 seconds
2021-07-18T03:04:25.987+1000: 1909.138: Application time: 1.4180703 seconds
2021-07-18T03:04:25.988+1000: 1909.139: Total time for which application threads were stopped: 0.0014074 seconds, Stopping threads took: 0.0002504 seconds
2021-07-18T03:04:26.009+1000: 1909.159: Application time: 0.0201430 seconds
2021-07-18T03:04:26.010+1000: 1909.161: Total time for which application threads were stopped: 0.0013877 seconds, Stopping threads took: 0.0002210 seconds
2021-07-18T03:04:27.010+1000: 1910.161: Application time: 1.0001845 seconds
2021-07-18T03:04:27.011+1000: 1910.162: Total time for which application threads were stopped: 0.0011158 seconds, Stopping threads took: 0.0001988 seconds
2021-07-18T03:04:27.946+1000: 1911.097: Application time: 0.9348438 seconds
2021-07-18T03:04:27.947+1000: 1911.098: Total time for which application threads were stopped: 0.0012702 seconds, Stopping threads took: 0.0002068 seconds
2021-07-18T03:04:27.970+1000: 1911.120: Application time: 0.0223641 seconds
2021-07-18T03:04:27.971+1000: 1911.122: Total time for which application threads were stopped: 0.0013889 seconds, Stopping threads took: 0.0002667 seconds
2021-07-18T03:04:28.143+1000: 1911.293: Application time: 0.1716459 seconds
2021-07-18T03:04:28.145+1000: 1911.296: Total time for which application threads were stopped: 0.0026320 seconds, Stopping threads took: 0.0001590 seconds
2021-07-18T03:04:28.216+1000: 1911.367: Application time: 0.0710356 seconds
2021-07-18T03:04:28.219+1000: 1911.369: Total time for which application threads were stopped: 0.0021920 seconds, Stopping threads took: 0.0003687 seconds
2021-07-18T03:04:28.257+1000: 1911.408: Application time: 0.0385930 seconds
2021-07-18T03:04:28.324+1000: 1911.475: Total time for which application threads were stopped: 0.0668028 seconds, Stopping threads took: 0.0653593 seconds
2021-07-18T03:04:28.325+1000: 1911.475: Application time: 0.0004663 seconds
2021-07-18T03:04:28.326+1000: 1911.476: Total time for which application threads were stopped: 0.0010804 seconds, Stopping threads took: 0.0004435 seconds
2021-07-18T03:04:28.326+1000: 1911.477: Application time: 0.0004963 seconds
2021-07-18T03:04:28.327+1000: 1911.477: Total time for which application threads were stopped: 0.0006908 seconds, Stopping threads took: 0.0002240 seconds
2021-07-18T03:04:28.358+1000: 1911.508: Application time: 0.0307438 seconds
2021-07-18T03:04:28.360+1000: 1911.511: Total time for which application threads were stopped: 0.0026873 seconds, Stopping threads took: 0.0010773 seconds
2021-07-18T03:04:28.362+1000: 1911.513: Application time: 0.0017698 seconds
2021-07-18T03:04:28.364+1000: 1911.515: Total time for which application threads were stopped: 0.0019120 seconds, Stopping threads took: 0.0005212 seconds
2021-07-18T03:04:28.367+1000: 1911.518: Application time: 0.0029015 seconds
2021-07-18T03:04:28.369+1000: 1911.520: Total time for which application threads were stopped: 0.0023412 seconds, Stopping threads took: 0.0005865 seconds
2021-07-18T03:04:28.408+1000: 1911.559: Application time: 0.0388948 seconds
2021-07-18T03:04:28.411+1000: 1911.561: Total time for which application threads were stopped: 0.0025150 seconds, Stopping threads took: 0.0003531 seconds
2021-07-18T03:04:28.411+1000: 1911.562: Application time: 0.0005122 seconds
2021-07-18T03:04:28.415+1000: 1911.566: Total time for which application threads were stopped: 0.0038526 seconds, Stopping threads took: 0.0022451 seconds
2021-07-18T03:04:28.421+1000: 1911.571: Application time: 0.0055147 seconds
2021-07-18T03:04:28.422+1000: 1911.573: Total time for which application threads were stopped: 0.0018996 seconds, Stopping threads took: 0.0002224 seconds
2021-07-18T03:04:28.457+1000: 1911.608: Application time: 0.0346157 seconds
2021-07-18T03:04:28.460+1000: 1911.611: Total time for which application threads were stopped: 0.0029199 seconds, Stopping threads took: 0.0008725 seconds
2021-07-18T03:04:28.466+1000: 1911.616: Application time: 0.0056254 seconds
2021-07-18T03:04:28.470+1000: 1911.621: Total time for which application threads were stopped: 0.0046668 seconds, Stopping threads took: 0.0026861 seconds
2021-07-18T03:04:28.472+1000: 1911.622: Application time: 0.0015118 seconds
2021-07-18T03:04:28.474+1000: 1911.624: Total time for which application threads were stopped: 0.0020032 seconds, Stopping threads took: 0.0004564 seconds
2021-07-18T03:04:28.507+1000: 1911.658: Application time: 0.0335191 seconds
2021-07-18T03:04:28.509+1000: 1911.660: Total time for which application threads were stopped: 0.0018694 seconds, Stopping threads took: 0.0004941 seconds
2021-07-18T03:04:28.512+1000: 1911.662: Application time: 0.0023174 seconds
2021-07-18T03:04:28.514+1000: 1911.664: Total time for which application threads were stopped: 0.0022800 seconds, Stopping threads took: 0.0011662 seconds
2021-07-18T03:04:28.517+1000: 1911.668: Application time: 0.0031818 seconds
2021-07-18T03:04:28.523+1000: 1911.674: Total time for which application threads were stopped: 0.0060211 seconds, Stopping threads took: 0.0034076 seconds
2021-07-18T03:04:28.559+1000: 1911.709: Application time: 0.0356941 seconds
2021-07-18T03:04:28.562+1000: 1911.713: Total time for which application threads were stopped: 0.0036328 seconds, Stopping threads took: 0.0018051 seconds
2021-07-18T03:04:28.563+1000: 1911.714: Application time: 0.0007311 seconds
2021-07-18T03:04:28.566+1000: 1911.716: Total time for which application threads were stopped: 0.0025891 seconds, Stopping threads took: 0.0010476 seconds
2021-07-18T03:04:28.567+1000: 1911.718: Application time: 0.0011136 seconds
2021-07-18T03:04:28.569+1000: 1911.719: Total time for which application threads were stopped: 0.0018026 seconds, Stopping threads took: 0.0006252 seconds
2021-07-18T03:04:28.576+1000: 1911.726: Application time: 0.0069813 seconds
2021-07-18T03:04:28.578+1000: 1911.728: Total time for which application threads were stopped: 0.0018759 seconds, Stopping threads took: 0.0005013 seconds
2021-07-18T03:04:28.632+1000: 1911.783: Application time: 0.0547187 seconds
2021-07-18T03:04:28.633+1000: 1911.784: Total time for which application threads were stopped: 0.0010652 seconds, Stopping threads took: 0.0002055 seconds
2021-07-18T03:04:29.012+1000: 1912.163: Application time: 0.3791460 seconds
2021-07-18T03:04:29.014+1000: 1912.165: Total time for which application threads were stopped: 0.0015799 seconds, Stopping threads took: 0.0004737 seconds
2021-07-18T03:04:29.023+1000: 1912.174: Application time: 0.0093482 seconds
2021-07-18T03:04:29.025+1000: 1912.175: [GC (Allocation Failure) Before GC:
Statistics for BinaryTreeDictionary:
------------------------------------
Total Free Space: 2977270088
Max   Chunk Size: 2977270088
Number of Blocks: 1
Av.  Block  Size: 2977270088
Tree      Height: 1
2021-07-18T03:04:29.025+1000: 1912.176: [ParNew
Desired survivor size 858980352 bytes, new threshold 1 (max 15)
- age   1: 1077964208 bytes, 1077964208 total
: 15099520K->1677696K(15099520K), 1.4711070 secs] 82521684K->70721459K(105842304K)After GC:
Statistics for BinaryTreeDictionary:
------------------------------------
Total Free Space: 2770321928
Max   Chunk Size: 2770321928
Number of Blocks: 1
Av.  Block  Size: 2770321928
Tree      Height: 1
, 1.4715443 secs] [Times: user=13.93 sys=0.15, real=1.47 secs] 
2021-07-18T03:04:30.497+1000: 1913.647: Total time for which application threads were stopped: 1.4731280 seconds, Stopping threads took: 0.0002007 seconds
2021-07-18T03:04:30.497+1000: 1913.647: Application time: 0.0001721 seconds
2021-07-18T03:04:30.498+1000: 1913.648: Total time for which application threads were stopped: 0.0010933 seconds, Stopping threads took: 0.0002871 seconds
2021-07-18T03:04:30.498+1000: 1913.649: Application time: 0.0000888 seconds
2021-07-18T03:04:30.498+1000: 1913.649: Total time for which application threads were stopped: 0.0004349 seconds, Stopping threads took: 0.0000735 seconds
2021-07-18T03:04:30.511+1000: 1913.661: Application time: 0.0124498 seconds
2021-07-18T03:04:30.514+1000: 1913.665: Total time for which application threads were stopped: 0.0036652 seconds, Stopping threads took: 0.0024551 seconds
2021-07-18T03:04:30.524+1000: 1913.675: Application time: 0.0099873 seconds
2021-07-18T03:04:30.526+1000: 1913.676: Total time for which application threads were stopped: 0.0013006 seconds, Stopping threads took: 0.0004143 seconds
2021-07-18T03:04:30.533+1000: 1913.684: Application time: 0.0077095 seconds
2021-07-18T03:04:30.536+1000: 1913.687: Total time for which application threads were stopped: 0.0023764 seconds, Stopping threads took: 0.0014759 seconds
2021-07-18T03:04:30.560+1000: 1913.710: Application time: 0.0236335 seconds
2021-07-18T03:04:30.561+1000: 1913.712: Total time for which application threads were stopped: 0.0015211 seconds, Stopping threads took: 0.0006248 seconds
2021-07-18T03:04:30.564+1000: 1913.714: Application time: 0.0026247 seconds
2021-07-18T03:04:30.565+1000: 1913.716: Total time for which application threads were stopped: 0.0012959 seconds, Stopping threads took: 0.0004147 seconds
2021-07-18T03:04:30.594+1000: 1913.744: Application time: 0.0287134 seconds
2021-07-18T03:04:30.595+1000: 1913.745: Total time for which application threads were stopped: 0.0010417 seconds, Stopping threads took: 0.0001843 seconds
2021-07-18T03:04:30.595+1000: 1913.746: Application time: 0.0003343 seconds
2021-07-18T03:04:30.596+1000: 1913.746: Total time for which application threads were stopped: 0.0004434 seconds, Stopping threads took: 0.0000779 seconds
2021-07-18T03:04:30.630+1000: 1913.780: Application time: 0.0340797 seconds
2021-07-18T03:04:30.631+1000: 1913.781: Total time for which application threads were stopped: 0.0012172 seconds, Stopping threads took: 0.0002015 seconds
2021-07-18T03:04:30.631+1000: 1913.782: Application time: 0.0002461 seconds
2021-07-18T03:04:30.632+1000: 1913.782: Total time for which application threads were stopped: 0.0006692 seconds, Stopping threads took: 0.0001702 seconds
2021-07-18T03:04:30.646+1000: 1913.796: Application time: 0.0140305 seconds
2021-07-18T03:04:30.647+1000: 1913.798: Total time for which application threads were stopped: 0.0012901 seconds, Stopping threads took: 0.0002326 seconds
2021-07-18T03:04:31.866+1000: 1915.017: Application time: 1.2189693 seconds
2021-07-18T03:04:31.867+1000: 1915.018: Total time for which application threads were stopped: 0.0010865 seconds, Stopping threads took: 0.0001752 seconds
2021-07-18T03:04:31.880+1000: 1915.031: Application time: 0.0132247 seconds
2021-07-18T03:04:31.882+1000: 1915.032: Total time for which application threads were stopped: 0.0014353 seconds, Stopping threads took: 0.0003239 seconds
2021-07-18T03:04:31.947+1000: 1915.097: Application time: 0.0649012 seconds
2021-07-18T03:04:31.948+1000: 1915.098: Total time for which application threads were stopped: 0.0011442 seconds, Stopping threads took: 0.0002306 seconds
2021-07-18T03:04:31.979+1000: 1915.129: Application time: 0.0307598 seconds
2021-07-18T03:04:31.980+1000: 1915.130: Total time for which application threads were stopped: 0.0011000 seconds, Stopping threads took: 0.0001740 seconds
2021-07-18T03:04:32.980+1000: 1916.131: Application time: 1.0002193 seconds
2021-07-18T03:04:32.982+1000: 1916.132: Total time for which application threads were stopped: 0.0016573 seconds, Stopping threads took: 0.0003993 seconds
2021-07-18T03:04:33.949+1000: 1917.100: Application time: 0.9677352 seconds
2021-07-18T03:04:33.950+1000: 1917.101: Total time for which application threads were stopped: 0.0011381 seconds, Stopping threads took: 0.0002666 seconds
2021-07-18T03:04:33.981+1000: 1917.132: Application time: 0.0310056 seconds
2021-07-18T03:04:33.983+1000: 1917.134: Total time for which application threads were stopped: 0.0015744 seconds, Stopping threads took: 0.0003229 seconds
2021-07-18T03:04:34.015+1000: 1917.165: Application time: 0.0316112 seconds
2021-07-18T03:04:34.016+1000: 1917.167: Total time for which application threads were stopped: 0.0012299 seconds, Stopping threads took: 0.0001624 seconds
2021-07-18T03:04:35.721+1000: 1918.872: Application time: 1.7052078 seconds
2021-07-18T03:04:35.722+1000: 1918.873: Total time for which application threads were stopped: 0.0012551 seconds, Stopping threads took: 0.0002839 seconds
2021-07-18T03:04:35.723+1000: 1918.873: Application time: 0.0002072 seconds
2021-07-18T03:04:35.723+1000: 1918.874: Total time for which application threads were stopped: 0.0005690 seconds, Stopping threads took: 0.0001629 seconds
2021-07-18T03:04:35.788+1000: 1918.939: Application time: 0.0652082 seconds
2021-07-18T03:04:35.790+1000: 1918.940: Total time for which application threads were stopped: 0.0014279 seconds, Stopping threads took: 0.0002925 seconds
2021-07-18T03:04:35.793+1000: 1918.943: Application time: 0.0030832 seconds
2021-07-18T03:04:35.796+1000: 1918.947: Total time for which application threads were stopped: 0.0033516 seconds, Stopping threads took: 0.0002064 seconds
2021-07-18T03:04:35.830+1000: 1918.981: Application time: 0.0336222 seconds
2021-07-18T03:04:35.832+1000: 1918.982: Total time for which application threads were stopped: 0.0016755 seconds, Stopping threads took: 0.0005498 seconds
2021-07-18T03:04:35.832+1000: 1918.983: Application time: 0.0003429 seconds
2021-07-18T03:04:35.833+1000: 1918.984: Total time for which application threads were stopped: 0.0013483 seconds, Stopping threads took: 0.0004473 seconds
2021-07-18T03:04:35.862+1000: 1919.013: Application time: 0.0286950 seconds
2021-07-18T03:04:35.864+1000: 1919.014: Total time for which application threads were stopped: 0.0016390 seconds, Stopping threads took: 0.0003400 seconds
2021-07-18T03:04:35.864+1000: 1919.015: Application time: 0.0004023 seconds
2021-07-18T03:04:35.865+1000: 1919.016: Total time for which application threads were stopped: 0.0011721 seconds, Stopping threads took: 0.0001816 seconds
2021-07-18T03:04:35.950+1000: 1919.100: Application time: 0.0848630 seconds
2021-07-18T03:04:35.952+1000: 1919.103: Total time for which application threads were stopped: 0.0024476 seconds, Stopping threads took: 0.0005028 seconds
2021-07-18T03:04:35.979+1000: 1919.130: Application time: 0.0269042 seconds
2021-07-18T03:04:35.981+1000: 1919.131: Total time for which application threads were stopped: 0.0014471 seconds, Stopping threads took: 0.0002381 seconds
2021-07-18T03:04:36.981+1000: 1920.132: Application time: 1.0002304 seconds
2021-07-18T03:04:36.982+1000: 1920.133: Total time for which application threads were stopped: 0.0011207 seconds, Stopping threads took: 0.0002538 seconds
2021-07-18T03:04:37.949+1000: 1921.099: Application time: 0.9663523 seconds
2021-07-18T03:04:37.951+1000: 1921.101: Total time for which application threads were stopped: 0.0019584 seconds, Stopping threads took: 0.0006421 seconds
2021-07-18T03:04:37.974+1000: 1921.124: Application time: 0.0232960 seconds
2021-07-18T03:04:37.975+1000: 1921.126: Total time for which application threads were stopped: 0.0012889 seconds, Stopping threads took: 0.0002169 seconds
2021-07-18T03:04:39.948+1000: 1923.098: Application time: 1.9724865 seconds
2021-07-18T03:04:39.949+1000: 1923.099: Total time for which application threads were stopped: 0.0011670 seconds, Stopping threads took: 0.0002419 seconds
2021-07-18T03:04:39.969+1000: 1923.119: Application time: 0.0200013 seconds
2021-07-18T03:04:39.970+1000: 1923.121: Total time for which application threads were stopped: 0.0011652 seconds, Stopping threads took: 0.0001653 seconds
2021-07-18T03:04:40.916+1000: 1924.066: Application time: 0.9455653 seconds
2021-07-18T03:04:40.917+1000: 1924.067: Total time for which application threads were stopped: 0.0010957 seconds, Stopping threads took: 0.0001741 seconds
2021-07-18T03:04:40.917+1000: 1924.067: Application time: 0.0001838 seconds
2021-07-18T03:04:40.917+1000: 1924.068: Total time for which application threads were stopped: 0.0006029 seconds, Stopping threads took: 0.0001737 seconds
2021-07-18T03:04:40.978+1000: 1924.129: Application time: 0.0608962 seconds
2021-07-18T03:04:40.979+1000: 1924.130: Total time for which application threads were stopped: 0.0009961 seconds, Stopping threads took: 0.0001960 seconds
2021-07-18T03:04:40.980+1000: 1924.130: Application time: 0.0004068 seconds
2021-07-18T03:04:40.980+1000: 1924.131: Total time for which application threads were stopped: 0.0005764 seconds, Stopping threads took: 0.0001137 seconds
2021-07-18T03:04:41.021+1000: 1924.171: Application time: 0.0403698 seconds
2021-07-18T03:04:41.027+1000: 1924.177: Total time for which application threads were stopped: 0.0059974 seconds, Stopping threads took: 0.0049016 seconds
2021-07-18T03:04:41.027+1000: 1924.178: Application time: 0.0001810 seconds
2021-07-18T03:04:41.028+1000: 1924.178: Total time for which application threads were stopped: 0.0006616 seconds, Stopping threads took: 0.0001241 seconds
2021-07-18T03:04:41.058+1000: 1924.209: Application time: 0.0305543 seconds
2021-07-18T03:04:41.059+1000: 1924.210: Total time for which application threads were stopped: 0.0013320 seconds, Stopping threads took: 0.0004245 seconds
2021-07-18T03:04:41.866+1000: 1925.016: Application time: 0.8062186 seconds
2021-07-18T03:04:41.867+1000: 1925.018: Total time for which application threads were stopped: 0.0012261 seconds, Stopping threads took: 0.0002263 seconds
2021-07-18T03:04:41.882+1000: 1925.033: Application time: 0.0155806 seconds
2021-07-18T03:04:41.886+1000: 1925.036: Total time for which application threads were stopped: 0.0030507 seconds, Stopping threads took: 0.0019289 seconds
2021-07-18T03:04:41.946+1000: 1925.097: Application time: 0.0605706 seconds
2021-07-18T03:04:41.947+1000: 1925.098: Total time for which application threads were stopped: 0.0010197 seconds, Stopping threads took: 0.0002179 seconds
2021-07-18T03:04:41.966+1000: 1925.117: Application time: 0.0187157 seconds
2021-07-18T03:04:41.967+1000: 1925.118: Total time for which application threads were stopped: 0.0010225 seconds, Stopping threads took: 0.0001892 seconds
2021-07-18T03:04:43.952+1000: 1927.103: Application time: 1.9853592 seconds
2021-07-18T03:04:43.954+1000: 1927.104: Total time for which application threads were stopped: 0.0015838 seconds, Stopping threads took: 0.0003540 seconds
2021-07-18T03:04:43.972+1000: 1927.123: Application time: 0.0182945 seconds
2021-07-18T03:04:43.974+1000: 1927.124: Total time for which application threads were stopped: 0.0015021 seconds, Stopping threads took: 0.0002545 seconds
2021-07-18T03:04:45.968+1000: 1929.119: Application time: 1.9947481 seconds
2021-07-18T03:04:45.970+1000: 1929.120: Total time for which application threads were stopped: 0.0013267 seconds, Stopping threads took: 0.0002046 seconds
2021-07-18T03:04:45.993+1000: 1929.143: Application time: 0.0230403 seconds
2021-07-18T03:04:45.994+1000: 1929.145: Total time for which application threads were stopped: 0.0013256 seconds, Stopping threads took: 0.0001829 seconds
2021-07-18T03:04:46.139+1000: 1929.289: Application time: 0.1445398 seconds
2021-07-18T03:04:46.140+1000: 1929.290: Total time for which application threads were stopped: 0.0011108 seconds, Stopping threads took: 0.0001912 seconds
2021-07-18T03:04:46.140+1000: 1929.291: Application time: 0.0005052 seconds
2021-07-18T03:04:46.141+1000: 1929.292: Total time for which application threads were stopped: 0.0006979 seconds, Stopping threads took: 0.0001005 seconds
2021-07-18T03:04:46.159+1000: 1929.309: Application time: 0.0176743 seconds
2021-07-18T03:04:46.160+1000: 1929.311: Total time for which application threads were stopped: 0.0013074 seconds, Stopping threads took: 0.0004689 seconds
2021-07-18T03:04:46.199+1000: 1929.350: Application time: 0.0390419 seconds
2021-07-18T03:04:46.200+1000: 1929.351: Total time for which application threads were stopped: 0.0010693 seconds, Stopping threads took: 0.0002668 seconds
2021-07-18T03:04:46.200+1000: 1929.351: Application time: 0.0002557 seconds
2021-07-18T03:04:46.201+1000: 1929.352: Total time for which application threads were stopped: 0.0004695 seconds, Stopping threads took: 0.0000839 seconds
2021-07-18T03:04:46.216+1000: 1929.366: Application time: 0.0147532 seconds
2021-07-18T03:04:46.217+1000: 1929.367: Total time for which application threads were stopped: 0.0011880 seconds, Stopping threads took: 0.0001992 seconds
2021-07-18T03:04:46.219+1000: 1929.370: Application time: 0.0020627 seconds
2021-07-18T03:04:46.221+1000: 1929.372: Total time for which application threads were stopped: 0.0022453 seconds, Stopping threads took: 0.0003836 seconds
2021-07-18T03:04:47.950+1000: 1931.101: Application time: 1.7288074 seconds
2021-07-18T03:04:47.951+1000: 1931.102: Total time for which application threads were stopped: 0.0011848 seconds, Stopping threads took: 0.0002728 seconds
2021-07-18T03:04:47.974+1000: 1931.125: Application time: 0.0229109 seconds
2021-07-18T03:04:47.975+1000: 1931.126: Total time for which application threads were stopped: 0.0012476 seconds, Stopping threads took: 0.0003648 seconds
2021-07-18T03:04:48.975+1000: 1932.126: Application time: 1.0001701 seconds
2021-07-18T03:04:48.977+1000: 1932.127: Total time for which application threads were stopped: 0.0011242 seconds, Stopping threads took: 0.0002036 seconds
2021-07-18T03:04:49.962+1000: 1933.113: Application time: 0.9856678 seconds
2021-07-18T03:04:49.964+1000: 1933.114: Total time for which application threads were stopped: 0.0013883 seconds, Stopping threads took: 0.0004574 seconds
2021-07-18T03:04:50.007+1000: 1933.158: Application time: 0.0434850 seconds
2021-07-18T03:04:50.008+1000: 1933.159: Total time for which application threads were stopped: 0.0012217 seconds, Stopping threads took: 0.0002017 seconds
2021-07-18T03:04:51.267+1000: 1934.418: Application time: 1.2590562 seconds
2021-07-18T03:04:51.269+1000: 1934.419: Total time for which application threads were stopped: 0.0010729 seconds, Stopping threads took: 0.0002549 seconds
2021-07-18T03:04:51.269+1000: 1934.419: Application time: 0.0002129 seconds
2021-07-18T03:04:51.269+1000: 1934.420: Total time for which application threads were stopped: 0.0004526 seconds, Stopping threads took: 0.0000808 seconds
2021-07-18T03:04:51.278+1000: 1934.429: Application time: 0.0087421 seconds
2021-07-18T03:04:51.279+1000: 1934.430: Total time for which application threads were stopped: 0.0010296 seconds, Stopping threads took: 0.0002270 seconds
2021-07-18T03:04:51.279+1000: 1934.430: Application time: 0.0002134 seconds
2021-07-18T03:04:51.280+1000: 1934.430: Total time for which application threads were stopped: 0.0005996 seconds, Stopping threads took: 0.0001828 seconds
2021-07-18T03:04:51.306+1000: 1934.456: Application time: 0.0258406 seconds
2021-07-18T03:04:51.307+1000: 1934.458: Total time for which application threads were stopped: 0.0013908 seconds, Stopping threads took: 0.0002216 seconds
2021-07-18T03:04:51.310+1000: 1934.461: Application time: 0.0032451 seconds
2021-07-18T03:04:51.311+1000: 1934.462: Total time for which application threads were stopped: 0.0009141 seconds, Stopping threads took: 0.0001636 seconds
2021-07-18T03:04:51.315+1000: 1934.466: Application time: 0.0036691 seconds
2021-07-18T03:04:51.320+1000: 1934.471: Total time for which application threads were stopped: 0.0050348 seconds, Stopping threads took: 0.0002116 seconds
2021-07-18T03:04:51.866+1000: 1935.017: Application time: 0.5464092 seconds
2021-07-18T03:04:51.867+1000: 1935.018: Total time for which application threads were stopped: 0.0010160 seconds, Stopping threads took: 0.0002090 seconds
2021-07-18T03:04:51.946+1000: 1935.097: Application time: 0.0789331 seconds
2021-07-18T03:04:51.948+1000: 1935.098: Total time for which application threads were stopped: 0.0013615 seconds, Stopping threads took: 0.0002469 seconds
2021-07-18T03:04:51.979+1000: 1935.130: Application time: 0.0312166 seconds
2021-07-18T03:04:51.981+1000: 1935.131: Total time for which application threads were stopped: 0.0016977 seconds, Stopping threads took: 0.0006104 seconds
2021-07-18T03:04:51.991+1000: 1935.142: Application time: 0.0107809 seconds
2021-07-18T03:04:51.993+1000: 1935.144: Total time for which application threads were stopped: 0.0019179 seconds, Stopping threads took: 0.0005738 seconds
2021-07-18T03:04:52.994+1000: 1936.144: Application time: 1.0002796 seconds
2021-07-18T03:04:52.995+1000: 1936.146: Total time for which application threads were stopped: 0.0015097 seconds, Stopping threads took: 0.0002979 seconds
2021-07-18T03:04:53.945+1000: 1937.096: Application time: 0.9503544 seconds
2021-07-18T03:04:53.947+1000: 1937.097: Total time for which application threads were stopped: 0.0011615 seconds, Stopping threads took: 0.0002458 seconds
2021-07-18T03:04:53.961+1000: 1937.112: Application time: 0.0145058 seconds
2021-07-18T03:04:53.962+1000: 1937.113: Total time for which application threads were stopped: 0.0012762 seconds, Stopping threads took: 0.0002852 seconds
2021-07-18T03:04:56.130+1000: 1939.281: Application time: 2.1678006 seconds
2021-07-18T03:04:56.132+1000: 1939.282: Total time for which application threads were stopped: 0.0014311 seconds, Stopping threads took: 0.0002394 seconds
2021-07-18T03:04:56.191+1000: 1939.342: Application time: 0.0593215 seconds
2021-07-18T03:04:56.193+1000: 1939.344: Total time for which application threads were stopped: 0.0022854 seconds, Stopping threads took: 0.0008454 seconds
2021-07-18T03:04:56.379+1000: 1939.530: Application time: 0.1860283 seconds
2021-07-18T03:04:56.381+1000: 1939.531: Total time for which application threads were stopped: 0.0012579 seconds, Stopping threads took: 0.0003780 seconds
2021-07-18T03:04:56.381+1000: 1939.531: Application time: 0.0001737 seconds
2021-07-18T03:04:56.381+1000: 1939.532: Total time for which application threads were stopped: 0.0005154 seconds, Stopping threads took: 0.0001561 seconds
2021-07-18T03:04:56.400+1000: 1939.550: Application time: 0.0182563 seconds
2021-07-18T03:04:56.401+1000: 1939.552: Total time for which application threads were stopped: 0.0016804 seconds, Stopping threads took: 0.0002821 seconds
2021-07-18T03:04:56.436+1000: 1939.586: Application time: 0.0346924 seconds
2021-07-18T03:04:56.439+1000: 1939.590: Total time for which application threads were stopped: 0.0033068 seconds, Stopping threads took: 0.0011134 seconds
2021-07-18T03:04:56.441+1000: 1939.592: Application time: 0.0016500 seconds
2021-07-18T03:04:56.447+1000: 1939.598: Total time for which application threads were stopped: 0.0061723 seconds, Stopping threads took: 0.0003018 seconds
2021-07-18T03:04:56.458+1000: 1939.609: Application time: 0.0109327 seconds
2021-07-18T03:04:56.459+1000: 1939.610: Total time for which application threads were stopped: 0.0014420 seconds, Stopping threads took: 0.0003519 seconds
2021-07-18T03:04:56.460+1000: 1939.611: Application time: 0.0008171 seconds
2021-07-18T03:04:56.462+1000: 1939.612: Total time for which application threads were stopped: 0.0013800 seconds, Stopping threads took: 0.0005668 seconds
2021-07-18T03:04:57.367+1000: 1940.518: Application time: 0.9052298 seconds
2021-07-18T03:04:57.368+1000: 1940.519: Total time for which application threads were stopped: 0.0013990 seconds, Stopping threads took: 0.0002569 seconds
2021-07-18T03:04:57.947+1000: 1941.098: Application time: 0.5787684 seconds
2021-07-18T03:04:57.948+1000: 1941.099: Total time for which application threads were stopped: 0.0011225 seconds, Stopping threads took: 0.0002084 seconds
2021-07-18T03:04:57.970+1000: 1941.121: Application time: 0.0223120 seconds
2021-07-18T03:04:57.972+1000: 1941.123: Total time for which application threads were stopped: 0.0016082 seconds, Stopping threads took: 0.0005728 seconds
2021-07-18T03:04:58.972+1000: 1942.123: Application time: 1.0003367 seconds
2021-07-18T03:04:58.974+1000: 1942.124: Total time for which application threads were stopped: 0.0012804 seconds, Stopping threads took: 0.0002461 seconds
2021-07-18T03:04:59.017+1000: 1942.168: Application time: 0.0435183 seconds
2021-07-18T03:04:59.019+1000: 1942.169: Total time for which application threads were stopped: 0.0013151 seconds, Stopping threads took: 0.0002917 seconds
2021-07-18T03:04:59.948+1000: 1943.098: Application time: 0.9290025 seconds
2021-07-18T03:04:59.949+1000: 1943.099: Total time for which application threads were stopped: 0.0011538 seconds, Stopping threads took: 0.0002015 seconds
2021-07-18T03:04:59.976+1000: 1943.127: Application time: 0.0277198 seconds
2021-07-18T03:04:59.978+1000: 1943.128: Total time for which application threads were stopped: 0.0013406 seconds, Stopping threads took: 0.0002963 seconds
2021-07-18T03:05:00.978+1000: 1944.129: Application time: 1.0001599 seconds
2021-07-18T03:05:00.979+1000: 1944.130: Total time for which application threads were stopped: 0.0011096 seconds, Stopping threads took: 0.0001664 seconds
2021-07-18T03:05:01.555+1000: 1944.706: Application time: 0.5759238 seconds
2021-07-18T03:05:01.556+1000: 1944.707: Total time for which application threads were stopped: 0.0011226 seconds, Stopping threads took: 0.0003046 seconds
2021-07-18T03:05:01.556+1000: 1944.707: Application time: 0.0002291 seconds
2021-07-18T03:05:01.557+1000: 1944.707: Total time for which application threads were stopped: 0.0004311 seconds, Stopping threads took: 0.0000768 seconds
2021-07-18T03:05:01.584+1000: 1944.735: Application time: 0.0272398 seconds
2021-07-18T03:05:01.585+1000: 1944.736: Total time for which application threads were stopped: 0.0013892 seconds, Stopping threads took: 0.0003924 seconds
2021-07-18T03:05:01.620+1000: 1944.770: Application time: 0.0340674 seconds
2021-07-18T03:05:01.621+1000: 1944.771: Total time for which application threads were stopped: 0.0009583 seconds, Stopping threads took: 0.0001978 seconds
2021-07-18T03:05:01.624+1000: 1944.775: Application time: 0.0035549 seconds
2021-07-18T03:05:01.625+1000: 1944.776: Total time for which application threads were stopped: 0.0010343 seconds, Stopping threads took: 0.0001273 seconds
2021-07-18T03:05:01.639+1000: 1944.790: Application time: 0.0142498 seconds
2021-07-18T03:05:01.640+1000: 1944.791: Total time for which application threads were stopped: 0.0010155 seconds, Stopping threads took: 0.0001713 seconds
2021-07-18T03:05:01.866+1000: 1945.016: Application time: 0.2253432 seconds
2021-07-18T03:05:01.867+1000: 1945.017: Total time for which application threads were stopped: 0.0010719 seconds, Stopping threads took: 0.0002050 seconds
2021-07-18T03:05:01.887+1000: 1945.038: Application time: 0.0204423 seconds
2021-07-18T03:05:01.888+1000: 1945.039: Total time for which application threads were stopped: 0.0010367 seconds, Stopping threads took: 0.0002226 seconds
2021-07-18T03:05:01.980+1000: 1945.131: Application time: 0.0919597 seconds
2021-07-18T03:05:01.982+1000: 1945.132: Total time for which application threads were stopped: 0.0014469 seconds, Stopping threads took: 0.0002589 seconds
2021-07-18T03:05:02.050+1000: 1945.200: Application time: 0.0681623 seconds
2021-07-18T03:05:02.051+1000: 1945.202: Total time for which application threads were stopped: 0.0013123 seconds, Stopping threads took: 0.0002383 seconds
2021-07-18T03:05:03.051+1000: 1946.202: Application time: 1.0002327 seconds
2021-07-18T03:05:03.054+1000: 1946.204: Total time for which application threads were stopped: 0.0022469 seconds, Stopping threads took: 0.0013047 seconds
2021-07-18T03:05:03.950+1000: 1947.101: Application time: 0.8964987 seconds
2021-07-18T03:05:03.951+1000: 1947.102: Total time for which application threads were stopped: 0.0011773 seconds, Stopping threads took: 0.0001902 seconds
2021-07-18T03:05:03.982+1000: 1947.133: Application time: 0.0308531 seconds
2021-07-18T03:05:03.984+1000: 1947.134: Total time for which application threads were stopped: 0.0013309 seconds, Stopping threads took: 0.0002308 seconds
2021-07-18T03:05:04.019+1000: 1947.170: Application time: 0.0355620 seconds
2021-07-18T03:05:04.020+1000: 1947.171: Total time for which application threads were stopped: 0.0010819 seconds, Stopping threads took: 0.0001707 seconds
2021-07-18T03:05:05.946+1000: 1949.097: Application time: 1.9257122 seconds
2021-07-18T03:05:05.947+1000: 1949.098: Total time for which application threads were stopped: 0.0010656 seconds, Stopping threads took: 0.0002106 seconds
2021-07-18T03:05:05.961+1000: 1949.112: Application time: 0.0138596 seconds
2021-07-18T03:05:05.962+1000: 1949.113: Total time for which application threads were stopped: 0.0012500 seconds, Stopping threads took: 0.0002252 seconds
2021-07-18T03:05:06.683+1000: 1949.834: Application time: 0.7211950 seconds
2021-07-18T03:05:06.684+1000: 1949.835: Total time for which application threads were stopped: 0.0011047 seconds, Stopping threads took: 0.0002268 seconds
2021-07-18T03:05:06.685+1000: 1949.835: Application time: 0.0002206 seconds
2021-07-18T03:05:06.685+1000: 1949.836: Total time for which application threads were stopped: 0.0005411 seconds, Stopping threads took: 0.0001485 seconds
2021-07-18T03:05:06.700+1000: 1949.851: Application time: 0.0146736 seconds
2021-07-18T03:05:06.701+1000: 1949.852: Total time for which application threads were stopped: 0.0011840 seconds, Stopping threads took: 0.0002416 seconds
2021-07-18T03:05:06.736+1000: 1949.887: Application time: 0.0349555 seconds
2021-07-18T03:05:06.737+1000: 1949.888: Total time for which application threads were stopped: 0.0013799 seconds, Stopping threads took: 0.0003511 seconds
2021-07-18T03:05:06.738+1000: 1949.888: Application time: 0.0002457 seconds
2021-07-18T03:05:06.738+1000: 1949.889: Total time for which application threads were stopped: 0.0005998 seconds, Stopping threads took: 0.0001168 seconds
2021-07-18T03:05:06.781+1000: 1949.932: Application time: 0.0432231 seconds
2021-07-18T03:05:06.783+1000: 1949.933: Total time for which application threads were stopped: 0.0012033 seconds, Stopping threads took: 0.0003449 seconds
2021-07-18T03:05:06.783+1000: 1949.934: Application time: 0.0003709 seconds
2021-07-18T03:05:06.784+1000: 1949.934: Total time for which application threads were stopped: 0.0004437 seconds, Stopping threads took: 0.0000708 seconds
2021-07-18T03:05:07.954+1000: 1951.105: Application time: 1.1708654 seconds
2021-07-18T03:05:07.956+1000: 1951.107: Total time for which application threads were stopped: 0.0015870 seconds, Stopping threads took: 0.0002901 seconds
2021-07-18T03:05:07.983+1000: 1951.134: Application time: 0.0269154 seconds
2021-07-18T03:05:07.985+1000: 1951.136: Total time for which application threads were stopped: 0.0021516 seconds, Stopping threads took: 0.0003654 seconds
2021-07-18T03:05:08.985+1000: 1952.136: Application time: 1.0002487 seconds
2021-07-18T03:05:08.987+1000: 1952.137: Total time for which application threads were stopped: 0.0011407 seconds, Stopping threads took: 0.0002234 seconds
2021-07-18T03:05:09.947+1000: 1953.098: Application time: 0.9604051 seconds
2021-07-18T03:05:09.948+1000: 1953.099: Total time for which application threads were stopped: 0.0010549 seconds, Stopping threads took: 0.0001742 seconds
2021-07-18T03:05:09.967+1000: 1953.118: Application time: 0.0189879 seconds
2021-07-18T03:05:09.969+1000: 1953.119: Total time for which application threads were stopped: 0.0015294 seconds, Stopping threads took: 0.0002991 seconds
2021-07-18T03:05:11.867+1000: 1955.017: Application time: 1.8980775 seconds
2021-07-18T03:05:11.868+1000: 1955.019: Total time for which application threads were stopped: 0.0015783 seconds, Stopping threads took: 0.0003008 seconds
2021-07-18T03:05:11.868+1000: 1955.019: Application time: 0.0001934 seconds
2021-07-18T03:05:11.869+1000: 1955.020: Total time for which application threads were stopped: 0.0010582 seconds, Stopping threads took: 0.0002295 seconds
2021-07-18T03:05:11.870+1000: 1955.021: Application time: 0.0005049 seconds
2021-07-18T03:05:11.871+1000: 1955.022: Total time for which application threads were stopped: 0.0016199 seconds, Stopping threads took: 0.0007462 seconds
2021-07-18T03:05:11.895+1000: 1955.045: Application time: 0.0232668 seconds
2021-07-18T03:05:11.897+1000: 1955.047: Total time for which application threads were stopped: 0.0018259 seconds, Stopping threads took: 0.0003907 seconds
2021-07-18T03:05:11.932+1000: 1955.083: Application time: 0.0358555 seconds
2021-07-18T03:05:11.935+1000: 1955.086: Total time for which application threads were stopped: 0.0025999 seconds, Stopping threads took: 0.0005664 seconds
2021-07-18T03:05:11.938+1000: 1955.089: Application time: 0.0027750 seconds
2021-07-18T03:05:11.939+1000: 1955.090: Total time for which application threads were stopped: 0.0015472 seconds, Stopping threads took: 0.0001406 seconds
2021-07-18T03:05:11.951+1000: 1955.102: Application time: 0.0117174 seconds
2021-07-18T03:05:11.953+1000: 1955.104: Total time for which application threads were stopped: 0.0017381 seconds, Stopping threads took: 0.0002278 seconds
2021-07-18T03:05:11.988+1000: 1955.139: Application time: 0.0352202 seconds
2021-07-18T03:05:11.991+1000: 1955.142: Total time for which application threads were stopped: 0.0031965 seconds, Stopping threads took: 0.0012323 seconds
2021-07-18T03:05:12.006+1000: 1955.156: Application time: 0.0142179 seconds
2021-07-18T03:05:12.008+1000: 1955.158: Total time for which application threads were stopped: 0.0020978 seconds, Stopping threads took: 0.0011003 seconds
2021-07-18T03:05:13.947+1000: 1957.097: Application time: 1.9389853 seconds
2021-07-18T03:05:13.948+1000: 1957.099: Total time for which application threads were stopped: 0.0013191 seconds, Stopping threads took: 0.0002579 seconds
2021-07-18T03:05:13.973+1000: 1957.123: Application time: 0.0246180 seconds
2021-07-18T03:05:13.974+1000: 1957.125: Total time for which application threads were stopped: 0.0013459 seconds, Stopping threads took: 0.0002789 seconds
2021-07-18T03:05:13.976+1000: 1957.127: Application time: 0.0024685 seconds
2021-07-18T03:05:13.977+1000: 1957.128: Total time for which application threads were stopped: 0.0009130 seconds, Stopping threads took: 0.0001940 seconds
2021-07-18T03:05:15.951+1000: 1959.102: Application time: 1.9739011 seconds
2021-07-18T03:05:15.953+1000: 1959.103: Total time for which application threads were stopped: 0.0012778 seconds, Stopping threads took: 0.0001919 seconds
2021-07-18T03:05:15.981+1000: 1959.132: Application time: 0.0284997 seconds
2021-07-18T03:05:15.982+1000: 1959.133: Total time for which application threads were stopped: 0.0013032 seconds, Stopping threads took: 0.0002228 seconds
2021-07-18T03:05:15.985+1000: 1959.135: Application time: 0.0024785 seconds
2021-07-18T03:05:15.986+1000: 1959.137: Total time for which application threads were stopped: 0.0011598 seconds, Stopping threads took: 0.0001493 seconds
2021-07-18T03:05:17.064+1000: 1960.215: Application time: 1.0783031 seconds
2021-07-18T03:05:17.066+1000: 1960.216: Total time for which application threads were stopped: 0.0013423 seconds, Stopping threads took: 0.0002456 seconds
2021-07-18T03:05:17.066+1000: 1960.216: Application time: 0.0001636 seconds
2021-07-18T03:05:17.067+1000: 1960.217: Total time for which application threads were stopped: 0.0007718 seconds, Stopping threads took: 0.0002506 seconds
2021-07-18T03:05:17.084+1000: 1960.235: Application time: 0.0172982 seconds
2021-07-18T03:05:17.085+1000: 1960.236: Total time for which application threads were stopped: 0.0011276 seconds, Stopping threads took: 0.0002842 seconds
2021-07-18T03:05:17.110+1000: 1960.261: Application time: 0.0252667 seconds
2021-07-18T03:05:17.111+1000: 1960.262: Total time for which application threads were stopped: 0.0011574 seconds, Stopping threads took: 0.0002645 seconds
2021-07-18T03:05:17.112+1000: 1960.262: Application time: 0.0002198 seconds
2021-07-18T03:05:17.113+1000: 1960.263: Total time for which application threads were stopped: 0.0008354 seconds, Stopping threads took: 0.0003488 seconds
2021-07-18T03:05:17.127+1000: 1960.278: Application time: 0.0146849 seconds
2021-07-18T03:05:17.129+1000: 1960.279: Total time for which application threads were stopped: 0.0013936 seconds, Stopping threads took: 0.0005380 seconds
2021-07-18T03:05:17.945+1000: 1961.096: Application time: 0.8164754 seconds
2021-07-18T03:05:17.946+1000: 1961.097: Total time for which application threads were stopped: 0.0013441 seconds, Stopping threads took: 0.0002503 seconds
2021-07-18T03:05:17.988+1000: 1961.139: Application time: 0.0419415 seconds
2021-07-18T03:05:17.990+1000: 1961.140: Total time for which application threads were stopped: 0.0012427 seconds, Stopping threads took: 0.0002319 seconds
2021-07-18T03:05:17.992+1000: 1961.142: Application time: 0.0021567 seconds
2021-07-18T03:05:17.993+1000: 1961.144: Total time for which application threads were stopped: 0.0013502 seconds, Stopping threads took: 0.0005814 seconds
2021-07-18T03:05:19.948+1000: 1963.098: Application time: 1.9545939 seconds
2021-07-18T03:05:19.949+1000: 1963.099: Total time for which application threads were stopped: 0.0010479 seconds, Stopping threads took: 0.0002049 seconds
2021-07-18T03:05:19.974+1000: 1963.125: Application time: 0.0255686 seconds
2021-07-18T03:05:19.975+1000: 1963.126: Total time for which application threads were stopped: 0.0011013 seconds, Stopping threads took: 0.0002025 seconds
2021-07-18T03:05:19.978+1000: 1963.128: Application time: 0.0022552 seconds
2021-07-18T03:05:19.979+1000: 1963.129: Total time for which application threads were stopped: 0.0010281 seconds, Stopping threads took: 0.0001421 seconds
2021-07-18T03:05:21.866+1000: 1965.017: Application time: 1.8872039 seconds
2021-07-18T03:05:21.867+1000: 1965.018: Total time for which application threads were stopped: 0.0011115 seconds, Stopping threads took: 0.0001903 seconds
2021-07-18T03:05:21.870+1000: 1965.021: Application time: 0.0032279 seconds
2021-07-18T03:05:21.873+1000: 1965.024: Total time for which application threads were stopped: 0.0027631 seconds, Stopping threads took: 0.0001713 seconds
2021-07-18T03:05:21.883+1000: 1965.034: Application time: 0.0098872 seconds
2021-07-18T03:05:21.884+1000: 1965.035: Total time for which application threads were stopped: 0.0011601 seconds, Stopping threads took: 0.0002645 seconds
2021-07-18T03:05:21.966+1000: 1965.117: Application time: 0.0817479 seconds
2021-07-18T03:05:21.979+1000: 1965.129: Total time for which application threads were stopped: 0.0126886 seconds, Stopping threads took: 0.0116361 seconds
2021-07-18T03:05:21.986+1000: 1965.136: Application time: 0.0069915 seconds
2021-07-18T03:05:21.987+1000: 1965.137: Total time for which application threads were stopped: 0.0011491 seconds, Stopping threads took: 0.0002731 seconds
2021-07-18T03:05:22.022+1000: 1965.173: Application time: 0.0355360 seconds
2021-07-18T03:05:22.024+1000: 1965.175: Total time for which application threads were stopped: 0.0016517 seconds, Stopping threads took: 0.0002595 seconds
2021-07-18T03:05:22.027+1000: 1965.177: Application time: 0.0026270 seconds
2021-07-18T03:05:22.028+1000: 1965.178: Total time for which application threads were stopped: 0.0009748 seconds, Stopping threads took: 0.0001261 seconds
2021-07-18T03:05:22.191+1000: 1965.342: Application time: 0.1634424 seconds
2021-07-18T03:05:22.192+1000: 1965.343: Total time for which application threads were stopped: 0.0012045 seconds, Stopping threads took: 0.0002962 seconds
2021-07-18T03:05:22.192+1000: 1965.343: Application time: 0.0002421 seconds
2021-07-18T03:05:22.193+1000: 1965.344: Total time for which application threads were stopped: 0.0005534 seconds, Stopping threads took: 0.0001526 seconds
2021-07-18T03:05:22.201+1000: 1965.352: Application time: 0.0081626 seconds
2021-07-18T03:05:22.202+1000: 1965.353: Total time for which application threads were stopped: 0.0012240 seconds, Stopping threads took: 0.0001769 seconds
2021-07-18T03:05:22.238+1000: 1965.389: Application time: 0.0359132 seconds
2021-07-18T03:05:22.239+1000: 1965.390: Total time for which application threads were stopped: 0.0010161 seconds, Stopping threads took: 0.0001774 seconds
2021-07-18T03:05:22.242+1000: 1965.393: Application time: 0.0027120 seconds
2021-07-18T03:05:22.243+1000: 1965.394: Total time for which application threads were stopped: 0.0009251 seconds, Stopping threads took: 0.0001756 seconds
2021-07-18T03:05:22.246+1000: 1965.396: Application time: 0.0026731 seconds
2021-07-18T03:05:22.248+1000: 1965.399: Total time for which application threads were stopped: 0.0026423 seconds, Stopping threads took: 0.0001713 seconds
2021-07-18T03:05:22.250+1000: 1965.400: Application time: 0.0014775 seconds
2021-07-18T03:05:22.251+1000: 1965.401: Total time for which application threads were stopped: 0.0007142 seconds, Stopping threads took: 0.0001066 seconds
2021-07-18T03:05:23.949+1000: 1967.100: Application time: 1.6987714 seconds
2021-07-18T03:05:23.951+1000: 1967.101: Total time for which application threads were stopped: 0.0012426 seconds, Stopping threads took: 0.0003224 seconds
2021-07-18T03:05:23.983+1000: 1967.134: Application time: 0.0328090 seconds
2021-07-18T03:05:23.985+1000: 1967.135: Total time for which application threads were stopped: 0.0012777 seconds, Stopping threads took: 0.0002036 seconds
2021-07-18T03:05:23.988+1000: 1967.138: Application time: 0.0028710 seconds
2021-07-18T03:05:23.988+1000: 1967.139: Total time for which application threads were stopped: 0.0007851 seconds, Stopping threads took: 0.0001052 seconds
2021-07-18T03:05:25.953+1000: 1969.104: Application time: 1.9648447 seconds
2021-07-18T03:05:25.955+1000: 1969.106: Total time for which application threads were stopped: 0.0021263 seconds, Stopping threads took: 0.0006966 seconds
2021-07-18T03:05:25.959+1000: 1969.110: Application time: 0.0037503 seconds
2021-07-18T03:05:25.960+1000: 1969.111: Total time for which application threads were stopped: 0.0013702 seconds, Stopping threads took: 0.0004235 seconds
2021-07-18T03:05:25.989+1000: 1969.140: Application time: 0.0289381 seconds
2021-07-18T03:05:25.991+1000: 1969.142: Total time for which application threads were stopped: 0.0018423 seconds, Stopping threads took: 0.0005007 seconds
2021-07-18T03:05:26.014+1000: 1969.164: Application time: 0.0224909 seconds
2021-07-18T03:05:26.016+1000: 1969.167: Total time for which application threads were stopped: 0.0025475 seconds, Stopping threads took: 0.0011817 seconds
2021-07-18T03:05:26.019+1000: 1969.170: Application time: 0.0032587 seconds
2021-07-18T03:05:26.021+1000: 1969.172: Total time for which application threads were stopped: 0.0017293 seconds, Stopping threads took: 0.0007921 seconds
2021-07-18T03:05:27.301+1000: 1970.452: Application time: 1.2800803 seconds
2021-07-18T03:05:27.303+1000: 1970.453: Total time for which application threads were stopped: 0.0014082 seconds, Stopping threads took: 0.0003594 seconds
2021-07-18T03:05:27.303+1000: 1970.454: Application time: 0.0001881 seconds
2021-07-18T03:05:27.304+1000: 1970.454: Total time for which application threads were stopped: 0.0006872 seconds, Stopping threads took: 0.0001353 seconds
2021-07-18T03:05:27.314+1000: 1970.464: Application time: 0.0099423 seconds
2021-07-18T03:05:27.315+1000: 1970.466: Total time for which application threads were stopped: 0.0013343 seconds, Stopping threads took: 0.0002469 seconds
2021-07-18T03:05:27.341+1000: 1970.492: Application time: 0.0261487 seconds
2021-07-18T03:05:27.342+1000: 1970.493: Total time for which application threads were stopped: 0.0011454 seconds, Stopping threads took: 0.0002148 seconds
2021-07-18T03:05:27.343+1000: 1970.493: Application time: 0.0004737 seconds
2021-07-18T03:05:27.344+1000: 1970.494: Total time for which application threads were stopped: 0.0010480 seconds, Stopping threads took: 0.0006446 seconds
2021-07-18T03:05:27.350+1000: 1970.500: Application time: 0.0059921 seconds
2021-07-18T03:05:27.351+1000: 1970.501: Total time for which application threads were stopped: 0.0009353 seconds, Stopping threads took: 0.0001579 seconds
2021-07-18T03:05:27.351+1000: 1970.502: Application time: 0.0005775 seconds
2021-07-18T03:05:27.352+1000: 1970.502: Total time for which application threads were stopped: 0.0004980 seconds, Stopping threads took: 0.0000843 seconds
2021-07-18T03:05:27.945+1000: 1971.096: Application time: 0.5934744 seconds
2021-07-18T03:05:27.947+1000: 1971.097: Total time for which application threads were stopped: 0.0014572 seconds, Stopping threads took: 0.0004100 seconds
2021-07-18T03:05:27.962+1000: 1971.112: Application time: 0.0150059 seconds
2021-07-18T03:05:27.963+1000: 1971.114: Total time for which application threads were stopped: 0.0015300 seconds, Stopping threads took: 0.0003036 seconds
2021-07-18T03:05:27.966+1000: 1971.116: Application time: 0.0024216 seconds
2021-07-18T03:05:27.967+1000: 1971.117: Total time for which application threads were stopped: 0.0010401 seconds, Stopping threads took: 0.0004174 seconds
2021-07-18T03:05:28.274+1000: 1971.425: Application time: 0.3073318 seconds
2021-07-18T03:05:28.275+1000: 1971.426: Total time for which application threads were stopped: 0.0011807 seconds, Stopping threads took: 0.0002171 seconds
2021-07-18T03:05:28.358+1000: 1971.508: Application time: 0.0825800 seconds
2021-07-18T03:05:28.371+1000: 1971.521: Total time for which application threads were stopped: 0.0129063 seconds, Stopping threads took: 0.0118474 seconds
2021-07-18T03:05:28.373+1000: 1971.523: Application time: 0.0019433 seconds
2021-07-18T03:05:28.374+1000: 1971.524: Total time for which application threads were stopped: 0.0008377 seconds, Stopping threads took: 0.0002127 seconds
2021-07-18T03:05:28.375+1000: 1971.526: Application time: 0.0014415 seconds
2021-07-18T03:05:28.376+1000: 1971.527: Total time for which application threads were stopped: 0.0009803 seconds, Stopping threads took: 0.0001688 seconds
2021-07-18T03:05:28.382+1000: 1971.532: Application time: 0.0056071 seconds
2021-07-18T03:05:28.384+1000: 1971.535: Total time for which application threads were stopped: 0.0028406 seconds, Stopping threads took: 0.0015041 seconds
2021-07-18T03:05:28.385+1000: 1971.535: Application time: 0.0001685 seconds
2021-07-18T03:05:28.387+1000: 1971.538: Total time for which application threads were stopped: 0.0023414 seconds, Stopping threads took: 0.0016802 seconds
2021-07-18T03:05:28.409+1000: 1971.560: Application time: 0.0219227 seconds
2021-07-18T03:05:28.411+1000: 1971.562: Total time for which application threads were stopped: 0.0019990 seconds, Stopping threads took: 0.0009400 seconds
2021-07-18T03:05:28.411+1000: 1971.562: Application time: 0.0002754 seconds
2021-07-18T03:05:28.413+1000: 1971.564: Total time for which application threads were stopped: 0.0020037 seconds, Stopping threads took: 0.0010188 seconds
2021-07-18T03:05:28.414+1000: 1971.565: Application time: 0.0008703 seconds
2021-07-18T03:05:28.415+1000: 1971.566: Total time for which application threads were stopped: 0.0010450 seconds, Stopping threads took: 0.0002226 seconds
2021-07-18T03:05:28.458+1000: 1971.609: Application time: 0.0432675 seconds
2021-07-18T03:05:28.460+1000: 1971.610: Total time for which application threads were stopped: 0.0011971 seconds, Stopping threads took: 0.0002051 seconds
2021-07-18T03:05:28.460+1000: 1971.610: Application time: 0.0002332 seconds
2021-07-18T03:05:28.461+1000: 1971.611: Total time for which application threads were stopped: 0.0007779 seconds, Stopping threads took: 0.0000867 seconds
2021-07-18T03:05:28.462+1000: 1971.612: Application time: 0.0009702 seconds
2021-07-18T03:05:28.462+1000: 1971.613: Total time for which application threads were stopped: 0.0007556 seconds, Stopping threads took: 0.0002500 seconds
2021-07-18T03:05:28.507+1000: 1971.658: Application time: 0.0451931 seconds
2021-07-18T03:05:28.509+1000: 1971.660: Total time for which application threads were stopped: 0.0017654 seconds, Stopping threads took: 0.0005715 seconds
2021-07-18T03:05:28.510+1000: 1971.660: Application time: 0.0002758 seconds
2021-07-18T03:05:28.511+1000: 1971.661: Total time for which application threads were stopped: 0.0013041 seconds, Stopping threads took: 0.0005076 seconds
2021-07-18T03:05:28.511+1000: 1971.662: Application time: 0.0006009 seconds
2021-07-18T03:05:28.513+1000: 1971.681: Total time for which application threads were stopped: 0.0185331 seconds, Stopping threads took: 0.0010058 seconds
2021-07-18T03:05:28.558+1000: 1971.708: Application time: 0.0277176 seconds
2021-07-18T03:05:28.559+1000: 1971.710: Total time for which application threads were stopped: 0.0014193 seconds, Stopping threads took: 0.0002545 seconds
2021-07-18T03:05:28.559+1000: 1971.710: Application time: 0.0002655 seconds
2021-07-18T03:05:28.560+1000: 1971.711: Total time for which application threads were stopped: 0.0009245 seconds, Stopping threads took: 0.0001139 seconds
2021-07-18T03:05:28.561+1000: 1971.712: Application time: 0.0007790 seconds
2021-07-18T03:05:28.562+1000: 1971.713: Total time for which application threads were stopped: 0.0009245 seconds, Stopping threads took: 0.0001236 seconds
2021-07-18T03:05:28.583+1000: 1971.734: Application time: 0.0208268 seconds
2021-07-18T03:05:28.585+1000: 1971.735: Total time for which application threads were stopped: 0.0018842 seconds, Stopping threads took: 0.0003108 seconds
2021-07-18T03:05:29.022+1000: 1972.172: Application time: 0.4370494 seconds
2021-07-18T03:05:29.023+1000: 1972.174: Total time for which application threads were stopped: 0.0010863 seconds, Stopping threads took: 0.0001866 seconds
2021-07-18T03:05:29.947+1000: 1973.098: Application time: 0.9242075 seconds
2021-07-18T03:05:29.949+1000: 1973.099: Total time for which application threads were stopped: 0.0014108 seconds, Stopping threads took: 0.0002526 seconds
2021-07-18T03:05:29.964+1000: 1973.115: Application time: 0.0158888 seconds
2021-07-18T03:05:29.966+1000: 1973.117: Total time for which application threads were stopped: 0.0014703 seconds, Stopping threads took: 0.0004184 seconds
2021-07-18T03:05:29.969+1000: 1973.119: Application time: 0.0026929 seconds
2021-07-18T03:05:29.970+1000: 1973.120: Total time for which application threads were stopped: 0.0012484 seconds, Stopping threads took: 0.0001647 seconds
2021-07-18T03:05:30.970+1000: 1974.121: Application time: 1.0001773 seconds
2021-07-18T03:05:30.971+1000: 1974.122: Total time for which application threads were stopped: 0.0010929 seconds, Stopping threads took: 0.0001945 seconds
2021-07-18T03:05:31.866+1000: 1975.016: Application time: 0.8944825 seconds
2021-07-18T03:05:31.867+1000: 1975.017: Total time for which application threads were stopped: 0.0010033 seconds, Stopping threads took: 0.0001898 seconds
2021-07-18T03:05:31.880+1000: 1975.030: Application time: 0.0131314 seconds
2021-07-18T03:05:31.881+1000: 1975.032: Total time for which application threads were stopped: 0.0016177 seconds, Stopping threads took: 0.0005339 seconds
2021-07-18T03:05:31.950+1000: 1975.100: Application time: 0.0684083 seconds
2021-07-18T03:05:31.951+1000: 1975.102: Total time for which application threads were stopped: 0.0012200 seconds, Stopping threads took: 0.0002146 seconds
2021-07-18T03:05:31.970+1000: 1975.120: Application time: 0.0187507 seconds
2021-07-18T03:05:31.971+1000: 1975.122: Total time for which application threads were stopped: 0.0012650 seconds, Stopping threads took: 0.0002233 seconds
2021-07-18T03:05:31.973+1000: 1975.124: Application time: 0.0022595 seconds
2021-07-18T03:05:31.974+1000: 1975.125: Total time for which application threads were stopped: 0.0011680 seconds, Stopping threads took: 0.0001280 seconds
2021-07-18T03:05:31.976+1000: 1975.126: Application time: 0.0011276 seconds
2021-07-18T03:05:31.977+1000: 1975.127: Total time for which application threads were stopped: 0.0009249 seconds, Stopping threads took: 0.0001928 seconds
2021-07-18T03:05:32.010+1000: 1975.161: Application time: 0.0333596 seconds
2021-07-18T03:05:32.011+1000: 1975.162: Total time for which application threads were stopped: 0.0015412 seconds, Stopping threads took: 0.0003253 seconds
2021-07-18T03:05:32.416+1000: 1975.566: Application time: 0.4041608 seconds
2021-07-18T03:05:32.417+1000: 1975.568: Total time for which application threads were stopped: 0.0014051 seconds, Stopping threads took: 0.0003905 seconds
2021-07-18T03:05:32.417+1000: 1975.568: Application time: 0.0002254 seconds
2021-07-18T03:05:32.418+1000: 1975.568: Total time for which application threads were stopped: 0.0005924 seconds, Stopping threads took: 0.0000892 seconds
2021-07-18T03:05:32.428+1000: 1975.579: Application time: 0.0102118 seconds
2021-07-18T03:05:32.429+1000: 1975.580: Total time for which application threads were stopped: 0.0012662 seconds, Stopping threads took: 0.0002918 seconds
2021-07-18T03:05:32.458+1000: 1975.608: Application time: 0.0284519 seconds
2021-07-18T03:05:32.460+1000: 1975.611: Total time for which application threads were stopped: 0.0022341 seconds, Stopping threads took: 0.0013416 seconds
2021-07-18T03:05:32.460+1000: 1975.611: Application time: 0.0001628 seconds
2021-07-18T03:05:32.462+1000: 1975.612: Total time for which application threads were stopped: 0.0014047 seconds, Stopping threads took: 0.0002073 seconds
2021-07-18T03:05:32.482+1000: 1975.633: Application time: 0.0205635 seconds
2021-07-18T03:05:32.483+1000: 1975.634: Total time for which application threads were stopped: 0.0010144 seconds, Stopping threads took: 0.0001771 seconds
2021-07-18T03:05:33.946+1000: 1977.097: Application time: 1.4632603 seconds
2021-07-18T03:05:33.948+1000: 1977.098: Total time for which application threads were stopped: 0.0011293 seconds, Stopping threads took: 0.0001992 seconds
2021-07-18T03:05:33.968+1000: 1977.118: Application time: 0.0200811 seconds
2021-07-18T03:05:33.969+1000: 1977.120: Total time for which application threads were stopped: 0.0016297 seconds, Stopping threads took: 0.0006841 seconds
2021-07-18T03:05:33.971+1000: 1977.122: Application time: 0.0017962 seconds
2021-07-18T03:05:33.972+1000: 1977.122: Total time for which application threads were stopped: 0.0006937 seconds, Stopping threads took: 0.0001188 seconds
2021-07-18T03:05:33.989+1000: 1977.139: Application time: 0.0168820 seconds
2021-07-18T03:05:33.990+1000: 1977.141: Total time for which application threads were stopped: 0.0012990 seconds, Stopping threads took: 0.0002387 seconds
2021-07-18T03:05:34.024+1000: 1977.174: Application time: 0.0337732 seconds
2021-07-18T03:05:34.025+1000: 1977.175: Total time for which application threads were stopped: 0.0010312 seconds, Stopping threads took: 0.0002199 seconds
2021-07-18T03:05:35.025+1000: 1978.176: Application time: 1.0002521 seconds
2021-07-18T03:05:35.027+1000: 1978.177: Total time for which application threads were stopped: 0.0017726 seconds, Stopping threads took: 0.0004278 seconds
2021-07-18T03:05:35.951+1000: 1979.102: Application time: 0.9242193 seconds
2021-07-18T03:05:35.952+1000: 1979.103: Total time for which application threads were stopped: 0.0012421 seconds, Stopping threads took: 0.0002027 seconds
2021-07-18T03:05:35.978+1000: 1979.129: Application time: 0.0260313 seconds
2021-07-18T03:05:35.980+1000: 1979.130: Total time for which application threads were stopped: 0.0013758 seconds, Stopping threads took: 0.0002288 seconds
2021-07-18T03:05:35.982+1000: 1979.133: Application time: 0.0021983 seconds
2021-07-18T03:05:35.983+1000: 1979.134: Total time for which application threads were stopped: 0.0010123 seconds, Stopping threads took: 0.0001032 seconds
2021-07-18T03:05:35.994+1000: 1979.145: Application time: 0.0112736 seconds
2021-07-18T03:05:35.996+1000: 1979.146: Total time for which application threads were stopped: 0.0013939 seconds, Stopping threads took: 0.0002261 seconds
2021-07-18T03:05:36.996+1000: 1980.146: Application time: 1.0002148 seconds
2021-07-18T03:05:37.004+1000: 1980.155: Total time for which application threads were stopped: 0.0083722 seconds, Stopping threads took: 0.0072667 seconds
2021-07-18T03:05:37.537+1000: 1980.687: Application time: 0.5326374 seconds
2021-07-18T03:05:37.538+1000: 1980.689: Total time for which application threads were stopped: 0.0015710 seconds, Stopping threads took: 0.0006855 seconds
2021-07-18T03:05:37.539+1000: 1980.689: Application time: 0.0002671 seconds
2021-07-18T03:05:37.539+1000: 1980.690: Total time for which application threads were stopped: 0.0007878 seconds, Stopping threads took: 0.0004065 seconds
2021-07-18T03:05:37.549+1000: 1980.699: Application time: 0.0093515 seconds
2021-07-18T03:05:37.552+1000: 1980.702: Total time for which application threads were stopped: 0.0028749 seconds, Stopping threads took: 0.0007171 seconds
2021-07-18T03:05:37.599+1000: 1980.750: Application time: 0.0474864 seconds
2021-07-18T03:05:37.600+1000: 1980.751: Total time for which application threads were stopped: 0.0010944 seconds, Stopping threads took: 0.0002719 seconds
2021-07-18T03:05:37.601+1000: 1980.752: Application time: 0.0005853 seconds
2021-07-18T03:05:37.601+1000: 1980.752: Total time for which application threads were stopped: 0.0004983 seconds, Stopping threads took: 0.0001169 seconds
2021-07-18T03:05:37.614+1000: 1980.764: Application time: 0.0123084 seconds
2021-07-18T03:05:37.630+1000: 1980.780: Total time for which application threads were stopped: 0.0158643 seconds, Stopping threads took: 0.0131784 seconds
2021-07-18T03:05:37.633+1000: 1980.784: Application time: 0.0035095 seconds
2021-07-18T03:05:37.645+1000: 1980.795: Total time for which application threads were stopped: 0.0114699 seconds, Stopping threads took: 0.0048732 seconds
2021-07-18T03:05:37.947+1000: 1981.098: Application time: 0.3025190 seconds
2021-07-18T03:05:37.950+1000: 1981.100: Total time for which application threads were stopped: 0.0024723 seconds, Stopping threads took: 0.0003381 seconds
2021-07-18T03:05:37.970+1000: 1981.121: Application time: 0.0207420 seconds
2021-07-18T03:05:37.973+1000: 1981.124: Total time for which application threads were stopped: 0.0025418 seconds, Stopping threads took: 0.0013617 seconds
2021-07-18T03:05:37.980+1000: 1981.130: Application time: 0.0068447 seconds
2021-07-18T03:05:37.981+1000: 1981.132: Total time for which application threads were stopped: 0.0016083 seconds, Stopping threads took: 0.0001955 seconds
2021-07-18T03:05:38.009+1000: 1981.159: Application time: 0.0274803 seconds
2021-07-18T03:05:38.014+1000: 1981.165: Total time for which application threads were stopped: 0.0051018 seconds, Stopping threads took: 0.0002640 seconds
2021-07-18T03:05:39.946+1000: 1983.096: Application time: 1.9315648 seconds
2021-07-18T03:05:39.947+1000: 1983.097: Total time for which application threads were stopped: 0.0010251 seconds, Stopping threads took: 0.0001846 seconds
2021-07-18T03:05:39.965+1000: 1983.116: Application time: 0.0188376 seconds
2021-07-18T03:05:39.967+1000: 1983.117: Total time for which application threads were stopped: 0.0010627 seconds, Stopping threads took: 0.0002338 seconds
2021-07-18T03:05:39.978+1000: 1983.129: Application time: 0.0116803 seconds
2021-07-18T03:05:39.981+1000: 1983.131: Total time for which application threads were stopped: 0.0026008 seconds, Stopping threads took: 0.0001739 seconds
2021-07-18T03:05:40.008+1000: 1983.159: Application time: 0.0271398 seconds
2021-07-18T03:05:40.009+1000: 1983.160: Total time for which application threads were stopped: 0.0009642 seconds, Stopping threads took: 0.0001710 seconds
2021-07-18T03:05:41.009+1000: 1984.160: Application time: 1.0001464 seconds
2021-07-18T03:05:41.010+1000: 1984.161: Total time for which application threads were stopped: 0.0012264 seconds, Stopping threads took: 0.0002098 seconds
2021-07-18T03:05:41.866+1000: 1985.017: Application time: 0.8560711 seconds
2021-07-18T03:05:41.868+1000: 1985.018: Total time for which application threads were stopped: 0.0013769 seconds, Stopping threads took: 0.0003272 seconds
2021-07-18T03:05:41.947+1000: 1985.097: Application time: 0.0788184 seconds
2021-07-18T03:05:41.948+1000: 1985.099: Total time for which application threads were stopped: 0.0013320 seconds, Stopping threads took: 0.0002245 seconds
2021-07-18T03:05:41.969+1000: 1985.120: Application time: 0.0211032 seconds
2021-07-18T03:05:41.970+1000: 1985.121: Total time for which application threads were stopped: 0.0011682 seconds, Stopping threads took: 0.0001988 seconds
2021-07-18T03:05:41.972+1000: 1985.123: Application time: 0.0020799 seconds
2021-07-18T03:05:41.974+1000: 1985.125: Total time for which application threads were stopped: 0.0017748 seconds, Stopping threads took: 0.0004951 seconds
2021-07-18T03:05:41.996+1000: 1985.147: Application time: 0.0218436 seconds
2021-07-18T03:05:41.997+1000: 1985.148: Total time for which application threads were stopped: 0.0013769 seconds, Stopping threads took: 0.0002340 seconds
2021-07-18T03:05:41.998+1000: 1985.149: Application time: 0.0005853 seconds
2021-07-18T03:05:41.999+1000: 1985.149: Total time for which application threads were stopped: 0.0007797 seconds, Stopping threads took: 0.0001372 seconds
2021-07-18T03:05:42.091+1000: 1985.242: Application time: 0.0925715 seconds
2021-07-18T03:05:42.093+1000: 1985.243: Total time for which application threads were stopped: 0.0014846 seconds, Stopping threads took: 0.0002228 seconds
2021-07-18T03:05:42.686+1000: 1985.836: Application time: 0.5928086 seconds
2021-07-18T03:05:42.687+1000: 1985.837: Total time for which application threads were stopped: 0.0012357 seconds, Stopping threads took: 0.0003470 seconds
2021-07-18T03:05:42.687+1000: 1985.838: Application time: 0.0004328 seconds
2021-07-18T03:05:42.688+1000: 1985.839: Total time for which application threads were stopped: 0.0006680 seconds, Stopping threads took: 0.0001359 seconds
2021-07-18T03:05:42.702+1000: 1985.853: Application time: 0.0140237 seconds
2021-07-18T03:05:42.705+1000: 1985.855: Total time for which application threads were stopped: 0.0025317 seconds, Stopping threads took: 0.0014663 seconds
2021-07-18T03:05:42.735+1000: 1985.885: Application time: 0.0301102 seconds
2021-07-18T03:05:42.736+1000: 1985.887: Total time for which application threads were stopped: 0.0012369 seconds, Stopping threads took: 0.0002835 seconds
2021-07-18T03:05:42.736+1000: 1985.887: Application time: 0.0001923 seconds
2021-07-18T03:05:42.739+1000: 1985.890: Total time for which application threads were stopped: 0.0028895 seconds, Stopping threads took: 0.0001234 seconds
2021-07-18T03:05:42.757+1000: 1985.907: Application time: 0.0178688 seconds
2021-07-18T03:05:42.767+1000: 1985.917: Total time for which application threads were stopped: 0.0099259 seconds, Stopping threads took: 0.0087753 seconds
2021-07-18T03:05:42.767+1000: 1985.918: Application time: 0.0002883 seconds
2021-07-18T03:05:42.768+1000: 1985.918: Total time for which application threads were stopped: 0.0006044 seconds, Stopping threads took: 0.0001137 seconds
2021-07-18T03:05:43.947+1000: 1987.098: Application time: 1.1794772 seconds
2021-07-18T03:05:43.948+1000: 1987.099: Total time for which application threads were stopped: 0.0010901 seconds, Stopping threads took: 0.0002046 seconds
2021-07-18T03:05:43.971+1000: 1987.121: Application time: 0.0225982 seconds
2021-07-18T03:05:43.972+1000: 1987.123: Total time for which application threads were stopped: 0.0011501 seconds, Stopping threads took: 0.0001929 seconds
2021-07-18T03:05:43.974+1000: 1987.125: Application time: 0.0019021 seconds
2021-07-18T03:05:43.974+1000: 1987.125: Total time for which application threads were stopped: 0.0005365 seconds, Stopping threads took: 0.0000838 seconds
2021-07-18T03:05:43.999+1000: 1987.150: Application time: 0.0249015 seconds
2021-07-18T03:05:44.001+1000: 1987.151: Total time for which application threads were stopped: 0.0011371 seconds, Stopping threads took: 0.0002277 seconds
2021-07-18T03:05:45.951+1000: 1989.101: Application time: 1.9503955 seconds
2021-07-18T03:05:45.953+1000: 1989.104: Total time for which application threads were stopped: 0.0024513 seconds, Stopping threads took: 0.0004863 seconds
2021-07-18T03:05:45.979+1000: 1989.130: Application time: 0.0260870 seconds
2021-07-18T03:05:45.981+1000: 1989.132: Total time for which application threads were stopped: 0.0017942 seconds, Stopping threads took: 0.0002573 seconds
2021-07-18T03:05:45.983+1000: 1989.134: Application time: 0.0021713 seconds
2021-07-18T03:05:45.985+1000: 1989.135: Total time for which application threads were stopped: 0.0011534 seconds, Stopping threads took: 0.0001400 seconds
2021-07-18T03:05:46.001+1000: 1989.152: Application time: 0.0168436 seconds
2021-07-18T03:05:46.003+1000: 1989.154: Total time for which application threads were stopped: 0.0017212 seconds, Stopping threads took: 0.0002772 seconds
2021-07-18T03:05:47.004+1000: 1990.154: Application time: 1.0001929 seconds
2021-07-18T03:05:47.005+1000: 1990.155: Total time for which application threads were stopped: 0.0009903 seconds, Stopping threads took: 0.0001711 seconds
2021-07-18T03:05:47.815+1000: 1990.966: Application time: 0.8108254 seconds
2021-07-18T03:05:47.817+1000: 1990.967: Total time for which application threads were stopped: 0.0012376 seconds, Stopping threads took: 0.0002363 seconds
2021-07-18T03:05:47.817+1000: 1990.967: Application time: 0.0002366 seconds
2021-07-18T03:05:47.817+1000: 1990.968: Total time for which application threads were stopped: 0.0005720 seconds, Stopping threads took: 0.0001139 seconds
2021-07-18T03:05:47.831+1000: 1990.982: Application time: 0.0137199 seconds
2021-07-18T03:05:47.855+1000: 1991.006: Total time for which application threads were stopped: 0.0239393 seconds, Stopping threads took: 0.0230083 seconds
2021-07-18T03:05:47.856+1000: 1991.006: Application time: 0.0005118 seconds
2021-07-18T03:05:47.856+1000: 1991.007: Total time for which application threads were stopped: 0.0005224 seconds, Stopping threads took: 0.0001041 seconds
2021-07-18T03:05:47.872+1000: 1991.023: Application time: 0.0163264 seconds
2021-07-18T03:05:47.874+1000: 1991.024: Total time for which application threads were stopped: 0.0011319 seconds, Stopping threads took: 0.0001852 seconds
2021-07-18T03:05:47.874+1000: 1991.024: Application time: 0.0001882 seconds
2021-07-18T03:05:47.874+1000: 1991.025: Total time for which application threads were stopped: 0.0004574 seconds, Stopping threads took: 0.0000798 seconds
2021-07-18T03:05:47.900+1000: 1991.051: Application time: 0.0257296 seconds
2021-07-18T03:05:47.901+1000: 1991.052: Total time for which application threads were stopped: 0.0012244 seconds, Stopping threads took: 0.0002634 seconds
2021-07-18T03:05:47.901+1000: 1991.052: Application time: 0.0001507 seconds
2021-07-18T03:05:47.902+1000: 1991.053: Total time for which application threads were stopped: 0.0006693 seconds, Stopping threads took: 0.0000925 seconds
2021-07-18T03:05:47.970+1000: 1991.120: Application time: 0.0676808 seconds
2021-07-18T03:05:47.971+1000: 1991.121: Total time for which application threads were stopped: 0.0010921 seconds, Stopping threads took: 0.0002015 seconds
2021-07-18T03:05:47.997+1000: 1991.148: Application time: 0.0265528 seconds
2021-07-18T03:05:47.999+1000: 1991.149: Total time for which application threads were stopped: 0.0011835 seconds, Stopping threads took: 0.0003177 seconds
2021-07-18T03:05:48.011+1000: 1991.162: Application time: 0.0128520 seconds
2021-07-18T03:05:48.013+1000: 1991.163: Total time for which application threads were stopped: 0.0012954 seconds, Stopping threads took: 0.0004097 seconds
2021-07-18T03:05:48.022+1000: 1991.173: Application time: 0.0094379 seconds
2021-07-18T03:05:48.030+1000: 1991.181: Total time for which application threads were stopped: 0.0082028 seconds, Stopping threads took: 0.0037762 seconds
2021-07-18T03:05:49.031+1000: 1992.182: Application time: 1.0005957 seconds
2021-07-18T03:05:49.032+1000: 1992.183: Total time for which application threads were stopped: 0.0013951 seconds, Stopping threads took: 0.0002731 seconds
2021-07-18T03:05:49.948+1000: 1993.099: Application time: 0.9156128 seconds
2021-07-18T03:05:49.949+1000: 1993.100: Total time for which application threads were stopped: 0.0010845 seconds, Stopping threads took: 0.0001822 seconds
2021-07-18T03:05:49.966+1000: 1993.117: Application time: 0.0169595 seconds
2021-07-18T03:05:49.967+1000: 1993.118: Total time for which application threads were stopped: 0.0011669 seconds, Stopping threads took: 0.0002422 seconds
2021-07-18T03:05:49.970+1000: 1993.121: Application time: 0.0027166 seconds
2021-07-18T03:05:49.971+1000: 1993.121: Total time for which application threads were stopped: 0.0008958 seconds, Stopping threads took: 0.0000965 seconds
2021-07-18T03:05:49.996+1000: 1993.147: Application time: 0.0251854 seconds
2021-07-18T03:05:49.997+1000: 1993.148: Total time for which application threads were stopped: 0.0010264 seconds, Stopping threads took: 0.0001967 seconds
2021-07-18T03:05:51.866+1000: 1995.016: Application time: 1.8686899 seconds
2021-07-18T03:05:51.867+1000: 1995.017: Total time for which application threads were stopped: 0.0009939 seconds, Stopping threads took: 0.0001924 seconds
2021-07-18T03:05:51.883+1000: 1995.034: Application time: 0.0162108 seconds
2021-07-18T03:05:51.886+1000: 1995.037: Total time for which application threads were stopped: 0.0029988 seconds, Stopping threads took: 0.0020916 seconds
2021-07-18T03:05:51.948+1000: 1995.098: Application time: 0.0617108 seconds
2021-07-18T03:05:51.949+1000: 1995.099: Total time for which application threads were stopped: 0.0012056 seconds, Stopping threads took: 0.0002877 seconds
2021-07-18T03:05:51.972+1000: 1995.123: Application time: 0.0235332 seconds
2021-07-18T03:05:51.974+1000: 1995.125: Total time for which application threads were stopped: 0.0015119 seconds, Stopping threads took: 0.0002191 seconds
2021-07-18T03:05:51.985+1000: 1995.136: Application time: 0.0112213 seconds
2021-07-18T03:05:51.995+1000: 1995.146: Total time for which application threads were stopped: 0.0099308 seconds, Stopping threads took: 0.0085241 seconds
2021-07-18T03:05:51.995+1000: 1995.146: Application time: 0.0003206 seconds
2021-07-18T03:05:51.996+1000: 1995.147: Total time for which application threads were stopped: 0.0008665 seconds, Stopping threads took: 0.0003623 seconds
2021-07-18T03:05:52.020+1000: 1995.171: Application time: 0.0237158 seconds
2021-07-18T03:05:52.021+1000: 1995.172: Total time for which application threads were stopped: 0.0013604 seconds, Stopping threads took: 0.0002287 seconds
2021-07-18T03:05:52.957+1000: 1996.107: Application time: 0.9354148 seconds
2021-07-18T03:05:52.958+1000: 1996.109: Total time for which application threads were stopped: 0.0012644 seconds, Stopping threads took: 0.0002208 seconds
2021-07-18T03:05:52.958+1000: 1996.109: Application time: 0.0001993 seconds
2021-07-18T03:05:52.959+1000: 1996.110: Total time for which application threads were stopped: 0.0007701 seconds, Stopping threads took: 0.0002635 seconds
2021-07-18T03:05:53.001+1000: 1996.151: Application time: 0.0415109 seconds
2021-07-18T03:05:53.017+1000: 1996.168: Total time for which application threads were stopped: 0.0166587 seconds, Stopping threads took: 0.0153792 seconds
2021-07-18T03:05:53.018+1000: 1996.169: Application time: 0.0010949 seconds
2021-07-18T03:05:53.020+1000: 1996.171: Total time for which application threads were stopped: 0.0018265 seconds, Stopping threads took: 0.0006631 seconds
2021-07-18T03:05:53.053+1000: 1996.204: Application time: 0.0327728 seconds
2021-07-18T03:05:53.054+1000: 1996.205: Total time for which application threads were stopped: 0.0012834 seconds, Stopping threads took: 0.0003757 seconds
2021-07-18T03:05:53.054+1000: 1996.205: Application time: 0.0002770 seconds
2021-07-18T03:05:53.056+1000: 1996.206: Total time for which application threads were stopped: 0.0011260 seconds, Stopping threads took: 0.0004734 seconds
2021-07-18T03:05:53.099+1000: 1996.249: Application time: 0.0431269 seconds
2021-07-18T03:05:53.100+1000: 1996.250: Total time for which application threads were stopped: 0.0009939 seconds, Stopping threads took: 0.0001811 seconds
2021-07-18T03:05:53.946+1000: 1997.097: Application time: 0.8465618 seconds
2021-07-18T03:05:53.947+1000: 1997.098: Total time for which application threads were stopped: 0.0010948 seconds, Stopping threads took: 0.0002627 seconds
2021-07-18T03:05:53.970+1000: 1997.121: Application time: 0.0230177 seconds
2021-07-18T03:05:53.971+1000: 1997.122: Total time for which application threads were stopped: 0.0010076 seconds, Stopping threads took: 0.0001962 seconds
2021-07-18T03:05:53.982+1000: 1997.133: Application time: 0.0108122 seconds
2021-07-18T03:05:53.985+1000: 1997.135: Total time for which application threads were stopped: 0.0023435 seconds, Stopping threads took: 0.0013938 seconds
2021-07-18T03:05:54.014+1000: 1997.165: Application time: 0.0296994 seconds
2021-07-18T03:05:54.016+1000: 1997.166: Total time for which application threads were stopped: 0.0012420 seconds, Stopping threads took: 0.0002429 seconds
2021-07-18T03:05:55.954+1000: 1999.105: Application time: 1.9384393 seconds
2021-07-18T03:05:55.955+1000: 1999.106: Total time for which application threads were stopped: 0.0013019 seconds, Stopping threads took: 0.0004188 seconds
2021-07-18T03:05:55.958+1000: 1999.109: Application time: 0.0028197 seconds
2021-07-18T03:05:55.959+1000: 1999.110: Total time for which application threads were stopped: 0.0007457 seconds, Stopping threads took: 0.0001168 seconds
2021-07-18T03:05:55.975+1000: 1999.126: Application time: 0.0162472 seconds
2021-07-18T03:05:55.976+1000: 1999.127: Total time for which application threads were stopped: 0.0010737 seconds, Stopping threads took: 0.0001848 seconds
2021-07-18T03:05:55.995+1000: 1999.146: Application time: 0.0191035 seconds
2021-07-18T03:05:55.997+1000: 1999.147: Total time for which application threads were stopped: 0.0011764 seconds, Stopping threads took: 0.0002006 seconds
2021-07-18T03:05:55.999+1000: 1999.149: Application time: 0.0021247 seconds
2021-07-18T03:05:55.999+1000: 1999.150: Total time for which application threads were stopped: 0.0008210 seconds, Stopping threads took: 0.0000950 seconds
2021-07-18T03:05:56.017+1000: 1999.168: Application time: 0.0175656 seconds
2021-07-18T03:05:56.020+1000: 1999.170: Total time for which application threads were stopped: 0.0028001 seconds, Stopping threads took: 0.0006884 seconds
2021-07-18T03:05:56.689+1000: 1999.840: Application time: 0.6694161 seconds
2021-07-18T03:05:56.692+1000: 1999.843: Total time for which application threads were stopped: 0.0029121 seconds, Stopping threads took: 0.0019353 seconds
2021-07-18T03:05:57.956+1000: 2001.107: Application time: 1.2640892 seconds
2021-07-18T03:05:57.972+1000: 2001.122: Total time for which application threads were stopped: 0.0153190 seconds, Stopping threads took: 0.0139920 seconds
2021-07-18T03:05:58.013+1000: 2001.164: Application time: 0.0417189 seconds
2021-07-18T03:05:58.015+1000: 2001.165: Total time for which application threads were stopped: 0.0014067 seconds, Stopping threads took: 0.0002773 seconds
2021-07-18T03:05:58.017+1000: 2001.168: Application time: 0.0026895 seconds
2021-07-18T03:05:58.022+1000: 2001.173: Total time for which application threads were stopped: 0.0051021 seconds, Stopping threads took: 0.0002898 seconds
2021-07-18T03:05:58.199+1000: 2001.350: Application time: 0.1765120 seconds
2021-07-18T03:05:58.200+1000: 2001.351: Total time for which application threads were stopped: 0.0013284 seconds, Stopping threads took: 0.0003023 seconds
2021-07-18T03:05:58.202+1000: 2001.352: Application time: 0.0013314 seconds
2021-07-18T03:05:58.202+1000: 2001.353: Total time for which application threads were stopped: 0.0006555 seconds, Stopping threads took: 0.0001728 seconds
2021-07-18T03:05:58.207+1000: 2001.358: Application time: 0.0045970 seconds
2021-07-18T03:05:58.208+1000: 2001.359: Total time for which application threads were stopped: 0.0009690 seconds, Stopping threads took: 0.0002073 seconds
2021-07-18T03:05:58.208+1000: 2001.359: Application time: 0.0003067 seconds
2021-07-18T03:05:58.209+1000: 2001.360: Total time for which application threads were stopped: 0.0007906 seconds, Stopping threads took: 0.0003207 seconds
2021-07-18T03:05:58.247+1000: 2001.397: Application time: 0.0376472 seconds
2021-07-18T03:05:58.248+1000: 2001.398: Total time for which application threads were stopped: 0.0010968 seconds, Stopping threads took: 0.0002123 seconds
2021-07-18T03:05:58.251+1000: 2001.402: Application time: 0.0034599 seconds
2021-07-18T03:05:58.252+1000: 2001.402: Total time for which application threads were stopped: 0.0005088 seconds, Stopping threads took: 0.0000785 seconds
2021-07-18T03:05:58.278+1000: 2001.428: Application time: 0.0259507 seconds
2021-07-18T03:05:58.279+1000: 2001.429: Total time for which application threads were stopped: 0.0011860 seconds, Stopping threads took: 0.0002259 seconds
2021-07-18T03:05:58.286+1000: 2001.436: Application time: 0.0067064 seconds
2021-07-18T03:05:58.287+1000: 2001.437: Total time for which application threads were stopped: 0.0011805 seconds, Stopping threads took: 0.0002531 seconds
2021-07-18T03:05:59.026+1000: 2002.177: Application time: 0.7395638 seconds
2021-07-18T03:05:59.027+1000: 2002.178: Total time for which application threads were stopped: 0.0011024 seconds, Stopping threads took: 0.0002090 seconds
2021-07-18T03:05:59.946+1000: 2003.097: Application time: 0.9187093 seconds
2021-07-18T03:05:59.947+1000: 2003.098: Total time for which application threads were stopped: 0.0012701 seconds, Stopping threads took: 0.0002054 seconds
2021-07-18T03:05:59.969+1000: 2003.119: Application time: 0.0210794 seconds
2021-07-18T03:05:59.970+1000: 2003.120: Total time for which application threads were stopped: 0.0011060 seconds, Stopping threads took: 0.0001956 seconds
2021-07-18T03:06:01.866+1000: 2005.017: Application time: 1.8967645 seconds
2021-07-18T03:06:01.867+1000: 2005.018: Total time for which application threads were stopped: 0.0010469 seconds, Stopping threads took: 0.0002205 seconds
2021-07-18T03:06:01.878+1000: 2005.028: Application time: 0.0101198 seconds
2021-07-18T03:06:01.879+1000: 2005.029: Total time for which application threads were stopped: 0.0012474 seconds, Stopping threads took: 0.0004148 seconds
2021-07-18T03:06:01.947+1000: 2005.097: Application time: 0.0677718 seconds
2021-07-18T03:06:01.948+1000: 2005.099: Total time for which application threads were stopped: 0.0012690 seconds, Stopping threads took: 0.0001996 seconds
2021-07-18T03:06:01.971+1000: 2005.121: Application time: 0.0229297 seconds
2021-07-18T03:06:01.972+1000: 2005.123: Total time for which application threads were stopped: 0.0013619 seconds, Stopping threads took: 0.0004693 seconds
2021-07-18T03:06:01.973+1000: 2005.124: Application time: 0.0009338 seconds
2021-07-18T03:06:01.974+1000: 2005.124: Total time for which application threads were stopped: 0.0007145 seconds, Stopping threads took: 0.0002949 seconds
2021-07-18T03:06:02.974+1000: 2006.125: Application time: 1.0001704 seconds
2021-07-18T03:06:02.975+1000: 2006.126: Total time for which application threads were stopped: 0.0012153 seconds, Stopping threads took: 0.0001866 seconds
2021-07-18T03:06:03.351+1000: 2006.502: Application time: 0.3757108 seconds
2021-07-18T03:06:03.352+1000: 2006.503: Total time for which application threads were stopped: 0.0014120 seconds, Stopping threads took: 0.0001990 seconds
2021-07-18T03:06:03.353+1000: 2006.503: Application time: 0.0002333 seconds
2021-07-18T03:06:03.353+1000: 2006.504: Total time for which application threads were stopped: 0.0007774 seconds, Stopping threads took: 0.0001072 seconds
2021-07-18T03:06:03.476+1000: 2006.626: Application time: 0.1222581 seconds
2021-07-18T03:06:03.478+1000: 2006.628: Total time for which application threads were stopped: 0.0021074 seconds, Stopping threads took: 0.0002380 seconds
2021-07-18T03:06:03.529+1000: 2006.679: Application time: 0.0509266 seconds
2021-07-18T03:06:03.530+1000: 2006.681: Total time for which application threads were stopped: 0.0014481 seconds, Stopping threads took: 0.0002953 seconds
2021-07-18T03:06:03.531+1000: 2006.681: Application time: 0.0006430 seconds
2021-07-18T03:06:03.531+1000: 2006.682: Total time for which application threads were stopped: 0.0007282 seconds, Stopping threads took: 0.0001019 seconds
2021-07-18T03:06:03.543+1000: 2006.694: Application time: 0.0114413 seconds
2021-07-18T03:06:03.544+1000: 2006.695: Total time for which application threads were stopped: 0.0013129 seconds, Stopping threads took: 0.0002868 seconds
2021-07-18T03:06:03.544+1000: 2006.695: Application time: 0.0002091 seconds
2021-07-18T03:06:03.546+1000: 2006.696: Total time for which application threads were stopped: 0.0010856 seconds, Stopping threads took: 0.0004385 seconds
2021-07-18T03:06:03.945+1000: 2007.096: Application time: 0.3995027 seconds
2021-07-18T03:06:03.947+1000: 2007.097: Total time for which application threads were stopped: 0.0014173 seconds, Stopping threads took: 0.0002490 seconds
2021-07-18T03:06:03.968+1000: 2007.118: Application time: 0.0210839 seconds
2021-07-18T03:06:03.969+1000: 2007.120: Total time for which application threads were stopped: 0.0015848 seconds, Stopping threads took: 0.0005299 seconds
2021-07-18T03:06:04.029+1000: 2007.179: Application time: 0.0593900 seconds
2021-07-18T03:06:04.030+1000: 2007.181: Total time for which application threads were stopped: 0.0013541 seconds, Stopping threads took: 0.0004810 seconds
2021-07-18T03:06:05.951+1000: 2009.101: Application time: 1.9207522 seconds
2021-07-18T03:06:05.952+1000: 2009.103: Total time for which application threads were stopped: 0.0011183 seconds, Stopping threads took: 0.0002233 seconds
2021-07-18T03:06:05.972+1000: 2009.122: Application time: 0.0196918 seconds
2021-07-18T03:06:05.973+1000: 2009.123: Total time for which application threads were stopped: 0.0012942 seconds, Stopping threads took: 0.0002059 seconds
2021-07-18T03:06:07.948+1000: 2011.099: Application time: 1.9750179 seconds
2021-07-18T03:06:07.949+1000: 2011.100: Total time for which application threads were stopped: 0.0010836 seconds, Stopping threads took: 0.0002075 seconds
2021-07-18T03:06:07.970+1000: 2011.121: Application time: 0.0215472 seconds
2021-07-18T03:06:07.972+1000: 2011.122: Total time for which application threads were stopped: 0.0010417 seconds, Stopping threads took: 0.0001949 seconds
2021-07-18T03:06:08.606+1000: 2011.757: Application time: 0.6347935 seconds
2021-07-18T03:06:08.607+1000: 2011.758: Total time for which application threads were stopped: 0.0010578 seconds, Stopping threads took: 0.0002016 seconds
2021-07-18T03:06:08.608+1000: 2011.759: Application time: 0.0006658 seconds
2021-07-18T03:06:08.609+1000: 2011.759: Total time for which application threads were stopped: 0.0005444 seconds, Stopping threads took: 0.0001497 seconds
2021-07-18T03:06:08.636+1000: 2011.786: Application time: 0.0269529 seconds
2021-07-18T03:06:08.637+1000: 2011.787: Total time for which application threads were stopped: 0.0012597 seconds, Stopping threads took: 0.0002006 seconds
2021-07-18T03:06:08.741+1000: 2011.892: Application time: 0.1043572 seconds
2021-07-18T03:06:08.743+1000: 2011.893: Total time for which application threads were stopped: 0.0015341 seconds, Stopping threads took: 0.0006719 seconds
2021-07-18T03:06:08.743+1000: 2011.894: Application time: 0.0005853 seconds
2021-07-18T03:06:08.744+1000: 2011.895: Total time for which application threads were stopped: 0.0006914 seconds, Stopping threads took: 0.0003012 seconds
2021-07-18T03:06:08.764+1000: 2011.914: Application time: 0.0195231 seconds
2021-07-18T03:06:08.765+1000: 2011.916: Total time for which application threads were stopped: 0.0015394 seconds, Stopping threads took: 0.0005564 seconds
2021-07-18T03:06:09.948+1000: 2013.098: Application time: 1.1827623 seconds
2021-07-18T03:06:09.949+1000: 2013.100: Total time for which application threads were stopped: 0.0013850 seconds, Stopping threads took: 0.0002699 seconds
2021-07-18T03:06:09.965+1000: 2013.115: Application time: 0.0154986 seconds
2021-07-18T03:06:09.966+1000: 2013.117: Total time for which application threads were stopped: 0.0013144 seconds, Stopping threads took: 0.0002465 seconds
2021-07-18T03:06:10.966+1000: 2014.117: Application time: 1.0001641 seconds
2021-07-18T03:06:10.968+1000: 2014.118: Total time for which application threads were stopped: 0.0012436 seconds, Stopping threads took: 0.0004218 seconds
2021-07-18T03:06:11.866+1000: 2015.016: Application time: 0.8981321 seconds
2021-07-18T03:06:11.867+1000: 2015.017: Total time for which application threads were stopped: 0.0012162 seconds, Stopping threads took: 0.0001925 seconds
2021-07-18T03:06:11.884+1000: 2015.035: Application time: 0.0171153 seconds
2021-07-18T03:06:11.886+1000: 2015.037: Total time for which application threads were stopped: 0.0019909 seconds, Stopping threads took: 0.0007498 seconds
2021-07-18T03:06:11.949+1000: 2015.100: Application time: 0.0630082 seconds
2021-07-18T03:06:11.950+1000: 2015.101: Total time for which application threads were stopped: 0.0013508 seconds, Stopping threads took: 0.0002734 seconds
2021-07-18T03:06:11.973+1000: 2015.123: Application time: 0.0223020 seconds
2021-07-18T03:06:11.974+1000: 2015.125: Total time for which application threads were stopped: 0.0012701 seconds, Stopping threads took: 0.0002214 seconds
2021-07-18T03:06:11.981+1000: 2015.132: Application time: 0.0074800 seconds
2021-07-18T03:06:11.985+1000: 2015.136: Total time for which application threads were stopped: 0.0037868 seconds, Stopping threads took: 0.0025857 seconds
2021-07-18T03:06:12.985+1000: 2016.136: Application time: 1.0002406 seconds
2021-07-18T03:06:12.987+1000: 2016.137: Total time for which application threads were stopped: 0.0010541 seconds, Stopping threads took: 0.0001956 seconds
2021-07-18T03:06:13.830+1000: 2016.981: Application time: 0.8433292 seconds
2021-07-18T03:06:13.831+1000: 2016.982: Total time for which application threads were stopped: 0.0012131 seconds, Stopping threads took: 0.0002611 seconds
2021-07-18T03:06:13.831+1000: 2016.982: Application time: 0.0001959 seconds
2021-07-18T03:06:13.832+1000: 2016.983: Total time for which application threads were stopped: 0.0006951 seconds, Stopping threads took: 0.0002041 seconds
2021-07-18T03:06:13.843+1000: 2016.994: Application time: 0.0113451 seconds
2021-07-18T03:06:13.845+1000: 2016.995: Total time for which application threads were stopped: 0.0013588 seconds, Stopping threads took: 0.0005670 seconds
2021-07-18T03:06:13.865+1000: 2017.016: Application time: 0.0206106 seconds
2021-07-18T03:06:13.866+1000: 2017.017: Total time for which application threads were stopped: 0.0011391 seconds, Stopping threads took: 0.0003326 seconds
2021-07-18T03:06:13.867+1000: 2017.017: Application time: 0.0001079 seconds
2021-07-18T03:06:13.867+1000: 2017.018: Total time for which application threads were stopped: 0.0005146 seconds, Stopping threads took: 0.0001170 seconds
2021-07-18T03:06:13.874+1000: 2017.025: Application time: 0.0071379 seconds
2021-07-18T03:06:13.878+1000: 2017.028: Total time for which application threads were stopped: 0.0035672 seconds, Stopping threads took: 0.0002949 seconds
2021-07-18T03:06:13.948+1000: 2017.099: Application time: 0.0702827 seconds
2021-07-18T03:06:13.949+1000: 2017.100: Total time for which application threads were stopped: 0.0013517 seconds, Stopping threads took: 0.0004358 seconds
2021-07-18T03:06:13.969+1000: 2017.120: Application time: 0.0199560 seconds
2021-07-18T03:06:13.970+1000: 2017.121: Total time for which application threads were stopped: 0.0010621 seconds, Stopping threads took: 0.0001991 seconds
2021-07-18T03:06:15.956+1000: 2019.106: Application time: 1.9853686 seconds
2021-07-18T03:06:15.957+1000: 2019.108: Total time for which application threads were stopped: 0.0011807 seconds, Stopping threads took: 0.0002089 seconds
2021-07-18T03:06:15.974+1000: 2019.125: Application time: 0.0174109 seconds
2021-07-18T03:06:15.976+1000: 2019.126: Total time for which application threads were stopped: 0.0010907 seconds, Stopping threads took: 0.0001866 seconds
2021-07-18T03:06:16.976+1000: 2020.126: Application time: 1.0001784 seconds
2021-07-18T03:06:16.977+1000: 2020.128: Total time for which application threads were stopped: 0.0011662 seconds, Stopping threads took: 0.0002063 seconds
2021-07-18T03:06:17.945+1000: 2021.096: Application time: 0.9681730 seconds
2021-07-18T03:06:17.946+1000: 2021.097: Total time for which application threads were stopped: 0.0013504 seconds, Stopping threads took: 0.0002808 seconds
2021-07-18T03:06:17.962+1000: 2021.112: Application time: 0.0151732 seconds
2021-07-18T03:06:17.963+1000: 2021.113: Total time for which application threads were stopped: 0.0012351 seconds, Stopping threads took: 0.0001978 seconds
2021-07-18T03:06:18.928+1000: 2022.079: Application time: 0.9651856 seconds
2021-07-18T03:06:18.929+1000: 2022.080: Total time for which application threads were stopped: 0.0013785 seconds, Stopping threads took: 0.0004782 seconds
2021-07-18T03:06:18.930+1000: 2022.080: Application time: 0.0001746 seconds
2021-07-18T03:06:18.930+1000: 2022.081: Total time for which application threads were stopped: 0.0004614 seconds, Stopping threads took: 0.0000917 seconds
2021-07-18T03:06:18.939+1000: 2022.090: Application time: 0.0089014 seconds
2021-07-18T03:06:18.940+1000: 2022.091: Total time for which application threads were stopped: 0.0012281 seconds, Stopping threads took: 0.0003213 seconds
2021-07-18T03:06:18.969+1000: 2022.119: Application time: 0.0284315 seconds
2021-07-18T03:06:18.970+1000: 2022.120: Total time for which application threads were stopped: 0.0011634 seconds, Stopping threads took: 0.0002808 seconds
2021-07-18T03:06:18.970+1000: 2022.121: Application time: 0.0001559 seconds
2021-07-18T03:06:18.971+1000: 2022.121: Total time for which application threads were stopped: 0.0006044 seconds, Stopping threads took: 0.0001518 seconds
2021-07-18T03:06:18.997+1000: 2022.147: Application time: 0.0260115 seconds
2021-07-18T03:06:18.998+1000: 2022.148: Total time for which application threads were stopped: 0.0011771 seconds, Stopping threads took: 0.0002334 seconds
2021-07-18T03:06:19.948+1000: 2023.099: Application time: 0.9506540 seconds
2021-07-18T03:06:19.950+1000: 2023.100: Total time for which application threads were stopped: 0.0011603 seconds, Stopping threads took: 0.0002030 seconds
2021-07-18T03:06:19.974+1000: 2023.124: Application time: 0.0240800 seconds
2021-07-18T03:06:19.975+1000: 2023.126: Total time for which application threads were stopped: 0.0013095 seconds, Stopping threads took: 0.0002228 seconds
2021-07-18T03:06:21.866+1000: 2025.017: Application time: 1.8913058 seconds
2021-07-18T03:06:21.868+1000: 2025.018: Total time for which application threads were stopped: 0.0011976 seconds, Stopping threads took: 0.0002058 seconds
2021-07-18T03:06:21.961+1000: 2025.111: Application time: 0.0930802 seconds
2021-07-18T03:06:21.962+1000: 2025.112: Total time for which application threads were stopped: 0.0011804 seconds, Stopping threads took: 0.0002511 seconds
2021-07-18T03:06:21.982+1000: 2025.132: Application time: 0.0199439 seconds
2021-07-18T03:06:21.983+1000: 2025.134: Total time for which application threads were stopped: 0.0012670 seconds, Stopping threads took: 0.0003643 seconds
2021-07-18T03:06:22.011+1000: 2025.162: Application time: 0.0278714 seconds
2021-07-18T03:06:22.012+1000: 2025.163: Total time for which application threads were stopped: 0.0012692 seconds, Stopping threads took: 0.0003885 seconds
2021-07-18T03:06:22.105+1000: 2025.256: Application time: 0.0931184 seconds
2021-07-18T03:06:22.106+1000: 2025.257: Total time for which application threads were stopped: 0.0011251 seconds, Stopping threads took: 0.0001736 seconds
2021-07-18T03:06:23.964+1000: 2027.115: Application time: 1.8574801 seconds
2021-07-18T03:06:23.965+1000: 2027.116: Total time for which application threads were stopped: 0.0012370 seconds, Stopping threads took: 0.0003223 seconds
2021-07-18T03:06:23.983+1000: 2027.134: Application time: 0.0178858 seconds
2021-07-18T03:06:23.984+1000: 2027.135: Total time for which application threads were stopped: 0.0013252 seconds, Stopping threads took: 0.0003342 seconds
2021-07-18T03:06:24.059+1000: 2027.209: Application time: 0.0744632 seconds
2021-07-18T03:06:24.060+1000: 2027.211: Total time for which application threads were stopped: 0.0011524 seconds, Stopping threads took: 0.0002301 seconds
2021-07-18T03:06:24.060+1000: 2027.211: Application time: 0.0002123 seconds
2021-07-18T03:06:24.061+1000: 2027.211: Total time for which application threads were stopped: 0.0005956 seconds, Stopping threads took: 0.0001865 seconds
2021-07-18T03:06:24.080+1000: 2027.230: Application time: 0.0190616 seconds
2021-07-18T03:06:24.081+1000: 2027.232: Total time for which application threads were stopped: 0.0015763 seconds, Stopping threads took: 0.0003601 seconds
2021-07-18T03:06:24.117+1000: 2027.268: Application time: 0.0359344 seconds
2021-07-18T03:06:24.119+1000: 2027.269: Total time for which application threads were stopped: 0.0013601 seconds, Stopping threads took: 0.0003484 seconds
2021-07-18T03:06:24.119+1000: 2027.270: Application time: 0.0001713 seconds
2021-07-18T03:06:24.120+1000: 2027.270: Total time for which application threads were stopped: 0.0008191 seconds, Stopping threads took: 0.0000794 seconds
2021-07-18T03:06:24.164+1000: 2027.315: Application time: 0.0446934 seconds
2021-07-18T03:06:24.166+1000: 2027.316: Total time for which application threads were stopped: 0.0014036 seconds, Stopping threads took: 0.0004573 seconds
2021-07-18T03:06:24.166+1000: 2027.317: Application time: 0.0005227 seconds
2021-07-18T03:06:24.169+1000: 2027.320: Total time for which application threads were stopped: 0.0030418 seconds, Stopping threads took: 0.0002484 seconds
2021-07-18T03:06:25.170+1000: 2028.320: Application time: 1.0002373 seconds
2021-07-18T03:06:25.171+1000: 2028.322: Total time for which application threads were stopped: 0.0013858 seconds, Stopping threads took: 0.0002648 seconds
2021-07-18T03:06:25.990+1000: 2029.141: Application time: 0.8191078 seconds
2021-07-18T03:06:25.992+1000: 2029.142: Total time for which application threads were stopped: 0.0017000 seconds, Stopping threads took: 0.0003708 seconds
2021-07-18T03:06:26.027+1000: 2029.177: Application time: 0.0348987 seconds
2021-07-18T03:06:26.029+1000: 2029.180: Total time for which application threads were stopped: 0.0024696 seconds, Stopping threads took: 0.0012991 seconds
2021-07-18T03:06:27.029+1000: 2030.180: Application time: 1.0001849 seconds
2021-07-18T03:06:27.030+1000: 2030.181: Total time for which application threads were stopped: 0.0010226 seconds, Stopping threads took: 0.0001926 seconds
2021-07-18T03:06:27.959+1000: 2031.110: Application time: 0.9290533 seconds
2021-07-18T03:06:27.961+1000: 2031.112: Total time for which application threads were stopped: 0.0016028 seconds, Stopping threads took: 0.0003336 seconds
2021-07-18T03:06:27.984+1000: 2031.135: Application time: 0.0228867 seconds
2021-07-18T03:06:27.985+1000: 2031.136: Total time for which application threads were stopped: 0.0014578 seconds, Stopping threads took: 0.0002934 seconds
2021-07-18T03:06:28.167+1000: 2031.318: Application time: 0.1815443 seconds
2021-07-18T03:06:28.170+1000: 2031.320: Total time for which application threads were stopped: 0.0028156 seconds, Stopping threads took: 0.0002156 seconds
2021-07-18T03:06:28.558+1000: 2031.708: Application time: 0.3878393 seconds
2021-07-18T03:06:28.559+1000: 2031.710: Total time for which application threads were stopped: 0.0013343 seconds, Stopping threads took: 0.0004514 seconds
2021-07-18T03:06:28.559+1000: 2031.710: Application time: 0.0002283 seconds
2021-07-18T03:06:28.560+1000: 2031.711: Total time for which application threads were stopped: 0.0006953 seconds, Stopping threads took: 0.0002256 seconds
2021-07-18T03:06:28.561+1000: 2031.712: Application time: 0.0009553 seconds
2021-07-18T03:06:28.563+1000: 2031.713: Total time for which application threads were stopped: 0.0017761 seconds, Stopping threads took: 0.0013024 seconds
2021-07-18T03:06:28.608+1000: 2031.758: Application time: 0.0450570 seconds
2021-07-18T03:06:28.611+1000: 2031.761: Total time for which application threads were stopped: 0.0029738 seconds, Stopping threads took: 0.0019920 seconds
2021-07-18T03:06:28.611+1000: 2031.762: Application time: 0.0002538 seconds
2021-07-18T03:06:28.612+1000: 2031.762: Total time for which application threads were stopped: 0.0008033 seconds, Stopping threads took: 0.0002099 seconds
2021-07-18T03:06:28.614+1000: 2031.764: Application time: 0.0018770 seconds
2021-07-18T03:06:28.615+1000: 2031.765: Total time for which application threads were stopped: 0.0011971 seconds, Stopping threads took: 0.0003686 seconds
2021-07-18T03:06:28.618+1000: 2031.769: Application time: 0.0036596 seconds
2021-07-18T03:06:28.622+1000: 2031.772: Total time for which application threads were stopped: 0.0030477 seconds, Stopping threads took: 0.0001830 seconds
2021-07-18T03:06:28.631+1000: 2031.781: Application time: 0.0092511 seconds
2021-07-18T03:06:28.633+1000: 2031.784: Total time for which application threads were stopped: 0.0020773 seconds, Stopping threads took: 0.0008457 seconds
2021-07-18T03:06:28.657+1000: 2031.808: Application time: 0.0240244 seconds
2021-07-18T03:06:28.658+1000: 2031.809: Total time for which application threads were stopped: 0.0012245 seconds, Stopping threads took: 0.0001973 seconds
2021-07-18T03:06:28.658+1000: 2031.809: Application time: 0.0002012 seconds
2021-07-18T03:06:28.659+1000: 2031.810: Total time for which application threads were stopped: 0.0006698 seconds, Stopping threads took: 0.0000768 seconds
2021-07-18T03:06:28.660+1000: 2031.810: Application time: 0.0007758 seconds
2021-07-18T03:06:28.660+1000: 2031.811: Total time for which application threads were stopped: 0.0005171 seconds, Stopping threads took: 0.0000726 seconds
2021-07-18T03:06:28.707+1000: 2031.858: Application time: 0.0470103 seconds
2021-07-18T03:06:28.713+1000: 2031.863: Total time for which application threads were stopped: 0.0052906 seconds, Stopping threads took: 0.0041369 seconds
2021-07-18T03:06:28.713+1000: 2031.864: Application time: 0.0002795 seconds
2021-07-18T03:06:28.714+1000: 2031.864: Total time for which application threads were stopped: 0.0009455 seconds, Stopping threads took: 0.0001914 seconds
2021-07-18T03:06:28.715+1000: 2031.865: Application time: 0.0008659 seconds
2021-07-18T03:06:28.715+1000: 2031.866: Total time for which application threads were stopped: 0.0006831 seconds, Stopping threads took: 0.0000925 seconds
2021-07-18T03:06:28.757+1000: 2031.908: Application time: 0.0419342 seconds
2021-07-18T03:06:28.759+1000: 2031.910: Total time for which application threads were stopped: 0.0019654 seconds, Stopping threads took: 0.0005853 seconds
2021-07-18T03:06:28.760+1000: 2031.910: Application time: 0.0002759 seconds
2021-07-18T03:06:28.761+1000: 2031.912: Total time for which application threads were stopped: 0.0013615 seconds, Stopping threads took: 0.0003407 seconds
2021-07-18T03:06:28.762+1000: 2031.912: Application time: 0.0008333 seconds
2021-07-18T03:06:28.763+1000: 2031.914: Total time for which application threads were stopped: 0.0014678 seconds, Stopping threads took: 0.0006665 seconds
2021-07-18T03:06:28.808+1000: 2031.958: Application time: 0.0443234 seconds
2021-07-18T03:06:28.809+1000: 2031.960: Total time for which application threads were stopped: 0.0018502 seconds, Stopping threads took: 0.0004875 seconds
2021-07-18T03:06:28.810+1000: 2031.960: Application time: 0.0003304 seconds
2021-07-18T03:06:28.811+1000: 2031.962: Total time for which application threads were stopped: 0.0012512 seconds, Stopping threads took: 0.0003716 seconds
2021-07-18T03:06:28.812+1000: 2031.962: Application time: 0.0005965 seconds
2021-07-18T03:06:28.813+1000: 2031.963: Total time for which application threads were stopped: 0.0009679 seconds, Stopping threads took: 0.0001788 seconds
2021-07-18T03:06:29.035+1000: 2032.186: Application time: 0.2226798 seconds
2021-07-18T03:06:29.037+1000: 2032.187: Total time for which application threads were stopped: 0.0012465 seconds, Stopping threads took: 0.0002113 seconds
2021-07-18T03:06:29.269+1000: 2032.420: Application time: 0.2323528 seconds
2021-07-18T03:06:29.271+1000: 2032.422: Total time for which application threads were stopped: 0.0023318 seconds, Stopping threads took: 0.0005541 seconds
2021-07-18T03:06:29.271+1000: 2032.422: Application time: 0.0002737 seconds
2021-07-18T03:06:29.273+1000: 2032.423: Total time for which application threads were stopped: 0.0013149 seconds, Stopping threads took: 0.0003586 seconds
2021-07-18T03:06:29.296+1000: 2032.447: Application time: 0.0232939 seconds
2021-07-18T03:06:29.298+1000: 2032.448: Total time for which application threads were stopped: 0.0017101 seconds, Stopping threads took: 0.0003075 seconds
2021-07-18T03:06:29.299+1000: 2032.449: Application time: 0.0010084 seconds
2021-07-18T03:06:29.300+1000: 2032.450: Total time for which application threads were stopped: 0.0009102 seconds, Stopping threads took: 0.0001937 seconds
2021-07-18T03:06:29.344+1000: 2032.494: Application time: 0.0437694 seconds
2021-07-18T03:06:29.346+1000: 2032.497: Total time for which application threads were stopped: 0.0024311 seconds, Stopping threads took: 0.0006770 seconds
2021-07-18T03:06:29.346+1000: 2032.497: Application time: 0.0003167 seconds
2021-07-18T03:06:29.352+1000: 2032.502: Total time for which application threads were stopped: 0.0052783 seconds, Stopping threads took: 0.0003505 seconds
2021-07-18T03:06:29.374+1000: 2032.524: Application time: 0.0221261 seconds
2021-07-18T03:06:29.383+1000: 2032.534: Total time for which application threads were stopped: 0.0094575 seconds, Stopping threads took: 0.0080313 seconds
2021-07-18T03:06:29.387+1000: 2032.538: Application time: 0.0036832 seconds
2021-07-18T03:06:29.388+1000: 2032.539: Total time for which application threads were stopped: 0.0012130 seconds, Stopping threads took: 0.0001732 seconds
2021-07-18T03:06:29.947+1000: 2033.098: Application time: 0.5589656 seconds
2021-07-18T03:06:29.948+1000: 2033.099: Total time for which application threads were stopped: 0.0012057 seconds, Stopping threads took: 0.0002940 seconds
2021-07-18T03:06:29.969+1000: 2033.120: Application time: 0.0208498 seconds
2021-07-18T03:06:29.970+1000: 2033.121: Total time for which application threads were stopped: 0.0010764 seconds, Stopping threads took: 0.0001978 seconds
2021-07-18T03:06:31.866+1000: 2035.016: Application time: 1.8954614 seconds
2021-07-18T03:06:31.867+1000: 2035.018: Total time for which application threads were stopped: 0.0012401 seconds, Stopping threads took: 0.0002419 seconds
2021-07-18T03:06:31.879+1000: 2035.030: Application time: 0.0122358 seconds
2021-07-18T03:06:31.880+1000: 2035.031: Total time for which application threads were stopped: 0.0012647 seconds, Stopping threads took: 0.0002604 seconds
2021-07-18T03:06:31.946+1000: 2035.097: Application time: 0.0656764 seconds
2021-07-18T03:06:31.947+1000: 2035.098: Total time for which application threads were stopped: 0.0011842 seconds, Stopping threads took: 0.0002227 seconds
2021-07-18T03:06:31.965+1000: 2035.116: Application time: 0.0176483 seconds
2021-07-18T03:06:31.966+1000: 2035.117: Total time for which application threads were stopped: 0.0012437 seconds, Stopping threads took: 0.0002198 seconds
2021-07-18T03:06:31.974+1000: 2035.124: Application time: 0.0075400 seconds
2021-07-18T03:06:31.975+1000: 2035.126: Total time for which application threads were stopped: 0.0013681 seconds, Stopping threads took: 0.0003083 seconds
2021-07-18T03:06:33.953+1000: 2037.103: Application time: 1.9774090 seconds
2021-07-18T03:06:33.954+1000: 2037.104: Total time for which application threads were stopped: 0.0010887 seconds, Stopping threads took: 0.0001914 seconds
2021-07-18T03:06:33.972+1000: 2037.123: Application time: 0.0183780 seconds
2021-07-18T03:06:33.973+1000: 2037.124: Total time for which application threads were stopped: 0.0012859 seconds, Stopping threads took: 0.0002225 seconds
2021-07-18T03:06:34.037+1000: 2037.188: Application time: 0.0637816 seconds
2021-07-18T03:06:34.038+1000: 2037.189: Total time for which application threads were stopped: 0.0012751 seconds, Stopping threads took: 0.0002391 seconds
2021-07-18T03:06:34.456+1000: 2037.607: Application time: 0.4180645 seconds
2021-07-18T03:06:34.457+1000: 2037.608: Total time for which application threads were stopped: 0.0010559 seconds, Stopping threads took: 0.0002500 seconds
2021-07-18T03:06:34.458+1000: 2037.608: Application time: 0.0001607 seconds
2021-07-18T03:06:34.458+1000: 2037.609: Total time for which application threads were stopped: 0.0005743 seconds, Stopping threads took: 0.0002098 seconds
2021-07-18T03:06:34.477+1000: 2037.628: Application time: 0.0189348 seconds
2021-07-18T03:06:34.479+1000: 2037.629: Total time for which application threads were stopped: 0.0014489 seconds, Stopping threads took: 0.0002874 seconds
2021-07-18T03:06:34.502+1000: 2037.653: Application time: 0.0238851 seconds
2021-07-18T03:06:34.504+1000: 2037.654: Total time for which application threads were stopped: 0.0011675 seconds, Stopping threads took: 0.0003257 seconds
2021-07-18T03:06:34.504+1000: 2037.655: Application time: 0.0001457 seconds
2021-07-18T03:06:34.504+1000: 2037.655: Total time for which application threads were stopped: 0.0005789 seconds, Stopping threads took: 0.0001152 seconds
2021-07-18T03:06:34.526+1000: 2037.676: Application time: 0.0211101 seconds
2021-07-18T03:06:34.529+1000: 2037.680: Total time for which application threads were stopped: 0.0038092 seconds, Stopping threads took: 0.0002462 seconds
2021-07-18T03:06:34.530+1000: 2037.681: Application time: 0.0005212 seconds
2021-07-18T03:06:34.531+1000: 2037.681: Total time for which application threads were stopped: 0.0006841 seconds, Stopping threads took: 0.0001129 seconds
2021-07-18T03:06:35.949+1000: 2039.099: Application time: 1.4182071 seconds
2021-07-18T03:06:35.950+1000: 2039.101: Total time for which application threads were stopped: 0.0012408 seconds, Stopping threads took: 0.0002232 seconds
2021-07-18T03:06:35.969+1000: 2039.119: Application time: 0.0187576 seconds
2021-07-18T03:06:35.983+1000: 2039.134: Total time for which application threads were stopped: 0.0145533 seconds, Stopping threads took: 0.0136173 seconds
2021-07-18T03:06:37.946+1000: 2041.096: Application time: 1.9622886 seconds
2021-07-18T03:06:37.947+1000: 2041.098: Total time for which application threads were stopped: 0.0013248 seconds, Stopping threads took: 0.0002129 seconds
2021-07-18T03:06:37.973+1000: 2041.123: Application time: 0.0257472 seconds
2021-07-18T03:06:37.974+1000: 2041.125: Total time for which application threads were stopped: 0.0014404 seconds, Stopping threads took: 0.0002542 seconds
2021-07-18T03:06:39.576+1000: 2042.727: Application time: 1.6023062 seconds
2021-07-18T03:06:39.578+1000: 2042.728: Total time for which application threads were stopped: 0.0012281 seconds, Stopping threads took: 0.0003092 seconds
2021-07-18T03:06:39.578+1000: 2042.729: Application time: 0.0001437 seconds
2021-07-18T03:06:39.578+1000: 2042.729: Total time for which application threads were stopped: 0.0005499 seconds, Stopping threads took: 0.0001564 seconds
2021-07-18T03:06:39.617+1000: 2042.767: Application time: 0.0383283 seconds
2021-07-18T03:06:39.618+1000: 2042.769: Total time for which application threads were stopped: 0.0015090 seconds, Stopping threads took: 0.0002445 seconds
2021-07-18T03:06:39.645+1000: 2042.795: Application time: 0.0264437 seconds
2021-07-18T03:06:39.646+1000: 2042.797: Total time for which application threads were stopped: 0.0015544 seconds, Stopping threads took: 0.0002737 seconds
2021-07-18T03:06:39.647+1000: 2042.797: Application time: 0.0003101 seconds
2021-07-18T03:06:39.648+1000: 2042.798: Total time for which application threads were stopped: 0.0009716 seconds, Stopping threads took: 0.0002604 seconds
2021-07-18T03:06:39.699+1000: 2042.849: Application time: 0.0510766 seconds
2021-07-18T03:06:39.700+1000: 2042.851: Total time for which application threads were stopped: 0.0025547 seconds, Stopping threads took: 0.0003995 seconds
2021-07-18T03:06:39.702+1000: 2042.852: Application time: 0.0004495 seconds
2021-07-18T03:06:39.703+1000: 2042.853: Total time for which application threads were stopped: 0.0011265 seconds, Stopping threads took: 0.0001893 seconds
2021-07-18T03:06:39.947+1000: 2043.098: Application time: 0.2442196 seconds
2021-07-18T03:06:39.949+1000: 2043.099: Total time for which application threads were stopped: 0.0017878 seconds, Stopping threads took: 0.0003418 seconds
2021-07-18T03:06:40.005+1000: 2043.155: Application time: 0.0558251 seconds
2021-07-18T03:06:40.006+1000: 2043.157: Total time for which application threads were stopped: 0.0014406 seconds, Stopping threads took: 0.0002186 seconds
2021-07-18T03:06:41.009+1000: 2044.160: Application time: 1.0030556 seconds
2021-07-18T03:06:41.010+1000: 2044.161: Total time for which application threads were stopped: 0.0012232 seconds, Stopping threads took: 0.0002203 seconds
2021-07-18T03:06:41.866+1000: 2045.017: Application time: 0.8559608 seconds
2021-07-18T03:06:41.867+1000: 2045.018: Total time for which application threads were stopped: 0.0010991 seconds, Stopping threads took: 0.0002192 seconds
2021-07-18T03:06:41.885+1000: 2045.035: Application time: 0.0173346 seconds
2021-07-18T03:06:41.886+1000: 2045.037: Total time for which application threads were stopped: 0.0014445 seconds, Stopping threads took: 0.0003798 seconds
2021-07-18T03:06:41.981+1000: 2045.132: Application time: 0.0952552 seconds
2021-07-18T03:06:41.983+1000: 2045.133: Total time for which application threads were stopped: 0.0011763 seconds, Stopping threads took: 0.0002576 seconds
2021-07-18T03:06:41.987+1000: 2045.137: Application time: 0.0038779 seconds
2021-07-18T03:06:41.988+1000: 2045.138: Total time for which application threads were stopped: 0.0010605 seconds, Stopping threads took: 0.0001922 seconds
2021-07-18T03:06:42.034+1000: 2045.185: Application time: 0.0463049 seconds
2021-07-18T03:06:42.035+1000: 2045.186: Total time for which application threads were stopped: 0.0015637 seconds, Stopping threads took: 0.0002571 seconds
2021-07-18T03:06:43.945+1000: 2047.096: Application time: 1.9100133 seconds
2021-07-18T03:06:43.947+1000: 2047.097: Total time for which application threads were stopped: 0.0013618 seconds, Stopping threads took: 0.0004037 seconds
2021-07-18T03:06:44.055+1000: 2047.206: Application time: 0.1084360 seconds
2021-07-18T03:06:44.057+1000: 2047.207: Total time for which application threads were stopped: 0.0012500 seconds, Stopping threads took: 0.0003559 seconds
2021-07-18T03:06:44.776+1000: 2047.927: Application time: 0.7197497 seconds
2021-07-18T03:06:44.778+1000: 2047.928: Total time for which application threads were stopped: 0.0014129 seconds, Stopping threads took: 0.0004342 seconds
2021-07-18T03:06:44.779+1000: 2047.929: Application time: 0.0008369 seconds
2021-07-18T03:06:44.780+1000: 2047.931: Total time for which application threads were stopped: 0.0014578 seconds, Stopping threads took: 0.0002725 seconds
2021-07-18T03:06:44.804+1000: 2047.955: Application time: 0.0243820 seconds
2021-07-18T03:06:44.806+1000: 2047.957: Total time for which application threads were stopped: 0.0016742 seconds, Stopping threads took: 0.0002296 seconds
2021-07-18T03:06:44.883+1000: 2048.034: Application time: 0.0768319 seconds
2021-07-18T03:06:44.886+1000: 2048.036: Total time for which application threads were stopped: 0.0026474 seconds, Stopping threads took: 0.0007038 seconds
2021-07-18T03:06:44.886+1000: 2048.037: Application time: 0.0005151 seconds
2021-07-18T03:06:44.888+1000: 2048.038: Total time for which application threads were stopped: 0.0016754 seconds, Stopping threads took: 0.0005705 seconds
2021-07-18T03:06:44.913+1000: 2048.064: Application time: 0.0255147 seconds
2021-07-18T03:06:44.916+1000: 2048.066: Total time for which application threads were stopped: 0.0023830 seconds, Stopping threads took: 0.0006456 seconds
2021-07-18T03:06:44.919+1000: 2048.069: Application time: 0.0029470 seconds
2021-07-18T03:06:44.920+1000: 2048.071: Total time for which application threads were stopped: 0.0013112 seconds, Stopping threads took: 0.0001788 seconds
2021-07-18T03:06:45.945+1000: 2049.096: Application time: 1.0251911 seconds
2021-07-18T03:06:45.947+1000: 2049.097: Total time for which application threads were stopped: 0.0013791 seconds, Stopping threads took: 0.0002817 seconds
2021-07-18T03:06:45.964+1000: 2049.115: Application time: 0.0177401 seconds
2021-07-18T03:06:45.966+1000: 2049.117: Total time for which application threads were stopped: 0.0017292 seconds, Stopping threads took: 0.0004906 seconds
2021-07-18T03:06:47.952+1000: 2051.103: Application time: 1.9859770 seconds
2021-07-18T03:06:47.954+1000: 2051.104: Total time for which application threads were stopped: 0.0016916 seconds, Stopping threads took: 0.0002838 seconds
2021-07-18T03:06:47.984+1000: 2051.134: Application time: 0.0298454 seconds
2021-07-18T03:06:47.986+1000: 2051.136: Total time for which application threads were stopped: 0.0021643 seconds, Stopping threads took: 0.0003569 seconds
2021-07-18T03:06:49.997+1000: 2053.148: Application time: 2.0117002 seconds
2021-07-18T03:06:49.999+1000: 2053.149: Total time for which application threads were stopped: 0.0012987 seconds, Stopping threads took: 0.0002677 seconds
2021-07-18T03:06:49.999+1000: 2053.149: Application time: 0.0001235 seconds
2021-07-18T03:06:50.000+1000: 2053.150: Total time for which application threads were stopped: 0.0007438 seconds, Stopping threads took: 0.0002078 seconds
2021-07-18T03:06:50.000+1000: 2053.150: Application time: 0.0001490 seconds
2021-07-18T03:06:50.000+1000: 2053.151: Total time for which application threads were stopped: 0.0006647 seconds, Stopping threads took: 0.0001862 seconds
2021-07-18T03:06:50.020+1000: 2053.171: Application time: 0.0199305 seconds
2021-07-18T03:06:50.022+1000: 2053.172: Total time for which application threads were stopped: 0.0012752 seconds, Stopping threads took: 0.0002372 seconds
2021-07-18T03:06:50.044+1000: 2053.194: Application time: 0.0219195 seconds
2021-07-18T03:06:50.045+1000: 2053.195: Total time for which application threads were stopped: 0.0012196 seconds, Stopping threads took: 0.0002946 seconds
2021-07-18T03:06:50.045+1000: 2053.196: Application time: 0.0001428 seconds
2021-07-18T03:06:50.046+1000: 2053.196: Total time for which application threads were stopped: 0.0007727 seconds, Stopping threads took: 0.0002395 seconds
2021-07-18T03:06:50.054+1000: 2053.205: Application time: 0.0082062 seconds
2021-07-18T03:06:50.056+1000: 2053.206: Total time for which application threads were stopped: 0.0019636 seconds, Stopping threads took: 0.0004547 seconds
2021-07-18T03:06:50.085+1000: 2053.236: Application time: 0.0295214 seconds
2021-07-18T03:06:50.087+1000: 2053.238: Total time for which application threads were stopped: 0.0017762 seconds, Stopping threads took: 0.0004440 seconds
2021-07-18T03:06:51.866+1000: 2055.017: Application time: 1.7787803 seconds
2021-07-18T03:06:51.867+1000: 2055.018: Total time for which application threads were stopped: 0.0010251 seconds, Stopping threads took: 0.0001898 seconds
2021-07-18T03:06:51.880+1000: 2055.030: Application time: 0.0128290 seconds
2021-07-18T03:06:51.883+1000: 2055.033: Total time for which application threads were stopped: 0.0028886 seconds, Stopping threads took: 0.0019879 seconds
2021-07-18T03:06:51.948+1000: 2055.099: Application time: 0.0652113 seconds
2021-07-18T03:06:51.949+1000: 2055.100: Total time for which application threads were stopped: 0.0011850 seconds, Stopping threads took: 0.0002005 seconds
2021-07-18T03:06:51.975+1000: 2055.126: Application time: 0.0261334 seconds
2021-07-18T03:06:51.977+1000: 2055.127: Total time for which application threads were stopped: 0.0013083 seconds, Stopping threads took: 0.0002547 seconds
2021-07-18T03:06:51.977+1000: 2055.128: Application time: 0.0009346 seconds
2021-07-18T03:06:51.979+1000: 2055.129: Total time for which application threads were stopped: 0.0011210 seconds, Stopping threads took: 0.0003351 seconds
2021-07-18T03:06:53.951+1000: 2057.102: Application time: 1.9727524 seconds
2021-07-18T03:06:53.953+1000: 2057.104: Total time for which application threads were stopped: 0.0017446 seconds, Stopping threads took: 0.0001957 seconds
2021-07-18T03:06:53.976+1000: 2057.127: Application time: 0.0234023 seconds
2021-07-18T03:06:53.978+1000: 2057.129: Total time for which application threads were stopped: 0.0015121 seconds, Stopping threads took: 0.0003444 seconds
2021-07-18T03:06:55.199+1000: 2058.350: Application time: 1.2213237 seconds
2021-07-18T03:06:55.201+1000: 2058.352: Total time for which application threads were stopped: 0.0016418 seconds, Stopping threads took: 0.0005658 seconds
2021-07-18T03:06:55.201+1000: 2058.352: Application time: 0.0003330 seconds
2021-07-18T03:06:55.202+1000: 2058.353: Total time for which application threads were stopped: 0.0008065 seconds, Stopping threads took: 0.0003304 seconds
2021-07-18T03:06:55.212+1000: 2058.363: Application time: 0.0099373 seconds
2021-07-18T03:06:55.214+1000: 2058.365: Total time for which application threads were stopped: 0.0018434 seconds, Stopping threads took: 0.0006152 seconds
2021-07-18T03:06:55.221+1000: 2058.371: Application time: 0.0068346 seconds
2021-07-18T03:06:55.222+1000: 2058.373: Total time for which application threads were stopped: 0.0012899 seconds, Stopping threads took: 0.0003353 seconds
2021-07-18T03:06:55.261+1000: 2058.412: Application time: 0.0389131 seconds
2021-07-18T03:06:55.264+1000: 2058.414: Total time for which application threads were stopped: 0.0026050 seconds, Stopping threads took: 0.0008869 seconds
2021-07-18T03:06:55.264+1000: 2058.415: Application time: 0.0002211 seconds
2021-07-18T03:06:55.265+1000: 2058.416: Total time for which application threads were stopped: 0.0011549 seconds, Stopping threads took: 0.0007416 seconds
2021-07-18T03:06:55.276+1000: 2058.426: Application time: 0.0106554 seconds
2021-07-18T03:06:55.277+1000: 2058.428: Total time for which application threads were stopped: 0.0013422 seconds, Stopping threads took: 0.0004121 seconds
2021-07-18T03:06:55.972+1000: 2059.122: Application time: 0.6947131 seconds
2021-07-18T03:06:55.973+1000: 2059.123: Total time for which application threads were stopped: 0.0010741 seconds, Stopping threads took: 0.0002220 seconds
2021-07-18T03:06:55.990+1000: 2059.140: Application time: 0.0167479 seconds
2021-07-18T03:06:55.991+1000: 2059.142: Total time for which application threads were stopped: 0.0013332 seconds, Stopping threads took: 0.0002231 seconds
2021-07-18T03:06:56.004+1000: 2059.154: Application time: 0.0127242 seconds
2021-07-18T03:06:56.005+1000: 2059.156: Total time for which application threads were stopped: 0.0013492 seconds, Stopping threads took: 0.0003863 seconds
2021-07-18T03:06:57.947+1000: 2061.098: Application time: 1.9424282 seconds
2021-07-18T03:06:57.949+1000: 2061.099: Total time for which application threads were stopped: 0.0011266 seconds, Stopping threads took: 0.0001974 seconds
2021-07-18T03:06:57.966+1000: 2061.117: Application time: 0.0179470 seconds
2021-07-18T03:06:57.968+1000: 2061.118: Total time for which application threads were stopped: 0.0011608 seconds, Stopping threads took: 0.0002524 seconds
2021-07-18T03:06:58.968+1000: 2062.119: Application time: 1.0005494 seconds
2021-07-18T03:06:58.970+1000: 2062.121: Total time for which application threads were stopped: 0.0017338 seconds, Stopping threads took: 0.0003990 seconds
2021-07-18T03:06:59.040+1000: 2062.191: Application time: 0.0700965 seconds
2021-07-18T03:06:59.042+1000: 2062.193: Total time for which application threads were stopped: 0.0021323 seconds, Stopping threads took: 0.0003129 seconds
2021-07-18T03:06:59.949+1000: 2063.100: Application time: 0.9070774 seconds
2021-07-18T03:06:59.951+1000: 2063.101: Total time for which application threads were stopped: 0.0012726 seconds, Stopping threads took: 0.0001883 seconds
2021-07-18T03:06:59.976+1000: 2063.126: Application time: 0.0250807 seconds
2021-07-18T03:06:59.977+1000: 2063.128: Total time for which application threads were stopped: 0.0013990 seconds, Stopping threads took: 0.0002344 seconds
2021-07-18T03:07:00.357+1000: 2063.508: Application time: 0.3803290 seconds
2021-07-18T03:07:00.359+1000: 2063.510: Total time for which application threads were stopped: 0.0015542 seconds, Stopping threads took: 0.0004282 seconds
2021-07-18T03:07:00.359+1000: 2063.510: Application time: 0.0001377 seconds
2021-07-18T03:07:00.360+1000: 2063.510: Total time for which application threads were stopped: 0.0005514 seconds, Stopping threads took: 0.0001531 seconds
2021-07-18T03:07:00.379+1000: 2063.529: Application time: 0.0190448 seconds
2021-07-18T03:07:00.380+1000: 2063.530: Total time for which application threads were stopped: 0.0011685 seconds, Stopping threads took: 0.0002353 seconds
2021-07-18T03:07:00.380+1000: 2063.531: Application time: 0.0002024 seconds
2021-07-18T03:07:00.381+1000: 2063.531: Total time for which application threads were stopped: 0.0004864 seconds, Stopping threads took: 0.0000876 seconds
2021-07-18T03:07:00.403+1000: 2063.554: Application time: 0.0229218 seconds
2021-07-18T03:07:00.405+1000: 2063.555: Total time for which application threads were stopped: 0.0013427 seconds, Stopping threads took: 0.0002301 seconds
2021-07-18T03:07:00.406+1000: 2063.556: Application time: 0.0007790 seconds
2021-07-18T03:07:00.407+1000: 2063.557: Total time for which application threads were stopped: 0.0010010 seconds, Stopping threads took: 0.0001405 seconds
2021-07-18T03:07:00.420+1000: 2063.571: Application time: 0.0132357 seconds
2021-07-18T03:07:00.421+1000: 2063.572: Total time for which application threads were stopped: 0.0014620 seconds, Stopping threads took: 0.0002838 seconds
2021-07-18T03:07:00.422+1000: 2063.572: Application time: 0.0004230 seconds
2021-07-18T03:07:00.422+1000: 2063.573: Total time for which application threads were stopped: 0.0005052 seconds, Stopping threads took: 0.0000984 seconds
2021-07-18T03:07:01.771+1000: 2064.922: Application time: 1.3488294 seconds
2021-07-18T03:07:01.772+1000: 2064.923: Total time for which application threads were stopped: 0.0010493 seconds, Stopping threads took: 0.0002159 seconds
2021-07-18T03:07:01.872+1000: 2065.022: Application time: 0.0994523 seconds
2021-07-18T03:07:01.873+1000: 2065.023: Total time for which application threads were stopped: 0.0011384 seconds, Stopping threads took: 0.0002187 seconds
2021-07-18T03:07:01.946+1000: 2065.096: Application time: 0.0728573 seconds
2021-07-18T03:07:01.947+1000: 2065.097: Total time for which application threads were stopped: 0.0012110 seconds, Stopping threads took: 0.0002141 seconds
2021-07-18T03:07:02.057+1000: 2065.208: Application time: 0.1105876 seconds
2021-07-18T03:07:02.059+1000: 2065.210: Total time for which application threads were stopped: 0.0015052 seconds, Stopping threads took: 0.0002389 seconds
2021-07-18T03:07:02.165+1000: 2065.316: Application time: 0.1063062 seconds
2021-07-18T03:07:02.166+1000: 2065.317: Total time for which application threads were stopped: 0.0012040 seconds, Stopping threads took: 0.0002259 seconds
2021-07-18T03:07:02.270+1000: 2065.421: Application time: 0.1039192 seconds
2021-07-18T03:07:02.272+1000: 2065.422: Total time for which application threads were stopped: 0.0011656 seconds, Stopping threads took: 0.0002025 seconds
2021-07-18T03:07:03.947+1000: 2067.097: Application time: 1.6752306 seconds
2021-07-18T03:07:03.948+1000: 2067.099: Total time for which application threads were stopped: 0.0011221 seconds, Stopping threads took: 0.0001960 seconds
2021-07-18T03:07:03.968+1000: 2067.119: Application time: 0.0203756 seconds
2021-07-18T03:07:03.970+1000: 2067.120: Total time for which application threads were stopped: 0.0012494 seconds, Stopping threads took: 0.0002722 seconds
2021-07-18T03:07:04.043+1000: 2067.193: Application time: 0.0731202 seconds
2021-07-18T03:07:04.044+1000: 2067.194: Total time for which application threads were stopped: 0.0011286 seconds, Stopping threads took: 0.0002481 seconds
2021-07-18T03:07:05.472+1000: 2068.622: Application time: 1.4277080 seconds
2021-07-18T03:07:05.473+1000: 2068.623: Total time for which application threads were stopped: 0.0011489 seconds, Stopping threads took: 0.0002571 seconds
2021-07-18T03:07:05.474+1000: 2068.624: Application time: 0.0009005 seconds
2021-07-18T03:07:05.474+1000: 2068.625: Total time for which application threads were stopped: 0.0004954 seconds, Stopping threads took: 0.0001060 seconds
2021-07-18T03:07:05.491+1000: 2068.642: Application time: 0.0172167 seconds
2021-07-18T03:07:05.493+1000: 2068.643: Total time for which application threads were stopped: 0.0013632 seconds, Stopping threads took: 0.0003203 seconds
2021-07-18T03:07:05.493+1000: 2068.644: Application time: 0.0002509 seconds
2021-07-18T03:07:05.494+1000: 2068.644: Total time for which application threads were stopped: 0.0007569 seconds, Stopping threads took: 0.0001215 seconds
2021-07-18T03:07:05.515+1000: 2068.666: Application time: 0.0211986 seconds
2021-07-18T03:07:05.516+1000: 2068.667: Total time for which application threads were stopped: 0.0011728 seconds, Stopping threads took: 0.0002149 seconds
2021-07-18T03:07:05.516+1000: 2068.667: Application time: 0.0001765 seconds
2021-07-18T03:07:05.517+1000: 2068.667: Total time for which application threads were stopped: 0.0004538 seconds, Stopping threads took: 0.0000881 seconds
2021-07-18T03:07:05.586+1000: 2068.737: Application time: 0.0691587 seconds
2021-07-18T03:07:05.588+1000: 2068.738: Total time for which application threads were stopped: 0.0017271 seconds, Stopping threads took: 0.0004465 seconds
2021-07-18T03:07:05.948+1000: 2069.099: Application time: 0.3606366 seconds
2021-07-18T03:07:05.949+1000: 2069.100: Total time for which application threads were stopped: 0.0011304 seconds, Stopping threads took: 0.0002176 seconds
2021-07-18T03:07:05.988+1000: 2069.138: Application time: 0.0382839 seconds
2021-07-18T03:07:05.989+1000: 2069.140: Total time for which application threads were stopped: 0.0011585 seconds, Stopping threads took: 0.0002251 seconds
2021-07-18T03:07:07.947+1000: 2071.097: Application time: 1.9576721 seconds
2021-07-18T03:07:07.949+1000: 2071.100: Total time for which application threads were stopped: 0.0023761 seconds, Stopping threads took: 0.0002291 seconds
2021-07-18T03:07:07.966+1000: 2071.116: Application time: 0.0168790 seconds
2021-07-18T03:07:07.967+1000: 2071.118: Total time for which application threads were stopped: 0.0013168 seconds, Stopping threads took: 0.0004189 seconds
2021-07-18T03:07:09.947+1000: 2073.097: Application time: 1.9796877 seconds
2021-07-18T03:07:09.948+1000: 2073.099: Total time for which application threads were stopped: 0.0011571 seconds, Stopping threads took: 0.0001684 seconds
2021-07-18T03:07:09.973+1000: 2073.124: Application time: 0.0251772 seconds
2021-07-18T03:07:09.975+1000: 2073.126: Total time for which application threads were stopped: 0.0017304 seconds, Stopping threads took: 0.0002478 seconds
2021-07-18T03:07:10.638+1000: 2073.789: Application time: 0.6632963 seconds
2021-07-18T03:07:10.639+1000: 2073.790: Total time for which application threads were stopped: 0.0010686 seconds, Stopping threads took: 0.0002577 seconds
2021-07-18T03:07:10.639+1000: 2073.790: Application time: 0.0001399 seconds
2021-07-18T03:07:10.640+1000: 2073.791: Total time for which application threads were stopped: 0.0004984 seconds, Stopping threads took: 0.0001448 seconds
2021-07-18T03:07:10.666+1000: 2073.816: Application time: 0.0258802 seconds
2021-07-18T03:07:10.667+1000: 2073.818: Total time for which application threads were stopped: 0.0012648 seconds, Stopping threads took: 0.0002796 seconds
2021-07-18T03:07:10.704+1000: 2073.854: Application time: 0.0365190 seconds
2021-07-18T03:07:10.705+1000: 2073.856: Total time for which application threads were stopped: 0.0013984 seconds, Stopping threads took: 0.0003483 seconds
2021-07-18T03:07:10.705+1000: 2073.856: Application time: 0.0001619 seconds
2021-07-18T03:07:10.706+1000: 2073.856: Total time for which application threads were stopped: 0.0006096 seconds, Stopping threads took: 0.0000862 seconds
2021-07-18T03:07:10.728+1000: 2073.878: Application time: 0.0219335 seconds
2021-07-18T03:07:10.734+1000: 2073.885: Total time for which application threads were stopped: 0.0062576 seconds, Stopping threads took: 0.0005272 seconds
2021-07-18T03:07:11.866+1000: 2075.017: Application time: 1.1324722 seconds
2021-07-18T03:07:11.868+1000: 2075.018: Total time for which application threads were stopped: 0.0012484 seconds, Stopping threads took: 0.0002467 seconds
2021-07-18T03:07:11.882+1000: 2075.033: Application time: 0.0141319 seconds
2021-07-18T03:07:11.885+1000: 2075.035: Total time for which application threads were stopped: 0.0028482 seconds, Stopping threads took: 0.0014021 seconds
2021-07-18T03:07:11.946+1000: 2075.097: Application time: 0.0615866 seconds
2021-07-18T03:07:11.947+1000: 2075.098: Total time for which application threads were stopped: 0.0011405 seconds, Stopping threads took: 0.0002226 seconds
2021-07-18T03:07:11.963+1000: 2075.114: Application time: 0.0157556 seconds
2021-07-18T03:07:11.965+1000: 2075.115: Total time for which application threads were stopped: 0.0015275 seconds, Stopping threads took: 0.0002642 seconds
2021-07-18T03:07:11.973+1000: 2075.124: Application time: 0.0086077 seconds
2021-07-18T03:07:11.975+1000: 2075.126: Total time for which application threads were stopped: 0.0017900 seconds, Stopping threads took: 0.0003353 seconds
2021-07-18T03:07:12.975+1000: 2076.126: Application time: 1.0003276 seconds
2021-07-18T03:07:12.977+1000: 2076.127: Total time for which application threads were stopped: 0.0011825 seconds, Stopping threads took: 0.0002087 seconds
2021-07-18T03:07:13.946+1000: 2077.097: Application time: 0.9696583 seconds
2021-07-18T03:07:13.947+1000: 2077.098: Total time for which application threads were stopped: 0.0010815 seconds, Stopping threads took: 0.0001741 seconds
2021-07-18T03:07:14.076+1000: 2077.227: Application time: 0.1287983 seconds
2021-07-18T03:07:14.078+1000: 2077.228: Total time for which application threads were stopped: 0.0014192 seconds, Stopping threads took: 0.0002246 seconds
2021-07-18T03:07:15.787+1000: 2078.938: Application time: 1.7094602 seconds
2021-07-18T03:07:15.788+1000: 2078.939: Total time for which application threads were stopped: 0.0012249 seconds, Stopping threads took: 0.0003144 seconds
2021-07-18T03:07:15.789+1000: 2078.939: Application time: 0.0002507 seconds
2021-07-18T03:07:15.789+1000: 2078.940: Total time for which application threads were stopped: 0.0005569 seconds, Stopping threads took: 0.0001593 seconds
2021-07-18T03:07:15.884+1000: 2079.034: Application time: 0.0944147 seconds
2021-07-18T03:07:15.885+1000: 2079.036: Total time for which application threads were stopped: 0.0016947 seconds, Stopping threads took: 0.0004201 seconds
2021-07-18T03:07:15.885+1000: 2079.036: Application time: 0.0001735 seconds
2021-07-18T03:07:15.886+1000: 2079.037: Total time for which application threads were stopped: 0.0008000 seconds, Stopping threads took: 0.0002273 seconds
2021-07-18T03:07:15.916+1000: 2079.066: Application time: 0.0295376 seconds
2021-07-18T03:07:15.918+1000: 2079.068: Total time for which application threads were stopped: 0.0018251 seconds, Stopping threads took: 0.0008090 seconds
2021-07-18T03:07:15.918+1000: 2079.068: Application time: 0.0001630 seconds
2021-07-18T03:07:15.921+1000: 2079.072: Total time for which application threads were stopped: 0.0033852 seconds, Stopping threads took: 0.0005186 seconds
2021-07-18T03:07:15.947+1000: 2079.098: Application time: 0.0262373 seconds
2021-07-18T03:07:15.949+1000: 2079.099: Total time for which application threads were stopped: 0.0012077 seconds, Stopping threads took: 0.0002817 seconds
2021-07-18T03:07:15.959+1000: 2079.110: Application time: 0.0104830 seconds
2021-07-18T03:07:15.963+1000: 2079.113: Total time for which application threads were stopped: 0.0034758 seconds, Stopping threads took: 0.0024642 seconds
2021-07-18T03:07:15.976+1000: 2079.127: Application time: 0.0133982 seconds
2021-07-18T03:07:15.978+1000: 2079.129: Total time for which application threads were stopped: 0.0022249 seconds, Stopping threads took: 0.0012459 seconds
2021-07-18T03:07:17.945+1000: 2081.096: Application time: 1.9670017 seconds
2021-07-18T03:07:17.947+1000: 2081.098: Total time for which application threads were stopped: 0.0018290 seconds, Stopping threads took: 0.0003107 seconds
2021-07-18T03:07:17.971+1000: 2081.122: Application time: 0.0239572 seconds
2021-07-18T03:07:17.972+1000: 2081.123: Total time for which application threads were stopped: 0.0013264 seconds, Stopping threads took: 0.0002014 seconds
2021-07-18T03:07:19.953+1000: 2083.103: Application time: 1.9805232 seconds
2021-07-18T03:07:19.955+1000: 2083.106: Total time for which application threads were stopped: 0.0021688 seconds, Stopping threads took: 0.0005410 seconds
2021-07-18T03:07:19.988+1000: 2083.139: Application time: 0.0332114 seconds
2021-07-18T03:07:19.991+1000: 2083.141: Total time for which application threads were stopped: 0.0023320 seconds, Stopping threads took: 0.0004069 seconds
2021-07-18T03:07:21.024+1000: 2084.174: Application time: 1.0329431 seconds
2021-07-18T03:07:21.031+1000: 2084.182: Total time for which application threads were stopped: 0.0073508 seconds, Stopping threads took: 0.0060776 seconds
2021-07-18T03:07:21.031+1000: 2084.182: Application time: 0.0002027 seconds
2021-07-18T03:07:21.032+1000: 2084.183: Total time for which application threads were stopped: 0.0008590 seconds, Stopping threads took: 0.0002863 seconds
2021-07-18T03:07:21.050+1000: 2084.201: Application time: 0.0184573 seconds
2021-07-18T03:07:21.052+1000: 2084.202: Total time for which application threads were stopped: 0.0012701 seconds, Stopping threads took: 0.0002341 seconds
2021-07-18T03:07:21.075+1000: 2084.226: Application time: 0.0235355 seconds
2021-07-18T03:07:21.077+1000: 2084.227: Total time for which application threads were stopped: 0.0013943 seconds, Stopping threads took: 0.0002634 seconds
2021-07-18T03:07:21.077+1000: 2084.228: Application time: 0.0001746 seconds
2021-07-18T03:07:21.078+1000: 2084.228: Total time for which application threads were stopped: 0.0009221 seconds, Stopping threads took: 0.0002325 seconds
2021-07-18T03:07:21.100+1000: 2084.251: Application time: 0.0223462 seconds
2021-07-18T03:07:21.102+1000: 2084.252: Total time for which application threads were stopped: 0.0014436 seconds, Stopping threads took: 0.0002474 seconds
2021-07-18T03:07:21.875+1000: 2085.025: Application time: 0.7731357 seconds
2021-07-18T03:07:21.876+1000: 2085.026: Total time for which application threads were stopped: 0.0010842 seconds, Stopping threads took: 0.0001852 seconds
2021-07-18T03:07:21.890+1000: 2085.040: Application time: 0.0139192 seconds
2021-07-18T03:07:21.891+1000: 2085.042: Total time for which application threads were stopped: 0.0014364 seconds, Stopping threads took: 0.0002640 seconds
2021-07-18T03:07:21.945+1000: 2085.096: Application time: 0.0541308 seconds
2021-07-18T03:07:21.947+1000: 2085.098: Total time for which application threads were stopped: 0.0016897 seconds, Stopping threads took: 0.0002928 seconds
2021-07-18T03:07:21.964+1000: 2085.115: Application time: 0.0170556 seconds
2021-07-18T03:07:21.965+1000: 2085.116: Total time for which application threads were stopped: 0.0012466 seconds, Stopping threads took: 0.0001943 seconds
2021-07-18T03:07:21.985+1000: 2085.135: Application time: 0.0193994 seconds
2021-07-18T03:07:21.986+1000: 2085.137: Total time for which application threads were stopped: 0.0016185 seconds, Stopping threads took: 0.0003565 seconds
2021-07-18T03:07:23.949+1000: 2087.100: Application time: 1.9626567 seconds
2021-07-18T03:07:23.951+1000: 2087.102: Total time for which application threads were stopped: 0.0020030 seconds, Stopping threads took: 0.0002707 seconds
2021-07-18T03:07:23.969+1000: 2087.119: Application time: 0.0178052 seconds
2021-07-18T03:07:23.970+1000: 2087.121: Total time for which application threads were stopped: 0.0012900 seconds, Stopping threads took: 0.0002467 seconds
2021-07-18T03:07:25.982+1000: 2089.133: Application time: 2.0119058 seconds
2021-07-18T03:07:25.983+1000: 2089.134: Total time for which application threads were stopped: 0.0013436 seconds, Stopping threads took: 0.0002941 seconds
2021-07-18T03:07:25.999+1000: 2089.149: Application time: 0.0153639 seconds
2021-07-18T03:07:26.000+1000: 2089.151: Total time for which application threads were stopped: 0.0016162 seconds, Stopping threads took: 0.0002375 seconds
2021-07-18T03:07:26.186+1000: 2089.336: Application time: 0.1852347 seconds
2021-07-18T03:07:26.187+1000: 2089.337: Total time for which application threads were stopped: 0.0011860 seconds, Stopping threads took: 0.0002623 seconds
2021-07-18T03:07:26.187+1000: 2089.338: Application time: 0.0001994 seconds
2021-07-18T03:07:26.190+1000: 2089.340: Total time for which application threads were stopped: 0.0027223 seconds, Stopping threads took: 0.0020542 seconds
2021-07-18T03:07:26.211+1000: 2089.362: Application time: 0.0212864 seconds
2021-07-18T03:07:26.213+1000: 2089.363: Total time for which application threads were stopped: 0.0016578 seconds, Stopping threads took: 0.0007792 seconds
2021-07-18T03:07:26.240+1000: 2089.391: Application time: 0.0273831 seconds
2021-07-18T03:07:26.242+1000: 2089.392: Total time for which application threads were stopped: 0.0015697 seconds, Stopping threads took: 0.0004525 seconds
2021-07-18T03:07:26.242+1000: 2089.393: Application time: 0.0002305 seconds
2021-07-18T03:07:26.243+1000: 2089.394: Total time for which application threads were stopped: 0.0010022 seconds, Stopping threads took: 0.0002331 seconds
2021-07-18T03:07:26.252+1000: 2089.402: Application time: 0.0086625 seconds
2021-07-18T03:07:26.253+1000: 2089.403: Total time for which application threads were stopped: 0.0012384 seconds, Stopping threads took: 0.0002127 seconds
2021-07-18T03:07:27.946+1000: 2091.096: Application time: 1.6929634 seconds
2021-07-18T03:07:27.947+1000: 2091.098: Total time for which application threads were stopped: 0.0012035 seconds, Stopping threads took: 0.0002111 seconds
2021-07-18T03:07:27.967+1000: 2091.117: Application time: 0.0196463 seconds
2021-07-18T03:07:27.968+1000: 2091.119: Total time for which application threads were stopped: 0.0016693 seconds, Stopping threads took: 0.0002905 seconds
2021-07-18T03:07:28.140+1000: 2091.291: Application time: 0.1718895 seconds
2021-07-18T03:07:28.141+1000: 2091.292: Total time for which application threads were stopped: 0.0011765 seconds, Stopping threads took: 0.0002381 seconds
2021-07-18T03:07:28.235+1000: 2091.386: Application time: 0.0939953 seconds
2021-07-18T03:07:28.237+1000: 2091.387: Total time for which application threads were stopped: 0.0012005 seconds, Stopping threads took: 0.0003254 seconds
2021-07-18T03:07:28.237+1000: 2091.387: Application time: 0.0001487 seconds
2021-07-18T03:07:28.246+1000: 2091.397: Total time for which application threads were stopped: 0.0093092 seconds, Stopping threads took: 0.0083008 seconds
2021-07-18T03:07:28.258+1000: 2091.408: Application time: 0.0118026 seconds
2021-07-18T03:07:28.261+1000: 2091.412: Total time for which application threads were stopped: 0.0032198 seconds, Stopping threads took: 0.0020697 seconds
2021-07-18T03:07:28.262+1000: 2091.413: Application time: 0.0008439 seconds
2021-07-18T03:07:28.264+1000: 2091.414: Total time for which application threads were stopped: 0.0018102 seconds, Stopping threads took: 0.0011207 seconds
2021-07-18T03:07:28.264+1000: 2091.415: Application time: 0.0006946 seconds
2021-07-18T03:07:28.265+1000: 2091.416: Total time for which application threads were stopped: 0.0007020 seconds, Stopping threads took: 0.0002504 seconds
2021-07-18T03:07:28.307+1000: 2091.458: Application time: 0.0418937 seconds
2021-07-18T03:07:28.308+1000: 2091.459: Total time for which application threads were stopped: 0.0013444 seconds, Stopping threads took: 0.0003018 seconds
2021-07-18T03:07:28.309+1000: 2091.459: Application time: 0.0002969 seconds
2021-07-18T03:07:28.310+1000: 2091.460: Total time for which application threads were stopped: 0.0009366 seconds, Stopping threads took: 0.0000888 seconds
2021-07-18T03:07:28.310+1000: 2091.461: Application time: 0.0007778 seconds
2021-07-18T03:07:28.311+1000: 2091.462: Total time for which application threads were stopped: 0.0006109 seconds, Stopping threads took: 0.0000857 seconds
2021-07-18T03:07:28.357+1000: 2091.508: Application time: 0.0462637 seconds
2021-07-18T03:07:28.359+1000: 2091.509: Total time for which application threads were stopped: 0.0012245 seconds, Stopping threads took: 0.0002072 seconds
2021-07-18T03:07:28.359+1000: 2091.509: Application time: 0.0003244 seconds
2021-07-18T03:07:28.360+1000: 2091.510: Total time for which application threads were stopped: 0.0008189 seconds, Stopping threads took: 0.0001752 seconds
2021-07-18T03:07:28.361+1000: 2091.511: Application time: 0.0009451 seconds
2021-07-18T03:07:28.361+1000: 2091.512: Total time for which application threads were stopped: 0.0007225 seconds, Stopping threads took: 0.0000892 seconds
2021-07-18T03:07:28.407+1000: 2091.558: Application time: 0.0461055 seconds
2021-07-18T03:07:28.409+1000: 2091.559: Total time for which application threads were stopped: 0.0012508 seconds, Stopping threads took: 0.0002985 seconds
2021-07-18T03:07:28.409+1000: 2091.560: Application time: 0.0002206 seconds
2021-07-18T03:07:28.410+1000: 2091.560: Total time for which application threads were stopped: 0.0007075 seconds, Stopping threads took: 0.0001507 seconds
2021-07-18T03:07:28.410+1000: 2091.561: Application time: 0.0005351 seconds
2021-07-18T03:07:28.411+1000: 2091.561: Total time for which application threads were stopped: 0.0005028 seconds, Stopping threads took: 0.0001025 seconds
2021-07-18T03:07:28.431+1000: 2091.582: Application time: 0.0206243 seconds
2021-07-18T03:07:28.432+1000: 2091.583: Total time for which application threads were stopped: 0.0010900 seconds, Stopping threads took: 0.0002003 seconds
2021-07-18T03:07:29.045+1000: 2092.196: Application time: 0.6128031 seconds
2021-07-18T03:07:29.047+1000: 2092.197: Total time for which application threads were stopped: 0.0014516 seconds, Stopping threads took: 0.0002550 seconds
2021-07-18T03:07:29.952+1000: 2093.103: Application time: 0.9056350 seconds
2021-07-18T03:07:29.954+1000: 2093.105: Total time for which application threads were stopped: 0.0019307 seconds, Stopping threads took: 0.0003152 seconds
2021-07-18T03:07:29.978+1000: 2093.129: Application time: 0.0240517 seconds
2021-07-18T03:07:29.980+1000: 2093.131: Total time for which application threads were stopped: 0.0018098 seconds, Stopping threads took: 0.0003349 seconds
2021-07-18T03:07:31.343+1000: 2094.493: Application time: 1.3625124 seconds
2021-07-18T03:07:31.345+1000: 2094.496: Total time for which application threads were stopped: 0.0021972 seconds, Stopping threads took: 0.0008923 seconds
2021-07-18T03:07:31.345+1000: 2094.496: Application time: 0.0001745 seconds
2021-07-18T03:07:31.346+1000: 2094.496: Total time for which application threads were stopped: 0.0006233 seconds, Stopping threads took: 0.0000844 seconds
2021-07-18T03:07:31.366+1000: 2094.517: Application time: 0.0206627 seconds
2021-07-18T03:07:31.368+1000: 2094.519: Total time for which application threads were stopped: 0.0015779 seconds, Stopping threads took: 0.0005691 seconds
2021-07-18T03:07:31.466+1000: 2094.616: Application time: 0.0977487 seconds
2021-07-18T03:07:31.467+1000: 2094.618: Total time for which application threads were stopped: 0.0016418 seconds, Stopping threads took: 0.0004618 seconds
2021-07-18T03:07:31.468+1000: 2094.618: Application time: 0.0002169 seconds
2021-07-18T03:07:31.469+1000: 2094.619: Total time for which application threads were stopped: 0.0012327 seconds, Stopping threads took: 0.0007325 seconds
2021-07-18T03:07:31.483+1000: 2094.634: Application time: 0.0144350 seconds
2021-07-18T03:07:31.485+1000: 2094.635: Total time for which application threads were stopped: 0.0015638 seconds, Stopping threads took: 0.0003819 seconds
2021-07-18T03:07:31.486+1000: 2094.637: Application time: 0.0013399 seconds
2021-07-18T03:07:31.487+1000: 2094.638: Total time for which application threads were stopped: 0.0010635 seconds, Stopping threads took: 0.0002629 seconds
2021-07-18T03:07:31.866+1000: 2095.017: Application time: 0.3788929 seconds
2021-07-18T03:07:31.868+1000: 2095.019: Total time for which application threads were stopped: 0.0019792 seconds, Stopping threads took: 0.0002893 seconds
2021-07-18T03:07:31.949+1000: 2095.100: Application time: 0.0809965 seconds
2021-07-18T03:07:31.951+1000: 2095.101: Total time for which application threads were stopped: 0.0015050 seconds, Stopping threads took: 0.0002420 seconds
2021-07-18T03:07:31.972+1000: 2095.123: Application time: 0.0216012 seconds
2021-07-18T03:07:31.973+1000: 2095.124: Total time for which application threads were stopped: 0.0011243 seconds, Stopping threads took: 0.0002023 seconds
2021-07-18T03:07:31.982+1000: 2095.133: Application time: 0.0086272 seconds
2021-07-18T03:07:31.983+1000: 2095.134: Total time for which application threads were stopped: 0.0012114 seconds, Stopping threads took: 0.0002512 seconds
2021-07-18T03:07:32.098+1000: 2095.249: Application time: 0.1146913 seconds
2021-07-18T03:07:32.099+1000: 2095.250: Total time for which application threads were stopped: 0.0012631 seconds, Stopping threads took: 0.0002904 seconds
2021-07-18T03:07:33.946+1000: 2097.097: Application time: 1.8468677 seconds
2021-07-18T03:07:33.948+1000: 2097.098: Total time for which application threads were stopped: 0.0014886 seconds, Stopping threads took: 0.0002432 seconds
2021-07-18T03:07:33.981+1000: 2097.132: Application time: 0.0337304 seconds
2021-07-18T03:07:33.982+1000: 2097.133: Total time for which application threads were stopped: 0.0011594 seconds, Stopping threads took: 0.0001970 seconds
2021-07-18T03:07:34.047+1000: 2097.198: Application time: 0.0647573 seconds
2021-07-18T03:07:34.049+1000: 2097.199: Total time for which application threads were stopped: 0.0014371 seconds, Stopping threads took: 0.0002406 seconds
2021-07-18T03:07:35.947+1000: 2099.097: Application time: 1.8978877 seconds
2021-07-18T03:07:35.948+1000: 2099.099: Total time for which application threads were stopped: 0.0017047 seconds, Stopping threads took: 0.0003939 seconds
2021-07-18T03:07:35.962+1000: 2099.113: Application time: 0.0141317 seconds
2021-07-18T03:07:35.964+1000: 2099.114: Total time for which application threads were stopped: 0.0014028 seconds, Stopping threads took: 0.0002684 seconds
2021-07-18T03:07:36.570+1000: 2099.721: Application time: 0.6062558 seconds
2021-07-18T03:07:36.572+1000: 2099.722: Total time for which application threads were stopped: 0.0015949 seconds, Stopping threads took: 0.0003754 seconds
2021-07-18T03:07:36.572+1000: 2099.723: Application time: 0.0002214 seconds
2021-07-18T03:07:36.573+1000: 2099.723: Total time for which application threads were stopped: 0.0008116 seconds, Stopping threads took: 0.0002223 seconds
2021-07-18T03:07:36.592+1000: 2099.743: Application time: 0.0192513 seconds
2021-07-18T03:07:36.594+1000: 2099.744: Total time for which application threads were stopped: 0.0018126 seconds, Stopping threads took: 0.0003150 seconds
2021-07-18T03:07:36.594+1000: 2099.745: Application time: 0.0001395 seconds
2021-07-18T03:07:36.595+1000: 2099.745: Total time for which application threads were stopped: 0.0009030 seconds, Stopping threads took: 0.0002867 seconds
2021-07-18T03:07:36.617+1000: 2099.768: Application time: 0.0222424 seconds
2021-07-18T03:07:36.618+1000: 2099.769: Total time for which application threads were stopped: 0.0012624 seconds, Stopping threads took: 0.0002651 seconds
2021-07-18T03:07:36.619+1000: 2099.769: Application time: 0.0001764 seconds
2021-07-18T03:07:36.619+1000: 2099.770: Total time for which application threads were stopped: 0.0008169 seconds, Stopping threads took: 0.0002217 seconds
2021-07-18T03:07:36.643+1000: 2099.793: Application time: 0.0232981 seconds
2021-07-18T03:07:36.644+1000: 2099.795: Total time for which application threads were stopped: 0.0017434 seconds, Stopping threads took: 0.0006528 seconds
2021-07-18T03:07:37.645+1000: 2100.796: Application time: 1.0010304 seconds
2021-07-18T03:07:37.647+1000: 2100.797: Total time for which application threads were stopped: 0.0011882 seconds, Stopping threads took: 0.0002131 seconds
2021-07-18T03:07:37.954+1000: 2101.104: Application time: 0.3071858 seconds
2021-07-18T03:07:37.956+1000: 2101.106: Total time for which application threads were stopped: 0.0019379 seconds, Stopping threads took: 0.0003748 seconds
2021-07-18T03:07:37.982+1000: 2101.133: Application time: 0.0263197 seconds
2021-07-18T03:07:37.984+1000: 2101.134: Total time for which application threads were stopped: 0.0017000 seconds, Stopping threads took: 0.0003024 seconds
2021-07-18T03:07:39.946+1000: 2103.096: Application time: 1.9619193 seconds
2021-07-18T03:07:39.947+1000: 2103.097: Total time for which application threads were stopped: 0.0011580 seconds, Stopping threads took: 0.0002260 seconds
2021-07-18T03:07:39.962+1000: 2103.113: Application time: 0.0155120 seconds
2021-07-18T03:07:39.964+1000: 2103.114: Total time for which application threads were stopped: 0.0013734 seconds, Stopping threads took: 0.0002585 seconds
2021-07-18T03:07:41.691+1000: 2104.841: Application time: 1.7267982 seconds
2021-07-18T03:07:41.692+1000: 2104.842: Total time for which application threads were stopped: 0.0012380 seconds, Stopping threads took: 0.0002386 seconds
2021-07-18T03:07:41.692+1000: 2104.843: Application time: 0.0001908 seconds
2021-07-18T03:07:41.693+1000: 2104.843: Total time for which application threads were stopped: 0.0005732 seconds, Stopping threads took: 0.0001042 seconds
2021-07-18T03:07:41.768+1000: 2104.919: Application time: 0.0752874 seconds
2021-07-18T03:07:41.769+1000: 2104.920: Total time for which application threads were stopped: 0.0012696 seconds, Stopping threads took: 0.0003031 seconds
2021-07-18T03:07:41.770+1000: 2104.921: Application time: 0.0009260 seconds
2021-07-18T03:07:41.771+1000: 2104.921: Total time for which application threads were stopped: 0.0005458 seconds, Stopping threads took: 0.0001098 seconds
2021-07-18T03:07:41.811+1000: 2104.962: Application time: 0.0407951 seconds
2021-07-18T03:07:41.813+1000: 2104.964: Total time for which application threads were stopped: 0.0014435 seconds, Stopping threads took: 0.0003908 seconds
2021-07-18T03:07:41.813+1000: 2104.964: Application time: 0.0001836 seconds
2021-07-18T03:07:41.814+1000: 2104.964: Total time for which application threads were stopped: 0.0007338 seconds, Stopping threads took: 0.0001433 seconds
2021-07-18T03:07:41.867+1000: 2105.017: Application time: 0.0527805 seconds
2021-07-18T03:07:41.868+1000: 2105.019: Total time for which application threads were stopped: 0.0017296 seconds, Stopping threads took: 0.0004318 seconds
2021-07-18T03:07:41.900+1000: 2105.050: Application time: 0.0314306 seconds
2021-07-18T03:07:41.901+1000: 2105.052: Total time for which application threads were stopped: 0.0014100 seconds, Stopping threads took: 0.0003089 seconds
2021-07-18T03:07:41.949+1000: 2105.100: Application time: 0.0480343 seconds
2021-07-18T03:07:41.954+1000: 2105.105: Total time for which application threads were stopped: 0.0051600 seconds, Stopping threads took: 0.0039258 seconds
2021-07-18T03:07:41.975+1000: 2105.126: Application time: 0.0207867 seconds
2021-07-18T03:07:41.977+1000: 2105.127: Total time for which application threads were stopped: 0.0015972 seconds, Stopping threads took: 0.0004378 seconds
2021-07-18T03:07:42.025+1000: 2105.176: Application time: 0.0486861 seconds
2021-07-18T03:07:42.027+1000: 2105.177: Total time for which application threads were stopped: 0.0012542 seconds, Stopping threads took: 0.0002615 seconds
2021-07-18T03:07:42.152+1000: 2105.303: Application time: 0.1251923 seconds
2021-07-18T03:07:42.153+1000: 2105.304: Total time for which application threads were stopped: 0.0012027 seconds, Stopping threads took: 0.0002071 seconds
2021-07-18T03:07:43.951+1000: 2107.102: Application time: 1.7979148 seconds
2021-07-18T03:07:43.952+1000: 2107.103: Total time for which application threads were stopped: 0.0014472 seconds, Stopping threads took: 0.0003475 seconds
2021-07-18T03:07:43.978+1000: 2107.128: Application time: 0.0252744 seconds
2021-07-18T03:07:43.979+1000: 2107.130: Total time for which application threads were stopped: 0.0012402 seconds, Stopping threads took: 0.0002687 seconds
2021-07-18T03:07:45.949+1000: 2109.099: Application time: 1.9697435 seconds
2021-07-18T03:07:45.950+1000: 2109.101: Total time for which application threads were stopped: 0.0013526 seconds, Stopping threads took: 0.0003035 seconds
2021-07-18T03:07:45.970+1000: 2109.121: Application time: 0.0204013 seconds
2021-07-18T03:07:45.972+1000: 2109.122: Total time for which application threads were stopped: 0.0012283 seconds, Stopping threads took: 0.0002993 seconds
2021-07-18T03:07:46.960+1000: 2110.111: Application time: 0.9886761 seconds
2021-07-18T03:07:46.962+1000: 2110.112: Total time for which application threads were stopped: 0.0013440 seconds, Stopping threads took: 0.0003487 seconds
2021-07-18T03:07:46.962+1000: 2110.113: Application time: 0.0001540 seconds
2021-07-18T03:07:46.962+1000: 2110.113: Total time for which application threads were stopped: 0.0005616 seconds, Stopping threads took: 0.0001162 seconds
2021-07-18T03:07:46.992+1000: 2110.142: Application time: 0.0290939 seconds
2021-07-18T03:07:46.994+1000: 2110.145: Total time for which application threads were stopped: 0.0023308 seconds, Stopping threads took: 0.0014191 seconds
2021-07-18T03:07:46.996+1000: 2110.147: Application time: 0.0020821 seconds
2021-07-18T03:07:46.997+1000: 2110.148: Total time for which application threads were stopped: 0.0010272 seconds, Stopping threads took: 0.0004539 seconds
2021-07-18T03:07:47.013+1000: 2110.164: Application time: 0.0160533 seconds
2021-07-18T03:07:47.014+1000: 2110.165: Total time for which application threads were stopped: 0.0013144 seconds, Stopping threads took: 0.0004371 seconds
2021-07-18T03:07:47.015+1000: 2110.165: Application time: 0.0001970 seconds
2021-07-18T03:07:47.015+1000: 2110.166: Total time for which application threads were stopped: 0.0006634 seconds, Stopping threads took: 0.0001536 seconds
2021-07-18T03:07:47.038+1000: 2110.188: Application time: 0.0224191 seconds
2021-07-18T03:07:47.041+1000: 2110.191: Total time for which application threads were stopped: 0.0028114 seconds, Stopping threads took: 0.0002031 seconds
2021-07-18T03:07:47.041+1000: 2110.191: Application time: 0.0002541 seconds
2021-07-18T03:07:47.041+1000: 2110.192: Total time for which application threads were stopped: 0.0006075 seconds, Stopping threads took: 0.0000919 seconds
2021-07-18T03:07:47.042+1000: 2110.192: Application time: 0.0003219 seconds
2021-07-18T03:07:47.042+1000: 2110.193: Total time for which application threads were stopped: 0.0004564 seconds, Stopping threads took: 0.0000842 seconds
2021-07-18T03:07:47.951+1000: 2111.101: Application time: 0.9085433 seconds
2021-07-18T03:07:47.952+1000: 2111.103: Total time for which application threads were stopped: 0.0016405 seconds, Stopping threads took: 0.0004315 seconds
2021-07-18T03:07:47.978+1000: 2111.128: Application time: 0.0252219 seconds
2021-07-18T03:07:47.979+1000: 2111.130: Total time for which application threads were stopped: 0.0017435 seconds, Stopping threads took: 0.0003815 seconds
2021-07-18T03:07:48.980+1000: 2112.130: Application time: 1.0002867 seconds
2021-07-18T03:07:48.981+1000: 2112.131: Total time for which application threads were stopped: 0.0011715 seconds, Stopping threads took: 0.0001803 seconds
2021-07-18T03:07:49.948+1000: 2113.099: Application time: 0.9674026 seconds
2021-07-18T03:07:49.950+1000: 2113.100: Total time for which application threads were stopped: 0.0013314 seconds, Stopping threads took: 0.0002555 seconds
2021-07-18T03:07:49.971+1000: 2113.121: Application time: 0.0212421 seconds
2021-07-18T03:07:49.972+1000: 2113.123: Total time for which application threads were stopped: 0.0011874 seconds, Stopping threads took: 0.0002566 seconds
2021-07-18T03:07:51.867+1000: 2115.018: Application time: 1.8952605 seconds
2021-07-18T03:07:51.868+1000: 2115.019: Total time for which application threads were stopped: 0.0011167 seconds, Stopping threads took: 0.0001801 seconds
2021-07-18T03:07:51.881+1000: 2115.032: Application time: 0.0129130 seconds
2021-07-18T03:07:51.883+1000: 2115.033: Total time for which application threads were stopped: 0.0012927 seconds, Stopping threads took: 0.0003606 seconds
2021-07-18T03:07:51.956+1000: 2115.107: Application time: 0.0732393 seconds
2021-07-18T03:07:51.957+1000: 2115.108: Total time for which application threads were stopped: 0.0010632 seconds, Stopping threads took: 0.0001841 seconds
2021-07-18T03:07:51.976+1000: 2115.126: Application time: 0.0187292 seconds
2021-07-18T03:07:51.977+1000: 2115.127: Total time for which application threads were stopped: 0.0010098 seconds, Stopping threads took: 0.0001661 seconds
2021-07-18T03:07:51.984+1000: 2115.134: Application time: 0.0071423 seconds
2021-07-18T03:07:51.990+1000: 2115.141: Total time for which application threads were stopped: 0.0062616 seconds, Stopping threads took: 0.0052447 seconds
2021-07-18T03:07:52.106+1000: 2115.256: Application time: 0.1155741 seconds
2021-07-18T03:07:52.107+1000: 2115.258: Total time for which application threads were stopped: 0.0015375 seconds, Stopping threads took: 0.0002566 seconds
2021-07-18T03:07:52.107+1000: 2115.258: Application time: 0.0002287 seconds
2021-07-18T03:07:52.108+1000: 2115.259: Total time for which application threads were stopped: 0.0008014 seconds, Stopping threads took: 0.0001920 seconds
2021-07-18T03:07:52.121+1000: 2115.272: Application time: 0.0130151 seconds
2021-07-18T03:07:52.124+1000: 2115.275: Total time for which application threads were stopped: 0.0031888 seconds, Stopping threads took: 0.0021261 seconds
2021-07-18T03:07:52.130+1000: 2115.280: Application time: 0.0052378 seconds
2021-07-18T03:07:52.131+1000: 2115.282: Total time for which application threads were stopped: 0.0012598 seconds, Stopping threads took: 0.0001839 seconds
2021-07-18T03:07:52.147+1000: 2115.297: Application time: 0.0157145 seconds
2021-07-18T03:07:52.148+1000: 2115.299: Total time for which application threads were stopped: 0.0013811 seconds, Stopping threads took: 0.0003161 seconds
2021-07-18T03:07:52.148+1000: 2115.299: Application time: 0.0001739 seconds
2021-07-18T03:07:52.149+1000: 2115.300: Total time for which application threads were stopped: 0.0006826 seconds, Stopping threads took: 0.0001561 seconds
2021-07-18T03:07:52.166+1000: 2115.316: Application time: 0.0166804 seconds
2021-07-18T03:07:52.167+1000: 2115.318: Total time for which application threads were stopped: 0.0013536 seconds, Stopping threads took: 0.0002371 seconds
2021-07-18T03:07:53.954+1000: 2117.105: Application time: 1.7871732 seconds
2021-07-18T03:07:53.956+1000: 2117.107: Total time for which application threads were stopped: 0.0017325 seconds, Stopping threads took: 0.0007077 seconds
2021-07-18T03:07:53.976+1000: 2117.126: Application time: 0.0197826 seconds
2021-07-18T03:07:53.977+1000: 2117.127: Total time for which application threads were stopped: 0.0011681 seconds, Stopping threads took: 0.0003003 seconds
2021-07-18T03:07:55.346+1000: 2118.497: Application time: 1.3694609 seconds
2021-07-18T03:07:55.348+1000: 2118.499: Total time for which application threads were stopped: 0.0020817 seconds, Stopping threads took: 0.0010313 seconds
2021-07-18T03:07:55.981+1000: 2119.131: Application time: 0.6323977 seconds
2021-07-18T03:07:55.982+1000: 2119.133: Total time for which application threads were stopped: 0.0012548 seconds, Stopping threads took: 0.0003142 seconds
2021-07-18T03:07:55.998+1000: 2119.148: Application time: 0.0156000 seconds
2021-07-18T03:07:55.999+1000: 2119.149: Total time for which application threads were stopped: 0.0011886 seconds, Stopping threads took: 0.0002357 seconds
2021-07-18T03:07:57.231+1000: 2120.382: Application time: 1.2322831 seconds
2021-07-18T03:07:57.232+1000: 2120.383: Total time for which application threads were stopped: 0.0010962 seconds, Stopping threads took: 0.0002472 seconds
2021-07-18T03:07:57.232+1000: 2120.383: Application time: 0.0002296 seconds
2021-07-18T03:07:57.233+1000: 2120.384: Total time for which application threads were stopped: 0.0005139 seconds, Stopping threads took: 0.0001366 seconds
2021-07-18T03:07:57.271+1000: 2120.421: Application time: 0.0378544 seconds
2021-07-18T03:07:57.272+1000: 2120.423: Total time for which application threads were stopped: 0.0011769 seconds, Stopping threads took: 0.0002507 seconds
2021-07-18T03:07:57.301+1000: 2120.452: Application time: 0.0292635 seconds
2021-07-18T03:07:57.303+1000: 2120.453: Total time for which application threads were stopped: 0.0013067 seconds, Stopping threads took: 0.0002257 seconds
2021-07-18T03:07:57.303+1000: 2120.454: Application time: 0.0003980 seconds
2021-07-18T03:07:57.304+1000: 2120.454: Total time for which application threads were stopped: 0.0006220 seconds, Stopping threads took: 0.0000931 seconds
2021-07-18T03:07:57.313+1000: 2120.464: Application time: 0.0092861 seconds
2021-07-18T03:07:57.317+1000: 2120.467: Total time for which application threads were stopped: 0.0036943 seconds, Stopping threads took: 0.0002037 seconds
2021-07-18T03:07:57.948+1000: 2121.098: Application time: 0.6312490 seconds
2021-07-18T03:07:57.949+1000: 2121.100: Total time for which application threads were stopped: 0.0012706 seconds, Stopping threads took: 0.0002538 seconds
2021-07-18T03:07:57.986+1000: 2121.137: Application time: 0.0369672 seconds
2021-07-18T03:07:57.987+1000: 2121.138: Total time for which application threads were stopped: 0.0010534 seconds, Stopping threads took: 0.0001946 seconds
2021-07-18T03:07:59.050+1000: 2122.201: Application time: 1.0626899 seconds
2021-07-18T03:07:59.051+1000: 2122.202: Total time for which application threads were stopped: 0.0012522 seconds, Stopping threads took: 0.0002931 seconds
2021-07-18T03:07:59.951+1000: 2123.102: Application time: 0.8999545 seconds
2021-07-18T03:07:59.953+1000: 2123.103: Total time for which application threads were stopped: 0.0014247 seconds, Stopping threads took: 0.0003909 seconds
2021-07-18T03:07:59.976+1000: 2123.127: Application time: 0.0238482 seconds
2021-07-18T03:07:59.983+1000: 2123.134: Total time for which application threads were stopped: 0.0070369 seconds, Stopping threads took: 0.0058244 seconds
2021-07-18T03:08:01.781+1000: 2124.932: Application time: 1.7977203 seconds
2021-07-18T03:08:01.784+1000: 2124.934: Total time for which application threads were stopped: 0.0025678 seconds, Stopping threads took: 0.0010399 seconds
2021-07-18T03:08:01.787+1000: 2124.938: Application time: 0.0031661 seconds
2021-07-18T03:08:01.789+1000: 2124.939: Total time for which application threads were stopped: 0.0017723 seconds, Stopping threads took: 0.0003979 seconds
2021-07-18T03:08:01.866+1000: 2125.017: Application time: 0.0778310 seconds
2021-07-18T03:08:01.868+1000: 2125.019: Total time for which application threads were stopped: 0.0017300 seconds, Stopping threads took: 0.0003259 seconds
2021-07-18T03:08:01.888+1000: 2125.038: Application time: 0.0193118 seconds
2021-07-18T03:08:01.890+1000: 2125.041: Total time for which application threads were stopped: 0.0024268 seconds, Stopping threads took: 0.0006455 seconds
2021-07-18T03:08:01.973+1000: 2125.123: Application time: 0.0826490 seconds
2021-07-18T03:08:01.974+1000: 2125.125: Total time for which application threads were stopped: 0.0017797 seconds, Stopping threads took: 0.0001966 seconds
2021-07-18T03:08:01.983+1000: 2125.134: Application time: 0.0086044 seconds
2021-07-18T03:08:01.985+1000: 2125.136: Total time for which application threads were stopped: 0.0023501 seconds, Stopping threads took: 0.0005882 seconds
2021-07-18T03:08:02.016+1000: 2125.166: Application time: 0.0302546 seconds
2021-07-18T03:08:02.017+1000: 2125.168: Total time for which application threads were stopped: 0.0017851 seconds, Stopping threads took: 0.0003843 seconds
2021-07-18T03:08:02.404+1000: 2125.554: Application time: 0.3863989 seconds
2021-07-18T03:08:02.405+1000: 2125.556: Total time for which application threads were stopped: 0.0011872 seconds, Stopping threads took: 0.0002029 seconds
2021-07-18T03:08:02.405+1000: 2125.556: Application time: 0.0001328 seconds
2021-07-18T03:08:02.406+1000: 2125.556: Total time for which application threads were stopped: 0.0005010 seconds, Stopping threads took: 0.0000747 seconds
2021-07-18T03:08:02.475+1000: 2125.625: Application time: 0.0690656 seconds
2021-07-18T03:08:02.476+1000: 2125.627: Total time for which application threads were stopped: 0.0014509 seconds, Stopping threads took: 0.0003284 seconds
2021-07-18T03:08:02.476+1000: 2125.627: Application time: 0.0001978 seconds
2021-07-18T03:08:02.477+1000: 2125.628: Total time for which application threads were stopped: 0.0006336 seconds, Stopping threads took: 0.0000958 seconds
2021-07-18T03:08:02.503+1000: 2125.654: Application time: 0.0258928 seconds
2021-07-18T03:08:02.504+1000: 2125.655: Total time for which application threads were stopped: 0.0012961 seconds, Stopping threads took: 0.0001999 seconds
2021-07-18T03:08:02.504+1000: 2125.655: Application time: 0.0001262 seconds
2021-07-18T03:08:02.508+1000: 2125.659: Total time for which application threads were stopped: 0.0038192 seconds, Stopping threads took: 0.0000688 seconds
2021-07-18T03:08:02.530+1000: 2125.681: Application time: 0.0216810 seconds
2021-07-18T03:08:02.531+1000: 2125.682: Total time for which application threads were stopped: 0.0015214 seconds, Stopping threads took: 0.0004257 seconds
2021-07-18T03:08:03.947+1000: 2127.098: Application time: 1.4159234 seconds
2021-07-18T03:08:03.949+1000: 2127.099: Total time for which application threads were stopped: 0.0012472 seconds, Stopping threads took: 0.0002146 seconds
2021-07-18T03:08:03.989+1000: 2127.139: Application time: 0.0400613 seconds
2021-07-18T03:08:03.990+1000: 2127.141: Total time for which application threads were stopped: 0.0013442 seconds, Stopping threads took: 0.0004036 seconds
2021-07-18T03:08:04.052+1000: 2127.202: Application time: 0.0617606 seconds
2021-07-18T03:08:04.053+1000: 2127.204: Total time for which application threads were stopped: 0.0010843 seconds, Stopping threads took: 0.0002615 seconds
2021-07-18T03:08:05.947+1000: 2129.098: Application time: 1.8942049 seconds
2021-07-18T03:08:05.948+1000: 2129.099: Total time for which application threads were stopped: 0.0010803 seconds, Stopping threads took: 0.0002160 seconds
2021-07-18T03:08:05.970+1000: 2129.120: Application time: 0.0215755 seconds
2021-07-18T03:08:05.971+1000: 2129.121: Total time for which application threads were stopped: 0.0010466 seconds, Stopping threads took: 0.0001958 seconds
2021-07-18T03:08:07.581+1000: 2130.731: Application time: 1.6098460 seconds
2021-07-18T03:08:07.582+1000: 2130.732: Total time for which application threads were stopped: 0.0011198 seconds, Stopping threads took: 0.0002552 seconds
2021-07-18T03:08:07.582+1000: 2130.733: Application time: 0.0001122 seconds
2021-07-18T03:08:07.582+1000: 2130.733: Total time for which application threads were stopped: 0.0004696 seconds, Stopping threads took: 0.0001110 seconds
2021-07-18T03:08:07.606+1000: 2130.756: Application time: 0.0232779 seconds
2021-07-18T03:08:07.607+1000: 2130.758: Total time for which application threads were stopped: 0.0013630 seconds, Stopping threads took: 0.0005306 seconds
2021-07-18T03:08:07.608+1000: 2130.758: Application time: 0.0006347 seconds
2021-07-18T03:08:07.609+1000: 2130.759: Total time for which application threads were stopped: 0.0008801 seconds, Stopping threads took: 0.0003312 seconds
2021-07-18T03:08:07.632+1000: 2130.782: Application time: 0.0231722 seconds
2021-07-18T03:08:07.634+1000: 2130.785: Total time for which application threads were stopped: 0.0027300 seconds, Stopping threads took: 0.0014303 seconds
2021-07-18T03:08:07.635+1000: 2130.785: Application time: 0.0001116 seconds
2021-07-18T03:08:07.635+1000: 2130.786: Total time for which application threads were stopped: 0.0005599 seconds, Stopping threads took: 0.0001562 seconds
2021-07-18T03:08:07.645+1000: 2130.795: Application time: 0.0094568 seconds
2021-07-18T03:08:07.646+1000: 2130.796: Total time for which application threads were stopped: 0.0011622 seconds, Stopping threads took: 0.0003048 seconds
2021-07-18T03:08:07.646+1000: 2130.797: Application time: 0.0001942 seconds
2021-07-18T03:08:07.647+1000: 2130.798: Total time for which application threads were stopped: 0.0009311 seconds, Stopping threads took: 0.0003309 seconds
2021-07-18T03:08:07.946+1000: 2131.097: Application time: 0.2990956 seconds
2021-07-18T03:08:07.947+1000: 2131.098: Total time for which application threads were stopped: 0.0010844 seconds, Stopping threads took: 0.0002161 seconds
2021-07-18T03:08:07.964+1000: 2131.115: Application time: 0.0170127 seconds
2021-07-18T03:08:07.965+1000: 2131.116: Total time for which application threads were stopped: 0.0010618 seconds, Stopping threads took: 0.0002069 seconds
2021-07-18T03:08:09.946+1000: 2133.097: Application time: 1.9810142 seconds
2021-07-18T03:08:09.947+1000: 2133.098: Total time for which application threads were stopped: 0.0011112 seconds, Stopping threads took: 0.0002151 seconds
2021-07-18T03:08:09.967+1000: 2133.118: Application time: 0.0196969 seconds
2021-07-18T03:08:09.968+1000: 2133.119: Total time for which application threads were stopped: 0.0014021 seconds, Stopping threads took: 0.0001937 seconds
2021-07-18T03:08:11.866+1000: 2135.016: Application time: 1.8973542 seconds
2021-07-18T03:08:11.867+1000: 2135.018: Total time for which application threads were stopped: 0.0012893 seconds, Stopping threads took: 0.0003214 seconds
2021-07-18T03:08:11.880+1000: 2135.030: Application time: 0.0126675 seconds
2021-07-18T03:08:11.881+1000: 2135.032: Total time for which application threads were stopped: 0.0012781 seconds, Stopping threads took: 0.0002575 seconds
2021-07-18T03:08:11.946+1000: 2135.097: Application time: 0.0654441 seconds
2021-07-18T03:08:11.948+1000: 2135.098: Total time for which application threads were stopped: 0.0012699 seconds, Stopping threads took: 0.0002462 seconds
2021-07-18T03:08:11.975+1000: 2135.125: Application time: 0.0270839 seconds
2021-07-18T03:08:11.976+1000: 2135.127: Total time for which application threads were stopped: 0.0010973 seconds, Stopping threads took: 0.0001976 seconds
2021-07-18T03:08:11.981+1000: 2135.132: Application time: 0.0055456 seconds
2021-07-18T03:08:11.983+1000: 2135.133: Total time for which application threads were stopped: 0.0010597 seconds, Stopping threads took: 0.0003334 seconds
2021-07-18T03:08:12.712+1000: 2135.862: Application time: 0.7290416 seconds
2021-07-18T03:08:12.714+1000: 2135.864: Total time for which application threads were stopped: 0.0020418 seconds, Stopping threads took: 0.0006135 seconds
2021-07-18T03:08:12.714+1000: 2135.865: Application time: 0.0002503 seconds
2021-07-18T03:08:12.715+1000: 2135.866: Total time for which application threads were stopped: 0.0009675 seconds, Stopping threads took: 0.0001387 seconds
2021-07-18T03:08:12.730+1000: 2135.881: Application time: 0.0150699 seconds
2021-07-18T03:08:12.731+1000: 2135.882: Total time for which application threads were stopped: 0.0010594 seconds, Stopping threads took: 0.0002472 seconds
2021-07-18T03:08:12.731+1000: 2135.882: Application time: 0.0003209 seconds
2021-07-18T03:08:12.732+1000: 2135.882: Total time for which application threads were stopped: 0.0004616 seconds, Stopping threads took: 0.0000830 seconds
2021-07-18T03:08:12.770+1000: 2135.920: Application time: 0.0379313 seconds
2021-07-18T03:08:12.773+1000: 2135.923: Total time for which application threads were stopped: 0.0030602 seconds, Stopping threads took: 0.0017304 seconds
2021-07-18T03:08:12.773+1000: 2135.924: Application time: 0.0001957 seconds
2021-07-18T03:08:12.774+1000: 2135.925: Total time for which application threads were stopped: 0.0012596 seconds, Stopping threads took: 0.0002088 seconds
2021-07-18T03:08:12.791+1000: 2135.942: Application time: 0.0167246 seconds
2021-07-18T03:08:12.793+1000: 2135.944: Total time for which application threads were stopped: 0.0024548 seconds, Stopping threads took: 0.0002006 seconds
2021-07-18T03:08:13.685+1000: 2136.836: Application time: 0.8919977 seconds
2021-07-18T03:08:13.687+1000: 2136.837: Total time for which application threads were stopped: 0.0014163 seconds, Stopping threads took: 0.0003245 seconds
2021-07-18T03:08:13.687+1000: 2136.838: Application time: 0.0002376 seconds
2021-07-18T03:08:13.688+1000: 2136.838: Total time for which application threads were stopped: 0.0006261 seconds, Stopping threads took: 0.0001878 seconds
2021-07-18T03:08:13.688+1000: 2136.839: Application time: 0.0002099 seconds
2021-07-18T03:08:13.689+1000: 2136.839: Total time for which application threads were stopped: 0.0005597 seconds, Stopping threads took: 0.0001527 seconds
2021-07-18T03:08:13.689+1000: 2136.840: Application time: 0.0004906 seconds
2021-07-18T03:08:13.690+1000: 2136.840: Total time for which application threads were stopped: 0.0005707 seconds, Stopping threads took: 0.0001500 seconds
2021-07-18T03:08:13.690+1000: 2136.841: Application time: 0.0007341 seconds
2021-07-18T03:08:13.691+1000: 2136.842: Total time for which application threads were stopped: 0.0006413 seconds, Stopping threads took: 0.0001883 seconds
2021-07-18T03:08:13.691+1000: 2136.842: Application time: 0.0002996 seconds
2021-07-18T03:08:13.692+1000: 2136.843: Total time for which application threads were stopped: 0.0007280 seconds, Stopping threads took: 0.0002873 seconds
2021-07-18T03:08:13.692+1000: 2136.843: Application time: 0.0005564 seconds
2021-07-18T03:08:13.693+1000: 2136.844: Total time for which application threads were stopped: 0.0005557 seconds, Stopping threads took: 0.0001836 seconds
2021-07-18T03:08:13.694+1000: 2136.845: Application time: 0.0010515 seconds
2021-07-18T03:08:13.695+1000: 2136.845: Total time for which application threads were stopped: 0.0006369 seconds, Stopping threads took: 0.0001990 seconds
2021-07-18T03:08:13.695+1000: 2136.846: Application time: 0.0002355 seconds
2021-07-18T03:08:13.696+1000: 2136.846: Total time for which application threads were stopped: 0.0004720 seconds, Stopping threads took: 0.0000898 seconds
2021-07-18T03:08:13.696+1000: 2136.847: Application time: 0.0004167 seconds
2021-07-18T03:08:13.696+1000: 2136.847: Total time for which application threads were stopped: 0.0005176 seconds, Stopping threads took: 0.0001274 seconds
2021-07-18T03:08:13.697+1000: 2136.847: Application time: 0.0002144 seconds
2021-07-18T03:08:13.698+1000: 2136.849: Total time for which application threads were stopped: 0.0013255 seconds, Stopping threads took: 0.0000756 seconds
2021-07-18T03:08:13.698+1000: 2136.849: Application time: 0.0002887 seconds
2021-07-18T03:08:13.699+1000: 2136.849: Total time for which application threads were stopped: 0.0005235 seconds, Stopping threads took: 0.0000913 seconds
2021-07-18T03:08:13.699+1000: 2136.850: Application time: 0.0001364 seconds
2021-07-18T03:08:13.699+1000: 2136.850: Total time for which application threads were stopped: 0.0004716 seconds, Stopping threads took: 0.0000882 seconds
2021-07-18T03:08:13.700+1000: 2136.850: Application time: 0.0001268 seconds
2021-07-18T03:08:13.700+1000: 2136.851: Total time for which application threads were stopped: 0.0004397 seconds, Stopping threads took: 0.0000882 seconds
2021-07-18T03:08:13.700+1000: 2136.851: Application time: 0.0003026 seconds
2021-07-18T03:08:13.701+1000: 2136.851: Total time for which application threads were stopped: 0.0004295 seconds, Stopping threads took: 0.0000793 seconds
2021-07-18T03:08:13.701+1000: 2136.852: Application time: 0.0002299 seconds
2021-07-18T03:08:13.701+1000: 2136.852: Total time for which application threads were stopped: 0.0004782 seconds, Stopping threads took: 0.0001160 seconds
2021-07-18T03:08:13.702+1000: 2136.852: Application time: 0.0002154 seconds
2021-07-18T03:08:13.702+1000: 2136.853: Total time for which application threads were stopped: 0.0004300 seconds, Stopping threads took: 0.0000788 seconds
2021-07-18T03:08:13.702+1000: 2136.853: Application time: 0.0002316 seconds
2021-07-18T03:08:13.703+1000: 2136.853: Total time for which application threads were stopped: 0.0004328 seconds, Stopping threads took: 0.0000802 seconds
2021-07-18T03:08:13.703+1000: 2136.854: Application time: 0.0002031 seconds
2021-07-18T03:08:13.703+1000: 2136.854: Total time for which application threads were stopped: 0.0004302 seconds, Stopping threads took: 0.0000783 seconds
2021-07-18T03:08:13.704+1000: 2136.854: Application time: 0.0001912 seconds
2021-07-18T03:08:13.706+1000: 2136.857: Total time for which application threads were stopped: 0.0022909 seconds, Stopping threads took: 0.0000877 seconds
2021-07-18T03:08:13.762+1000: 2136.913: Application time: 0.0560495 seconds
2021-07-18T03:08:13.763+1000: 2136.914: Total time for which application threads were stopped: 0.0013119 seconds, Stopping threads took: 0.0002877 seconds
2021-07-18T03:08:13.950+1000: 2137.100: Application time: 0.1866201 seconds
2021-07-18T03:08:13.951+1000: 2137.102: Total time for which application threads were stopped: 0.0013506 seconds, Stopping threads took: 0.0002507 seconds
2021-07-18T03:08:13.973+1000: 2137.124: Application time: 0.0220059 seconds
2021-07-18T03:08:13.975+1000: 2137.125: Total time for which application threads were stopped: 0.0016070 seconds, Stopping threads took: 0.0002693 seconds
2021-07-18T03:08:15.956+1000: 2139.107: Application time: 1.9812660 seconds
2021-07-18T03:08:15.958+1000: 2139.109: Total time for which application threads were stopped: 0.0022898 seconds, Stopping threads took: 0.0003752 seconds
2021-07-18T03:08:15.982+1000: 2139.132: Application time: 0.0232696 seconds
2021-07-18T03:08:15.983+1000: 2139.134: Total time for which application threads were stopped: 0.0011532 seconds, Stopping threads took: 0.0002182 seconds
2021-07-18T03:08:17.867+1000: 2141.018: Application time: 1.8843192 seconds
2021-07-18T03:08:17.869+1000: 2141.019: Total time for which application threads were stopped: 0.0013019 seconds, Stopping threads took: 0.0004088 seconds
2021-07-18T03:08:17.869+1000: 2141.019: Application time: 0.0001562 seconds
2021-07-18T03:08:17.869+1000: 2141.020: Total time for which application threads were stopped: 0.0006449 seconds, Stopping threads took: 0.0002413 seconds
2021-07-18T03:08:17.887+1000: 2141.038: Application time: 0.0177063 seconds
2021-07-18T03:08:17.888+1000: 2141.039: Total time for which application threads were stopped: 0.0013322 seconds, Stopping threads took: 0.0003432 seconds
2021-07-18T03:08:17.889+1000: 2141.039: Application time: 0.0004170 seconds
2021-07-18T03:08:17.890+1000: 2141.040: Total time for which application threads were stopped: 0.0007708 seconds, Stopping threads took: 0.0003203 seconds
2021-07-18T03:08:17.923+1000: 2141.074: Application time: 0.0337239 seconds
2021-07-18T03:08:17.926+1000: 2141.077: Total time for which application threads were stopped: 0.0025994 seconds, Stopping threads took: 0.0003342 seconds
2021-07-18T03:08:17.926+1000: 2141.077: Application time: 0.0003751 seconds
2021-07-18T03:08:17.928+1000: 2141.078: Total time for which application threads were stopped: 0.0013218 seconds, Stopping threads took: 0.0001826 seconds
2021-07-18T03:08:17.940+1000: 2141.090: Application time: 0.0119516 seconds
2021-07-18T03:08:17.941+1000: 2141.092: Total time for which application threads were stopped: 0.0015358 seconds, Stopping threads took: 0.0002884 seconds
2021-07-18T03:08:17.950+1000: 2141.100: Application time: 0.0084972 seconds
2021-07-18T03:08:17.951+1000: 2141.102: Total time for which application threads were stopped: 0.0015568 seconds, Stopping threads took: 0.0002929 seconds
2021-07-18T03:08:17.985+1000: 2141.136: Application time: 0.0342441 seconds
2021-07-18T03:08:17.987+1000: 2141.137: Total time for which application threads were stopped: 0.0013443 seconds, Stopping threads took: 0.0003586 seconds
2021-07-18T03:08:19.348+1000: 2142.499: Application time: 1.3615686 seconds
2021-07-18T03:08:19.350+1000: 2142.500: Total time for which application threads were stopped: 0.0013526 seconds, Stopping threads took: 0.0002153 seconds
2021-07-18T03:08:19.350+1000: 2142.501: Application time: 0.0002227 seconds
2021-07-18T03:08:19.351+1000: 2142.501: Total time for which application threads were stopped: 0.0006746 seconds, Stopping threads took: 0.0001199 seconds
2021-07-18T03:08:19.351+1000: 2142.501: Application time: 0.0001623 seconds
2021-07-18T03:08:19.351+1000: 2142.502: Total time for which application threads were stopped: 0.0006152 seconds, Stopping threads took: 0.0001265 seconds
2021-07-18T03:08:19.352+1000: 2142.502: Application time: 0.0001346 seconds
2021-07-18T03:08:19.352+1000: 2142.503: Total time for which application threads were stopped: 0.0005217 seconds, Stopping threads took: 0.0000627 seconds
2021-07-18T03:08:19.352+1000: 2142.503: Application time: 0.0001086 seconds
2021-07-18T03:08:19.353+1000: 2142.503: Total time for which application threads were stopped: 0.0005372 seconds, Stopping threads took: 0.0000623 seconds
2021-07-18T03:08:19.353+1000: 2142.503: Application time: 0.0001264 seconds
2021-07-18T03:08:19.353+1000: 2142.504: Total time for which application threads were stopped: 0.0005532 seconds, Stopping threads took: 0.0000712 seconds
2021-07-18T03:08:19.354+1000: 2142.504: Application time: 0.0001624 seconds
2021-07-18T03:08:19.354+1000: 2142.505: Total time for which application threads were stopped: 0.0005913 seconds, Stopping threads took: 0.0000702 seconds
2021-07-18T03:08:19.354+1000: 2142.505: Application time: 0.0001434 seconds
2021-07-18T03:08:19.355+1000: 2142.505: Total time for which application threads were stopped: 0.0004787 seconds, Stopping threads took: 0.0000759 seconds
2021-07-18T03:08:19.355+1000: 2142.506: Application time: 0.0001041 seconds
2021-07-18T03:08:19.355+1000: 2142.506: Total time for which application threads were stopped: 0.0004238 seconds, Stopping threads took: 0.0000593 seconds
2021-07-18T03:08:19.355+1000: 2142.506: Application time: 0.0001000 seconds
2021-07-18T03:08:19.356+1000: 2142.507: Total time for which application threads were stopped: 0.0004306 seconds, Stopping threads took: 0.0000577 seconds
2021-07-18T03:08:19.356+1000: 2142.507: Application time: 0.0000996 seconds
2021-07-18T03:08:19.357+1000: 2142.507: Total time for which application threads were stopped: 0.0005581 seconds, Stopping threads took: 0.0000755 seconds
2021-07-18T03:08:19.357+1000: 2142.507: Application time: 0.0001405 seconds
2021-07-18T03:08:19.357+1000: 2142.508: Total time for which application threads were stopped: 0.0005889 seconds, Stopping threads took: 0.0000805 seconds
2021-07-18T03:08:19.358+1000: 2142.508: Application time: 0.0002730 seconds
2021-07-18T03:08:19.358+1000: 2142.509: Total time for which application threads were stopped: 0.0004475 seconds, Stopping threads took: 0.0000759 seconds
2021-07-18T03:08:19.358+1000: 2142.509: Application time: 0.0001330 seconds
2021-07-18T03:08:19.359+1000: 2142.509: Total time for which application threads were stopped: 0.0004632 seconds, Stopping threads took: 0.0000657 seconds
2021-07-18T03:08:19.359+1000: 2142.509: Application time: 0.0001342 seconds
2021-07-18T03:08:19.359+1000: 2142.510: Total time for which application threads were stopped: 0.0004711 seconds, Stopping threads took: 0.0000778 seconds
2021-07-18T03:08:19.359+1000: 2142.510: Application time: 0.0001287 seconds
2021-07-18T03:08:19.360+1000: 2142.510: Total time for which application threads were stopped: 0.0004812 seconds, Stopping threads took: 0.0000668 seconds
2021-07-18T03:08:19.360+1000: 2142.511: Application time: 0.0001108 seconds
2021-07-18T03:08:19.360+1000: 2142.511: Total time for which application threads were stopped: 0.0005234 seconds, Stopping threads took: 0.0000803 seconds
2021-07-18T03:08:19.361+1000: 2142.511: Application time: 0.0001562 seconds
2021-07-18T03:08:19.361+1000: 2142.512: Total time for which application threads were stopped: 0.0005996 seconds, Stopping threads took: 0.0000937 seconds
2021-07-18T03:08:19.361+1000: 2142.512: Application time: 0.0001581 seconds
2021-07-18T03:08:19.362+1000: 2142.513: Total time for which application threads were stopped: 0.0006441 seconds, Stopping threads took: 0.0001019 seconds
2021-07-18T03:08:19.362+1000: 2142.513: Application time: 0.0001476 seconds
2021-07-18T03:08:19.365+1000: 2142.516: Total time for which application threads were stopped: 0.0032836 seconds, Stopping threads took: 0.0002181 seconds
2021-07-18T03:08:19.950+1000: 2143.101: Application time: 0.5850333 seconds
2021-07-18T03:08:19.952+1000: 2143.103: Total time for which application threads were stopped: 0.0014046 seconds, Stopping threads took: 0.0002315 seconds
2021-07-18T03:08:19.981+1000: 2143.132: Application time: 0.0294027 seconds
2021-07-18T03:08:19.983+1000: 2143.133: Total time for which application threads were stopped: 0.0013299 seconds, Stopping threads took: 0.0003133 seconds
2021-07-18T03:08:21.866+1000: 2145.017: Application time: 1.8836713 seconds
2021-07-18T03:08:21.869+1000: 2145.020: Total time for which application threads were stopped: 0.0027454 seconds, Stopping threads took: 0.0001901 seconds
2021-07-18T03:08:21.895+1000: 2145.046: Application time: 0.0263184 seconds
2021-07-18T03:08:21.897+1000: 2145.047: Total time for which application threads were stopped: 0.0013124 seconds, Stopping threads took: 0.0003018 seconds
2021-07-18T03:08:21.947+1000: 2145.097: Application time: 0.0499072 seconds
2021-07-18T03:08:21.948+1000: 2145.099: Total time for which application threads were stopped: 0.0012673 seconds, Stopping threads took: 0.0002424 seconds
2021-07-18T03:08:21.969+1000: 2145.120: Application time: 0.0210255 seconds
2021-07-18T03:08:21.970+1000: 2145.121: Total time for which application threads were stopped: 0.0011796 seconds, Stopping threads took: 0.0002307 seconds
2021-07-18T03:08:21.984+1000: 2145.135: Application time: 0.0139898 seconds
2021-07-18T03:08:21.986+1000: 2145.136: Total time for which application threads were stopped: 0.0014859 seconds, Stopping threads took: 0.0003031 seconds
2021-07-18T03:08:23.008+1000: 2146.158: Application time: 1.0219327 seconds
2021-07-18T03:08:23.009+1000: 2146.159: Total time for which application threads were stopped: 0.0011932 seconds, Stopping threads took: 0.0003462 seconds
2021-07-18T03:08:23.009+1000: 2146.160: Application time: 0.0001483 seconds
2021-07-18T03:08:23.009+1000: 2146.160: Total time for which application threads were stopped: 0.0004830 seconds, Stopping threads took: 0.0000878 seconds
2021-07-18T03:08:23.027+1000: 2146.178: Application time: 0.0174191 seconds
2021-07-18T03:08:23.028+1000: 2146.179: Total time for which application threads were stopped: 0.0015436 seconds, Stopping threads took: 0.0002509 seconds
2021-07-18T03:08:23.055+1000: 2146.206: Application time: 0.0270815 seconds
2021-07-18T03:08:23.057+1000: 2146.207: Total time for which application threads were stopped: 0.0011407 seconds, Stopping threads took: 0.0001960 seconds
2021-07-18T03:08:23.057+1000: 2146.207: Application time: 0.0001313 seconds
2021-07-18T03:08:23.057+1000: 2146.208: Total time for which application threads were stopped: 0.0005821 seconds, Stopping threads took: 0.0001521 seconds
2021-07-18T03:08:23.075+1000: 2146.225: Application time: 0.0173777 seconds
2021-07-18T03:08:23.076+1000: 2146.227: Total time for which application threads were stopped: 0.0011306 seconds, Stopping threads took: 0.0002286 seconds
2021-07-18T03:08:23.945+1000: 2147.096: Application time: 0.8694983 seconds
2021-07-18T03:08:23.946+1000: 2147.097: Total time for which application threads were stopped: 0.0011015 seconds, Stopping threads took: 0.0002462 seconds
2021-07-18T03:08:23.964+1000: 2147.115: Application time: 0.0176921 seconds
2021-07-18T03:08:23.965+1000: 2147.116: Total time for which application threads were stopped: 0.0010336 seconds, Stopping threads took: 0.0001987 seconds
2021-07-18T03:08:25.964+1000: 2149.115: Application time: 1.9991567 seconds
2021-07-18T03:08:25.965+1000: 2149.116: Total time for which application threads were stopped: 0.0011076 seconds, Stopping threads took: 0.0002220 seconds
2021-07-18T03:08:25.991+1000: 2149.142: Application time: 0.0258671 seconds
2021-07-18T03:08:25.993+1000: 2149.143: Total time for which application threads were stopped: 0.0011933 seconds, Stopping threads took: 0.0001822 seconds
2021-07-18T03:08:27.945+1000: 2151.096: Application time: 1.9528103 seconds
2021-07-18T03:08:27.947+1000: 2151.097: Total time for which application threads were stopped: 0.0011508 seconds, Stopping threads took: 0.0002209 seconds
2021-07-18T03:08:27.960+1000: 2151.110: Application time: 0.0132793 seconds
2021-07-18T03:08:27.961+1000: 2151.112: Total time for which application threads were stopped: 0.0010879 seconds, Stopping threads took: 0.0002198 seconds
2021-07-18T03:08:28.126+1000: 2151.276: Application time: 0.1647449 seconds
2021-07-18T03:08:28.127+1000: 2151.278: Total time for which application threads were stopped: 0.0014246 seconds, Stopping threads took: 0.0003489 seconds
2021-07-18T03:08:28.127+1000: 2151.278: Application time: 0.0002134 seconds
2021-07-18T03:08:28.128+1000: 2151.279: Total time for which application threads were stopped: 0.0006505 seconds, Stopping threads took: 0.0001095 seconds
2021-07-18T03:08:28.145+1000: 2151.296: Application time: 0.0172004 seconds
2021-07-18T03:08:28.147+1000: 2151.297: Total time for which application threads were stopped: 0.0014547 seconds, Stopping threads took: 0.0003312 seconds
2021-07-18T03:08:28.156+1000: 2151.306: Application time: 0.0089790 seconds
2021-07-18T03:08:28.157+1000: 2151.308: Total time for which application threads were stopped: 0.0017011 seconds, Stopping threads took: 0.0004590 seconds
2021-07-18T03:08:28.187+1000: 2151.338: Application time: 0.0300607 seconds
2021-07-18T03:08:28.189+1000: 2151.340: Total time for which application threads were stopped: 0.0019672 seconds, Stopping threads took: 0.0005379 seconds
2021-07-18T03:08:28.207+1000: 2151.358: Application time: 0.0178691 seconds
2021-07-18T03:08:28.209+1000: 2151.360: Total time for which application threads were stopped: 0.0018680 seconds, Stopping threads took: 0.0003805 seconds
2021-07-18T03:08:28.210+1000: 2151.361: Application time: 0.0007787 seconds
2021-07-18T03:08:28.210+1000: 2151.361: Total time for which application threads were stopped: 0.0004993 seconds, Stopping threads took: 0.0001141 seconds
2021-07-18T03:08:28.214+1000: 2151.365: Application time: 0.0037698 seconds
2021-07-18T03:08:28.215+1000: 2151.365: Total time for which application threads were stopped: 0.0006581 seconds, Stopping threads took: 0.0002658 seconds
2021-07-18T03:08:28.497+1000: 2151.648: Application time: 0.2820474 seconds
2021-07-18T03:08:28.498+1000: 2151.649: Total time for which application threads were stopped: 0.0014637 seconds, Stopping threads took: 0.0002445 seconds
2021-07-18T03:08:28.508+1000: 2151.658: Application time: 0.0091462 seconds
2021-07-18T03:08:28.509+1000: 2151.660: Total time for which application threads were stopped: 0.0013774 seconds, Stopping threads took: 0.0003851 seconds
2021-07-18T03:08:28.509+1000: 2151.660: Application time: 0.0002319 seconds
2021-07-18T03:08:28.510+1000: 2151.661: Total time for which application threads were stopped: 0.0009576 seconds, Stopping threads took: 0.0001906 seconds
2021-07-18T03:08:28.511+1000: 2151.661: Application time: 0.0004971 seconds
2021-07-18T03:08:28.511+1000: 2151.662: Total time for which application threads were stopped: 0.0005933 seconds, Stopping threads took: 0.0001795 seconds
2021-07-18T03:08:28.558+1000: 2151.708: Application time: 0.0466356 seconds
2021-07-18T03:08:28.559+1000: 2151.710: Total time for which application threads were stopped: 0.0011454 seconds, Stopping threads took: 0.0002252 seconds
2021-07-18T03:08:28.559+1000: 2151.710: Application time: 0.0001911 seconds
2021-07-18T03:08:28.560+1000: 2151.711: Total time for which application threads were stopped: 0.0006974 seconds, Stopping threads took: 0.0000778 seconds
2021-07-18T03:08:28.561+1000: 2151.711: Application time: 0.0007296 seconds
2021-07-18T03:08:28.561+1000: 2151.712: Total time for which application threads were stopped: 0.0005628 seconds, Stopping threads took: 0.0000712 seconds
2021-07-18T03:08:28.607+1000: 2151.758: Application time: 0.0458868 seconds
2021-07-18T03:08:28.608+1000: 2151.759: Total time for which application threads were stopped: 0.0012985 seconds, Stopping threads took: 0.0002312 seconds
2021-07-18T03:08:28.609+1000: 2151.759: Application time: 0.0002248 seconds
2021-07-18T03:08:28.610+1000: 2151.760: Total time for which application threads were stopped: 0.0011876 seconds, Stopping threads took: 0.0004496 seconds
2021-07-18T03:08:28.612+1000: 2151.763: Application time: 0.0021745 seconds
2021-07-18T03:08:28.613+1000: 2151.763: Total time for which application threads were stopped: 0.0007466 seconds, Stopping threads took: 0.0001640 seconds
2021-07-18T03:08:28.624+1000: 2151.775: Application time: 0.0114431 seconds
2021-07-18T03:08:28.625+1000: 2151.776: Total time for which application threads were stopped: 0.0011342 seconds, Stopping threads took: 0.0002799 seconds
2021-07-18T03:08:28.657+1000: 2151.808: Application time: 0.0320118 seconds
2021-07-18T03:08:28.659+1000: 2151.809: Total time for which application threads were stopped: 0.0013502 seconds, Stopping threads took: 0.0001719 seconds
2021-07-18T03:08:28.659+1000: 2151.810: Application time: 0.0006240 seconds
2021-07-18T03:08:28.660+1000: 2151.811: Total time for which application threads were stopped: 0.0009292 seconds, Stopping threads took: 0.0000960 seconds
2021-07-18T03:08:28.661+1000: 2151.812: Application time: 0.0007683 seconds
2021-07-18T03:08:28.662+1000: 2151.812: Total time for which application threads were stopped: 0.0008653 seconds, Stopping threads took: 0.0001930 seconds
2021-07-18T03:08:28.707+1000: 2151.858: Application time: 0.0454608 seconds
2021-07-18T03:08:28.709+1000: 2151.859: Total time for which application threads were stopped: 0.0014781 seconds, Stopping threads took: 0.0004512 seconds
2021-07-18T03:08:28.709+1000: 2151.860: Application time: 0.0002079 seconds
2021-07-18T03:08:28.710+1000: 2151.861: Total time for which application threads were stopped: 0.0008161 seconds, Stopping threads took: 0.0001685 seconds
2021-07-18T03:08:28.710+1000: 2151.861: Application time: 0.0005686 seconds
2021-07-18T03:08:28.711+1000: 2151.862: Total time for which application threads were stopped: 0.0009531 seconds, Stopping threads took: 0.0002288 seconds
2021-07-18T03:08:29.054+1000: 2152.205: Application time: 0.3430666 seconds
2021-07-18T03:08:29.056+1000: 2152.206: Total time for which application threads were stopped: 0.0011183 seconds, Stopping threads took: 0.0002025 seconds
2021-07-18T03:08:29.952+1000: 2153.103: Application time: 0.8964172 seconds
2021-07-18T03:08:29.953+1000: 2153.104: Total time for which application threads were stopped: 0.0010844 seconds, Stopping threads took: 0.0001984 seconds
2021-07-18T03:08:29.969+1000: 2153.120: Application time: 0.0162011 seconds
2021-07-18T03:08:29.970+1000: 2153.121: Total time for which application threads were stopped: 0.0011229 seconds, Stopping threads took: 0.0002291 seconds
2021-07-18T03:08:31.866+1000: 2155.016: Application time: 1.8953704 seconds
2021-07-18T03:08:31.867+1000: 2155.018: Total time for which application threads were stopped: 0.0010803 seconds, Stopping threads took: 0.0001951 seconds
2021-07-18T03:08:31.879+1000: 2155.030: Application time: 0.0124491 seconds
2021-07-18T03:08:31.881+1000: 2155.031: Total time for which application threads were stopped: 0.0011723 seconds, Stopping threads took: 0.0002578 seconds
2021-07-18T03:08:31.946+1000: 2155.097: Application time: 0.0655746 seconds
2021-07-18T03:08:31.947+1000: 2155.098: Total time for which application threads were stopped: 0.0012836 seconds, Stopping threads took: 0.0002220 seconds
2021-07-18T03:08:31.967+1000: 2155.118: Application time: 0.0196368 seconds
2021-07-18T03:08:31.969+1000: 2155.119: Total time for which application threads were stopped: 0.0015094 seconds, Stopping threads took: 0.0002680 seconds
2021-07-18T03:08:31.976+1000: 2155.126: Application time: 0.0072701 seconds
2021-07-18T03:08:31.981+1000: 2155.132: Total time for which application threads were stopped: 0.0053076 seconds, Stopping threads took: 0.0003470 seconds
2021-07-18T03:08:33.272+1000: 2156.423: Application time: 1.2908055 seconds
2021-07-18T03:08:33.273+1000: 2156.424: Total time for which application threads were stopped: 0.0013945 seconds, Stopping threads took: 0.0004097 seconds
2021-07-18T03:08:33.273+1000: 2156.424: Application time: 0.0001392 seconds
2021-07-18T03:08:33.274+1000: 2156.425: Total time for which application threads were stopped: 0.0007636 seconds, Stopping threads took: 0.0003500 seconds
2021-07-18T03:08:33.314+1000: 2156.464: Application time: 0.0394868 seconds
2021-07-18T03:08:33.315+1000: 2156.466: Total time for which application threads were stopped: 0.0013028 seconds, Stopping threads took: 0.0003224 seconds
2021-07-18T03:08:33.322+1000: 2156.473: Application time: 0.0069751 seconds
2021-07-18T03:08:33.323+1000: 2156.474: Total time for which application threads were stopped: 0.0010416 seconds, Stopping threads took: 0.0001293 seconds
2021-07-18T03:08:33.331+1000: 2156.482: Application time: 0.0083164 seconds
2021-07-18T03:08:33.332+1000: 2156.483: Total time for which application threads were stopped: 0.0008693 seconds, Stopping threads took: 0.0001791 seconds
2021-07-18T03:08:33.334+1000: 2156.484: Application time: 0.0014448 seconds
2021-07-18T03:08:33.334+1000: 2156.485: Total time for which application threads were stopped: 0.0003941 seconds, Stopping threads took: 0.0000529 seconds
2021-07-18T03:08:33.353+1000: 2156.504: Application time: 0.0190600 seconds
2021-07-18T03:08:33.354+1000: 2156.505: Total time for which application threads were stopped: 0.0009691 seconds, Stopping threads took: 0.0001478 seconds
2021-07-18T03:08:33.947+1000: 2157.098: Application time: 0.5932070 seconds
2021-07-18T03:08:33.949+1000: 2157.099: Total time for which application threads were stopped: 0.0014905 seconds, Stopping threads took: 0.0002477 seconds
2021-07-18T03:08:33.969+1000: 2157.120: Application time: 0.0201669 seconds
2021-07-18T03:08:33.971+1000: 2157.121: Total time for which application threads were stopped: 0.0015465 seconds, Stopping threads took: 0.0002834 seconds
2021-07-18T03:08:34.056+1000: 2157.207: Application time: 0.0855633 seconds
2021-07-18T03:08:34.057+1000: 2157.208: Total time for which application threads were stopped: 0.0013248 seconds, Stopping threads took: 0.0002622 seconds
2021-07-18T03:08:35.948+1000: 2159.099: Application time: 1.8907501 seconds
2021-07-18T03:08:35.950+1000: 2159.101: Total time for which application threads were stopped: 0.0019905 seconds, Stopping threads took: 0.0004579 seconds
2021-07-18T03:08:35.970+1000: 2159.121: Application time: 0.0201615 seconds
2021-07-18T03:08:35.972+1000: 2159.122: Total time for which application threads were stopped: 0.0014764 seconds, Stopping threads took: 0.0002438 seconds
2021-07-18T03:08:37.946+1000: 2161.097: Application time: 1.9746557 seconds
2021-07-18T03:08:37.948+1000: 2161.098: Total time for which application threads were stopped: 0.0011084 seconds, Stopping threads took: 0.0002050 seconds
2021-07-18T03:08:37.967+1000: 2161.117: Application time: 0.0192208 seconds
2021-07-18T03:08:37.969+1000: 2161.119: Total time for which application threads were stopped: 0.0016875 seconds, Stopping threads took: 0.0002421 seconds
2021-07-18T03:08:38.404+1000: 2161.555: Application time: 0.4357393 seconds
2021-07-18T03:08:38.406+1000: 2161.556: Total time for which application threads were stopped: 0.0014904 seconds, Stopping threads took: 0.0002751 seconds
2021-07-18T03:08:38.407+1000: 2161.558: Application time: 0.0012673 seconds
2021-07-18T03:08:38.408+1000: 2161.558: Total time for which application threads were stopped: 0.0007462 seconds, Stopping threads took: 0.0001256 seconds
2021-07-18T03:08:38.438+1000: 2161.588: Application time: 0.0299408 seconds
2021-07-18T03:08:38.439+1000: 2161.590: Total time for which application threads were stopped: 0.0016986 seconds, Stopping threads took: 0.0004739 seconds
2021-07-18T03:08:38.440+1000: 2161.591: Application time: 0.0004953 seconds
2021-07-18T03:08:38.441+1000: 2161.592: Total time for which application threads were stopped: 0.0012844 seconds, Stopping threads took: 0.0003402 seconds
2021-07-18T03:08:38.477+1000: 2161.628: Application time: 0.0361872 seconds
2021-07-18T03:08:38.479+1000: 2161.629: Total time for which application threads were stopped: 0.0013648 seconds, Stopping threads took: 0.0004392 seconds
2021-07-18T03:08:38.479+1000: 2161.630: Application time: 0.0001684 seconds
2021-07-18T03:08:38.479+1000: 2161.630: Total time for which application threads were stopped: 0.0004494 seconds, Stopping threads took: 0.0001029 seconds
2021-07-18T03:08:38.498+1000: 2161.649: Application time: 0.0184968 seconds
2021-07-18T03:08:38.507+1000: 2161.657: Total time for which application threads were stopped: 0.0089476 seconds, Stopping threads took: 0.0076932 seconds
2021-07-18T03:08:39.957+1000: 2163.107: Application time: 1.4498150 seconds
2021-07-18T03:08:39.958+1000: 2163.109: Total time for which application threads were stopped: 0.0014369 seconds, Stopping threads took: 0.0002742 seconds
2021-07-18T03:08:39.974+1000: 2163.124: Application time: 0.0154538 seconds
2021-07-18T03:08:39.975+1000: 2163.126: Total time for which application threads were stopped: 0.0014413 seconds, Stopping threads took: 0.0003272 seconds
2021-07-18T03:08:41.866+1000: 2165.017: Application time: 1.8912278 seconds
2021-07-18T03:08:41.867+1000: 2165.018: Total time for which application threads were stopped: 0.0010961 seconds, Stopping threads took: 0.0001923 seconds
2021-07-18T03:08:41.881+1000: 2165.032: Application time: 0.0140444 seconds
2021-07-18T03:08:41.887+1000: 2165.038: Total time for which application threads were stopped: 0.0055756 seconds, Stopping threads took: 0.0042760 seconds
2021-07-18T03:08:41.947+1000: 2165.098: Application time: 0.0599426 seconds
2021-07-18T03:08:41.948+1000: 2165.099: Total time for which application threads were stopped: 0.0013785 seconds, Stopping threads took: 0.0002667 seconds
2021-07-18T03:08:41.976+1000: 2165.127: Application time: 0.0280230 seconds
2021-07-18T03:08:41.978+1000: 2165.128: Total time for which application threads were stopped: 0.0014171 seconds, Stopping threads took: 0.0002446 seconds
2021-07-18T03:08:41.980+1000: 2165.130: Application time: 0.0017250 seconds
2021-07-18T03:08:41.981+1000: 2165.131: Total time for which application threads were stopped: 0.0010521 seconds, Stopping threads took: 0.0002549 seconds
2021-07-18T03:08:43.558+1000: 2166.709: Application time: 1.5778909 seconds
2021-07-18T03:08:43.560+1000: 2166.711: Total time for which application threads were stopped: 0.0018484 seconds, Stopping threads took: 0.0009807 seconds
2021-07-18T03:08:43.560+1000: 2166.711: Application time: 0.0001129 seconds
2021-07-18T03:08:43.561+1000: 2166.712: Total time for which application threads were stopped: 0.0005071 seconds, Stopping threads took: 0.0001126 seconds
2021-07-18T03:08:43.576+1000: 2166.727: Application time: 0.0154613 seconds
2021-07-18T03:08:43.578+1000: 2166.728: Total time for which application threads were stopped: 0.0011846 seconds, Stopping threads took: 0.0002698 seconds
2021-07-18T03:08:43.578+1000: 2166.729: Application time: 0.0003038 seconds
2021-07-18T03:08:43.579+1000: 2166.729: Total time for which application threads were stopped: 0.0006636 seconds, Stopping threads took: 0.0001911 seconds
2021-07-18T03:08:43.606+1000: 2166.757: Application time: 0.0274850 seconds
2021-07-18T03:08:43.607+1000: 2166.758: Total time for which application threads were stopped: 0.0011127 seconds, Stopping threads took: 0.0002542 seconds
2021-07-18T03:08:43.607+1000: 2166.758: Application time: 0.0001311 seconds
2021-07-18T03:08:43.608+1000: 2166.759: Total time for which application threads were stopped: 0.0005786 seconds, Stopping threads took: 0.0000940 seconds
2021-07-18T03:08:43.617+1000: 2166.768: Application time: 0.0094100 seconds
2021-07-18T03:08:43.620+1000: 2166.771: Total time for which application threads were stopped: 0.0029863 seconds, Stopping threads took: 0.0003264 seconds
2021-07-18T03:08:43.945+1000: 2167.096: Application time: 0.3249746 seconds
2021-07-18T03:08:43.947+1000: 2167.097: Total time for which application threads were stopped: 0.0013081 seconds, Stopping threads took: 0.0004046 seconds
2021-07-18T03:08:43.969+1000: 2167.120: Application time: 0.0226033 seconds
2021-07-18T03:08:43.970+1000: 2167.121: Total time for which application threads were stopped: 0.0011320 seconds, Stopping threads took: 0.0002166 seconds
2021-07-18T03:08:45.946+1000: 2169.097: Application time: 1.9755761 seconds
2021-07-18T03:08:45.947+1000: 2169.098: Total time for which application threads were stopped: 0.0011151 seconds, Stopping threads took: 0.0002190 seconds
2021-07-18T03:08:45.962+1000: 2169.113: Application time: 0.0153971 seconds
2021-07-18T03:08:45.964+1000: 2169.114: Total time for which application threads were stopped: 0.0011677 seconds, Stopping threads took: 0.0002372 seconds
2021-07-18T03:08:46.964+1000: 2170.114: Application time: 1.0001834 seconds
2021-07-18T03:08:46.965+1000: 2170.116: Total time for which application threads were stopped: 0.0014782 seconds, Stopping threads took: 0.0002152 seconds
2021-07-18T03:08:47.949+1000: 2171.099: Application time: 0.9834594 seconds
2021-07-18T03:08:47.950+1000: 2171.101: Total time for which application threads were stopped: 0.0016690 seconds, Stopping threads took: 0.0002864 seconds
2021-07-18T03:08:47.980+1000: 2171.130: Application time: 0.0294474 seconds
2021-07-18T03:08:47.981+1000: 2171.132: Total time for which application threads were stopped: 0.0011699 seconds, Stopping threads took: 0.0002177 seconds
2021-07-18T03:08:48.690+1000: 2171.841: Application time: 0.7091253 seconds
2021-07-18T03:08:48.691+1000: 2171.842: Total time for which application threads were stopped: 0.0012620 seconds, Stopping threads took: 0.0003527 seconds
2021-07-18T03:08:48.692+1000: 2171.842: Application time: 0.0001209 seconds
2021-07-18T03:08:48.692+1000: 2171.843: Total time for which application threads were stopped: 0.0005427 seconds, Stopping threads took: 0.0001717 seconds
2021-07-18T03:08:48.700+1000: 2171.850: Application time: 0.0074911 seconds
2021-07-18T03:08:48.701+1000: 2171.851: Total time for which application threads were stopped: 0.0010702 seconds, Stopping threads took: 0.0003819 seconds
2021-07-18T03:08:48.729+1000: 2171.879: Application time: 0.0278281 seconds
2021-07-18T03:08:48.730+1000: 2171.881: Total time for which application threads were stopped: 0.0015060 seconds, Stopping threads took: 0.0002929 seconds
2021-07-18T03:08:48.730+1000: 2171.881: Application time: 0.0001641 seconds
2021-07-18T03:08:48.733+1000: 2171.883: Total time for which application threads were stopped: 0.0026007 seconds, Stopping threads took: 0.0001376 seconds
2021-07-18T03:08:48.761+1000: 2171.912: Application time: 0.0286465 seconds
2021-07-18T03:08:48.763+1000: 2171.914: Total time for which application threads were stopped: 0.0014263 seconds, Stopping threads took: 0.0003024 seconds
2021-07-18T03:08:49.947+1000: 2173.097: Application time: 1.1838071 seconds
2021-07-18T03:08:49.948+1000: 2173.099: Total time for which application threads were stopped: 0.0012161 seconds, Stopping threads took: 0.0002313 seconds
2021-07-18T03:08:49.961+1000: 2173.111: Application time: 0.0127467 seconds
2021-07-18T03:08:49.962+1000: 2173.113: Total time for which application threads were stopped: 0.0012751 seconds, Stopping threads took: 0.0002191 seconds
2021-07-18T03:08:51.866+1000: 2175.017: Application time: 1.9040206 seconds
2021-07-18T03:08:51.867+1000: 2175.018: Total time for which application threads were stopped: 0.0012588 seconds, Stopping threads took: 0.0002212 seconds
2021-07-18T03:08:51.883+1000: 2175.034: Application time: 0.0158104 seconds
2021-07-18T03:08:51.884+1000: 2175.035: Total time for which application threads were stopped: 0.0012619 seconds, Stopping threads took: 0.0003224 seconds
2021-07-18T03:08:51.946+1000: 2175.097: Application time: 0.0620137 seconds
2021-07-18T03:08:51.948+1000: 2175.098: Total time for which application threads were stopped: 0.0012588 seconds, Stopping threads took: 0.0002298 seconds
2021-07-18T03:08:51.972+1000: 2175.122: Application time: 0.0240092 seconds
2021-07-18T03:08:51.973+1000: 2175.123: Total time for which application threads were stopped: 0.0011951 seconds, Stopping threads took: 0.0002261 seconds
2021-07-18T03:08:51.979+1000: 2175.129: Application time: 0.0057211 seconds
2021-07-18T03:08:51.980+1000: 2175.131: Total time for which application threads were stopped: 0.0018667 seconds, Stopping threads took: 0.0008378 seconds
2021-07-18T03:08:52.981+1000: 2176.131: Application time: 1.0001999 seconds
2021-07-18T03:08:52.982+1000: 2176.132: Total time for which application threads were stopped: 0.0012572 seconds, Stopping threads took: 0.0002065 seconds
2021-07-18T03:08:53.849+1000: 2177.000: Application time: 0.8670629 seconds
2021-07-18T03:08:53.850+1000: 2177.001: Total time for which application threads were stopped: 0.0013190 seconds, Stopping threads took: 0.0002021 seconds
2021-07-18T03:08:53.850+1000: 2177.001: Application time: 0.0001109 seconds
2021-07-18T03:08:53.859+1000: 2177.009: Total time for which application threads were stopped: 0.0082132 seconds, Stopping threads took: 0.0072143 seconds
2021-07-18T03:08:53.873+1000: 2177.024: Application time: 0.0144752 seconds
2021-07-18T03:08:53.874+1000: 2177.025: Total time for which application threads were stopped: 0.0012177 seconds, Stopping threads took: 0.0002091 seconds
2021-07-18T03:08:53.903+1000: 2177.054: Application time: 0.0286840 seconds
2021-07-18T03:08:53.905+1000: 2177.055: Total time for which application threads were stopped: 0.0016438 seconds, Stopping threads took: 0.0005890 seconds
2021-07-18T03:08:53.905+1000: 2177.056: Application time: 0.0003061 seconds
2021-07-18T03:08:53.906+1000: 2177.057: Total time for which application threads were stopped: 0.0011224 seconds, Stopping threads took: 0.0003462 seconds
2021-07-18T03:08:53.927+1000: 2177.078: Application time: 0.0208679 seconds
2021-07-18T03:08:53.928+1000: 2177.079: Total time for which application threads were stopped: 0.0011251 seconds, Stopping threads took: 0.0002074 seconds
2021-07-18T03:08:53.947+1000: 2177.098: Application time: 0.0193980 seconds
2021-07-18T03:08:53.950+1000: 2177.100: Total time for which application threads were stopped: 0.0021523 seconds, Stopping threads took: 0.0002190 seconds
2021-07-18T03:08:53.966+1000: 2177.117: Application time: 0.0167741 seconds
2021-07-18T03:08:53.968+1000: 2177.118: Total time for which application threads were stopped: 0.0011202 seconds, Stopping threads took: 0.0002444 seconds
2021-07-18T03:08:54.666+1000: 2177.817: Application time: 0.6988118 seconds
2021-07-18T03:08:54.668+1000: 2177.818: Total time for which application threads were stopped: 0.0013257 seconds, Stopping threads took: 0.0003277 seconds
2021-07-18T03:08:55.965+1000: 2179.116: Application time: 1.2974209 seconds
2021-07-18T03:08:55.967+1000: 2179.117: Total time for which application threads were stopped: 0.0014651 seconds, Stopping threads took: 0.0003531 seconds
2021-07-18T03:08:55.986+1000: 2179.137: Application time: 0.0193353 seconds
2021-07-18T03:08:55.987+1000: 2179.138: Total time for which application threads were stopped: 0.0014056 seconds, Stopping threads took: 0.0003232 seconds
2021-07-18T03:08:56.987+1000: 2180.138: Application time: 1.0001761 seconds
2021-07-18T03:08:56.989+1000: 2180.139: Total time for which application threads were stopped: 0.0010070 seconds, Stopping threads took: 0.0002113 seconds
2021-07-18T03:08:57.946+1000: 2181.097: Application time: 0.9575954 seconds
2021-07-18T03:08:57.947+1000: 2181.098: Total time for which application threads were stopped: 0.0011523 seconds, Stopping threads took: 0.0002291 seconds
2021-07-18T03:08:57.962+1000: 2181.113: Application time: 0.0149835 seconds
2021-07-18T03:08:57.963+1000: 2181.114: Total time for which application threads were stopped: 0.0010528 seconds, Stopping threads took: 0.0001743 seconds
2021-07-18T03:08:58.985+1000: 2182.136: Application time: 1.0220275 seconds
2021-07-18T03:08:58.987+1000: 2182.137: Total time for which application threads were stopped: 0.0013109 seconds, Stopping threads took: 0.0004523 seconds
2021-07-18T03:08:58.987+1000: 2182.137: Application time: 0.0001462 seconds
2021-07-18T03:08:58.987+1000: 2182.138: Total time for which application threads were stopped: 0.0004578 seconds, Stopping threads took: 0.0000738 seconds
2021-07-18T03:08:59.017+1000: 2182.167: Application time: 0.0295907 seconds
2021-07-18T03:08:59.021+1000: 2182.172: Total time for which application threads were stopped: 0.0045063 seconds, Stopping threads took: 0.0035876 seconds
2021-07-18T03:08:59.030+1000: 2182.181: Application time: 0.0086131 seconds
2021-07-18T03:08:59.031+1000: 2182.182: Total time for which application threads were stopped: 0.0012687 seconds, Stopping threads took: 0.0002032 seconds
2021-07-18T03:08:59.044+1000: 2182.194: Application time: 0.0124740 seconds
2021-07-18T03:08:59.045+1000: 2182.195: Total time for which application threads were stopped: 0.0010694 seconds, Stopping threads took: 0.0001864 seconds
2021-07-18T03:08:59.046+1000: 2182.197: Application time: 0.0016090 seconds
2021-07-18T03:08:59.048+1000: 2182.198: Total time for which application threads were stopped: 0.0011217 seconds, Stopping threads took: 0.0003124 seconds
2021-07-18T03:08:59.056+1000: 2182.207: Application time: 0.0088104 seconds
2021-07-18T03:08:59.076+1000: 2182.227: Total time for which application threads were stopped: 0.0197782 seconds, Stopping threads took: 0.0172816 seconds
2021-07-18T03:08:59.076+1000: 2182.227: Application time: 0.0003270 seconds
2021-07-18T03:08:59.077+1000: 2182.228: Total time for which application threads were stopped: 0.0007915 seconds, Stopping threads took: 0.0002464 seconds
2021-07-18T03:08:59.078+1000: 2182.228: Application time: 0.0005404 seconds
2021-07-18T03:08:59.079+1000: 2182.229: Total time for which application threads were stopped: 0.0008772 seconds, Stopping threads took: 0.0001083 seconds
2021-07-18T03:08:59.947+1000: 2183.098: Application time: 0.8687208 seconds
2021-07-18T03:08:59.949+1000: 2183.099: Total time for which application threads were stopped: 0.0013200 seconds, Stopping threads took: 0.0002203 seconds
2021-07-18T03:08:59.975+1000: 2183.126: Application time: 0.0264311 seconds
2021-07-18T03:08:59.976+1000: 2183.127: Total time for which application threads were stopped: 0.0012324 seconds, Stopping threads took: 0.0002160 seconds
2021-07-18T03:09:01.868+1000: 2185.019: Application time: 1.8916673 seconds
2021-07-18T03:09:01.869+1000: 2185.020: Total time for which application threads were stopped: 0.0010835 seconds, Stopping threads took: 0.0002092 seconds
2021-07-18T03:09:01.875+1000: 2185.026: Application time: 0.0060961 seconds
2021-07-18T03:09:01.878+1000: 2185.028: Total time for which application threads were stopped: 0.0025717 seconds, Stopping threads took: 0.0001475 seconds
2021-07-18T03:09:01.887+1000: 2185.038: Application time: 0.0092646 seconds
2021-07-18T03:09:01.888+1000: 2185.039: Total time for which application threads were stopped: 0.0011172 seconds, Stopping threads took: 0.0002585 seconds
2021-07-18T03:09:01.945+1000: 2185.096: Application time: 0.0567842 seconds
2021-07-18T03:09:01.946+1000: 2185.097: Total time for which application threads were stopped: 0.0011992 seconds, Stopping threads took: 0.0002301 seconds
2021-07-18T03:09:01.964+1000: 2185.115: Application time: 0.0181562 seconds
2021-07-18T03:09:01.966+1000: 2185.117: Total time for which application threads were stopped: 0.0015095 seconds, Stopping threads took: 0.0004098 seconds
2021-07-18T03:09:01.981+1000: 2185.132: Application time: 0.0152634 seconds
2021-07-18T03:09:01.982+1000: 2185.133: Total time for which application threads were stopped: 0.0011357 seconds, Stopping threads took: 0.0002267 seconds
2021-07-18T03:09:03.949+1000: 2187.100: Application time: 1.9667242 seconds
2021-07-18T03:09:03.950+1000: 2187.101: Total time for which application threads were stopped: 0.0014249 seconds, Stopping threads took: 0.0002435 seconds
2021-07-18T03:09:03.975+1000: 2187.126: Application time: 0.0245838 seconds
2021-07-18T03:09:03.976+1000: 2187.127: Total time for which application threads were stopped: 0.0013521 seconds, Stopping threads took: 0.0002823 seconds
2021-07-18T03:09:04.078+1000: 2187.228: Application time: 0.1013103 seconds
2021-07-18T03:09:04.079+1000: 2187.230: Total time for which application threads were stopped: 0.0014792 seconds, Stopping threads took: 0.0006242 seconds
2021-07-18T03:09:04.123+1000: 2187.274: Application time: 0.0440649 seconds
2021-07-18T03:09:04.124+1000: 2187.275: Total time for which application threads were stopped: 0.0010082 seconds, Stopping threads took: 0.0001817 seconds
2021-07-18T03:09:04.125+1000: 2187.275: Application time: 0.0005834 seconds
2021-07-18T03:09:04.125+1000: 2187.276: Total time for which application threads were stopped: 0.0004836 seconds, Stopping threads took: 0.0000874 seconds
2021-07-18T03:09:04.134+1000: 2187.284: Application time: 0.0084060 seconds
2021-07-18T03:09:04.135+1000: 2187.285: Total time for which application threads were stopped: 0.0009969 seconds, Stopping threads took: 0.0002459 seconds
2021-07-18T03:09:04.135+1000: 2187.286: Application time: 0.0002409 seconds
2021-07-18T03:09:04.135+1000: 2187.286: Total time for which application threads were stopped: 0.0004465 seconds, Stopping threads took: 0.0000857 seconds
2021-07-18T03:09:04.187+1000: 2187.338: Application time: 0.0515080 seconds
2021-07-18T03:09:04.188+1000: 2187.339: Total time for which application threads were stopped: 0.0012657 seconds, Stopping threads took: 0.0002270 seconds
2021-07-18T03:09:04.190+1000: 2187.341: Application time: 0.0020021 seconds
2021-07-18T03:09:04.191+1000: 2187.342: Total time for which application threads were stopped: 0.0012498 seconds, Stopping threads took: 0.0004789 seconds
2021-07-18T03:09:04.223+1000: 2187.373: Application time: 0.0312451 seconds
2021-07-18T03:09:04.224+1000: 2187.375: Total time for which application threads were stopped: 0.0012658 seconds, Stopping threads took: 0.0001948 seconds
2021-07-18T03:09:04.224+1000: 2187.375: Application time: 0.0003230 seconds
2021-07-18T03:09:04.225+1000: 2187.376: Total time for which application threads were stopped: 0.0006558 seconds, Stopping threads took: 0.0000913 seconds
2021-07-18T03:09:05.225+1000: 2188.376: Application time: 1.0001909 seconds
2021-07-18T03:09:05.226+1000: 2188.377: Total time for which application threads were stopped: 0.0010632 seconds, Stopping threads took: 0.0002054 seconds
2021-07-18T03:09:05.950+1000: 2189.100: Application time: 0.7233284 seconds
2021-07-18T03:09:05.951+1000: 2189.101: Total time for which application threads were stopped: 0.0011084 seconds, Stopping threads took: 0.0002041 seconds
2021-07-18T03:09:05.975+1000: 2189.126: Application time: 0.0244532 seconds
2021-07-18T03:09:05.977+1000: 2189.127: Total time for which application threads were stopped: 0.0016173 seconds, Stopping threads took: 0.0007261 seconds
2021-07-18T03:09:07.945+1000: 2191.096: Application time: 1.9684921 seconds
2021-07-18T03:09:07.946+1000: 2191.097: Total time for which application threads were stopped: 0.0011999 seconds, Stopping threads took: 0.0002320 seconds
2021-07-18T03:09:07.971+1000: 2191.122: Application time: 0.0245196 seconds
2021-07-18T03:09:07.972+1000: 2191.123: Total time for which application threads were stopped: 0.0011570 seconds, Stopping threads took: 0.0001979 seconds
2021-07-18T03:09:09.287+1000: 2192.437: Application time: 1.3147011 seconds
2021-07-18T03:09:09.288+1000: 2192.439: Total time for which application threads were stopped: 0.0012861 seconds, Stopping threads took: 0.0002443 seconds
2021-07-18T03:09:09.289+1000: 2192.440: Application time: 0.0008075 seconds
2021-07-18T03:09:09.290+1000: 2192.440: Total time for which application threads were stopped: 0.0006427 seconds, Stopping threads took: 0.0000880 seconds
2021-07-18T03:09:09.306+1000: 2192.457: Application time: 0.0165831 seconds
2021-07-18T03:09:09.308+1000: 2192.458: Total time for which application threads were stopped: 0.0015788 seconds, Stopping threads took: 0.0002080 seconds
2021-07-18T03:09:09.380+1000: 2192.531: Application time: 0.0721273 seconds
2021-07-18T03:09:09.381+1000: 2192.532: Total time for which application threads were stopped: 0.0013460 seconds, Stopping threads took: 0.0002509 seconds
2021-07-18T03:09:09.381+1000: 2192.532: Application time: 0.0001642 seconds
2021-07-18T03:09:09.382+1000: 2192.533: Total time for which application threads were stopped: 0.0004808 seconds, Stopping threads took: 0.0000782 seconds
2021-07-18T03:09:09.405+1000: 2192.556: Application time: 0.0230568 seconds
2021-07-18T03:09:09.412+1000: 2192.563: Total time for which application threads were stopped: 0.0074538 seconds, Stopping threads took: 0.0059284 seconds
2021-07-18T03:09:09.416+1000: 2192.566: Application time: 0.0032055 seconds
2021-07-18T03:09:09.417+1000: 2192.568: Total time for which application threads were stopped: 0.0015403 seconds, Stopping threads took: 0.0001948 seconds
2021-07-18T03:09:09.945+1000: 2193.096: Application time: 0.5281860 seconds
2021-07-18T03:09:09.946+1000: 2193.097: Total time for which application threads were stopped: 0.0010912 seconds, Stopping threads took: 0.0002121 seconds
2021-07-18T03:09:09.963+1000: 2193.114: Application time: 0.0167249 seconds
2021-07-18T03:09:09.964+1000: 2193.115: Total time for which application threads were stopped: 0.0010834 seconds, Stopping threads took: 0.0002061 seconds
2021-07-18T03:09:11.866+1000: 2195.016: Application time: 1.9015130 seconds
2021-07-18T03:09:11.867+1000: 2195.018: Total time for which application threads were stopped: 0.0012026 seconds, Stopping threads took: 0.0002369 seconds
2021-07-18T03:09:11.882+1000: 2195.032: Application time: 0.0145501 seconds
2021-07-18T03:09:11.883+1000: 2195.033: Total time for which application threads were stopped: 0.0011754 seconds, Stopping threads took: 0.0002376 seconds
2021-07-18T03:09:11.948+1000: 2195.099: Application time: 0.0656700 seconds
2021-07-18T03:09:11.950+1000: 2195.100: Total time for which application threads were stopped: 0.0011661 seconds, Stopping threads took: 0.0002114 seconds
2021-07-18T03:09:11.965+1000: 2195.116: Application time: 0.0153745 seconds
2021-07-18T03:09:11.967+1000: 2195.118: Total time for which application threads were stopped: 0.0022472 seconds, Stopping threads took: 0.0002208 seconds
2021-07-18T03:09:11.977+1000: 2195.127: Application time: 0.0092775 seconds
2021-07-18T03:09:11.991+1000: 2195.142: Total time for which application threads were stopped: 0.0144032 seconds, Stopping threads took: 0.0133095 seconds
2021-07-18T03:09:13.952+1000: 2197.103: Application time: 1.9611431 seconds
2021-07-18T03:09:13.954+1000: 2197.104: Total time for which application threads were stopped: 0.0015253 seconds, Stopping threads took: 0.0004314 seconds
2021-07-18T03:09:13.975+1000: 2197.126: Application time: 0.0215830 seconds
2021-07-18T03:09:13.977+1000: 2197.127: Total time for which application threads were stopped: 0.0014720 seconds, Stopping threads took: 0.0003606 seconds
2021-07-18T03:09:14.464+1000: 2197.614: Application time: 0.4868973 seconds
2021-07-18T03:09:14.465+1000: 2197.615: Total time for which application threads were stopped: 0.0012954 seconds, Stopping threads took: 0.0003451 seconds
2021-07-18T03:09:14.465+1000: 2197.616: Application time: 0.0001434 seconds
2021-07-18T03:09:14.466+1000: 2197.616: Total time for which application threads were stopped: 0.0007539 seconds, Stopping threads took: 0.0001073 seconds
2021-07-18T03:09:14.484+1000: 2197.635: Application time: 0.0184748 seconds
2021-07-18T03:09:14.486+1000: 2197.636: Total time for which application threads were stopped: 0.0015406 seconds, Stopping threads took: 0.0002645 seconds
2021-07-18T03:09:14.511+1000: 2197.662: Application time: 0.0251718 seconds
2021-07-18T03:09:14.512+1000: 2197.663: Total time for which application threads were stopped: 0.0015183 seconds, Stopping threads took: 0.0003437 seconds
2021-07-18T03:09:14.513+1000: 2197.663: Application time: 0.0001895 seconds
2021-07-18T03:09:14.513+1000: 2197.664: Total time for which application threads were stopped: 0.0006597 seconds, Stopping threads took: 0.0001041 seconds
2021-07-18T03:09:14.544+1000: 2197.694: Application time: 0.0303653 seconds
2021-07-18T03:09:14.545+1000: 2197.696: Total time for which application threads were stopped: 0.0016798 seconds, Stopping threads took: 0.0005155 seconds
2021-07-18T03:09:15.947+1000: 2199.098: Application time: 1.4020057 seconds
2021-07-18T03:09:15.950+1000: 2199.100: Total time for which application threads were stopped: 0.0024310 seconds, Stopping threads took: 0.0003541 seconds
2021-07-18T03:09:15.976+1000: 2199.127: Application time: 0.0264425 seconds
2021-07-18T03:09:15.977+1000: 2199.128: Total time for which application threads were stopped: 0.0010942 seconds, Stopping threads took: 0.0001836 seconds
2021-07-18T03:09:17.946+1000: 2201.097: Application time: 1.9689429 seconds
2021-07-18T03:09:17.948+1000: 2201.098: Total time for which application threads were stopped: 0.0012233 seconds, Stopping threads took: 0.0002053 seconds
2021-07-18T03:09:17.963+1000: 2201.114: Application time: 0.0156029 seconds
2021-07-18T03:09:17.964+1000: 2201.115: Total time for which application threads were stopped: 0.0012810 seconds, Stopping threads took: 0.0003601 seconds
2021-07-18T03:09:18.971+1000: 2202.122: Application time: 1.0068515 seconds
2021-07-18T03:09:18.973+1000: 2202.123: Total time for which application threads were stopped: 0.0015716 seconds, Stopping threads took: 0.0004942 seconds
2021-07-18T03:09:19.604+1000: 2202.754: Application time: 0.6309726 seconds
2021-07-18T03:09:19.605+1000: 2202.756: Total time for which application threads were stopped: 0.0012813 seconds, Stopping threads took: 0.0003031 seconds
2021-07-18T03:09:19.605+1000: 2202.756: Application time: 0.0001356 seconds
2021-07-18T03:09:19.606+1000: 2202.757: Total time for which application threads were stopped: 0.0005894 seconds, Stopping threads took: 0.0000888 seconds
2021-07-18T03:09:19.619+1000: 2202.769: Application time: 0.0128739 seconds
2021-07-18T03:09:19.620+1000: 2202.771: Total time for which application threads were stopped: 0.0011091 seconds, Stopping threads took: 0.0002220 seconds
2021-07-18T03:09:19.620+1000: 2202.771: Application time: 0.0002618 seconds
2021-07-18T03:09:19.621+1000: 2202.771: Total time for which application threads were stopped: 0.0005306 seconds, Stopping threads took: 0.0001003 seconds
2021-07-18T03:09:19.647+1000: 2202.797: Application time: 0.0259397 seconds
2021-07-18T03:09:19.648+1000: 2202.799: Total time for which application threads were stopped: 0.0012438 seconds, Stopping threads took: 0.0003036 seconds
2021-07-18T03:09:19.648+1000: 2202.799: Application time: 0.0001213 seconds
2021-07-18T03:09:19.649+1000: 2202.799: Total time for which application threads were stopped: 0.0005341 seconds, Stopping threads took: 0.0000995 seconds
2021-07-18T03:09:19.657+1000: 2202.808: Application time: 0.0088481 seconds
2021-07-18T03:09:19.658+1000: 2202.809: Total time for which application threads were stopped: 0.0010291 seconds, Stopping threads took: 0.0002230 seconds
2021-07-18T03:09:19.659+1000: 2202.809: Application time: 0.0003376 seconds
2021-07-18T03:09:19.659+1000: 2202.810: Total time for which application threads were stopped: 0.0004884 seconds, Stopping threads took: 0.0001248 seconds
2021-07-18T03:09:19.945+1000: 2203.096: Application time: 0.2858133 seconds
2021-07-18T03:09:19.946+1000: 2203.097: Total time for which application threads were stopped: 0.0011282 seconds, Stopping threads took: 0.0002024 seconds
2021-07-18T03:09:19.959+1000: 2203.110: Application time: 0.0130364 seconds
2021-07-18T03:09:19.960+1000: 2203.111: Total time for which application threads were stopped: 0.0010595 seconds, Stopping threads took: 0.0001966 seconds
2021-07-18T03:09:21.866+1000: 2205.017: Application time: 1.9061742 seconds
2021-07-18T03:09:21.869+1000: 2205.019: Total time for which application threads were stopped: 0.0021813 seconds, Stopping threads took: 0.0003989 seconds
2021-07-18T03:09:21.883+1000: 2205.034: Application time: 0.0144717 seconds
2021-07-18T03:09:21.886+1000: 2205.036: Total time for which application threads were stopped: 0.0026682 seconds, Stopping threads took: 0.0009282 seconds
2021-07-18T03:09:21.947+1000: 2205.097: Application time: 0.0607137 seconds
2021-07-18T03:09:21.948+1000: 2205.099: Total time for which application threads were stopped: 0.0015528 seconds, Stopping threads took: 0.0005310 seconds
2021-07-18T03:09:21.967+1000: 2205.117: Application time: 0.0186316 seconds
2021-07-18T03:09:21.969+1000: 2205.120: Total time for which application threads were stopped: 0.0022002 seconds, Stopping threads took: 0.0003536 seconds
2021-07-18T03:09:21.982+1000: 2205.132: Application time: 0.0127458 seconds
2021-07-18T03:09:21.983+1000: 2205.134: Total time for which application threads were stopped: 0.0013828 seconds, Stopping threads took: 0.0002897 seconds
2021-07-18T03:09:23.950+1000: 2207.101: Application time: 1.9671747 seconds
2021-07-18T03:09:23.952+1000: 2207.102: Total time for which application threads were stopped: 0.0013341 seconds, Stopping threads took: 0.0002443 seconds
2021-07-18T03:09:23.992+1000: 2207.142: Application time: 0.0400551 seconds
2021-07-18T03:09:23.993+1000: 2207.143: Total time for which application threads were stopped: 0.0011613 seconds, Stopping threads took: 0.0002116 seconds
2021-07-18T03:09:24.715+1000: 2207.865: Application time: 0.7218523 seconds
2021-07-18T03:09:24.716+1000: 2207.867: Total time for which application threads were stopped: 0.0014968 seconds, Stopping threads took: 0.0003090 seconds
2021-07-18T03:09:24.716+1000: 2207.867: Application time: 0.0001356 seconds
2021-07-18T03:09:24.721+1000: 2207.872: Total time for which application threads were stopped: 0.0048064 seconds, Stopping threads took: 0.0038253 seconds
2021-07-18T03:09:24.743+1000: 2207.893: Application time: 0.0214637 seconds
2021-07-18T03:09:24.744+1000: 2207.894: Total time for which application threads were stopped: 0.0011552 seconds, Stopping threads took: 0.0001982 seconds
2021-07-18T03:09:24.769+1000: 2207.920: Application time: 0.0252858 seconds
2021-07-18T03:09:24.770+1000: 2207.921: Total time for which application threads were stopped: 0.0013355 seconds, Stopping threads took: 0.0004552 seconds
2021-07-18T03:09:24.771+1000: 2207.921: Application time: 0.0001196 seconds
2021-07-18T03:09:24.771+1000: 2207.922: Total time for which application threads were stopped: 0.0005826 seconds, Stopping threads took: 0.0002090 seconds
2021-07-18T03:09:24.786+1000: 2207.937: Application time: 0.0148059 seconds
2021-07-18T03:09:24.787+1000: 2207.938: Total time for which application threads were stopped: 0.0011649 seconds, Stopping threads took: 0.0002972 seconds
2021-07-18T03:09:24.787+1000: 2207.938: Application time: 0.0002873 seconds
2021-07-18T03:09:24.788+1000: 2207.939: Total time for which application threads were stopped: 0.0005012 seconds, Stopping threads took: 0.0000911 seconds
2021-07-18T03:09:25.969+1000: 2209.120: Application time: 1.1815056 seconds
2021-07-18T03:09:25.971+1000: 2209.121: Total time for which application threads were stopped: 0.0012049 seconds, Stopping threads took: 0.0002563 seconds
2021-07-18T03:09:25.990+1000: 2209.141: Application time: 0.0193404 seconds
2021-07-18T03:09:25.991+1000: 2209.142: Total time for which application threads were stopped: 0.0012381 seconds, Stopping threads took: 0.0002207 seconds
2021-07-18T03:09:27.950+1000: 2211.100: Application time: 1.9585397 seconds
2021-07-18T03:09:27.953+1000: 2211.104: Total time for which application threads were stopped: 0.0036081 seconds, Stopping threads took: 0.0023233 seconds
2021-07-18T03:09:27.971+1000: 2211.122: Application time: 0.0177500 seconds
2021-07-18T03:09:27.972+1000: 2211.123: Total time for which application threads were stopped: 0.0011361 seconds, Stopping threads took: 0.0002336 seconds
2021-07-18T03:09:28.388+1000: 2211.539: Application time: 0.4157512 seconds
2021-07-18T03:09:28.389+1000: 2211.540: Total time for which application threads were stopped: 0.0011064 seconds, Stopping threads took: 0.0002078 seconds
2021-07-18T03:09:28.609+1000: 2211.760: Application time: 0.2199414 seconds
2021-07-18T03:09:28.612+1000: 2211.763: Total time for which application threads were stopped: 0.0032981 seconds, Stopping threads took: 0.0008047 seconds
2021-07-18T03:09:28.615+1000: 2211.766: Application time: 0.0031052 seconds
2021-07-18T03:09:28.617+1000: 2211.768: Total time for which application threads were stopped: 0.0015500 seconds, Stopping threads took: 0.0002785 seconds
2021-07-18T03:09:28.618+1000: 2211.769: Application time: 0.0011073 seconds
2021-07-18T03:09:28.619+1000: 2211.770: Total time for which application threads were stopped: 0.0011902 seconds, Stopping threads took: 0.0003706 seconds
2021-07-18T03:09:28.657+1000: 2211.808: Application time: 0.0380329 seconds
2021-07-18T03:09:28.659+1000: 2211.810: Total time for which application threads were stopped: 0.0017405 seconds, Stopping threads took: 0.0003291 seconds
2021-07-18T03:09:28.659+1000: 2211.810: Application time: 0.0002905 seconds
2021-07-18T03:09:28.660+1000: 2211.811: Total time for which application threads were stopped: 0.0009049 seconds, Stopping threads took: 0.0001085 seconds
2021-07-18T03:09:28.662+1000: 2211.813: Application time: 0.0020337 seconds
2021-07-18T03:09:28.663+1000: 2211.814: Total time for which application threads were stopped: 0.0009335 seconds, Stopping threads took: 0.0001857 seconds
2021-07-18T03:09:28.708+1000: 2211.858: Application time: 0.0443109 seconds
2021-07-18T03:09:28.710+1000: 2211.861: Total time for which application threads were stopped: 0.0028072 seconds, Stopping threads took: 0.0012117 seconds
2021-07-18T03:09:28.711+1000: 2211.862: Application time: 0.0009151 seconds
2021-07-18T03:09:28.713+1000: 2211.864: Total time for which application threads were stopped: 0.0016188 seconds, Stopping threads took: 0.0001413 seconds
2021-07-18T03:09:28.714+1000: 2211.865: Application time: 0.0010819 seconds
2021-07-18T03:09:28.716+1000: 2211.866: Total time for which application threads were stopped: 0.0015692 seconds, Stopping threads took: 0.0004849 seconds
2021-07-18T03:09:28.758+1000: 2211.908: Application time: 0.0422329 seconds
2021-07-18T03:09:28.760+1000: 2211.910: Total time for which application threads were stopped: 0.0018312 seconds, Stopping threads took: 0.0003680 seconds
2021-07-18T03:09:28.760+1000: 2211.911: Application time: 0.0002954 seconds
2021-07-18T03:09:28.761+1000: 2211.912: Total time for which application threads were stopped: 0.0012025 seconds, Stopping threads took: 0.0001802 seconds
2021-07-18T03:09:28.762+1000: 2211.913: Application time: 0.0010055 seconds
2021-07-18T03:09:28.763+1000: 2211.914: Total time for which application threads were stopped: 0.0009395 seconds, Stopping threads took: 0.0001580 seconds
2021-07-18T03:09:28.807+1000: 2211.958: Application time: 0.0438964 seconds
2021-07-18T03:09:28.810+1000: 2211.960: Total time for which application threads were stopped: 0.0025150 seconds, Stopping threads took: 0.0013074 seconds
2021-07-18T03:09:28.810+1000: 2211.961: Application time: 0.0003079 seconds
2021-07-18T03:09:28.811+1000: 2211.961: Total time for which application threads were stopped: 0.0009093 seconds, Stopping threads took: 0.0001155 seconds
2021-07-18T03:09:28.812+1000: 2211.962: Application time: 0.0009294 seconds
2021-07-18T03:09:28.813+1000: 2211.963: Total time for which application threads were stopped: 0.0010780 seconds, Stopping threads took: 0.0002327 seconds
2021-07-18T03:09:28.857+1000: 2212.008: Application time: 0.0443508 seconds
2021-07-18T03:09:28.858+1000: 2212.009: Total time for which application threads were stopped: 0.0012377 seconds, Stopping threads took: 0.0002342 seconds
2021-07-18T03:09:28.859+1000: 2212.009: Application time: 0.0003651 seconds
2021-07-18T03:09:28.859+1000: 2212.010: Total time for which application threads were stopped: 0.0006052 seconds, Stopping threads took: 0.0000980 seconds
2021-07-18T03:09:28.860+1000: 2212.011: Application time: 0.0008130 seconds
2021-07-18T03:09:28.861+1000: 2212.012: Total time for which application threads were stopped: 0.0006807 seconds, Stopping threads took: 0.0000805 seconds
2021-07-18T03:09:28.867+1000: 2212.018: Application time: 0.0061660 seconds
2021-07-18T03:09:28.868+1000: 2212.019: Total time for which application threads were stopped: 0.0011013 seconds, Stopping threads took: 0.0004834 seconds
2021-07-18T03:09:29.081+1000: 2212.231: Application time: 0.2124394 seconds
2021-07-18T03:09:29.083+1000: 2212.234: Total time for which application threads were stopped: 0.0028935 seconds, Stopping threads took: 0.0002096 seconds
2021-07-18T03:09:29.852+1000: 2213.003: Application time: 0.7687100 seconds
2021-07-18T03:09:29.854+1000: 2213.004: Total time for which application threads were stopped: 0.0014814 seconds, Stopping threads took: 0.0002997 seconds
2021-07-18T03:09:29.854+1000: 2213.004: Application time: 0.0001740 seconds
2021-07-18T03:09:29.854+1000: 2213.005: Total time for which application threads were stopped: 0.0005955 seconds, Stopping threads took: 0.0000822 seconds
2021-07-18T03:09:29.879+1000: 2213.030: Application time: 0.0245130 seconds
2021-07-18T03:09:29.882+1000: 2213.033: Total time for which application threads were stopped: 0.0031537 seconds, Stopping threads took: 0.0019724 seconds
2021-07-18T03:09:29.884+1000: 2213.034: Application time: 0.0014625 seconds
2021-07-18T03:09:29.884+1000: 2213.035: Total time for which application threads were stopped: 0.0008266 seconds, Stopping threads took: 0.0002215 seconds
2021-07-18T03:09:29.901+1000: 2213.052: Application time: 0.0165229 seconds
2021-07-18T03:09:29.903+1000: 2213.054: Total time for which application threads were stopped: 0.0025078 seconds, Stopping threads took: 0.0002368 seconds
2021-07-18T03:09:29.904+1000: 2213.055: Application time: 0.0009375 seconds
2021-07-18T03:09:29.905+1000: 2213.056: Total time for which application threads were stopped: 0.0009280 seconds, Stopping threads took: 0.0002847 seconds
2021-07-18T03:09:29.913+1000: 2213.063: Application time: 0.0072204 seconds
2021-07-18T03:09:29.917+1000: 2213.067: Total time for which application threads were stopped: 0.0042317 seconds, Stopping threads took: 0.0008490 seconds
2021-07-18T03:09:29.946+1000: 2213.097: Application time: 0.0295869 seconds
2021-07-18T03:09:29.948+1000: 2213.098: Total time for which application threads were stopped: 0.0012823 seconds, Stopping threads took: 0.0002451 seconds
2021-07-18T03:09:29.967+1000: 2213.117: Application time: 0.0189427 seconds
2021-07-18T03:09:29.968+1000: 2213.119: Total time for which application threads were stopped: 0.0014854 seconds, Stopping threads took: 0.0002081 seconds
2021-07-18T03:09:31.868+1000: 2215.019: Application time: 1.8998782 seconds
2021-07-18T03:09:31.870+1000: 2215.021: Total time for which application threads were stopped: 0.0019274 seconds, Stopping threads took: 0.0003743 seconds
2021-07-18T03:09:31.888+1000: 2215.038: Application time: 0.0176290 seconds
2021-07-18T03:09:31.889+1000: 2215.040: Total time for which application threads were stopped: 0.0019167 seconds, Stopping threads took: 0.0005783 seconds
2021-07-18T03:09:31.946+1000: 2215.097: Application time: 0.0568483 seconds
2021-07-18T03:09:31.948+1000: 2215.099: Total time for which application threads were stopped: 0.0017597 seconds, Stopping threads took: 0.0003217 seconds
2021-07-18T03:09:31.979+1000: 2215.130: Application time: 0.0308024 seconds
2021-07-18T03:09:31.980+1000: 2215.131: Total time for which application threads were stopped: 0.0013160 seconds, Stopping threads took: 0.0003485 seconds
2021-07-18T03:09:31.982+1000: 2215.133: Application time: 0.0020574 seconds
2021-07-18T03:09:31.983+1000: 2215.134: Total time for which application threads were stopped: 0.0006780 seconds, Stopping threads took: 0.0001929 seconds
2021-07-18T03:09:32.983+1000: 2216.134: Application time: 1.0001744 seconds
2021-07-18T03:09:32.984+1000: 2216.135: Total time for which application threads were stopped: 0.0011468 seconds, Stopping threads took: 0.0001798 seconds
2021-07-18T03:09:33.946+1000: 2217.096: Application time: 0.9613228 seconds
2021-07-18T03:09:33.947+1000: 2217.097: Total time for which application threads were stopped: 0.0011713 seconds, Stopping threads took: 0.0002158 seconds
2021-07-18T03:09:33.970+1000: 2217.121: Application time: 0.0231211 seconds
2021-07-18T03:09:33.971+1000: 2217.122: Total time for which application threads were stopped: 0.0011471 seconds, Stopping threads took: 0.0001989 seconds
2021-07-18T03:09:34.084+1000: 2217.235: Application time: 0.1128562 seconds
2021-07-18T03:09:34.086+1000: 2217.236: Total time for which application threads were stopped: 0.0015994 seconds, Stopping threads took: 0.0003049 seconds
2021-07-18T03:09:34.978+1000: 2218.128: Application time: 0.8921151 seconds
2021-07-18T03:09:34.979+1000: 2218.130: Total time for which application threads were stopped: 0.0015088 seconds, Stopping threads took: 0.0003540 seconds
2021-07-18T03:09:34.979+1000: 2218.130: Application time: 0.0002411 seconds
2021-07-18T03:09:34.980+1000: 2218.131: Total time for which application threads were stopped: 0.0010009 seconds, Stopping threads took: 0.0003765 seconds
2021-07-18T03:09:35.002+1000: 2218.152: Application time: 0.0213446 seconds
2021-07-18T03:09:35.003+1000: 2218.154: Total time for which application threads were stopped: 0.0016103 seconds, Stopping threads took: 0.0004683 seconds
2021-07-18T03:09:35.031+1000: 2218.182: Application time: 0.0276769 seconds
2021-07-18T03:09:35.032+1000: 2218.183: Total time for which application threads were stopped: 0.0010763 seconds, Stopping threads took: 0.0002309 seconds
2021-07-18T03:09:35.032+1000: 2218.183: Application time: 0.0001651 seconds
2021-07-18T03:09:35.034+1000: 2218.185: Total time for which application threads were stopped: 0.0020581 seconds, Stopping threads took: 0.0000901 seconds
2021-07-18T03:09:35.059+1000: 2218.210: Application time: 0.0249493 seconds
2021-07-18T03:09:35.061+1000: 2218.212: Total time for which application threads were stopped: 0.0018845 seconds, Stopping threads took: 0.0002571 seconds
2021-07-18T03:09:35.945+1000: 2219.096: Application time: 0.8840007 seconds
2021-07-18T03:09:35.946+1000: 2219.097: Total time for which application threads were stopped: 0.0011263 seconds, Stopping threads took: 0.0001786 seconds
2021-07-18T03:09:35.962+1000: 2219.112: Application time: 0.0153494 seconds
2021-07-18T03:09:35.963+1000: 2219.114: Total time for which application threads were stopped: 0.0012407 seconds, Stopping threads took: 0.0002872 seconds
2021-07-18T03:09:37.948+1000: 2221.098: Application time: 1.9846755 seconds
2021-07-18T03:09:37.949+1000: 2221.100: Total time for which application threads were stopped: 0.0015153 seconds, Stopping threads took: 0.0002258 seconds
2021-07-18T03:09:37.969+1000: 2221.120: Application time: 0.0199642 seconds
2021-07-18T03:09:37.970+1000: 2221.121: Total time for which application threads were stopped: 0.0011322 seconds, Stopping threads took: 0.0002174 seconds
2021-07-18T03:09:38.970+1000: 2222.121: Application time: 1.0001623 seconds
2021-07-18T03:09:38.971+1000: 2222.122: Total time for which application threads were stopped: 0.0010416 seconds, Stopping threads took: 0.0001945 seconds
2021-07-18T03:09:39.948+1000: 2223.099: Application time: 0.9767451 seconds
2021-07-18T03:09:39.951+1000: 2223.101: Total time for which application threads were stopped: 0.0023569 seconds, Stopping threads took: 0.0003820 seconds
2021-07-18T03:09:39.982+1000: 2223.132: Application time: 0.0310543 seconds
2021-07-18T03:09:39.984+1000: 2223.134: Total time for which application threads were stopped: 0.0018958 seconds, Stopping threads took: 0.0003306 seconds
2021-07-18T03:09:40.121+1000: 2223.272: Application time: 0.1373952 seconds
2021-07-18T03:09:40.123+1000: 2223.273: Total time for which application threads were stopped: 0.0015649 seconds, Stopping threads took: 0.0004160 seconds
2021-07-18T03:09:40.123+1000: 2223.273: Application time: 0.0003100 seconds
2021-07-18T03:09:40.124+1000: 2223.275: Total time for which application threads were stopped: 0.0010469 seconds, Stopping threads took: 0.0004028 seconds
2021-07-18T03:09:40.144+1000: 2223.295: Application time: 0.0203255 seconds
2021-07-18T03:09:40.145+1000: 2223.296: Total time for which application threads were stopped: 0.0011953 seconds, Stopping threads took: 0.0003520 seconds
2021-07-18T03:09:40.146+1000: 2223.296: Application time: 0.0002990 seconds
2021-07-18T03:09:40.146+1000: 2223.297: Total time for which application threads were stopped: 0.0004868 seconds, Stopping threads took: 0.0000846 seconds
2021-07-18T03:09:40.178+1000: 2223.328: Application time: 0.0313568 seconds
2021-07-18T03:09:40.179+1000: 2223.330: Total time for which application threads were stopped: 0.0018326 seconds, Stopping threads took: 0.0003719 seconds
2021-07-18T03:09:40.180+1000: 2223.330: Application time: 0.0002416 seconds
2021-07-18T03:09:40.181+1000: 2223.332: Total time for which application threads were stopped: 0.0012215 seconds, Stopping threads took: 0.0003233 seconds
2021-07-18T03:09:40.193+1000: 2223.344: Application time: 0.0120989 seconds
2021-07-18T03:09:40.195+1000: 2223.346: Total time for which application threads were stopped: 0.0020635 seconds, Stopping threads took: 0.0005412 seconds
2021-07-18T03:09:41.866+1000: 2225.017: Application time: 1.6710124 seconds
2021-07-18T03:09:41.867+1000: 2225.018: Total time for which application threads were stopped: 0.0010904 seconds, Stopping threads took: 0.0002157 seconds
2021-07-18T03:09:41.946+1000: 2225.097: Application time: 0.0789932 seconds
2021-07-18T03:09:41.948+1000: 2225.098: Total time for which application threads were stopped: 0.0012146 seconds, Stopping threads took: 0.0002075 seconds
2021-07-18T03:09:41.973+1000: 2225.123: Application time: 0.0252934 seconds
2021-07-18T03:09:41.975+1000: 2225.125: Total time for which application threads were stopped: 0.0017051 seconds, Stopping threads took: 0.0004752 seconds
2021-07-18T03:09:41.977+1000: 2225.128: Application time: 0.0023460 seconds
2021-07-18T03:09:41.978+1000: 2225.129: Total time for which application threads were stopped: 0.0012204 seconds, Stopping threads took: 0.0005366 seconds
2021-07-18T03:09:42.078+1000: 2225.229: Application time: 0.1001185 seconds
2021-07-18T03:09:42.080+1000: 2225.230: Total time for which application threads were stopped: 0.0012837 seconds, Stopping threads took: 0.0002338 seconds
2021-07-18T03:09:43.950+1000: 2227.101: Application time: 1.8704836 seconds
2021-07-18T03:09:43.952+1000: 2227.102: Total time for which application threads were stopped: 0.0013880 seconds, Stopping threads took: 0.0003563 seconds
2021-07-18T03:09:43.973+1000: 2227.124: Application time: 0.0217813 seconds
2021-07-18T03:09:43.975+1000: 2227.125: Total time for which application threads were stopped: 0.0013393 seconds, Stopping threads took: 0.0004021 seconds
2021-07-18T03:09:45.244+1000: 2228.395: Application time: 1.2692159 seconds
2021-07-18T03:09:45.245+1000: 2228.396: Total time for which application threads were stopped: 0.0014356 seconds, Stopping threads took: 0.0002890 seconds
2021-07-18T03:09:45.246+1000: 2228.396: Application time: 0.0005165 seconds
2021-07-18T03:09:45.247+1000: 2228.397: Total time for which application threads were stopped: 0.0007342 seconds, Stopping threads took: 0.0001965 seconds
2021-07-18T03:09:45.283+1000: 2228.433: Application time: 0.0360465 seconds
2021-07-18T03:09:45.287+1000: 2228.437: Total time for which application threads were stopped: 0.0040912 seconds, Stopping threads took: 0.0008509 seconds
2021-07-18T03:09:45.287+1000: 2228.438: Application time: 0.0005674 seconds
2021-07-18T03:09:45.292+1000: 2228.442: Total time for which application threads were stopped: 0.0043032 seconds, Stopping threads took: 0.0008163 seconds
2021-07-18T03:09:45.319+1000: 2228.470: Application time: 0.0277980 seconds
2021-07-18T03:09:45.321+1000: 2228.471: Total time for which application threads were stopped: 0.0013458 seconds, Stopping threads took: 0.0003887 seconds
2021-07-18T03:09:45.321+1000: 2228.472: Application time: 0.0001652 seconds
2021-07-18T03:09:45.322+1000: 2228.472: Total time for which application threads were stopped: 0.0008624 seconds, Stopping threads took: 0.0003411 seconds
2021-07-18T03:09:45.396+1000: 2228.546: Application time: 0.0737474 seconds
2021-07-18T03:09:45.397+1000: 2228.548: Total time for which application threads were stopped: 0.0014544 seconds, Stopping threads took: 0.0002538 seconds
2021-07-18T03:09:45.957+1000: 2229.108: Application time: 0.5599806 seconds
2021-07-18T03:09:45.959+1000: 2229.109: Total time for which application threads were stopped: 0.0018152 seconds, Stopping threads took: 0.0004307 seconds
2021-07-18T03:09:45.989+1000: 2229.140: Application time: 0.0303561 seconds
2021-07-18T03:09:45.991+1000: 2229.141: Total time for which application threads were stopped: 0.0013891 seconds, Stopping threads took: 0.0002355 seconds
2021-07-18T03:09:47.951+1000: 2231.102: Application time: 1.9606465 seconds
2021-07-18T03:09:47.952+1000: 2231.103: Total time for which application threads were stopped: 0.0012724 seconds, Stopping threads took: 0.0002681 seconds
2021-07-18T03:09:47.972+1000: 2231.123: Application time: 0.0199991 seconds
2021-07-18T03:09:47.974+1000: 2231.125: Total time for which application threads were stopped: 0.0015393 seconds, Stopping threads took: 0.0003414 seconds
2021-07-18T03:09:49.949+1000: 2233.099: Application time: 1.9747867 seconds
2021-07-18T03:09:49.950+1000: 2233.101: Total time for which application threads were stopped: 0.0014907 seconds, Stopping threads took: 0.0003733 seconds
2021-07-18T03:09:49.974+1000: 2233.124: Application time: 0.0232807 seconds
2021-07-18T03:09:49.975+1000: 2233.125: Total time for which application threads were stopped: 0.0011785 seconds, Stopping threads took: 0.0002135 seconds
2021-07-18T03:09:50.462+1000: 2233.613: Application time: 0.4872491 seconds
2021-07-18T03:09:50.464+1000: 2233.614: Total time for which application threads were stopped: 0.0014438 seconds, Stopping threads took: 0.0003865 seconds
2021-07-18T03:09:50.464+1000: 2233.614: Application time: 0.0001396 seconds
2021-07-18T03:09:50.464+1000: 2233.615: Total time for which application threads were stopped: 0.0007117 seconds, Stopping threads took: 0.0001834 seconds
2021-07-18T03:09:50.516+1000: 2233.667: Application time: 0.0518990 seconds
2021-07-18T03:09:50.518+1000: 2233.669: Total time for which application threads were stopped: 0.0017508 seconds, Stopping threads took: 0.0002804 seconds
2021-07-18T03:09:50.518+1000: 2233.669: Application time: 0.0003445 seconds
2021-07-18T03:09:50.519+1000: 2233.670: Total time for which application threads were stopped: 0.0009816 seconds, Stopping threads took: 0.0001863 seconds
2021-07-18T03:09:50.565+1000: 2233.715: Application time: 0.0451937 seconds
2021-07-18T03:09:50.568+1000: 2233.719: Total time for which application threads were stopped: 0.0038399 seconds, Stopping threads took: 0.0010391 seconds
2021-07-18T03:09:50.569+1000: 2233.720: Application time: 0.0005373 seconds
2021-07-18T03:09:50.570+1000: 2233.721: Total time for which application threads were stopped: 0.0015138 seconds, Stopping threads took: 0.0003795 seconds
2021-07-18T03:09:50.592+1000: 2233.743: Application time: 0.0216434 seconds
2021-07-18T03:09:50.594+1000: 2233.745: Total time for which application threads were stopped: 0.0017938 seconds, Stopping threads took: 0.0003339 seconds
2021-07-18T03:09:50.594+1000: 2233.745: Application time: 0.0003073 seconds
2021-07-18T03:09:50.595+1000: 2233.746: Total time for which application threads were stopped: 0.0007147 seconds, Stopping threads took: 0.0001756 seconds
2021-07-18T03:09:51.866+1000: 2235.017: Application time: 1.2710957 seconds
2021-07-18T03:09:51.867+1000: 2235.018: Total time for which application threads were stopped: 0.0012995 seconds, Stopping threads took: 0.0002056 seconds
2021-07-18T03:09:51.878+1000: 2235.028: Application time: 0.0103823 seconds
2021-07-18T03:09:51.879+1000: 2235.030: Total time for which application threads were stopped: 0.0012877 seconds, Stopping threads took: 0.0001876 seconds
2021-07-18T03:09:51.955+1000: 2235.106: Application time: 0.0759186 seconds
2021-07-18T03:09:51.956+1000: 2235.107: Total time for which application threads were stopped: 0.0011123 seconds, Stopping threads took: 0.0002106 seconds
2021-07-18T03:09:51.972+1000: 2235.122: Application time: 0.0155541 seconds
2021-07-18T03:09:51.973+1000: 2235.123: Total time for which application threads were stopped: 0.0011657 seconds, Stopping threads took: 0.0002144 seconds
2021-07-18T03:09:51.973+1000: 2235.124: Application time: 0.0005526 seconds
2021-07-18T03:09:51.974+1000: 2235.125: Total time for which application threads were stopped: 0.0007676 seconds, Stopping threads took: 0.0002528 seconds
2021-07-18T03:09:53.945+1000: 2237.096: Application time: 1.9713822 seconds
2021-07-18T03:09:53.947+1000: 2237.097: Total time for which application threads were stopped: 0.0012298 seconds, Stopping threads took: 0.0002942 seconds
2021-07-18T03:09:53.965+1000: 2237.116: Application time: 0.0182923 seconds
2021-07-18T03:09:53.967+1000: 2237.117: Total time for which application threads were stopped: 0.0016594 seconds, Stopping threads took: 0.0007568 seconds
2021-07-18T03:09:53.985+1000: 2237.136: Application time: 0.0186902 seconds
2021-07-18T03:09:53.987+1000: 2237.138: Total time for which application threads were stopped: 0.0015184 seconds, Stopping threads took: 0.0003540 seconds
2021-07-18T03:09:55.667+1000: 2238.818: Application time: 1.6806068 seconds
2021-07-18T03:09:55.669+1000: 2238.820: Total time for which application threads were stopped: 0.0019764 seconds, Stopping threads took: 0.0003150 seconds
2021-07-18T03:09:55.670+1000: 2238.820: Application time: 0.0002665 seconds
2021-07-18T03:09:55.671+1000: 2238.821: Total time for which application threads were stopped: 0.0010920 seconds, Stopping threads took: 0.0003665 seconds
2021-07-18T03:09:55.692+1000: 2238.843: Application time: 0.0209905 seconds
2021-07-18T03:09:55.694+1000: 2238.844: Total time for which application threads were stopped: 0.0017501 seconds, Stopping threads took: 0.0003851 seconds
2021-07-18T03:09:55.694+1000: 2238.845: Application time: 0.0003957 seconds
2021-07-18T03:09:55.695+1000: 2238.846: Total time for which application threads were stopped: 0.0009406 seconds, Stopping threads took: 0.0001387 seconds
2021-07-18T03:09:55.727+1000: 2238.877: Application time: 0.0315288 seconds
2021-07-18T03:09:55.728+1000: 2238.879: Total time for which application threads were stopped: 0.0014546 seconds, Stopping threads took: 0.0002464 seconds
2021-07-18T03:09:55.728+1000: 2238.879: Application time: 0.0001901 seconds
2021-07-18T03:09:55.729+1000: 2238.880: Total time for which application threads were stopped: 0.0007605 seconds, Stopping threads took: 0.0001221 seconds
2021-07-18T03:09:55.750+1000: 2238.901: Application time: 0.0212137 seconds
2021-07-18T03:09:55.753+1000: 2238.903: Total time for which application threads were stopped: 0.0024210 seconds, Stopping threads took: 0.0011075 seconds
2021-07-18T03:09:55.962+1000: 2239.112: Application time: 0.2089696 seconds
2021-07-18T03:09:55.963+1000: 2239.113: Total time for which application threads were stopped: 0.0011910 seconds, Stopping threads took: 0.0002134 seconds
2021-07-18T03:09:56.001+1000: 2239.151: Application time: 0.0379153 seconds
2021-07-18T03:09:56.015+1000: 2239.165: Total time for which application threads were stopped: 0.0140024 seconds, Stopping threads took: 0.0129695 seconds
2021-07-18T03:09:57.956+1000: 2241.107: Application time: 1.9412164 seconds
2021-07-18T03:09:57.957+1000: 2241.108: Total time for which application threads were stopped: 0.0012433 seconds, Stopping threads took: 0.0002308 seconds
2021-07-18T03:09:57.991+1000: 2241.142: Application time: 0.0340473 seconds
2021-07-18T03:09:57.993+1000: 2241.143: Total time for which application threads were stopped: 0.0013862 seconds, Stopping threads took: 0.0004584 seconds
2021-07-18T03:09:58.008+1000: 2241.158: Application time: 0.0150045 seconds
2021-07-18T03:09:58.009+1000: 2241.159: Total time for which application threads were stopped: 0.0011595 seconds, Stopping threads took: 0.0002593 seconds
2021-07-18T03:09:58.009+1000: 2241.160: Application time: 0.0002792 seconds
2021-07-18T03:09:58.010+1000: 2241.160: Total time for which application threads were stopped: 0.0006496 seconds, Stopping threads took: 0.0001582 seconds
2021-07-18T03:09:58.058+1000: 2241.209: Application time: 0.0483856 seconds
2021-07-18T03:09:58.061+1000: 2241.212: Total time for which application threads were stopped: 0.0026451 seconds, Stopping threads took: 0.0005416 seconds
2021-07-18T03:09:58.062+1000: 2241.212: Application time: 0.0008934 seconds
2021-07-18T03:09:58.063+1000: 2241.214: Total time for which application threads were stopped: 0.0012708 seconds, Stopping threads took: 0.0004489 seconds
2021-07-18T03:09:58.107+1000: 2241.258: Application time: 0.0440275 seconds
2021-07-18T03:09:58.109+1000: 2241.259: Total time for which application threads were stopped: 0.0015350 seconds, Stopping threads took: 0.0002725 seconds
2021-07-18T03:09:58.109+1000: 2241.260: Application time: 0.0004282 seconds
2021-07-18T03:09:58.110+1000: 2241.261: Total time for which application threads were stopped: 0.0008240 seconds, Stopping threads took: 0.0002011 seconds
2021-07-18T03:09:58.118+1000: 2241.268: Application time: 0.0077987 seconds
2021-07-18T03:09:58.119+1000: 2241.270: Total time for which application threads were stopped: 0.0012054 seconds, Stopping threads took: 0.0002147 seconds
2021-07-18T03:09:58.158+1000: 2241.308: Application time: 0.0389022 seconds
2021-07-18T03:09:58.160+1000: 2241.311: Total time for which application threads were stopped: 0.0023175 seconds, Stopping threads took: 0.0005343 seconds
2021-07-18T03:09:58.161+1000: 2241.311: Application time: 0.0004848 seconds
2021-07-18T03:09:58.162+1000: 2241.313: Total time for which application threads were stopped: 0.0013417 seconds, Stopping threads took: 0.0003653 seconds
2021-07-18T03:09:58.208+1000: 2241.359: Application time: 0.0461866 seconds
2021-07-18T03:09:58.210+1000: 2241.361: Total time for which application threads were stopped: 0.0019489 seconds, Stopping threads took: 0.0003832 seconds
2021-07-18T03:09:58.210+1000: 2241.361: Application time: 0.0003249 seconds
2021-07-18T03:09:58.212+1000: 2241.362: Total time for which application threads were stopped: 0.0011388 seconds, Stopping threads took: 0.0002432 seconds
2021-07-18T03:09:58.216+1000: 2241.366: Application time: 0.0039874 seconds
2021-07-18T03:09:58.216+1000: 2241.367: Total time for which application threads were stopped: 0.0008365 seconds, Stopping threads took: 0.0001423 seconds
2021-07-18T03:09:58.220+1000: 2241.371: Application time: 0.0036989 seconds
2021-07-18T03:09:58.223+1000: 2241.373: Total time for which application threads were stopped: 0.0048933 seconds, Stopping threads took: 0.0003390 seconds
2021-07-18T03:09:58.258+1000: 2241.409: Application time: 0.0329223 seconds
2021-07-18T03:09:58.262+1000: 2241.412: Total time for which application threads were stopped: 0.0036059 seconds, Stopping threads took: 0.0017323 seconds
2021-07-18T03:09:58.262+1000: 2241.413: Application time: 0.0006337 seconds
2021-07-18T03:09:58.263+1000: 2241.414: Total time for which application threads were stopped: 0.0010119 seconds, Stopping threads took: 0.0002516 seconds
2021-07-18T03:09:58.266+1000: 2241.417: Application time: 0.0030899 seconds
2021-07-18T03:09:58.268+1000: 2241.419: Total time for which application threads were stopped: 0.0016783 seconds, Stopping threads took: 0.0002712 seconds
2021-07-18T03:09:58.308+1000: 2241.459: Application time: 0.0398685 seconds
2021-07-18T03:09:58.310+1000: 2241.461: Total time for which application threads were stopped: 0.0023353 seconds, Stopping threads took: 0.0006481 seconds
2021-07-18T03:09:58.311+1000: 2241.461: Application time: 0.0004728 seconds
2021-07-18T03:09:58.312+1000: 2241.462: Total time for which application threads were stopped: 0.0011561 seconds, Stopping threads took: 0.0002214 seconds
2021-07-18T03:09:58.357+1000: 2241.508: Application time: 0.0452947 seconds
2021-07-18T03:09:58.359+1000: 2241.510: Total time for which application threads were stopped: 0.0020253 seconds, Stopping threads took: 0.0004255 seconds
2021-07-18T03:09:58.360+1000: 2241.510: Application time: 0.0004796 seconds
2021-07-18T03:09:58.361+1000: 2241.511: Total time for which application threads were stopped: 0.0011847 seconds, Stopping threads took: 0.0001840 seconds
2021-07-18T03:09:58.407+1000: 2241.558: Application time: 0.0465437 seconds
2021-07-18T03:09:58.410+1000: 2241.560: Total time for which application threads were stopped: 0.0023602 seconds, Stopping threads took: 0.0003463 seconds
2021-07-18T03:09:58.410+1000: 2241.561: Application time: 0.0005637 seconds
2021-07-18T03:09:58.412+1000: 2241.562: Total time for which application threads were stopped: 0.0011158 seconds, Stopping threads took: 0.0001988 seconds
2021-07-18T03:09:58.458+1000: 2241.608: Application time: 0.0460955 seconds
2021-07-18T03:09:58.460+1000: 2241.610: Total time for which application threads were stopped: 0.0020515 seconds, Stopping threads took: 0.0003957 seconds
2021-07-18T03:09:58.460+1000: 2241.611: Application time: 0.0005393 seconds
2021-07-18T03:09:58.461+1000: 2241.612: Total time for which application threads were stopped: 0.0009705 seconds, Stopping threads took: 0.0001591 seconds
2021-07-18T03:09:58.508+1000: 2241.659: Application time: 0.0467844 seconds
2021-07-18T03:09:58.510+1000: 2241.661: Total time for which application threads were stopped: 0.0021569 seconds, Stopping threads took: 0.0003470 seconds
2021-07-18T03:09:58.511+1000: 2241.661: Application time: 0.0005002 seconds
2021-07-18T03:09:58.512+1000: 2241.662: Total time for which application threads were stopped: 0.0009308 seconds, Stopping threads took: 0.0001295 seconds
2021-07-18T03:09:58.558+1000: 2241.709: Application time: 0.0464853 seconds
2021-07-18T03:09:58.560+1000: 2241.711: Total time for which application threads were stopped: 0.0021988 seconds, Stopping threads took: 0.0003176 seconds
2021-07-18T03:09:58.561+1000: 2241.711: Application time: 0.0004476 seconds
2021-07-18T03:09:58.562+1000: 2241.712: Total time for which application threads were stopped: 0.0010495 seconds, Stopping threads took: 0.0001892 seconds
2021-07-18T03:09:58.607+1000: 2241.758: Application time: 0.0455797 seconds
2021-07-18T03:09:58.609+1000: 2241.760: Total time for which application threads were stopped: 0.0020627 seconds, Stopping threads took: 0.0005736 seconds
2021-07-18T03:09:58.610+1000: 2241.761: Application time: 0.0006997 seconds
2021-07-18T03:09:58.611+1000: 2241.762: Total time for which application threads were stopped: 0.0012553 seconds, Stopping threads took: 0.0002063 seconds
2021-07-18T03:09:58.658+1000: 2241.808: Application time: 0.0461606 seconds
2021-07-18T03:09:58.660+1000: 2241.811: Total time for which application threads were stopped: 0.0023731 seconds, Stopping threads took: 0.0006373 seconds
2021-07-18T03:09:58.661+1000: 2241.811: Application time: 0.0005476 seconds
2021-07-18T03:09:58.662+1000: 2241.813: Total time for which application threads were stopped: 0.0015239 seconds, Stopping threads took: 0.0005958 seconds
2021-07-18T03:09:58.708+1000: 2241.858: Application time: 0.0455875 seconds
2021-07-18T03:09:58.710+1000: 2241.861: Total time for which application threads were stopped: 0.0022149 seconds, Stopping threads took: 0.0003008 seconds
2021-07-18T03:09:58.710+1000: 2241.861: Application time: 0.0004246 seconds
2021-07-18T03:09:58.711+1000: 2241.862: Total time for which application threads were stopped: 0.0010866 seconds, Stopping threads took: 0.0001956 seconds
2021-07-18T03:09:58.758+1000: 2241.909: Application time: 0.0464802 seconds
2021-07-18T03:09:58.760+1000: 2241.910: Total time for which application threads were stopped: 0.0017918 seconds, Stopping threads took: 0.0003347 seconds
2021-07-18T03:09:58.760+1000: 2241.911: Application time: 0.0004333 seconds
2021-07-18T03:09:58.761+1000: 2241.912: Total time for which application threads were stopped: 0.0009105 seconds, Stopping threads took: 0.0001516 seconds
2021-07-18T03:09:58.807+1000: 2241.958: Application time: 0.0460417 seconds
2021-07-18T03:09:58.809+1000: 2241.960: Total time for which application threads were stopped: 0.0023649 seconds, Stopping threads took: 0.0003250 seconds
2021-07-18T03:09:58.810+1000: 2241.961: Application time: 0.0004535 seconds
2021-07-18T03:09:58.812+1000: 2241.962: Total time for which application threads were stopped: 0.0016376 seconds, Stopping threads took: 0.0003846 seconds
2021-07-18T03:09:58.857+1000: 2242.008: Application time: 0.0457363 seconds
2021-07-18T03:09:58.859+1000: 2242.010: Total time for which application threads were stopped: 0.0020876 seconds, Stopping threads took: 0.0003666 seconds
2021-07-18T03:09:58.860+1000: 2242.010: Application time: 0.0003823 seconds
2021-07-18T03:09:58.861+1000: 2242.012: Total time for which application threads were stopped: 0.0011759 seconds, Stopping threads took: 0.0001632 seconds
2021-07-18T03:09:58.907+1000: 2242.058: Application time: 0.0465150 seconds
2021-07-18T03:09:58.910+1000: 2242.060: Total time for which application threads were stopped: 0.0021671 seconds, Stopping threads took: 0.0003410 seconds
2021-07-18T03:09:58.910+1000: 2242.061: Application time: 0.0004139 seconds
2021-07-18T03:09:58.911+1000: 2242.062: Total time for which application threads were stopped: 0.0012159 seconds, Stopping threads took: 0.0001663 seconds
2021-07-18T03:09:58.958+1000: 2242.108: Application time: 0.0465223 seconds
2021-07-18T03:09:58.960+1000: 2242.111: Total time for which application threads were stopped: 0.0023160 seconds, Stopping threads took: 0.0004703 seconds
2021-07-18T03:09:58.961+1000: 2242.111: Application time: 0.0004534 seconds
2021-07-18T03:09:58.962+1000: 2242.113: Total time for which application threads were stopped: 0.0014210 seconds, Stopping threads took: 0.0001770 seconds
2021-07-18T03:09:58.973+1000: 2242.124: Application time: 0.0111113 seconds
2021-07-18T03:09:58.980+1000: 2242.130: Total time for which application threads were stopped: 0.0066167 seconds, Stopping threads took: 0.0003533 seconds
2021-07-18T03:09:59.004+1000: 2242.154: Application time: 0.0237576 seconds
2021-07-18T03:09:59.009+1000: 2242.160: Total time for which application threads were stopped: 0.0058796 seconds, Stopping threads took: 0.0002455 seconds
2021-07-18T03:09:59.019+1000: 2242.169: Application time: 0.0092871 seconds
2021-07-18T03:09:59.021+1000: 2242.171: Total time for which application threads were stopped: 0.0019491 seconds, Stopping threads took: 0.0004376 seconds
2021-07-18T03:09:59.021+1000: 2242.172: Application time: 0.0002542 seconds
2021-07-18T03:09:59.022+1000: 2242.173: Total time for which application threads were stopped: 0.0011242 seconds, Stopping threads took: 0.0001691 seconds
2021-07-18T03:09:59.022+1000: 2242.173: Application time: 0.0002496 seconds
2021-07-18T03:09:59.024+1000: 2242.174: Total time for which application threads were stopped: 0.0012823 seconds, Stopping threads took: 0.0004266 seconds
2021-07-18T03:09:59.024+1000: 2242.175: Application time: 0.0002517 seconds
2021-07-18T03:09:59.029+1000: 2242.179: Total time for which application threads were stopped: 0.0047235 seconds, Stopping threads took: 0.0003039 seconds
2021-07-18T03:09:59.029+1000: 2242.180: Application time: 0.0003292 seconds
2021-07-18T03:09:59.030+1000: 2242.181: Total time for which application threads were stopped: 0.0010860 seconds, Stopping threads took: 0.0001390 seconds
2021-07-18T03:09:59.030+1000: 2242.181: Application time: 0.0002460 seconds
2021-07-18T03:09:59.032+1000: 2242.182: Total time for which application threads were stopped: 0.0013800 seconds, Stopping threads took: 0.0004139 seconds
2021-07-18T03:09:59.032+1000: 2242.183: Application time: 0.0002305 seconds
2021-07-18T03:09:59.033+1000: 2242.184: Total time for which application threads were stopped: 0.0011715 seconds, Stopping threads took: 0.0003170 seconds
2021-07-18T03:09:59.033+1000: 2242.184: Application time: 0.0002431 seconds
2021-07-18T03:09:59.035+1000: 2242.185: Total time for which application threads were stopped: 0.0013290 seconds, Stopping threads took: 0.0004541 seconds
2021-07-18T03:09:59.035+1000: 2242.186: Application time: 0.0002588 seconds
2021-07-18T03:09:59.036+1000: 2242.187: Total time for which application threads were stopped: 0.0011971 seconds, Stopping threads took: 0.0002589 seconds
2021-07-18T03:09:59.036+1000: 2242.187: Application time: 0.0002347 seconds
2021-07-18T03:09:59.037+1000: 2242.188: Total time for which application threads were stopped: 0.0010809 seconds, Stopping threads took: 0.0002531 seconds
2021-07-18T03:09:59.038+1000: 2242.188: Application time: 0.0003011 seconds
2021-07-18T03:09:59.039+1000: 2242.190: Total time for which application threads were stopped: 0.0012025 seconds, Stopping threads took: 0.0002639 seconds
2021-07-18T03:09:59.039+1000: 2242.190: Application time: 0.0002516 seconds
2021-07-18T03:09:59.040+1000: 2242.191: Total time for which application threads were stopped: 0.0011884 seconds, Stopping threads took: 0.0003311 seconds
2021-07-18T03:09:59.041+1000: 2242.192: Application time: 0.0007580 seconds
2021-07-18T03:09:59.042+1000: 2242.193: Total time for which application threads were stopped: 0.0010519 seconds, Stopping threads took: 0.0001643 seconds
2021-07-18T03:09:59.043+1000: 2242.193: Application time: 0.0002638 seconds
2021-07-18T03:09:59.044+1000: 2242.194: Total time for which application threads were stopped: 0.0011840 seconds, Stopping threads took: 0.0002080 seconds
2021-07-18T03:09:59.044+1000: 2242.195: Application time: 0.0002362 seconds
2021-07-18T03:09:59.045+1000: 2242.196: Total time for which application threads were stopped: 0.0010210 seconds, Stopping threads took: 0.0001443 seconds
2021-07-18T03:09:59.045+1000: 2242.196: Application time: 0.0002563 seconds
2021-07-18T03:09:59.046+1000: 2242.197: Total time for which application threads were stopped: 0.0011716 seconds, Stopping threads took: 0.0002148 seconds
2021-07-18T03:09:59.047+1000: 2242.197: Application time: 0.0003274 seconds
2021-07-18T03:09:59.048+1000: 2242.199: Total time for which application threads were stopped: 0.0011290 seconds, Stopping threads took: 0.0001906 seconds
2021-07-18T03:09:59.048+1000: 2242.199: Application time: 0.0002557 seconds
2021-07-18T03:09:59.049+1000: 2242.200: Total time for which application threads were stopped: 0.0011758 seconds, Stopping threads took: 0.0003140 seconds
2021-07-18T03:09:59.050+1000: 2242.200: Application time: 0.0002887 seconds
2021-07-18T03:09:59.051+1000: 2242.201: Total time for which application threads were stopped: 0.0010980 seconds, Stopping threads took: 0.0002921 seconds
2021-07-18T03:09:59.051+1000: 2242.202: Application time: 0.0002450 seconds
2021-07-18T03:09:59.052+1000: 2242.203: Total time for which application threads were stopped: 0.0011956 seconds, Stopping threads took: 0.0003764 seconds
2021-07-18T03:09:59.053+1000: 2242.203: Application time: 0.0004813 seconds
2021-07-18T03:09:59.054+1000: 2242.204: Total time for which application threads were stopped: 0.0011192 seconds, Stopping threads took: 0.0002451 seconds
2021-07-18T03:09:59.054+1000: 2242.205: Application time: 0.0002337 seconds
2021-07-18T03:09:59.055+1000: 2242.206: Total time for which application threads were stopped: 0.0011820 seconds, Stopping threads took: 0.0003243 seconds
2021-07-18T03:09:59.056+1000: 2242.206: Application time: 0.0002571 seconds
2021-07-18T03:09:59.057+1000: 2242.207: Total time for which application threads were stopped: 0.0010639 seconds, Stopping threads took: 0.0001578 seconds
2021-07-18T03:09:59.057+1000: 2242.207: Application time: 0.0002449 seconds
2021-07-18T03:09:59.058+1000: 2242.209: Total time for which application threads were stopped: 0.0011198 seconds, Stopping threads took: 0.0002229 seconds
2021-07-18T03:09:59.092+1000: 2242.243: Application time: 0.0341093 seconds
2021-07-18T03:09:59.094+1000: 2242.245: Total time for which application threads were stopped: 0.0023468 seconds, Stopping threads took: 0.0014671 seconds
2021-07-18T03:09:59.095+1000: 2242.245: Application time: 0.0001370 seconds
2021-07-18T03:09:59.095+1000: 2242.246: Total time for which application threads were stopped: 0.0005340 seconds, Stopping threads took: 0.0001409 seconds
2021-07-18T03:09:59.108+1000: 2242.259: Application time: 0.0132468 seconds
2021-07-18T03:09:59.109+1000: 2242.260: Total time for which application threads were stopped: 0.0007873 seconds, Stopping threads took: 0.0001510 seconds
2021-07-18T03:09:59.109+1000: 2242.260: Application time: 0.0001966 seconds
2021-07-18T03:09:59.110+1000: 2242.261: Total time for which application threads were stopped: 0.0006538 seconds, Stopping threads took: 0.0000600 seconds
2021-07-18T03:09:59.157+1000: 2242.308: Application time: 0.0474974 seconds
2021-07-18T03:09:59.159+1000: 2242.310: Total time for which application threads were stopped: 0.0019334 seconds, Stopping threads took: 0.0004120 seconds
2021-07-18T03:09:59.160+1000: 2242.310: Application time: 0.0004033 seconds
2021-07-18T03:09:59.161+1000: 2242.311: Total time for which application threads were stopped: 0.0008328 seconds, Stopping threads took: 0.0001965 seconds
2021-07-18T03:09:59.208+1000: 2242.358: Application time: 0.0471913 seconds
2021-07-18T03:09:59.210+1000: 2242.361: Total time for which application threads were stopped: 0.0023708 seconds, Stopping threads took: 0.0003423 seconds
2021-07-18T03:09:59.212+1000: 2242.362: Application time: 0.0012999 seconds
2021-07-18T03:09:59.213+1000: 2242.364: Total time for which application threads were stopped: 0.0016150 seconds, Stopping threads took: 0.0003114 seconds
2021-07-18T03:09:59.259+1000: 2242.409: Application time: 0.0456791 seconds
2021-07-18T03:09:59.260+1000: 2242.411: Total time for which application threads were stopped: 0.0016280 seconds, Stopping threads took: 0.0002756 seconds
2021-07-18T03:09:59.261+1000: 2242.412: Application time: 0.0004511 seconds
2021-07-18T03:09:59.262+1000: 2242.413: Total time for which application threads were stopped: 0.0014010 seconds, Stopping threads took: 0.0004216 seconds
2021-07-18T03:09:59.308+1000: 2242.459: Application time: 0.0457641 seconds
2021-07-18T03:09:59.311+1000: 2242.461: Total time for which application threads were stopped: 0.0024081 seconds, Stopping threads took: 0.0003753 seconds
2021-07-18T03:09:59.311+1000: 2242.462: Application time: 0.0006479 seconds
2021-07-18T03:09:59.312+1000: 2242.463: Total time for which application threads were stopped: 0.0010567 seconds, Stopping threads took: 0.0002219 seconds
2021-07-18T03:09:59.357+1000: 2242.508: Application time: 0.0449490 seconds
2021-07-18T03:09:59.359+1000: 2242.510: Total time for which application threads were stopped: 0.0016848 seconds, Stopping threads took: 0.0002696 seconds
2021-07-18T03:09:59.359+1000: 2242.510: Application time: 0.0005509 seconds
2021-07-18T03:09:59.361+1000: 2242.511: Total time for which application threads were stopped: 0.0012195 seconds, Stopping threads took: 0.0003242 seconds
2021-07-18T03:09:59.407+1000: 2242.558: Application time: 0.0467119 seconds
2021-07-18T03:09:59.409+1000: 2242.560: Total time for which application threads were stopped: 0.0017217 seconds, Stopping threads took: 0.0003278 seconds
2021-07-18T03:09:59.410+1000: 2242.560: Application time: 0.0004621 seconds
2021-07-18T03:09:59.410+1000: 2242.561: Total time for which application threads were stopped: 0.0009279 seconds, Stopping threads took: 0.0001432 seconds
2021-07-18T03:09:59.457+1000: 2242.608: Application time: 0.0470342 seconds
2021-07-18T03:09:59.459+1000: 2242.610: Total time for which application threads were stopped: 0.0019527 seconds, Stopping threads took: 0.0004641 seconds
2021-07-18T03:09:59.460+1000: 2242.611: Application time: 0.0004512 seconds
2021-07-18T03:09:59.461+1000: 2242.612: Total time for which application threads were stopped: 0.0010075 seconds, Stopping threads took: 0.0002251 seconds
2021-07-18T03:09:59.508+1000: 2242.658: Application time: 0.0466661 seconds
2021-07-18T03:09:59.510+1000: 2242.660: Total time for which application threads were stopped: 0.0021261 seconds, Stopping threads took: 0.0003285 seconds
2021-07-18T03:09:59.510+1000: 2242.661: Application time: 0.0004214 seconds
2021-07-18T03:09:59.511+1000: 2242.662: Total time for which application threads were stopped: 0.0012680 seconds, Stopping threads took: 0.0001578 seconds
2021-07-18T03:09:59.558+1000: 2242.709: Application time: 0.0465225 seconds
2021-07-18T03:09:59.560+1000: 2242.711: Total time for which application threads were stopped: 0.0022302 seconds, Stopping threads took: 0.0004425 seconds
2021-07-18T03:09:59.561+1000: 2242.711: Application time: 0.0004040 seconds
2021-07-18T03:09:59.562+1000: 2242.713: Total time for which application threads were stopped: 0.0014016 seconds, Stopping threads took: 0.0003557 seconds
2021-07-18T03:09:59.608+1000: 2242.759: Application time: 0.0458158 seconds
2021-07-18T03:09:59.609+1000: 2242.760: Total time for which application threads were stopped: 0.0011644 seconds, Stopping threads took: 0.0002101 seconds
2021-07-18T03:09:59.609+1000: 2242.760: Application time: 0.0003537 seconds
2021-07-18T03:09:59.612+1000: 2242.763: Total time for which application threads were stopped: 0.0028987 seconds, Stopping threads took: 0.0000741 seconds
2021-07-18T03:09:59.758+1000: 2242.908: Application time: 0.1454339 seconds
2021-07-18T03:09:59.759+1000: 2242.910: Total time for which application threads were stopped: 0.0012429 seconds, Stopping threads took: 0.0002360 seconds
2021-07-18T03:09:59.759+1000: 2242.910: Application time: 0.0002366 seconds
2021-07-18T03:09:59.760+1000: 2242.910: Total time for which application threads were stopped: 0.0004723 seconds, Stopping threads took: 0.0000839 seconds
2021-07-18T03:09:59.808+1000: 2242.958: Application time: 0.0481676 seconds
2021-07-18T03:09:59.809+1000: 2242.960: Total time for which application threads were stopped: 0.0011484 seconds, Stopping threads took: 0.0002071 seconds
2021-07-18T03:09:59.809+1000: 2242.960: Application time: 0.0002933 seconds
2021-07-18T03:09:59.810+1000: 2242.960: Total time for which application threads were stopped: 0.0004801 seconds, Stopping threads took: 0.0000545 seconds
2021-07-18T03:09:59.860+1000: 2243.011: Application time: 0.0503041 seconds
2021-07-18T03:09:59.861+1000: 2243.012: Total time for which application threads were stopped: 0.0012503 seconds, Stopping threads took: 0.0002051 seconds
2021-07-18T03:09:59.862+1000: 2243.012: Application time: 0.0003031 seconds
2021-07-18T03:09:59.862+1000: 2243.013: Total time for which application threads were stopped: 0.0004845 seconds, Stopping threads took: 0.0000706 seconds
2021-07-18T03:09:59.907+1000: 2243.058: Application time: 0.0452462 seconds
2021-07-18T03:09:59.909+1000: 2243.059: Total time for which application threads were stopped: 0.0011902 seconds, Stopping threads took: 0.0002424 seconds
2021-07-18T03:09:59.909+1000: 2243.060: Application time: 0.0002821 seconds
2021-07-18T03:09:59.909+1000: 2243.060: Total time for which application threads were stopped: 0.0004716 seconds, Stopping threads took: 0.0000846 seconds
2021-07-18T03:09:59.958+1000: 2243.108: Application time: 0.0482555 seconds
2021-07-18T03:09:59.959+1000: 2243.110: Total time for which application threads were stopped: 0.0012764 seconds, Stopping threads took: 0.0002212 seconds
2021-07-18T03:09:59.959+1000: 2243.110: Application time: 0.0002580 seconds
2021-07-18T03:09:59.960+1000: 2243.111: Total time for which application threads were stopped: 0.0008197 seconds, Stopping threads took: 0.0003673 seconds
2021-07-18T03:10:00.008+1000: 2243.158: Application time: 0.0478056 seconds
2021-07-18T03:10:00.010+1000: 2243.160: Total time for which application threads were stopped: 0.0018713 seconds, Stopping threads took: 0.0004924 seconds
2021-07-18T03:10:00.010+1000: 2243.161: Application time: 0.0002944 seconds
2021-07-18T03:10:00.011+1000: 2243.162: Total time for which application threads were stopped: 0.0009987 seconds, Stopping threads took: 0.0001142 seconds
2021-07-18T03:10:00.057+1000: 2243.208: Application time: 0.0459726 seconds
2021-07-18T03:10:00.059+1000: 2243.209: Total time for which application threads were stopped: 0.0015967 seconds, Stopping threads took: 0.0002267 seconds
2021-07-18T03:10:00.059+1000: 2243.209: Application time: 0.0003156 seconds
2021-07-18T03:10:00.060+1000: 2243.210: Total time for which application threads were stopped: 0.0008727 seconds, Stopping threads took: 0.0002032 seconds
2021-07-18T03:10:00.107+1000: 2243.258: Application time: 0.0474891 seconds
2021-07-18T03:10:00.109+1000: 2243.259: Total time for which application threads were stopped: 0.0015318 seconds, Stopping threads took: 0.0002221 seconds
2021-07-18T03:10:00.109+1000: 2243.260: Application time: 0.0002960 seconds
2021-07-18T03:10:00.110+1000: 2243.260: Total time for which application threads were stopped: 0.0007325 seconds, Stopping threads took: 0.0001133 seconds
2021-07-18T03:10:00.157+1000: 2243.308: Application time: 0.0475783 seconds
2021-07-18T03:10:00.159+1000: 2243.309: Total time for which application threads were stopped: 0.0012365 seconds, Stopping threads took: 0.0002231 seconds
2021-07-18T03:10:00.159+1000: 2243.310: Application time: 0.0002591 seconds
2021-07-18T03:10:00.159+1000: 2243.310: Total time for which application threads were stopped: 0.0004625 seconds, Stopping threads took: 0.0000764 seconds
2021-07-18T03:10:00.162+1000: 2243.313: Application time: 0.0026151 seconds
2021-07-18T03:10:00.165+1000: 2243.316: Total time for which application threads were stopped: 0.0029535 seconds, Stopping threads took: 0.0000674 seconds
2021-07-18T03:10:00.169+1000: 2243.320: Application time: 0.0044863 seconds
2021-07-18T03:10:00.172+1000: 2243.323: Total time for which application threads were stopped: 0.0030953 seconds, Stopping threads took: 0.0000735 seconds
2021-07-18T03:10:00.208+1000: 2243.358: Application time: 0.0351547 seconds
2021-07-18T03:10:00.209+1000: 2243.360: Total time for which application threads were stopped: 0.0017552 seconds, Stopping threads took: 0.0007801 seconds
2021-07-18T03:10:00.210+1000: 2243.360: Application time: 0.0002900 seconds
2021-07-18T03:10:00.210+1000: 2243.361: Total time for which application threads were stopped: 0.0006078 seconds, Stopping threads took: 0.0001307 seconds
2021-07-18T03:10:00.258+1000: 2243.409: Application time: 0.0475538 seconds
2021-07-18T03:10:00.261+1000: 2243.411: Total time for which application threads were stopped: 0.0026888 seconds, Stopping threads took: 0.0005645 seconds
2021-07-18T03:10:00.261+1000: 2243.412: Application time: 0.0003139 seconds
2021-07-18T03:10:00.262+1000: 2243.413: Total time for which application threads were stopped: 0.0009548 seconds, Stopping threads took: 0.0002742 seconds
2021-07-18T03:10:00.307+1000: 2243.458: Application time: 0.0453470 seconds
2021-07-18T03:10:00.309+1000: 2243.459: Total time for which application threads were stopped: 0.0012976 seconds, Stopping threads took: 0.0002878 seconds
2021-07-18T03:10:00.309+1000: 2243.459: Application time: 0.0002369 seconds
2021-07-18T03:10:00.309+1000: 2243.460: Total time for which application threads were stopped: 0.0004429 seconds, Stopping threads took: 0.0000688 seconds
2021-07-18T03:10:00.358+1000: 2243.508: Application time: 0.0483364 seconds
2021-07-18T03:10:00.359+1000: 2243.510: Total time for which application threads were stopped: 0.0013931 seconds, Stopping threads took: 0.0002709 seconds
2021-07-18T03:10:00.360+1000: 2243.510: Application time: 0.0005360 seconds
2021-07-18T03:10:00.360+1000: 2243.511: Total time for which application threads were stopped: 0.0005576 seconds, Stopping threads took: 0.0001018 seconds
2021-07-18T03:10:00.408+1000: 2243.558: Application time: 0.0476368 seconds
2021-07-18T03:10:00.409+1000: 2243.560: Total time for which application threads were stopped: 0.0012220 seconds, Stopping threads took: 0.0002439 seconds
2021-07-18T03:10:00.409+1000: 2243.560: Application time: 0.0002912 seconds
2021-07-18T03:10:00.410+1000: 2243.560: Total time for which application threads were stopped: 0.0004940 seconds, Stopping threads took: 0.0000669 seconds
2021-07-18T03:10:00.457+1000: 2243.608: Application time: 0.0472593 seconds
2021-07-18T03:10:00.458+1000: 2243.609: Total time for which application threads were stopped: 0.0013415 seconds, Stopping threads took: 0.0002472 seconds
2021-07-18T03:10:00.459+1000: 2243.609: Application time: 0.0003057 seconds
2021-07-18T03:10:00.460+1000: 2243.610: Total time for which application threads were stopped: 0.0009750 seconds, Stopping threads took: 0.0001689 seconds
2021-07-18T03:10:00.507+1000: 2243.658: Application time: 0.0474794 seconds
2021-07-18T03:10:00.509+1000: 2243.659: Total time for which application threads were stopped: 0.0014508 seconds, Stopping threads took: 0.0002241 seconds
2021-07-18T03:10:00.509+1000: 2243.660: Application time: 0.0003197 seconds
2021-07-18T03:10:00.510+1000: 2243.660: Total time for which application threads were stopped: 0.0008122 seconds, Stopping threads took: 0.0002028 seconds
2021-07-18T03:10:00.530+1000: 2243.681: Application time: 0.0207113 seconds
2021-07-18T03:10:00.533+1000: 2243.683: Total time for which application threads were stopped: 0.0021990 seconds, Stopping threads took: 0.0010351 seconds
2021-07-18T03:10:00.549+1000: 2243.700: Application time: 0.0163815 seconds
2021-07-18T03:10:00.550+1000: 2243.701: Total time for which application threads were stopped: 0.0012749 seconds, Stopping threads took: 0.0002326 seconds
2021-07-18T03:10:00.854+1000: 2244.004: Application time: 0.3034218 seconds
2021-07-18T03:10:00.855+1000: 2244.006: Total time for which application threads were stopped: 0.0014679 seconds, Stopping threads took: 0.0003879 seconds
2021-07-18T03:10:00.856+1000: 2244.006: Application time: 0.0008161 seconds
2021-07-18T03:10:00.857+1000: 2244.007: Total time for which application threads were stopped: 0.0006309 seconds, Stopping threads took: 0.0000974 seconds
2021-07-18T03:10:00.939+1000: 2244.090: Application time: 0.0828693 seconds
